[00:00] Crash dump logging enabled: /home/runner/work/comfy-gpu-ci/comfy-gpu-ci/comfy-test-logs/CADabra-0706/linux-cpu/crash_dump.log
[00:00] 
[00:00] [1/3] REGISTRATION
[00:00] ----------------------------------------
[00:00] 
[DEBUG] server=None, server_url=http://127.0.0.1:8188, api=None
[00:00] 
Connecting to existing server at http://127.0.0.1:8188...
[00:00] Connecting to existing server at http://127.0.0.1:8188...
[00:00] Connected to server! (attempt 1, 0.0s)
[00:00] Checking for import errors in server logs...
[00:00] No import errors detected
[00:00] Found 878 registered nodes
[00:00] [REGISTRATION] PASSED
[00:00] 
[00:00] [2/3] INSTANTIATION
[00:00] ----------------------------------------
[00:00] 
[DEBUG] server=<comfy_test.comfyui.server.ExternalComfyUIServer object at 0x7f22e7b19990>, server_url=http://127.0.0.1:8188, api=<comfy_test.comfyui.api.ComfyUIAPI object at 0x7f22e7b19850>
[00:00] Testing node constructors...
[00:01] All 39 node(s) instantiated successfully!
[00:01] [INSTANTIATION] PASSED
[00:01] 
[00:01] [3/3] EXECUTION
[00:01] ----------------------------------------
[00:01] 
[DEBUG] server=<comfy_test.comfyui.server.ExternalComfyUIServer object at 0x7f22e7b19990>, server_url=http://127.0.0.1:8188, api=<comfy_test.comfyui.api.ComfyUIAPI object at 0x7f22e7b19850>
[00:01] CPU runner - will execute 8 workflow(s)
[00:01] Running 8 workflow(s) (all with videos)...
[00:01] Starting headless browser...
[00:02]   Installing Mesa llvmpipe (apt)...
[00:12]   Mesa install failed: E: Unable to locate package libegl1-mesa

[00:12]   No GPU, no Mesa — using SwiftShader software rendering
[00:12] Capturing execution frames: analyse_CAD.json
[00:19]   Frame 1 saved (frame_000.jpg, t=0.0s)
[00:19]   Validating workflow...
[00:19]   Queuing workflow for execution...
[00:22]   Frame 2 saved (frame_001.jpg, t=2.3s)
[00:22]   [capture-periodic] freeze=4ms shot=154ms unfreeze=5ms saved=True
[00:24]   Frame 3 saved (frame_002.jpg, t=4.6s)
[00:24]   [capture-periodic] freeze=4ms shot=157ms unfreeze=8ms saved=True
[00:25]   [capture-loop] iter=50 t=6.2s state={'complete': False, 'error': None, 'executedCount': 0, 'wsState': 1} eval_ms=3 ram=2.3/15.6GB (15%) swap=0.0/3.0GB (0%) cpu=42% browser_rss=0.93GB
[00:30]   Frame 4 saved (frame_003.jpg, t=11.2s)
[00:30]   [capture-periodic] freeze=3ms shot=128ms unfreeze=5ms saved=True
[00:31]   [capture-loop] iter=100 t=12.1s state={'complete': False, 'error': None, 'executedCount': 0, 'wsState': 1} eval_ms=6 ram=2.6/15.6GB (17%) swap=0.0/3.0GB (0%) cpu=62% browser_rss=0.94GB
[00:33]   Node executed (2 total), capturing...
[00:35]   Frame 5 saved (frame_004.jpg, t=14.5s)
[00:35]   [capture-node] freeze=1335ms shot=506ms unfreeze=3ms saved=True
[00:36]   Node executed (5 total), capturing...
[00:36]   Frame 6 saved (frame_005.jpg, t=16.8s)
[00:36]   [capture-node] freeze=143ms shot=414ms unfreeze=0ms saved=True
[00:36]   Execution complete (t=16.8s)
[00:36]   Captured 6 unique frames over 17.44s
[00:36]   [debug] iframes: 3
[00:36]   [debug]   iframe[0]: src=http://127.0.0.1:8188/extensions/ComfyUI-CADabra/viewer_cad_edge_detail.html?v=1, canvas=244x386, rafFrozen=True
[00:36]   [debug]   iframe[1]: src=http://127.0.0.1:8188/extensions/ComfyUI-CADabra/viewer_cad_edge.html?v=17782240, canvas=244x260, rafFrozen=True
[00:36]   [debug]   iframe[2]: src=http://127.0.0.1:8188/extensions/ComfyUI-CADabra/viewer_cad_analysis.html?v=1778, canvas=480x279, rafFrozen=True
[00:36]   [timing] trigger_3d_previews: 0.0s
[00:39]   Saved high-quality screenshot: analyse_CAD_executed.png
[00:39]   [timing] final_screenshot: 0.2s
[00:39] Capturing execution frames: cad_manipulation.json
[00:45]   Frame 1 saved (frame_000.jpg, t=0.0s)
[00:45]   Validating workflow...
[00:45]   Queuing workflow for execution...
[00:46]   Node executed (1 total), capturing...
[00:46]   Frame 2 saved (frame_001.jpg, t=0.7s)
[00:46]   [capture-node] freeze=33ms shot=131ms unfreeze=4ms saved=True
[00:46]   Node executed (2 total), capturing...
[00:46]   [capture-node] freeze=25ms shot=137ms unfreeze=4ms saved=False
[00:47]   Node executed (3 total), capturing...
[00:48]   Frame 3 saved (frame_002.jpg, t=2.3s)
[00:48]   [capture-node] freeze=64ms shot=125ms unfreeze=3ms saved=True
[00:48]   Execution complete (t=2.6s)
[00:48]   Captured 3 unique frames over 2.65s
[00:48]   [debug] iframes: 2
[00:48]   [debug]   iframe[0]: src=http://127.0.0.1:8188/extensions/ComfyUI-CADabra/viewer_cad_analysis.html?v=1778, canvas=372x498, rafFrozen=False
[00:48]   [debug]   iframe[1]: src=http://127.0.0.1:8188/extensions/ComfyUI-CADabra/viewer_cad_analysis.html?v=1778, canvas=272x498, rafFrozen=False
[00:48]   [timing] trigger_3d_previews: 0.0s
[00:50]   Saved high-quality screenshot: cad_manipulation_executed.png
[00:50]   [timing] final_screenshot: 0.2s
[00:50] Capturing execution frames: cad_quality_metrics.json
[00:56]   Frame 1 saved (frame_000.jpg, t=0.0s)
[00:56]   Validating workflow...
[00:56]   Queuing workflow for execution...
[00:59]   Frame 2 saved (frame_001.jpg, t=2.2s)
[00:59]   [capture-periodic] freeze=3ms shot=117ms unfreeze=4ms saved=True
[01:01]   Frame 3 saved (frame_002.jpg, t=4.4s)
[01:01]   [capture-periodic] freeze=3ms shot=103ms unfreeze=6ms saved=True
[01:02]   [capture-loop] iter=50 t=5.8s state={'complete': False, 'error': None, 'executedCount': 0, 'wsState': 1} eval_ms=3 ram=2.8/15.6GB (18%) swap=0.0/3.0GB (0%) cpu=40% browser_rss=1.01GB
[01:05]   Node executed (1 total), capturing...
[01:06]   Frame 4 saved (frame_003.jpg, t=8.8s)
[01:06]   [capture-node] freeze=166ms shot=417ms unfreeze=3ms saved=True
[01:06]   Node executed (2 total), capturing...
[01:06]   [capture-node] freeze=98ms shot=341ms unfreeze=0ms saved=False
[01:06]   Execution complete (t=9.8s)
[01:06]   Captured 4 unique frames over 10.2s
[01:06]   [debug] iframes: 1
[01:06]   [debug]   iframe[0]: src=http://127.0.0.1:8188/extensions/ComfyUI-CADabra/viewer_cad_analysis.html?v=1778, canvas=372x498, rafFrozen=True
[01:06]   [timing] trigger_3d_previews: 0.0s
[01:09]   Saved high-quality screenshot: cad_quality_metrics_executed.png
[01:09]   [timing] final_screenshot: 0.2s
[01:09] Capturing execution frames: edge_analysis.json
[01:15]   Frame 1 saved (frame_000.jpg, t=0.0s)
[01:15]   Validating workflow...
[01:15]   Queuing workflow for execution...
[01:15]   Node executed (1 total), capturing...
[01:15]   Frame 2 saved (frame_001.jpg, t=0.4s)
[01:15]   [capture-node] freeze=3ms shot=111ms unfreeze=9ms saved=True
[01:15]   Node executed (3 total), capturing...
[01:16]   [capture-node] freeze=4ms shot=94ms unfreeze=0ms saved=False
[01:16]   Execution complete (t=0.8s)
[01:16]   Captured 2 unique frames over 0.9s
[01:16]   [debug] iframes: 2
[01:16]   [debug]   iframe[0]: src=http://127.0.0.1:8188/extensions/ComfyUI-CADabra/viewer_cad_edge_detail.html?v=1, canvas=244x386, rafFrozen=True
[01:16]   [debug]   iframe[1]: src=http://127.0.0.1:8188/extensions/ComfyUI-CADabra/viewer_cad_edge.html?v=17782240, canvas=347x272, rafFrozen=True
[01:16]   [timing] trigger_3d_previews: 0.0s
[01:18]   Saved high-quality screenshot: edge_analysis_executed.png
[01:18]   [timing] final_screenshot: 0.2s
[01:18] Capturing execution frames: mesh_CAD.json
[01:24]   Frame 1 saved (frame_000.jpg, t=0.0s)
[01:24]   Validating workflow...
[01:24]   Queuing workflow for execution...
[01:27]   Frame 2 saved (frame_001.jpg, t=2.4s)
[01:27]   [capture-periodic] freeze=2ms shot=146ms unfreeze=5ms saved=True
[01:29]   Frame 3 saved (frame_002.jpg, t=4.7s)
[01:29]   [capture-periodic] freeze=5ms shot=167ms unfreeze=8ms saved=True
[01:31]   [capture-loop] iter=50 t=6.4s state={'complete': False, 'error': None, 'executedCount': 0, 'wsState': 1} eval_ms=4 ram=2.6/15.6GB (17%) swap=0.0/3.0GB (0%) cpu=39% browser_rss=1.05GB
[01:31]   Node executed (1 total), capturing...
[01:32]   Frame 4 saved (frame_003.jpg, t=7.3s)
[01:32]   [capture-node] freeze=28ms shot=197ms unfreeze=5ms saved=True
[01:33]   Node executed (2 total), capturing...
[01:33]   Frame 5 saved (frame_004.jpg, t=8.7s)
[01:33]   [capture-node] freeze=21ms shot=151ms unfreeze=6ms saved=True
[01:35]   Frame 6 saved (frame_005.jpg, t=11.0s)
[01:35]   [capture-periodic] freeze=24ms shot=142ms unfreeze=6ms saved=True
[01:37]   Node executed (3 total), capturing...
[01:37]   Frame 7 saved (frame_006.jpg, t=12.4s)
[01:37]   [capture-node] freeze=8ms shot=157ms unfreeze=0ms saved=True
[01:37]   Execution complete (t=12.4s)
[01:37]   Captured 7 unique frames over 12.65s
[01:37]   [debug] iframes: 2
[01:37]   [debug]   iframe[0]: src=http://127.0.0.1:8188/extensions/ComfyUI-CADabra/viewer_cad_analysis.html?v=1778, canvas=242x498, rafFrozen=True
[01:37]   [debug]   iframe[1]: src=http://127.0.0.1:8188/extensions/ComfyUI-GeometryPack/viewer_dual.html?v=1778224, canvas=370x485, rafFrozen=False
[01:37]   [timing] trigger_3d_previews: 0.0s
[01:39]   Saved high-quality screenshot: mesh_CAD_executed.png
[01:39]   [timing] final_screenshot: 0.3s
[01:40] Capturing execution frames: raytracing.json
[01:46]   Frame 1 saved (frame_000.jpg, t=0.0s)
[01:46]   Validating workflow...
[01:46]   Queuing workflow for execution...
[01:47]   Node executed (1 total), capturing...
[01:48]   Frame 2 saved (frame_001.jpg, t=1.9s)
[01:48]   [capture-node] freeze=285ms shot=188ms unfreeze=3ms saved=True
[01:50]   Frame 3 saved (frame_002.jpg, t=4.4s)
[01:50]   [capture-periodic] freeze=79ms shot=189ms unfreeze=5ms saved=True
[01:54]   Node executed (2 total), capturing...
[01:54]   Frame 4 saved (frame_003.jpg, t=8.3s)
[01:54]   [capture-node] freeze=31ms shot=225ms unfreeze=3ms saved=True
[01:54]   Execution complete (t=8.8s)
[01:54]   Captured 4 unique frames over 8.81s
[01:54]   [debug] iframes: 1
[01:54]   [debug]   iframe[0]: src=http://127.0.0.1:8188/extensions/ComfyUI-CADabra/viewer_cad_analysis.html?v=1778, canvas=242x498, rafFrozen=False
[01:55]   [timing] trigger_3d_previews: 0.0s
[01:57]   Saved high-quality screenshot: raytracing_executed.png
[01:57]   [timing] final_screenshot: 0.2s
[01:57] Capturing execution frames: raytracing_roi.json
[02:03]   Frame 1 saved (frame_000.jpg, t=0.0s)
[02:03]   Validating workflow...
[02:03]   Queuing workflow for execution...
[02:04]   Node executed (1 total), capturing...
[02:04]   Frame 2 saved (frame_001.jpg, t=0.8s)
[02:04]   [capture-node] freeze=86ms shot=229ms unfreeze=4ms saved=True
[02:04]   Node executed (2 total), capturing...
[02:05]   Frame 3 saved (frame_002.jpg, t=1.4s)
[02:05]   [capture-node] freeze=26ms shot=188ms unfreeze=9ms saved=True
[02:05]   Node executed (3 total), capturing...
[02:05]   Frame 4 saved (frame_003.jpg, t=2.0s)
[02:05]   [capture-node] freeze=40ms shot=139ms unfreeze=0ms saved=True
[02:05]   Execution complete (t=2.0s)
[02:05]   Captured 4 unique frames over 2.22s
[02:05]   [debug] iframes: 2
[02:05]   [debug]   iframe[0]: src=http://127.0.0.1:8188/extensions/ComfyUI-CADabra/viewer_cad_analysis.html?v=1778, canvas=242x498, rafFrozen=True
[02:05]   [debug]   iframe[1]: src=http://127.0.0.1:8188/extensions/ComfyUI-CADabra/viewer_cad_roi.html?v=177822411, canvas=292x498, rafFrozen=True
[02:05]   [timing] trigger_3d_previews: 0.0s
[02:07]   Saved high-quality screenshot: raytracing_roi_executed.png
[02:07]   [timing] final_screenshot: 0.3s
[02:08] Capturing execution frames: view_cads.json
[02:14]   Frame 1 saved (frame_000.jpg, t=0.0s)
[02:14]   Validating workflow...
[02:14]   Queuing workflow for execution...
[02:16]   Frame 2 saved (frame_001.jpg, t=2.2s)
[02:16]   [capture-periodic] freeze=4ms shot=126ms unfreeze=5ms saved=True
[02:18]   Frame 3 saved (frame_002.jpg, t=4.5s)
[02:18]   [capture-periodic] freeze=3ms shot=108ms unfreeze=4ms saved=True
[02:18]   Node executed (1 total), capturing...
[02:20]   Frame 4 saved (frame_003.jpg, t=5.0s)
[02:20]   [capture-node] freeze=85ms shot=1210ms unfreeze=3ms saved=True
[02:20]   Node executed (5 total), capturing...
[02:21]   Frame 5 saved (frame_004.jpg, t=6.8s)
[02:21]   [capture-node] freeze=73ms shot=344ms unfreeze=0ms saved=True
[02:21]   Execution complete (t=6.8s)
[02:21]   Captured 5 unique frames over 7.21s
[02:21]   [debug] iframes: 3
[02:21]   [debug]   iframe[0]: src=http://127.0.0.1:8188/extensions/ComfyUI-CADabra/viewer_cad_edge_detail.html?v=1, canvas=244x386, rafFrozen=True
[02:21]   [debug]   iframe[1]: src=http://127.0.0.1:8188/extensions/ComfyUI-CADabra/viewer_cad_edge.html?v=17782241, canvas=244x260, rafFrozen=True
[02:21]   [debug]   iframe[2]: src=http://127.0.0.1:8188/extensions/ComfyUI-CADabra/viewer_cad_analysis.html?v=1778, canvas=244x257, rafFrozen=True
[02:21]   [timing] trigger_3d_previews: 0.0s
[02:23]   Saved high-quality screenshot: view_cads_executed.png
[02:23]   [timing] final_screenshot: 0.2s
[02:23] Results saved to /home/runner/work/comfy-gpu-ci/comfy-gpu-ci/comfy-test-logs/CADabra-0706/linux-cpu/results.json
[02:23] Saved: /home/runner/work/comfy-gpu-ci/comfy-gpu-ci/comfy-test-logs/CADabra-0706/linux-cpu/index.html
[02:23] [EXECUTION] PASSED
[02:23] 
linux: PASSED
