Loading workflow from /Users/runner/work/comfy-gpu-ci/comfy-gpu-ci/ComfyUI/custom_nodes/ComfyUI-CADabra/workflows/analyse_CAD.json...
Converting litegraph workflow to prompt format...
Queuing workflow: /Users/runner/work/comfy-gpu-ci/comfy-gpu-ci/ComfyUI/custom_nodes/ComfyUI-CADabra/workflows/analyse_CAD.json...
[DEBUG] Connecting WebSocket to ws://127.0.0.1:8188/ws?clientId=f2200eb3-b1f5-4ae9-b192-639506cfddfb
[DEBUG] WebSocket connected successfully
Queued with ID: c85a4a51-e461-4b95-8d45-98a28a69b9e3
[DEBUG] WS msg: type=status prompt_id=None (waiting for c85a4a51-e461-4b95-8d45-98a28a69b9e3)
[DEBUG] WS msg: type=status prompt_id=None (waiting for c85a4a51-e461-4b95-8d45-98a28a69b9e3)
[DEBUG] WS msg: type=status prompt_id=None (waiting for c85a4a51-e461-4b95-8d45-98a28a69b9e3)
[DEBUG] WS msg: type=progress_state prompt_id=c85a4a51-e461-4b95-8d45-98a28a69b9e3 (waiting for c85a4a51-e461-4b95-8d45-98a28a69b9e3)
[DEBUG] Unhandled msg_type: progress_state
[DEBUG] WS recv timeout at 0.0s, checking history fallback...
[DEBUG] WS recv timeout at 5.0s, checking history fallback...
[DEBUG] WS msg: type=progress_state prompt_id=c85a4a51-e461-4b95-8d45-98a28a69b9e3 (waiting for c85a4a51-e461-4b95-8d45-98a28a69b9e3)
[DEBUG] Unhandled msg_type: progress_state
[DEBUG] WS msg: type=progress_state prompt_id=c85a4a51-e461-4b95-8d45-98a28a69b9e3 (waiting for c85a4a51-e461-4b95-8d45-98a28a69b9e3)
[DEBUG] Unhandled msg_type: progress_state
[DEBUG] WS msg: type=progress_state prompt_id=c85a4a51-e461-4b95-8d45-98a28a69b9e3 (waiting for c85a4a51-e461-4b95-8d45-98a28a69b9e3)
[DEBUG] Unhandled msg_type: progress_state
[DEBUG] WS msg: type=progress_state prompt_id=c85a4a51-e461-4b95-8d45-98a28a69b9e3 (waiting for c85a4a51-e461-4b95-8d45-98a28a69b9e3)
[DEBUG] Unhandled msg_type: progress_state
[DEBUG] WS msg: type=progress_state prompt_id=c85a4a51-e461-4b95-8d45-98a28a69b9e3 (waiting for c85a4a51-e461-4b95-8d45-98a28a69b9e3)
[DEBUG] Unhandled msg_type: progress_state
[DEBUG] WS msg: type=progress_state prompt_id=c85a4a51-e461-4b95-8d45-98a28a69b9e3 (waiting for c85a4a51-e461-4b95-8d45-98a28a69b9e3)
[DEBUG] Unhandled msg_type: progress_state
[DEBUG] WS msg: type=progress_state prompt_id=c85a4a51-e461-4b95-8d45-98a28a69b9e3 (waiting for c85a4a51-e461-4b95-8d45-98a28a69b9e3)
[DEBUG] Unhandled msg_type: progress_state
[DEBUG] WS msg: type=progress_state prompt_id=c85a4a51-e461-4b95-8d45-98a28a69b9e3 (waiting for c85a4a51-e461-4b95-8d45-98a28a69b9e3)
[DEBUG] Unhandled msg_type: progress_state
[DEBUG] WS msg: type=progress_state prompt_id=c85a4a51-e461-4b95-8d45-98a28a69b9e3 (waiting for c85a4a51-e461-4b95-8d45-98a28a69b9e3)
[DEBUG] Unhandled msg_type: progress_state
[DEBUG] WS msg: type=progress_state prompt_id=c85a4a51-e461-4b95-8d45-98a28a69b9e3 (waiting for c85a4a51-e461-4b95-8d45-98a28a69b9e3)
[DEBUG] Unhandled msg_type: progress_state
[DEBUG] WS msg: type=progress_state prompt_id=c85a4a51-e461-4b95-8d45-98a28a69b9e3 (waiting for c85a4a51-e461-4b95-8d45-98a28a69b9e3)
[DEBUG] Unhandled msg_type: progress_state
[DEBUG] WS msg: type=status prompt_id=None (waiting for c85a4a51-e461-4b95-8d45-98a28a69b9e3)
Execution complete (queue empty)
Workflow completed successfully!
    Saved screenshot: analyse_CAD_executed.png