[2026-05-11 09:38:56.168] [info]  setup plugin alembic.autogenerate.schemas

[2026-05-11 09:38:56.170] [info]  setup plugin alembic.autogenerate.tables
setup plugin alembic.autogenerate.types
setup plugin alembic.autogenerate.constraints
setup plugin alembic.autogenerate.defaults
setup plugin alembic.autogenerate.comments

[2026-05-11 09:38:56.701] [info]  Adding extra search path custom_nodes C:\Users\runneradmin\Documents\ComfyUI\custom_nodes
Adding extra search path download_model_base C:\Users\runneradmin\Documents\ComfyUI\models
Adding extra search path custom_nodes C:\Users\runneradmin\.comfy-test-cache\desktop\ComfyUI\resources\ComfyUI\custom_nodes

[2026-05-11 09:38:56.703] [info]  Setting output directory to: C:\Users\runneradmin\Documents\ComfyUI\output
Setting input directory to: C:\Users\runneradmin\Documents\ComfyUI\input
Setting user directory to: C:\Users\runneradmin\Documents\ComfyUI\user

[2026-05-11 09:38:58.396] [info]  [START] Security scan
[DONE] Security scan
** ComfyUI startup time: 
[2026-05-11 09:38:58.397] [info]  2026-05-11 09:38:58.397
** Platform: Windows
** Python version: 3.12.11 (main, Aug 18 2025, 19:17:54) [MSC v.1944 64 bit (AMD64)]
** Python executable: C:\Users\runneradmin\Documents\ComfyUI\.venv\Scripts\python.exe
** ComfyUI Path: C:\Users\runneradmin\.comfy-test-cache\desktop\ComfyUI\resources\ComfyUI
** ComfyUI Base Folder Path: C:\Users\runneradmin\.comfy-test-cache\desktop\ComfyUI\resources\ComfyUI

[2026-05-11 09:38:58.399] [info]  ** User directory: C:\Users\runneradmin\Documents\ComfyUI\user
** ComfyUI-Manager config path: C:\Users\runneradmin\Documents\ComfyUI\user\__manager\config.ini
** Log path: C:\Users\runneradmin\Documents\ComfyUI\user\comfyui.log

[2026-05-11 09:38:59.746] [info]  [ComfyUI-Manager] Skipped fixing the 'comfyui-frontend-package' dependency because the ComfyUI is outdated.

[2026-05-11 09:38:59.748] [info]  [PRE] ComfyUI-Manager

[2026-05-11 09:39:00.180] [error] [comfy-env] comfyui-cadabra: 1 isolation env(s):
[2026-05-11 09:39:00.182] [error] 
[comfy-env]   nodes -> C:\Users\runneradmin\Documents\ComfyUI\custom_nodes\comfyui-cadabra\nodes
[comfy-env] prestartup complete
[2026-05-11 09:39:00.184] [error] 

[2026-05-11 09:39:00.225] [error] [comfy-env] ComfyUI-GeometryPack: 1 isolation env(s):
[2026-05-11 09:39:00.227] [error] 
[comfy-env]   nodes -> C:\Users\runneradmin\Documents\ComfyUI\custom_nodes\ComfyUI-GeometryPack\nodes
[comfy-env] prestartup complete

[2026-05-11 09:39:03.605] [info]  Found comfy_kitchen backend eager: {'available': True, 'disabled': False, 'unavailable_reason': None, 'capabilities': ['apply_rope', 'apply_rope1', 'dequantize_mxfp8', 'dequantize_nvfp4', 'dequantize_per_tensor_fp8', 'quantize_mxfp8', 'quantize_nvfp4', 'quantize_per_tensor_fp8', 'scaled_mm_mxfp8', 'scaled_mm_nvfp4']}

[2026-05-11 09:39:03.607] [info]  Found comfy_kitchen backend cuda: {'available': False, 'disabled': True, 'unavailable_reason': 'CUDA not available on this system', 'capabilities': []}

[2026-05-11 09:39:03.608] [info]  Found comfy_kitchen backend triton: {'available': False, 'disabled': True, 'unavailable_reason': "ImportError: No module named 'triton'", 'capabilities': []}

[2026-05-11 09:39:03.625] [info]  Checkpoint files will always be loaded safely.

[2026-05-11 09:39:03.669] [info]  Total VRAM 16379 MB, total RAM 16379 MB

[2026-05-11 09:39:03.670] [info]  pytorch version: 2.10.0+cpu
Set vram state to: DISABLED
Device: cpu

[2026-05-11 09:39:04.030] [info]  Using sub quadratic optimization for attention, if you have memory or speed issues try using: --use-split-cross-attention

[2026-05-11 09:39:07.712] [info]  Python version: 3.12.11 (main, Aug 18 2025, 19:17:54) [MSC v.1944 64 bit (AMD64)]

[2026-05-11 09:39:07.713] [info]  ComfyUI version: 0.20.1
comfy-aimdo version: 0.2.14

[2026-05-11 09:39:07.714] [info]  comfy-kitchen version: 0.2.8

[2026-05-11 09:39:07.719] [info]  [Prompt Server] web root: C:\Users\runneradmin\.comfy-test-cache\desktop\ComfyUI\resources\ComfyUI\web_custom_versions\desktop_app

[2026-05-11 09:39:07.722] [info]  Asset seeder disabled

[2026-05-11 09:39:07.723] [info]  [START] ComfyUI-Manager

[2026-05-11 09:39:07.902] [info]  [ComfyUI-Manager] Using GitPython backend

[2026-05-11 09:39:07.984] [info]  [ComfyUI-Manager] network_mode: public

[2026-05-11 09:39:07.995] [info]  [ComfyUI-Manager] The matrix sharing feature has been disabled because the `matrix-nio` dependency is not installed.
	To use this feature, please run the following command:
	C:\Users\runneradmin\Documents\ComfyUI\.venv\Scripts\python.exe -m pip install matrix-nio


[2026-05-11 09:39:10.124] [error] [comfy-env] Version: 0.3.83
[2026-05-11 09:39:10.126] [error] 

[2026-05-11 09:39:12.520] [info]  [comfy-env] Removed stale temp dir: C:\Users\RUNNER~1\AppData\Local\Temp\comfyui_pvenv_bi004bw2

[2026-05-11 09:39:13.958] [error] [comfy-env] register_nodes: comfyui-cadabra
[2026-05-11 09:39:13.959] [error] 

[2026-05-11 09:39:13.962] [error] [comfy-env] ComfyUI source dir: C:\Users\runneradmin\.comfy-test-cache\desktop\ComfyUI\resources\ComfyUI
[2026-05-11 09:39:13.963] [error] 

[2026-05-11 09:39:13.966] [error] [comfy-env] Scanning nodes metadata (isolation root)...
[2026-05-11 09:39:13.967] [error] 

[2026-05-11 09:39:13.973] [error] [comfy-env] Cache hit for nodes: 39 nodes
[2026-05-11 09:39:13.974] [error] 
[comfy-env] Scanned nodes root: 39 nodes (0.0s)

[2026-05-11 09:39:13.976] [error] [comfy-env] Imported nodes root: 39 nodes (isolation)
[2026-05-11 09:39:13.977] [error] 

[2026-05-11 09:39:13.980] [error] [comfy-env] Registered 39 total nodes
[2026-05-11 09:39:13.982] [error] 

[2026-05-11 09:39:13.985] [info]  loading...

[2026-05-11 09:39:13.986] [info]  calling register_nodes

[2026-05-11 09:39:13.989] [error] [comfy-env] Version: 0.3.83
[2026-05-11 09:39:13.990] [error] 

[2026-05-11 09:39:14.014] [error] [comfy-env] register_nodes: ComfyUI-GeometryPack
[2026-05-11 09:39:14.015] [error] 

[2026-05-11 09:39:14.046] [error] [comfy-env] ComfyUI source dir: C:\Users\runneradmin\.comfy-test-cache\desktop\ComfyUI\resources\ComfyUI
[2026-05-11 09:39:14.049] [error] 

[2026-05-11 09:39:14.054] [error] [comfy-env] Scanning nodes metadata (isolation root)...
[2026-05-11 09:39:14.055] [error] 

[2026-05-11 09:39:14.095] [error] [comfy-env] Cache hit for nodes: 125 nodes
[2026-05-11 09:39:14.096] [error] 

[2026-05-11 09:39:14.098] [error] [comfy-env] Scanned nodes root: 125 nodes (0.0s)

[2026-05-11 09:39:14.102] [error] [comfy-env] Imported nodes root: 125 nodes (isolation)
[2026-05-11 09:39:14.103] [error] 
[comfy-env] Registered 125 total nodes
[2026-05-11 09:39:14.104] [error] 

[2026-05-11 09:39:14.130] [info]  ComfyUI-Multiband loaded: 15 nodes registered

[2026-05-11 09:39:14.134] [info]  
Import times for custom nodes:

[2026-05-11 09:39:14.136] [info]     0.0 seconds: C:\Users\runneradmin\.comfy-test-cache\desktop\ComfyUI\resources\ComfyUI\custom_nodes\websocket_image_save.py
   0.0 seconds: C:\Users\runneradmin\Documents\ComfyUI\custom_nodes\ComfyUI-Multiband
   0.1 seconds: C:\Users\runneradmin\Documents\ComfyUI\custom_nodes\ComfyUI-GeometryPack
   3.9 seconds: C:\Users\runneradmin\Documents\ComfyUI\custom_nodes\comfyui-cadabra


[2026-05-11 09:39:14.140] [info]  Context impl SQLiteImpl.

[2026-05-11 09:39:14.142] [info]  Will assume non-transactional DDL.

[2026-05-11 09:39:14.149] [error] Failed to initialize database. Please ensure you have installed the latest requirements. If the error persists, please report this as in future the database will be required: Could not acquire lock on database 'C:/Users/runneradmin/Documents/ComfyUI/user/comfyui.db'. Another ComfyUI process may already be using it. Use --database-url to specify a separate database file.

[2026-05-11 09:39:14.495] [info]  Starting server


[2026-05-11 09:39:14.497] [info]  To see the GUI go to: http://127.0.0.1:8001

[2026-05-11 09:39:17.848] [info]  [ComfyUI-Manager] The ComfyRegistry cache update is still in progress, so an outdated cache is being used.

[2026-05-11 09:39:18.156] [info]  FETCH DATA from: C:\Users\runneradmin\Documents\ComfyUI\.venv\Lib\site-packages\comfyui_manager\custom-node-list.json
[2026-05-11 09:39:18.209] [info]   [DONE]

[2026-05-11 09:39:20.766] [info]  [ComfyUI-Manager] The ComfyRegistry cache update is still in progress, so an outdated cache is being used.

[2026-05-11 09:39:21.008] [info]  FETCH DATA from: C:\Users\runneradmin\Documents\ComfyUI\.venv\Lib\site-packages\comfyui_manager\custom-node-list.json
[2026-05-11 09:39:21.060] [info]   [DONE]
[2026-05-11 09:39:21.062] [info]  

[2026-05-11 09:39:43.202] [info]  got prompt

[2026-05-11 09:39:43.214] [info]  [comfyui-cadabra] python: C:\ce\.pixi\envs\cadabra-nodes\python.exe

[2026-05-11 09:39:43.215] [info]  [comfyui-cadabra] sys_path sent to worker: ['C:\\Users\\runneradmin\\.comfy-test-cache\\desktop\\ComfyUI\\resources\\ComfyUI', 'C:\\Users\\runneradmin\\Documents\\ComfyUI\\custom_nodes\\comfyui-cadabra', 'C:\\ce\\.pixi\\envs\\cadabra-nodes\\Lib\\site-packages', 'C:\\Users\\runneradmin\\Documents\\ComfyUI\\custom_nodes\\comfyui-cadabra']

[2026-05-11 09:39:45.807] [error] [worker:comfyui-cadabra] ERROR: Failed to import comfy_kitchen, Error: No module named 'comfy_kitchen', fp8 and fp4 support will not be available.

[2026-05-11 09:39:49.308] [error] [comfyui-cadabra] Health check: ping (timeout=5.0s)...
[comfyui-cadabra] Health check: ok

[2026-05-11 09:39:49.339] [error] [09:39:49] [CADabra] Starting: BRepMesh(linear_deflection=0.1, angular_deflection=0.5)

[2026-05-11 09:39:49.341] [error] [worker:comfyui-cadabra] INFO: Starting: BRepMesh(linear_deflection=0.1, angular_deflection=0.5)

[2026-05-11 09:39:49.421] [error] [09:39:49] [CADabra] Completed: BRepMesh(linear_deflection=0.1, angular_deflection=0.5) in 0.08s

[2026-05-11 09:39:49.422] [error] [worker:comfyui-cadabra] INFO: Completed: BRepMesh(linear_deflection=0.1, angular_deflection=0.5) in 0.08s

[2026-05-11 09:39:49.535] [error] [comfyui-cadabra] Health check: ping (timeout=5.0s)...
[2026-05-11 09:39:49.536] [error] 

[2026-05-11 09:39:49.539] [error] [comfyui-cadabra] Health check: ok

[2026-05-11 09:39:49.614] [error] [09:39:49] [CADabra] Starting: BRepMesh(linear_deflection=0.1, angular_deflection=0.5, relative=False, parallel=False, min_size=0.0)

[2026-05-11 09:39:49.616] [error] [worker:comfyui-cadabra] INFO: Starting: BRepMesh(linear_deflection=0.1, angular_deflection=0.5, relative=False, parallel=False, min_size=0.0)

[2026-05-11 09:39:49.712] [error] [09:39:49] [CADabra] Completed: BRepMesh(linear_deflection=0.1, angular_deflection=0.5, relative=False, parallel=False, min_size=0.0) in 0.10s

[2026-05-11 09:39:49.714] [error] [worker:comfyui-cadabra] INFO: Completed: BRepMesh(linear_deflection=0.1, angular_deflection=0.5, relative=False, parallel=False, min_size=0.0) in 0.10s

[2026-05-11 09:40:05.809] [info]  [ComfyUI-GeometryPack] python: C:\ce\.pixi\envs\geometrypack-nodes\python.exe
[2026-05-11 09:40:05.811] [info]  
[ComfyUI-GeometryPack] sys_path sent to worker: ['C:\\Users\\runneradmin\\.comfy-test-cache\\desktop\\ComfyUI\\resources\\ComfyUI', 'C:\\Users\\runneradmin\\Documents\\ComfyUI\\custom_nodes\\ComfyUI-GeometryPack', 'C:\\ce\\.pixi\\envs\\geometrypack-nodes\\Lib\\site-packages', 'C:\\Users\\runneradmin\\Documents\\ComfyUI\\custom_nodes\\ComfyUI-GeometryPack']

[2026-05-11 09:40:26.148] [error] [worker:ComfyUI-GeometryPack] ERROR: Failed to import comfy_kitchen, Error: No module named 'comfy_kitchen', fp8 and fp4 support will not be available.
[2026-05-11 09:40:26.167] [error] 

[2026-05-11 09:40:40.520] [error] [worker:ComfyUI-GeometryPack] INFO: Layout: side_by_side, Mode: fields

[2026-05-11 09:40:40.542] [error] [worker:ComfyUI-GeometryPack] INFO: Mesh 1: Mesh - 2754 vertices, 5508 faces

[2026-05-11 09:40:40.563] [error] [worker:ComfyUI-GeometryPack] INFO: Mesh 2: Mesh - 2754 vertices, 5508 faces

[2026-05-11 09:40:40.584] [error] [worker:ComfyUI-GeometryPack] INFO: Mesh 1 fields: ['face.cad_face_id']

[2026-05-11 09:40:40.605] [error] [worker:ComfyUI-GeometryPack] INFO: Mesh 2 fields: ['face.cad_face_id']

[2026-05-11 09:40:40.627] [error] [worker:ComfyUI-GeometryPack] INFO: Common fields: ['face.cad_face_id']
[2026-05-11 09:40:40.629] [error] 

[2026-05-11 09:40:40.648] [error] [worker:ComfyUI-GeometryPack] INFO: Mesh 1 visual: kind=None, texture=False, vertex_colors=False

[2026-05-11 09:40:40.669] [error] [worker:ComfyUI-GeometryPack] INFO: Mesh 2 visual: kind=None, texture=False, vertex_colors=False

[2026-05-11 09:40:40.675] [error] [worker:ComfyUI-GeometryPack] INFO: Exporting mesh to VTP: C:\Users\runneradmin\Documents\ComfyUI\output\preview_dual_1_76e44715.vtp

[2026-05-11 09:40:40.811] [error] [worker:ComfyUI-GeometryPack] INFO: Adding normals field (2754 vertices)

[2026-05-11 09:40:40.886] [error] [worker:ComfyUI-GeometryPack] INFO: Adding face field: cad_face_id

[2026-05-11 09:40:41.137] [error] [worker:ComfyUI-GeometryPack] INFO: Export complete: 2754 vertices, 5508 faces

[2026-05-11 09:40:41.171] [error] [worker:ComfyUI-GeometryPack] INFO: Exported VTP with fields: C:\Users\runneradmin\Documents\ComfyUI\output\preview_dual_1_76e44715.vtp

[2026-05-11 09:40:41.187] [error] [worker:ComfyUI-GeometryPack] INFO: Exporting mesh to VTP: C:\Users\runneradmin\Documents\ComfyUI\output\preview_dual_2_76e44715.vtp

[2026-05-11 09:40:41.285] [error] [worker:ComfyUI-GeometryPack] INFO: Adding normals field (2754 vertices)

[2026-05-11 09:40:41.313] [error] [worker:ComfyUI-GeometryPack] INFO: Adding face field: cad_face_id

[2026-05-11 09:40:41.419] [error] [worker:ComfyUI-GeometryPack] INFO: Export complete: 2754 vertices, 5508 faces
[2026-05-11 09:40:41.421] [error] 

[2026-05-11 09:40:41.440] [error] [worker:ComfyUI-GeometryPack] INFO: Exported VTP with fields: C:\Users\runneradmin\Documents\ComfyUI\output\preview_dual_2_76e44715.vtp
[2026-05-11 09:40:41.442] [error] 

[2026-05-11 09:40:41.542] [error] [worker:ComfyUI-GeometryPack] INFO: Preview ready

[2026-05-11 09:40:41.612] [info]  Prompt executed in 58.40 seconds

