[2026-05-10 03:20:12.822] [info]  setup plugin alembic.autogenerate.schemas

[2026-05-10 03:20:12.825] [info]  setup plugin alembic.autogenerate.tables
setup plugin alembic.autogenerate.types
setup plugin alembic.autogenerate.constraints
setup plugin alembic.autogenerate.defaults
setup plugin alembic.autogenerate.comments

[2026-05-10 03:20:13.302] [info]  Adding extra search path custom_nodes C:\Users\runneradmin\Documents\ComfyUI\custom_nodes
Adding extra search path download_model_base C:\Users\runneradmin\Documents\ComfyUI\models

[2026-05-10 03:20:13.307] [info]  Adding extra search path custom_nodes C:\Users\runneradmin\.comfy-test-cache\desktop\ComfyUI\resources\ComfyUI\custom_nodes
Setting output directory to: C:\Users\runneradmin\Documents\ComfyUI\output
Setting input directory to: C:\Users\runneradmin\Documents\ComfyUI\input
Setting user directory to: C:\Users\runneradmin\Documents\ComfyUI\user

[2026-05-10 03:20:14.934] [info]  [START] Security scan
[DONE] Security scan
** ComfyUI startup time: 
[2026-05-10 03:20:14.935] [info]  2026-05-10 03:20:14.933
** Platform: Windows
** Python version: 3.12.11 (main, Aug 18 2025, 19:17:54) [MSC v.1944 64 bit (AMD64)]
** Python executable: C:\Users\runneradmin\Documents\ComfyUI\.venv\Scripts\python.exe
** ComfyUI Path: C:\Users\runneradmin\.comfy-test-cache\desktop\ComfyUI\resources\ComfyUI
** ComfyUI Base Folder Path: C:\Users\runneradmin\.comfy-test-cache\desktop\ComfyUI\resources\ComfyUI

[2026-05-10 03:20:14.936] [info]  ** User directory: C:\Users\runneradmin\Documents\ComfyUI\user
[2026-05-10 03:20:14.938] [info]  
** ComfyUI-Manager config path: C:\Users\runneradmin\Documents\ComfyUI\user\__manager\config.ini
** Log path: C:\Users\runneradmin\Documents\ComfyUI\user\comfyui.log

[2026-05-10 03:20:16.154] [info]  [ComfyUI-Manager] Skipped fixing the 'comfyui-frontend-package' dependency because the ComfyUI is outdated.

[2026-05-10 03:20:16.155] [info]  [PRE] ComfyUI-Manager

[2026-05-10 03:20:16.510] [error] [comfy-env] comfyui-cadabra: 1 isolation env(s):
[2026-05-10 03:20:16.512] [error] 
[comfy-env]   nodes -> C:\Users\runneradmin\Documents\ComfyUI\custom_nodes\comfyui-cadabra\nodes
[comfy-env] prestartup complete

[2026-05-10 03:20:16.546] [error] [comfy-env] ComfyUI-GeometryPack: 1 isolation env(s):
[2026-05-10 03:20:16.548] [error] 
[comfy-env]   nodes -> C:\Users\runneradmin\Documents\ComfyUI\custom_nodes\ComfyUI-GeometryPack\nodes
[comfy-env] prestartup complete

[2026-05-10 03:20:19.560] [info]  Found comfy_kitchen backend cuda: {'available': False, 'disabled': True, 'unavailable_reason': 'CUDA not available on this system', 'capabilities': []}

[2026-05-10 03:20:19.561] [info]  Found comfy_kitchen backend eager: {'available': True, 'disabled': False, 'unavailable_reason': None, 'capabilities': ['apply_rope', 'apply_rope1', 'dequantize_mxfp8', 'dequantize_nvfp4', 'dequantize_per_tensor_fp8', 'quantize_mxfp8', 'quantize_nvfp4', 'quantize_per_tensor_fp8', 'scaled_mm_mxfp8', 'scaled_mm_nvfp4']}
Found comfy_kitchen backend triton: {'available': False, 'disabled': True, 'unavailable_reason': "ImportError: No module named 'triton'", 'capabilities': []}

[2026-05-10 03:20:19.569] [info]  Checkpoint files will always be loaded safely.

[2026-05-10 03:20:19.609] [info]  Total VRAM 16379 MB, total RAM 16379 MB

[2026-05-10 03:20:19.611] [info]  pytorch version: 2.10.0+cpu
Set vram state to: DISABLED
Device: cpu

[2026-05-10 03:20:19.901] [info]  Using sub quadratic optimization for attention, if you have memory or speed issues try using: --use-split-cross-attention

[2026-05-10 03:20:22.761] [info]  Python version: 3.12.11 (main, Aug 18 2025, 19:17:54) [MSC v.1944 64 bit (AMD64)]

[2026-05-10 03:20:22.763] [info]  ComfyUI version: 0.20.1
comfy-aimdo version: 0.2.14

[2026-05-10 03:20:22.766] [info]  comfy-kitchen version: 0.2.8

[2026-05-10 03:20:22.769] [info]  [Prompt Server] web root: C:\Users\runneradmin\.comfy-test-cache\desktop\ComfyUI\resources\ComfyUI\web_custom_versions\desktop_app

[2026-05-10 03:20:22.771] [info]  Asset seeder disabled

[2026-05-10 03:20:22.772] [info]  [START] ComfyUI-Manager

[2026-05-10 03:20:22.915] [info]  [ComfyUI-Manager] Using GitPython backend

[2026-05-10 03:20:23.007] [info]  [ComfyUI-Manager] network_mode: public

[2026-05-10 03:20:23.013] [info]  [ComfyUI-Manager] The matrix sharing feature has been disabled because the `matrix-nio` dependency is not installed.
	To use this feature, please run the following command:
	C:\Users\runneradmin\Documents\ComfyUI\.venv\Scripts\python.exe -m pip install matrix-nio


[2026-05-10 03:20:24.861] [error] [comfy-env] Version: 0.3.78
[2026-05-10 03:20:24.863] [error] 

[2026-05-10 03:20:28.332] [info]  [comfy-env] Removed stale temp dir: C:\Users\RUNNER~1\AppData\Local\Temp\comfyui_pvenv_wn9k55bw
[2026-05-10 03:20:28.333] [info]  

[2026-05-10 03:20:28.708] [error] [comfy-env] register_nodes: comfyui-cadabra
[2026-05-10 03:20:28.709] [error] 

[2026-05-10 03:20:28.711] [error] [comfy-env] ComfyUI source dir: C:\Users\runneradmin\.comfy-test-cache\desktop\ComfyUI\resources\ComfyUI
[2026-05-10 03:20:28.713] [error] 

[2026-05-10 03:20:28.715] [error] [comfy-env] Scanning nodes metadata (isolation root)...
[2026-05-10 03:20:28.716] [error] 

[2026-05-10 03:20:28.720] [error] [comfy-env] Cache hit for nodes: 39 nodes
[2026-05-10 03:20:28.722] [error] 

[2026-05-10 03:20:28.723] [error] [comfy-env] Scanned nodes root: 39 nodes (0.0s)

[2026-05-10 03:20:28.724] [error] [comfy-env] Imported nodes root: 39 nodes (isolation)
[2026-05-10 03:20:28.725] [error] 

[2026-05-10 03:20:28.726] [error] [comfy-env] Registered 39 total nodes

[2026-05-10 03:20:28.735] [info]  loading...

[2026-05-10 03:20:28.736] [info]  calling register_nodes

[2026-05-10 03:20:28.738] [error] [comfy-env] Version: 0.3.78
[2026-05-10 03:20:28.740] [error] 

[2026-05-10 03:20:28.772] [error] [comfy-env] register_nodes: ComfyUI-GeometryPack
[2026-05-10 03:20:28.775] [error] 

[2026-05-10 03:20:28.795] [error] [comfy-env] ComfyUI source dir: C:\Users\runneradmin\.comfy-test-cache\desktop\ComfyUI\resources\ComfyUI
[2026-05-10 03:20:28.797] [error] 

[2026-05-10 03:20:28.801] [error] [comfy-env] Scanning nodes metadata (isolation root)...
[2026-05-10 03:20:28.802] [error] 

[2026-05-10 03:20:28.853] [error] [comfy-env] Cache hit for nodes: 125 nodes
[2026-05-10 03:20:28.855] [error] 
[comfy-env] Scanned nodes root: 125 nodes (0.1s)

[2026-05-10 03:20:28.858] [error] [comfy-env] Imported nodes root: 125 nodes (isolation)
[2026-05-10 03:20:28.859] [error] 
[comfy-env] Registered 125 total nodes
[2026-05-10 03:20:28.860] [error] 

[2026-05-10 03:20:28.889] [info]  ComfyUI-Multiband loaded: 15 nodes registered

[2026-05-10 03:20:28.893] [info]  
Import times for custom nodes:

[2026-05-10 03:20:28.894] [info]     0.0 seconds: C:\Users\runneradmin\.comfy-test-cache\desktop\ComfyUI\resources\ComfyUI\custom_nodes\websocket_image_save.py

[2026-05-10 03:20:28.896] [info]     0.0 seconds: C:\Users\runneradmin\Documents\ComfyUI\custom_nodes\ComfyUI-Multiband

[2026-05-10 03:20:28.897] [info]     0.1 seconds: C:\Users\runneradmin\Documents\ComfyUI\custom_nodes\ComfyUI-GeometryPack

[2026-05-10 03:20:28.898] [info]     3.9 seconds: C:\Users\runneradmin\Documents\ComfyUI\custom_nodes\comfyui-cadabra

[2026-05-10 03:20:28.899] [info]  

[2026-05-10 03:20:28.907] [info]  Context impl SQLiteImpl.

[2026-05-10 03:20:28.909] [info]  Will assume non-transactional DDL.

[2026-05-10 03:20:28.923] [error] Failed to initialize database. Please ensure you have installed the latest requirements. If the error persists, please report this as in future the database will be required: Could not acquire lock on database 'C:/Users/runneradmin/Documents/ComfyUI/user/comfyui.db'. Another ComfyUI process may already be using it. Use --database-url to specify a separate database file.

[2026-05-10 03:20:29.014] [info]  Starting server


[2026-05-10 03:20:29.015] [info]  To see the GUI go to: http://127.0.0.1:8001

[2026-05-10 03:20:31.656] [info]  [ComfyUI-Manager] The ComfyRegistry cache update is still in progress, so an outdated cache is being used.

[2026-05-10 03:20:31.881] [info]  FETCH DATA from: C:\Users\runneradmin\Documents\ComfyUI\.venv\Lib\site-packages\comfyui_manager\custom-node-list.json
[2026-05-10 03:20:31.934] [info]   [DONE]

[2026-05-10 03:20:34.578] [info]  [ComfyUI-Manager] The ComfyRegistry cache update is still in progress, so an outdated cache is being used.

[2026-05-10 03:20:34.823] [info]  FETCH DATA from: C:\Users\runneradmin\Documents\ComfyUI\.venv\Lib\site-packages\comfyui_manager\custom-node-list.json
[2026-05-10 03:20:34.861] [info]   [DONE]
[2026-05-10 03:20:34.863] [info]  

[2026-05-10 03:20:55.743] [info]  got prompt

[2026-05-10 03:20:55.767] [info]  [comfyui-cadabra] python: C:\Users\runneradmin\Documents\ComfyUI\.ce\.pixi\envs\cadabra-nodes\python.exe

[2026-05-10 03:20:55.768] [info]  [comfyui-cadabra] sys_path sent to worker: ['C:\\Users\\runneradmin\\.comfy-test-cache\\desktop\\ComfyUI\\resources\\ComfyUI', 'C:\\Users\\runneradmin\\Documents\\ComfyUI\\custom_nodes\\comfyui-cadabra', 'C:\\Users\\runneradmin\\Documents\\ComfyUI\\.ce\\.pixi\\envs\\cadabra-nodes\\Lib\\site-packages', 'C:\\Users\\runneradmin\\Documents\\ComfyUI\\custom_nodes\\comfyui-cadabra']

[2026-05-10 03:21:04.216] [error] [comfyui-cadabra] Health check: ping (timeout=5.0s)...

[2026-05-10 03:21:04.229] [error] [comfyui-cadabra] Health check: ok

[2026-05-10 03:21:04.340] [error] [03:21:04] [CADabra] Starting: BRepMesh(linear_deflection=0.1, angular_deflection=0.5)

[2026-05-10 03:21:04.341] [error] [worker:comfyui-cadabra] INFO: Starting: BRepMesh(linear_deflection=0.1, angular_deflection=0.5)

[2026-05-10 03:21:08.039] [error] [03:21:08] [CADabra] Completed: BRepMesh(linear_deflection=0.1, angular_deflection=0.5) in 3.70s

[2026-05-10 03:21:08.041] [error] [worker:comfyui-cadabra] INFO: Completed: BRepMesh(linear_deflection=0.1, angular_deflection=0.5) in 3.70s

[2026-05-10 03:21:12.887] [error] [comfyui-cadabra] Health check: ping (timeout=5.0s)...

[2026-05-10 03:21:12.897] [error] [comfyui-cadabra] Health check: ok

[2026-05-10 03:21:13.233] [error] Error   : Gmsh has not been initialized
Error   : Gmsh has not been initialized

[2026-05-10 03:21:13.378] [info]  Prompt executed in 17.63 seconds

