[2026-05-11 09:51:16.253] [info]  setup plugin alembic.autogenerate.schemas

[2026-05-11 09:51:16.256] [info]  setup plugin alembic.autogenerate.tables
setup plugin alembic.autogenerate.types
setup plugin alembic.autogenerate.constraints
setup plugin alembic.autogenerate.defaults
setup plugin alembic.autogenerate.comments

[2026-05-11 09:51:16.782] [info]  Adding extra search path custom_nodes C:\Users\runneradmin\Documents\ComfyUI\custom_nodes
Adding extra search path download_model_base C:\Users\runneradmin\Documents\ComfyUI\models
Adding extra search path custom_nodes C:\Users\runneradmin\.comfy-test-cache\desktop\ComfyUI\resources\ComfyUI\custom_nodes
Setting output directory to: C:\Users\runneradmin\Documents\ComfyUI\output
Setting input directory to: C:\Users\runneradmin\Documents\ComfyUI\input
Setting user directory to: C:\Users\runneradmin\Documents\ComfyUI\user

[2026-05-11 09:51:18.465] [info]  [START] Security scan
[DONE] Security scan
** ComfyUI startup time: 
[2026-05-11 09:51:18.467] [info]  2026-05-11 09:51:18.465
** Platform: Windows
** Python version: 3.12.11 (main, Aug 18 2025, 19:17:54) [MSC v.1944 64 bit (AMD64)]
** Python executable: C:\Users\runneradmin\Documents\ComfyUI\.venv\Scripts\python.exe
** ComfyUI Path: C:\Users\runneradmin\.comfy-test-cache\desktop\ComfyUI\resources\ComfyUI
** ComfyUI Base Folder Path: C:\Users\runneradmin\.comfy-test-cache\desktop\ComfyUI\resources\ComfyUI

[2026-05-11 09:51:18.468] [info]  ** User directory: C:\Users\runneradmin\Documents\ComfyUI\user
** ComfyUI-Manager config path: C:\Users\runneradmin\Documents\ComfyUI\user\__manager\config.ini
** Log path: C:\Users\runneradmin\Documents\ComfyUI\user\comfyui.log

[2026-05-11 09:51:19.827] [info]  [ComfyUI-Manager] Skipped fixing the 'comfyui-frontend-package' dependency because the ComfyUI is outdated.

[2026-05-11 09:51:19.829] [info]  [PRE] ComfyUI-Manager

[2026-05-11 09:51:20.271] [error] [comfy-env] comfyui-cadabra: 1 isolation env(s):
[2026-05-11 09:51:20.273] [error] 
[comfy-env]   nodes -> C:\Users\runneradmin\Documents\ComfyUI\custom_nodes\comfyui-cadabra\nodes
[comfy-env] prestartup complete

[2026-05-11 09:51:20.320] [error] [comfy-env] ComfyUI-GeometryPack: 1 isolation env(s):
[2026-05-11 09:51:20.322] [error] 
[comfy-env]   nodes -> C:\Users\runneradmin\Documents\ComfyUI\custom_nodes\ComfyUI-GeometryPack\nodes

[2026-05-11 09:51:20.323] [error] [comfy-env] prestartup complete

[2026-05-11 09:51:23.650] [info]  Found comfy_kitchen backend triton: {'available': False, 'disabled': True, 'unavailable_reason': "ImportError: No module named 'triton'", 'capabilities': []}

[2026-05-11 09:51:23.651] [info]  Found comfy_kitchen backend eager: {'available': True, 'disabled': False, 'unavailable_reason': None, 'capabilities': ['apply_rope', 'apply_rope1', 'dequantize_mxfp8', 'dequantize_nvfp4', 'dequantize_per_tensor_fp8', 'quantize_mxfp8', 'quantize_nvfp4', 'quantize_per_tensor_fp8', 'scaled_mm_mxfp8', 'scaled_mm_nvfp4']}
Found comfy_kitchen backend cuda: {'available': False, 'disabled': True, 'unavailable_reason': 'CUDA not available on this system', 'capabilities': []}

[2026-05-11 09:51:23.659] [info]  Checkpoint files will always be loaded safely.

[2026-05-11 09:51:23.695] [info]  Total VRAM 16379 MB, total RAM 16379 MB

[2026-05-11 09:51:23.697] [info]  pytorch version: 2.10.0+cpu
Set vram state to: DISABLED
Device: cpu

[2026-05-11 09:51:24.017] [info]  Using sub quadratic optimization for attention, if you have memory or speed issues try using: --use-split-cross-attention

[2026-05-11 09:51:27.176] [info]  Python version: 3.12.11 (main, Aug 18 2025, 19:17:54) [MSC v.1944 64 bit (AMD64)]

[2026-05-11 09:51:27.177] [info]  ComfyUI version: 0.20.1

[2026-05-11 09:51:27.178] [info]  comfy-aimdo version: 0.2.14

[2026-05-11 09:51:27.180] [info]  comfy-kitchen version: 0.2.8

[2026-05-11 09:51:27.185] [info]  [Prompt Server] web root: C:\Users\runneradmin\.comfy-test-cache\desktop\ComfyUI\resources\ComfyUI\web_custom_versions\desktop_app

[2026-05-11 09:51:27.187] [info]  Asset seeder disabled

[2026-05-11 09:51:27.188] [info]  [START] ComfyUI-Manager

[2026-05-11 09:51:27.335] [info]  [ComfyUI-Manager] Using GitPython backend

[2026-05-11 09:51:27.424] [info]  [ComfyUI-Manager] network_mode: public

[2026-05-11 09:51:27.432] [info]  [ComfyUI-Manager] The matrix sharing feature has been disabled because the `matrix-nio` dependency is not installed.
	To use this feature, please run the following command:
	C:\Users\runneradmin\Documents\ComfyUI\.venv\Scripts\python.exe -m pip install matrix-nio


[2026-05-11 09:51:29.772] [error] [comfy-env] Version: 0.3.83
[2026-05-11 09:51:29.774] [error] 

[2026-05-11 09:51:33.256] [info]  [comfy-env] Removed stale temp dir: C:\Users\RUNNER~1\AppData\Local\Temp\comfyui_pvenv_ijd1y4nw

[2026-05-11 09:51:33.716] [error] [comfy-env] register_nodes: comfyui-cadabra
[2026-05-11 09:51:33.718] [error] 

[2026-05-11 09:51:33.720] [error] [comfy-env] ComfyUI source dir: C:\Users\runneradmin\.comfy-test-cache\desktop\ComfyUI\resources\ComfyUI
[2026-05-11 09:51:33.722] [error] 

[2026-05-11 09:51:33.729] [error] [comfy-env] Scanning nodes metadata (isolation root)...
[2026-05-11 09:51:33.730] [error] 

[2026-05-11 09:51:33.743] [error] [comfy-env] Cache hit for nodes: 39 nodes
[2026-05-11 09:51:33.751] [error] 

[2026-05-11 09:51:33.752] [error] [comfy-env] Scanned nodes root: 39 nodes (0.0s)

[2026-05-11 09:51:33.759] [error] [comfy-env] Imported nodes root: 39 nodes (isolation)
[2026-05-11 09:51:33.762] [error] 

[2026-05-11 09:51:33.766] [error] [comfy-env] Registered 39 total nodes
[2026-05-11 09:51:33.767] [error] 

[2026-05-11 09:51:33.772] [info]  loading...

[2026-05-11 09:51:33.773] [info]  calling register_nodes

[2026-05-11 09:51:33.779] [error] [comfy-env] Version: 0.3.83
[2026-05-11 09:51:33.781] [error] 

[2026-05-11 09:51:33.815] [error] [comfy-env] register_nodes: ComfyUI-GeometryPack
[2026-05-11 09:51:33.817] [error] 

[2026-05-11 09:51:33.837] [error] [comfy-env] ComfyUI source dir: C:\Users\runneradmin\.comfy-test-cache\desktop\ComfyUI\resources\ComfyUI
[2026-05-11 09:51:33.839] [error] 

[2026-05-11 09:51:33.861] [error] [comfy-env] Scanning nodes metadata (isolation root)...
[2026-05-11 09:51:33.863] [error] 

[2026-05-11 09:51:33.912] [error] [comfy-env] Cache hit for nodes: 125 nodes
[2026-05-11 09:51:33.914] [error] 
[comfy-env] Scanned nodes root: 125 nodes (0.1s)

[2026-05-11 09:51:33.917] [error] [comfy-env] Imported nodes root: 125 nodes (isolation)
[2026-05-11 09:51:33.918] [error] 
[comfy-env] Registered 125 total nodes
[2026-05-11 09:51:33.920] [error] 

[2026-05-11 09:51:33.953] [info]  ComfyUI-Multiband loaded: 15 nodes registered
[2026-05-11 09:51:33.954] [info]  

[2026-05-11 09:51:33.957] [info]  
Import times for custom nodes:

[2026-05-11 09:51:33.959] [info]     0.0 seconds: C:\Users\runneradmin\.comfy-test-cache\desktop\ComfyUI\resources\ComfyUI\custom_nodes\websocket_image_save.py

[2026-05-11 09:51:33.960] [info]     0.0 seconds: C:\Users\runneradmin\Documents\ComfyUI\custom_nodes\ComfyUI-Multiband
   0.2 seconds: C:\Users\runneradmin\Documents\ComfyUI\custom_nodes\ComfyUI-GeometryPack
   4.0 seconds: C:\Users\runneradmin\Documents\ComfyUI\custom_nodes\comfyui-cadabra


[2026-05-11 09:51:33.968] [info]  Context impl SQLiteImpl.

[2026-05-11 09:51:33.970] [info]  Will assume non-transactional DDL.

[2026-05-11 09:51:33.978] [error] Failed to initialize database. Please ensure you have installed the latest requirements. If the error persists, please report this as in future the database will be required: Could not acquire lock on database 'C:/Users/runneradmin/Documents/ComfyUI/user/comfyui.db'. Another ComfyUI process may already be using it. Use --database-url to specify a separate database file.

[2026-05-11 09:51:34.119] [info]  Starting server


[2026-05-11 09:51:34.121] [info]  To see the GUI go to: http://127.0.0.1:8001

[2026-05-11 09:51:36.071] [info]  [ComfyUI-Manager] The ComfyRegistry cache update is still in progress, so an outdated cache is being used.

[2026-05-11 09:51:36.348] [info]  FETCH DATA from: C:\Users\runneradmin\Documents\ComfyUI\.venv\Lib\site-packages\comfyui_manager\custom-node-list.json
[2026-05-11 09:51:36.382] [info]   [DONE]

[2026-05-11 09:51:40.868] [info]  [ComfyUI-Manager] The ComfyRegistry cache update is still in progress, so an outdated cache is being used.

[2026-05-11 09:51:41.042] [info]  FETCH DATA from: C:\Users\runneradmin\Documents\ComfyUI\.venv\Lib\site-packages\comfyui_manager\custom-node-list.json
[2026-05-11 09:51:41.071] [info]   [DONE]

[2026-05-11 09:52:03.266] [info]  got prompt

[2026-05-11 09:52:03.272] [info]  WARNING: _path_exists: path should be string, bytes, os.PathLike or integer, not NoneType

[2026-05-11 09:52:03.287] [info]  [comfyui-cadabra] python: C:\ce\.pixi\envs\cadabra-nodes\python.exe
[2026-05-11 09:52:03.289] [info]  

[2026-05-11 09:52:03.290] [info]  [comfyui-cadabra] sys_path sent to worker: ['C:\\Users\\runneradmin\\.comfy-test-cache\\desktop\\ComfyUI\\resources\\ComfyUI', 'C:\\Users\\runneradmin\\Documents\\ComfyUI\\custom_nodes\\comfyui-cadabra', 'C:\\ce\\.pixi\\envs\\cadabra-nodes\\Lib\\site-packages', 'C:\\Users\\runneradmin\\Documents\\ComfyUI\\custom_nodes\\comfyui-cadabra']

[2026-05-11 09:52:06.634] [error] [worker:comfyui-cadabra] ERROR: Failed to import comfy_kitchen, Error: No module named 'comfy_kitchen', fp8 and fp4 support will not be available.

[2026-05-11 09:52:11.058] [error] [comfyui-cadabra] Health check: ping (timeout=5.0s)...
[2026-05-11 09:52:11.060] [error] 

[2026-05-11 09:52:11.062] [error] [comfyui-cadabra] Health check: ok

[2026-05-11 09:52:11.134] [error] [09:52:11] [CADabra] Starting: BRepMesh ROI Selector(linear_deflection=0.1, angular_deflection=0.5)

[2026-05-11 09:52:11.135] [error] [worker:comfyui-cadabra] INFO: Starting: BRepMesh ROI Selector(linear_deflection=0.1, angular_deflection=0.5)

[2026-05-11 09:52:11.231] [error] [09:52:11] [CADabra] Completed: BRepMesh ROI Selector(linear_deflection=0.1, angular_deflection=0.5) in 0.10s

[2026-05-11 09:52:11.233] [error] [worker:comfyui-cadabra] INFO: Completed: BRepMesh ROI Selector(linear_deflection=0.1, angular_deflection=0.5) in 0.10s

[2026-05-11 09:52:11.696] [error] !!! Exception during processing !!! [Errno 2] No such file or directory: 'C:\\Users\\runneradmin\\.comfy-test-cache\\desktop\\ComfyUI\\resources\\ComfyUI\\temp\\roi_selector_2165816903808.glb'

Worker traceback:
Traceback (most recent call last):
  File "C:\Users\RUNNER~1\AppData\Local\Temp\comfyui_pvenv_52dz12gz\persistent_worker.py", line 1762, in main
    result = method(**inputs)
             ^^^^^^^^^^^^^^^^
  File "C:\Users\runneradmin\.comfy-test-cache\desktop\ComfyUI\resources\ComfyUI\comfy_api\latest\_io.py", line 1826, in EXECUTE_NORMALIZED
    to_return = cls.execute(*args, **kwargs)
                ^^^^^^^^^^^^^^^^^^^^^^^^^^^^
  File "C:\Users\runneradmin\Documents\ComfyUI\custom_nodes\comfyui-cadabra\nodes\cad_roi_selector_node.py", line 191, in execute
    cls._export_glb_with_colors(vertices_array, faces_array, colors_array, glb_filepath)
  File "C:\Users\runneradmin\Documents\ComfyUI\custom_nodes\comfyui-cadabra\nodes\cad_roi_selector_node.py", line 316, in _export_glb_with_colors
    gltf.save(filepath)
  File "C:\ce\.pixi\envs\cadabra-nodes\Lib\site-packages\pygltflib\__init__.py", line 1112, in save
    return self.save_binary(fname)
           ^^^^^^^^^^^^^^^^^^^^^^^
  File "C:\ce\.pixi\envs\cadabra-nodes\Lib\site-packages\pygltflib\__init__.py", line 1098, in save_binary
    with open(fname, 'wb') as f:
         ^^^^^^^^^^^^^^^^^
FileNotFoundError: [Errno 2] No such file or directory: 'C:\\Users\\runneradmin\\.comfy-test-cache\\desktop\\ComfyUI\\resources\\ComfyUI\\temp\\roi_selector_2165816903808.glb'


[2026-05-11 09:52:11.731] [error] Traceback (most recent call last):
  File "C:\Users\runneradmin\.comfy-test-cache\desktop\ComfyUI\resources\ComfyUI\execution.py", line 534, in execute
    output_data, output_ui, has_subgraph, has_pending_tasks = await get_output_data(prompt_id, unique_id, obj, input_data_all, execution_block_cb=execution_block_cb, pre_execute_cb=pre_execute_cb, v3_data=v3_data)
                                                              ^^^^^^^^^^^^^^^^^^^^^^^^^^^^^^^^^^^^^^^^^^^^^^^^^^^^^^^^^^^^^^^^^^^^^^^^^^^^^^^^^^^^^^^^^^^^^^^^^^^^^^^^^^^^^^^^^^^^^^^^^^^^^^^^^^^^^^^^^^^^^^^^^^^^^^^
  File "C:\Users\runneradmin\.comfy-test-cache\desktop\ComfyUI\resources\ComfyUI\execution.py", line 334, in get_output_data
    return_values = await _async_map_node_over_list(prompt_id, unique_id, obj, input_data_all, obj.FUNCTION, allow_interrupt=True, execution_block_cb=execution_block_cb, pre_execute_cb=pre_execute_cb, v3_data=v3_data)
                    ^^^^^^^^^^^^^^^^^^^^^^^^^^^^^^^^^^^^^^^^^^^^^^^^^^^^^^^^^^^^^^^^^^^^^^^^^^^^^^^^^^^^^^^^^^^^^^^^^^^^^^^^^^^^^^^^^^^^^^^^^^^^^^^^^^^^^^^^^^^^^^^^^^^^^^^^^^^^^^^^^^^^^^^^^^^^^^^^^^^^^^^^^^^^^^^^^^^^^
  File "C:\Users\runneradmin\.comfy-test-cache\desktop\ComfyUI\resources\ComfyUI\execution.py", line 308, in _async_map_node_over_list
    await process_inputs(input_dict, i)
  File "C:\Users\runneradmin\.comfy-test-cache\desktop\ComfyUI\resources\ComfyUI\execution.py", line 296, in process_inputs
    result = f(**inputs)
             ^^^^^^^^^^^
  File "C:\Users\runneradmin\Documents\ComfyUI\.venv\Lib\site-packages\comfy_env\isolation\metadata.py", line 536, in proxy
    result = worker.call_method(
             ^^^^^^^^^^^^^^^^^^^
  File "C:\Users\runneradmin\Documents\ComfyUI\.venv\Lib\site-packages\comfy_env\isolation\workers\subprocess.py", line 674, in call_method
    raise WorkerError(
comfy_env.isolation.workers.base.WorkerError: [Errno 2] No such file or directory: 'C:\\Users\\runneradmin\\.comfy-test-cache\\desktop\\ComfyUI\\resources\\ComfyUI\\temp\\roi_selector_2165816903808.glb'

Worker traceback:
Traceback (most recent call last):
  File "C:\Users\RUNNER~1\AppData\Local\Temp\comfyui_pvenv_52dz12gz\persistent_worker.py", line 1762, in main
    result = method(**inputs)
             ^^^^^^^^^^^^^^^^
  File "C:\Users\runneradmin\.comfy-test-cache\desktop\ComfyUI\resources\ComfyUI\comfy_api\latest\_io.py", line 1826, in EXECUTE_NORMALIZED
    to_return = cls.execute(*args, **kwargs)
                ^^^^^^^^^^^^^^^^^^^^^^^^^^^^
  File "C:\Users\runneradmin\Documents\ComfyUI\custom_nodes\comfyui-cadabra\nodes\cad_roi_selector_node.py", line 191, in execute
    cls._export_glb_with_colors(vertices_array, faces_array, colors_array, glb_filepath)
  File "C:\Users\runneradmin\Documents\ComfyUI\custom_nodes\comfyui-cadabra\nodes\cad_roi_selector_node.py", line 316, in _export_glb_with_colors
    gltf.save(filepath)
  File "C:\ce\.pixi\envs\cadabra-nodes\Lib\site-packages\pygltflib\__init__.py", line 1112, in save
    return self.save_binary(fname)
           ^^^^^^^^^^^^^^^^^^^^^^^
  File "C:\ce\.pixi\envs\cadabra-nodes\Lib\site-packages\pygltflib\__init__.py", line 1098, in save_binary
    with open(fname, 'wb') as f:
         ^^^^^^^^^^^^^^^^^
FileNotFoundError: [Errno 2] No such file or directory: 'C:\\Users\\runneradmin\\.comfy-test-cache\\desktop\\ComfyUI\\resources\\ComfyUI\\temp\\roi_selector_2165816903808.glb'



[2026-05-11 09:52:11.734] [info]  Prompt executed in 8.46 seconds

