[2026-05-10 03:22:55.305] [info]  setup plugin alembic.autogenerate.schemas

[2026-05-10 03:22:55.348] [info]  setup plugin alembic.autogenerate.tables
setup plugin alembic.autogenerate.types
setup plugin alembic.autogenerate.constraints
setup plugin alembic.autogenerate.defaults
setup plugin alembic.autogenerate.comments

[2026-05-10 03:22:55.796] [info]  Adding extra search path custom_nodes C:\Users\runneradmin\Documents\ComfyUI\custom_nodes
Adding extra search path download_model_base C:\Users\runneradmin\Documents\ComfyUI\models

[2026-05-10 03:22:55.798] [info]  Adding extra search path custom_nodes C:\Users\runneradmin\.comfy-test-cache\desktop\ComfyUI\resources\ComfyUI\custom_nodes
Setting output directory to: C:\Users\runneradmin\Documents\ComfyUI\output
Setting input directory to: C:\Users\runneradmin\Documents\ComfyUI\input
Setting user directory to: C:\Users\runneradmin\Documents\ComfyUI\user

[2026-05-10 03:22:57.399] [info]  [START] Security scan
[DONE] Security scan
** ComfyUI startup time: 
[2026-05-10 03:22:57.400] [info]  2026-05-10 03:22:57.398
** Platform: Windows
** Python version: 3.12.11 (main, Aug 18 2025, 19:17:54) [MSC v.1944 64 bit (AMD64)]
** Python executable: C:\Users\runneradmin\Documents\ComfyUI\.venv\Scripts\python.exe
** ComfyUI Path: C:\Users\runneradmin\.comfy-test-cache\desktop\ComfyUI\resources\ComfyUI
** ComfyUI Base Folder Path: C:\Users\runneradmin\.comfy-test-cache\desktop\ComfyUI\resources\ComfyUI

[2026-05-10 03:22:57.402] [info]  ** User directory: C:\Users\runneradmin\Documents\ComfyUI\user
** ComfyUI-Manager config path: C:\Users\runneradmin\Documents\ComfyUI\user\__manager\config.ini
** Log path: C:\Users\runneradmin\Documents\ComfyUI\user\comfyui.log

[2026-05-10 03:22:58.668] [info]  [ComfyUI-Manager] Skipped fixing the 'comfyui-frontend-package' dependency because the ComfyUI is outdated.
[PRE] ComfyUI-Manager

[2026-05-10 03:22:59.022] [error] [comfy-env] comfyui-cadabra: 1 isolation env(s):
[2026-05-10 03:22:59.024] [error] 
[comfy-env]   nodes -> C:\Users\runneradmin\Documents\ComfyUI\custom_nodes\comfyui-cadabra\nodes
[comfy-env] prestartup complete

[2026-05-10 03:22:59.060] [error] [comfy-env] ComfyUI-GeometryPack: 1 isolation env(s):
[2026-05-10 03:22:59.062] [error] 
[comfy-env]   nodes -> C:\Users\runneradmin\Documents\ComfyUI\custom_nodes\ComfyUI-GeometryPack\nodes
[comfy-env] prestartup complete

[2026-05-10 03:23:02.089] [info]  Found comfy_kitchen backend triton: {'available': False, 'disabled': True, 'unavailable_reason': "ImportError: No module named 'triton'", 'capabilities': []}

[2026-05-10 03:23:02.090] [info]  Found comfy_kitchen backend cuda: {'available': False, 'disabled': True, 'unavailable_reason': 'CUDA not available on this system', 'capabilities': []}
Found comfy_kitchen backend eager: {'available': True, 'disabled': False, 'unavailable_reason': None, 'capabilities': ['apply_rope', 'apply_rope1', 'dequantize_mxfp8', 'dequantize_nvfp4', 'dequantize_per_tensor_fp8', 'quantize_mxfp8', 'quantize_nvfp4', 'quantize_per_tensor_fp8', 'scaled_mm_mxfp8', 'scaled_mm_nvfp4']}

[2026-05-10 03:23:02.098] [info]  Checkpoint files will always be loaded safely.

[2026-05-10 03:23:02.141] [info]  Total VRAM 16379 MB, total RAM 16379 MB

[2026-05-10 03:23:02.143] [info]  pytorch version: 2.10.0+cpu

[2026-05-10 03:23:02.145] [info]  Set vram state to: DISABLED

[2026-05-10 03:23:02.146] [info]  Device: cpu

[2026-05-10 03:23:02.452] [info]  Using sub quadratic optimization for attention, if you have memory or speed issues try using: --use-split-cross-attention

[2026-05-10 03:23:05.359] [info]  Python version: 3.12.11 (main, Aug 18 2025, 19:17:54) [MSC v.1944 64 bit (AMD64)]
ComfyUI version: 0.20.1
comfy-aimdo version: 0.2.14
comfy-kitchen version: 0.2.8
[Prompt Server] web root: C:\Users\runneradmin\.comfy-test-cache\desktop\ComfyUI\resources\ComfyUI\web_custom_versions\desktop_app
Asset seeder disabled
[START] ComfyUI-Manager

[2026-05-10 03:23:05.502] [info]  [ComfyUI-Manager] Using GitPython backend

[2026-05-10 03:23:05.593] [info]  [ComfyUI-Manager] network_mode: public

[2026-05-10 03:23:05.602] [info]  [ComfyUI-Manager] The matrix sharing feature has been disabled because the `matrix-nio` dependency is not installed.
	To use this feature, please run the following command:
	C:\Users\runneradmin\Documents\ComfyUI\.venv\Scripts\python.exe -m pip install matrix-nio


[2026-05-10 03:23:07.480] [error] [comfy-env] Version: 0.3.78
[2026-05-10 03:23:07.482] [error] 

[2026-05-10 03:23:10.975] [info]  [comfy-env] Removed stale temp dir: C:\Users\RUNNER~1\AppData\Local\Temp\comfyui_pvenv_j8yzc7jd

[2026-05-10 03:23:11.328] [error] [comfy-env] register_nodes: comfyui-cadabra
[2026-05-10 03:23:11.330] [error] 

[2026-05-10 03:23:11.333] [error] [comfy-env] ComfyUI source dir: C:\Users\runneradmin\.comfy-test-cache\desktop\ComfyUI\resources\ComfyUI
[2026-05-10 03:23:11.336] [error] 

[2026-05-10 03:23:11.337] [error] [comfy-env] Scanning nodes metadata (isolation root)...
[2026-05-10 03:23:11.338] [error] 

[2026-05-10 03:23:11.342] [error] [comfy-env] Cache hit for nodes: 39 nodes
[2026-05-10 03:23:11.343] [error] 
[comfy-env] Scanned nodes root: 39 nodes (0.0s)
[2026-05-10 03:23:11.345] [error] 

[2026-05-10 03:23:11.347] [error] [comfy-env] Imported nodes root: 39 nodes (isolation)
[2026-05-10 03:23:11.348] [error] 

[2026-05-10 03:23:11.349] [error] [comfy-env] Registered 39 total nodes
[2026-05-10 03:23:11.351] [error] 

[2026-05-10 03:23:11.358] [info]  loading...

[2026-05-10 03:23:11.360] [info]  calling register_nodes

[2026-05-10 03:23:11.372] [error] [comfy-env] Version: 0.3.78
[2026-05-10 03:23:11.373] [error] 

[2026-05-10 03:23:11.416] [error] [comfy-env] register_nodes: ComfyUI-GeometryPack
[2026-05-10 03:23:11.418] [error] 

[2026-05-10 03:23:11.452] [error] [comfy-env] ComfyUI source dir: C:\Users\runneradmin\.comfy-test-cache\desktop\ComfyUI\resources\ComfyUI
[2026-05-10 03:23:11.454] [error] 

[2026-05-10 03:23:11.461] [error] [comfy-env] Scanning nodes metadata (isolation root)...
[2026-05-10 03:23:11.463] [error] 

[2026-05-10 03:23:11.518] [error] [comfy-env] Cache hit for nodes: 125 nodes
[2026-05-10 03:23:11.520] [error] 
[comfy-env] Scanned nodes root: 125 nodes (0.1s)

[2026-05-10 03:23:11.523] [error] [comfy-env] Imported nodes root: 125 nodes (isolation)
[2026-05-10 03:23:11.524] [error] 

[2026-05-10 03:23:11.525] [error] [comfy-env] Registered 125 total nodes

[2026-05-10 03:23:11.552] [info]  ComfyUI-Multiband loaded: 15 nodes registered
[2026-05-10 03:23:11.554] [info]  

[2026-05-10 03:23:11.560] [info]  
Import times for custom nodes:

[2026-05-10 03:23:11.562] [info]     0.0 seconds: C:\Users\runneradmin\.comfy-test-cache\desktop\ComfyUI\resources\ComfyUI\custom_nodes\websocket_image_save.py
   0.0 seconds: C:\Users\runneradmin\Documents\ComfyUI\custom_nodes\ComfyUI-Multiband
   0.2 seconds: C:\Users\runneradmin\Documents\ComfyUI\custom_nodes\ComfyUI-GeometryPack
   3.9 seconds: C:\Users\runneradmin\Documents\ComfyUI\custom_nodes\comfyui-cadabra


[2026-05-10 03:23:11.566] [info]  Context impl SQLiteImpl.

[2026-05-10 03:23:11.567] [info]  Will assume non-transactional DDL.

[2026-05-10 03:23:11.576] [error] Failed to initialize database. Please ensure you have installed the latest requirements. If the error persists, please report this as in future the database will be required: Could not acquire lock on database 'C:/Users/runneradmin/Documents/ComfyUI/user/comfyui.db'. Another ComfyUI process may already be using it. Use --database-url to specify a separate database file.

[2026-05-10 03:23:11.663] [info]  Starting server


[2026-05-10 03:23:11.665] [info]  To see the GUI go to: http://127.0.0.1:8001

[2026-05-10 03:23:15.114] [info]  [ComfyUI-Manager] The ComfyRegistry cache update is still in progress, so an outdated cache is being used.

[2026-05-10 03:23:15.340] [info]  FETCH DATA from: C:\Users\runneradmin\Documents\ComfyUI\.venv\Lib\site-packages\comfyui_manager\custom-node-list.json
[2026-05-10 03:23:15.418] [info]   [DONE]

[2026-05-10 03:23:17.389] [error] Exception in callback _ProactorBasePipeTransport._call_connection_lost(None)
handle: <Handle _ProactorBasePipeTransport._call_connection_lost(None)>
Traceback (most recent call last):
  File "C:\Users\runneradmin\AppData\Roaming\uv\python\cpython-3.12.11-windows-x86_64-none\Lib\asyncio\events.py", line 88, in _run
    self._context.run(self._callback, *self._args)
  File "C:\Users\runneradmin\AppData\Roaming\uv\python\cpython-3.12.11-windows-x86_64-none\Lib\asyncio\proactor_events.py", line 165, in _call_connection_lost
    self._sock.shutdown(socket.SHUT_RDWR)
ConnectionResetError: [WinError 10054] An existing connection was forcibly closed by the remote host

[2026-05-10 03:23:18.651] [info]  [ComfyUI-Manager] The ComfyRegistry cache update is still in progress, so an outdated cache is being used.

[2026-05-10 03:23:18.831] [info]  FETCH DATA from: C:\Users\runneradmin\Documents\ComfyUI\.venv\Lib\site-packages\comfyui_manager\custom-node-list.json
[2026-05-10 03:23:18.860] [info]   [DONE]

[2026-05-10 03:23:39.958] [info]  got prompt

[2026-05-10 03:23:39.971] [info]  [comfyui-cadabra] python: C:\Users\runneradmin\Documents\ComfyUI\.ce\.pixi\envs\cadabra-nodes\python.exe

[2026-05-10 03:23:39.973] [info]  [comfyui-cadabra] sys_path sent to worker: ['C:\\Users\\runneradmin\\.comfy-test-cache\\desktop\\ComfyUI\\resources\\ComfyUI', 'C:\\Users\\runneradmin\\Documents\\ComfyUI\\custom_nodes\\comfyui-cadabra', 'C:\\Users\\runneradmin\\Documents\\ComfyUI\\.ce\\.pixi\\envs\\cadabra-nodes\\Lib\\site-packages', 'C:\\Users\\runneradmin\\Documents\\ComfyUI\\custom_nodes\\comfyui-cadabra']

[2026-05-10 03:23:48.566] [error] [comfyui-cadabra] Health check: ping (timeout=5.0s)...

[2026-05-10 03:23:48.572] [error] [comfyui-cadabra] Health check: ok

[2026-05-10 03:23:48.643] [error] [03:23:48] [CADabra] Starting: BRepMesh(linear_deflection=0.1, angular_deflection=0.5)

[2026-05-10 03:23:48.645] [error] [worker:comfyui-cadabra] INFO: Starting: BRepMesh(linear_deflection=0.1, angular_deflection=0.5)

[2026-05-10 03:23:48.761] [error] [03:23:48] [CADabra] Completed: BRepMesh(linear_deflection=0.1, angular_deflection=0.5) in 0.12s

[2026-05-10 03:23:48.763] [error] [worker:comfyui-cadabra] INFO: Completed: BRepMesh(linear_deflection=0.1, angular_deflection=0.5) in 0.12s

[2026-05-10 03:23:48.890] [error] [comfyui-cadabra] Health check: ping (timeout=5.0s)...
[2026-05-10 03:23:48.892] [error] 

[2026-05-10 03:23:48.897] [error] [comfyui-cadabra] Health check: ok

[2026-05-10 03:23:48.984] [error] [03:23:48] [CADabra] Starting: BRepMesh(linear_deflection=0.1, angular_deflection=0.5, relative=False, parallel=False, min_size=0.0)

[2026-05-10 03:23:48.986] [error] [worker:comfyui-cadabra] INFO: Starting: BRepMesh(linear_deflection=0.1, angular_deflection=0.5, relative=False, parallel=False, min_size=0.0)

[2026-05-10 03:23:49.123] [error] [03:23:49] [CADabra] Completed: BRepMesh(linear_deflection=0.1, angular_deflection=0.5, relative=False, parallel=False, min_size=0.0) in 0.14s

[2026-05-10 03:23:49.125] [error] [worker:comfyui-cadabra] INFO: Completed: BRepMesh(linear_deflection=0.1, angular_deflection=0.5, relative=False, parallel=False, min_size=0.0) in 0.14s

[2026-05-10 03:24:19.442] [info]  [ComfyUI-GeometryPack] python: C:\Users\runneradmin\Documents\ComfyUI\.ce\.pixi\envs\geometrypack-nodes\python.exe

[2026-05-10 03:24:19.444] [info]  [ComfyUI-GeometryPack] sys_path sent to worker: ['C:\\Users\\runneradmin\\.comfy-test-cache\\desktop\\ComfyUI\\resources\\ComfyUI', 'C:\\Users\\runneradmin\\Documents\\ComfyUI\\custom_nodes\\ComfyUI-GeometryPack', 'C:\\Users\\runneradmin\\Documents\\ComfyUI\\.ce\\.pixi\\envs\\geometrypack-nodes\\Lib\\site-packages', 'C:\\Users\\runneradmin\\Documents\\ComfyUI\\custom_nodes\\ComfyUI-GeometryPack']

[2026-05-10 03:24:49.348] [info]  FETCH ComfyRegistry Data [DONE]

[2026-05-10 03:24:57.017] [info]  [ComfyUI-Manager] default cache updated: https://api.comfy.org/nodes

[2026-05-10 03:24:57.893] [info]  FETCH DATA from: C:\Users\runneradmin\Documents\ComfyUI\user\__manager\cache\1514988643_custom-node-list.json
[2026-05-10 03:24:58.371] [info]   [DONE]
[2026-05-10 03:24:58.381] [info]  

[2026-05-10 03:25:00.324] [info]  [ComfyUI-Manager] All startup tasks have been completed.

[2026-05-10 03:26:01.409] [error] [worker:ComfyUI-GeometryPack] INFO: Layout: side_by_side, Mode: fields

[2026-05-10 03:26:01.440] [error] [worker:ComfyUI-GeometryPack] INFO: Mesh 1: Mesh - 2754 vertices, 5508 faces

[2026-05-10 03:26:01.478] [error] [worker:ComfyUI-GeometryPack] INFO: Mesh 2: Mesh - 2754 vertices, 5508 faces

[2026-05-10 03:26:01.516] [error] [worker:ComfyUI-GeometryPack] INFO: Mesh 1 fields: ['face.cad_face_id']

[2026-05-10 03:26:01.554] [error] [worker:ComfyUI-GeometryPack] INFO: Mesh 2 fields: ['face.cad_face_id']

[2026-05-10 03:26:01.594] [error] [worker:ComfyUI-GeometryPack] INFO: Common fields: ['face.cad_face_id']

[2026-05-10 03:26:01.651] [error] [worker:ComfyUI-GeometryPack] INFO: Mesh 1 visual: kind=None, texture=False, vertex_colors=False

[2026-05-10 03:26:01.708] [error] [worker:ComfyUI-GeometryPack] INFO: Mesh 2 visual: kind=None, texture=False, vertex_colors=False

[2026-05-10 03:26:01.746] [error] [worker:ComfyUI-GeometryPack] INFO: Exporting mesh to VTP: C:\Users\runneradmin\Documents\ComfyUI\output\preview_dual_1_45e00993.vtp

[2026-05-10 03:26:02.089] [error] [worker:ComfyUI-GeometryPack] INFO: Adding normals field (2754 vertices)

[2026-05-10 03:26:02.201] [error] [worker:ComfyUI-GeometryPack] INFO: Adding face field: cad_face_id

[2026-05-10 03:26:02.406] [error] [worker:ComfyUI-GeometryPack] INFO: Export complete: 2754 vertices, 5508 faces
[2026-05-10 03:26:02.410] [error] 

[2026-05-10 03:26:02.415] [error] [worker:ComfyUI-GeometryPack] INFO: Exported VTP with fields: C:\Users\runneradmin\Documents\ComfyUI\output\preview_dual_1_45e00993.vtp

[2026-05-10 03:26:02.437] [error] [worker:ComfyUI-GeometryPack] INFO: Exporting mesh to VTP: C:\Users\runneradmin\Documents\ComfyUI\output\preview_dual_2_45e00993.vtp

[2026-05-10 03:26:02.699] [error] [worker:ComfyUI-GeometryPack] INFO: Adding normals field (2754 vertices)

[2026-05-10 03:26:02.979] [error] [worker:ComfyUI-GeometryPack] INFO: Adding face field: cad_face_id

[2026-05-10 03:26:03.145] [error] [worker:ComfyUI-GeometryPack] INFO: Export complete: 2754 vertices, 5508 faces

[2026-05-10 03:26:03.183] [error] [worker:ComfyUI-GeometryPack] INFO: Exported VTP with fields: C:\Users\runneradmin\Documents\ComfyUI\output\preview_dual_2_45e00993.vtp

[2026-05-10 03:26:03.370] [error] [worker:ComfyUI-GeometryPack] INFO: Preview ready

[2026-05-10 03:26:03.495] [info]  Prompt executed in 143.54 seconds

