[2026-05-11 09:36:11.883] [info]  setup plugin alembic.autogenerate.schemas

[2026-05-11 09:36:11.886] [info]  setup plugin alembic.autogenerate.tables
setup plugin alembic.autogenerate.types
setup plugin alembic.autogenerate.constraints
setup plugin alembic.autogenerate.defaults
setup plugin alembic.autogenerate.comments

[2026-05-11 09:36:12.378] [info]  Adding extra search path custom_nodes C:\Users\runneradmin\Documents\ComfyUI\custom_nodes

[2026-05-11 09:36:12.379] [info]  Adding extra search path download_model_base C:\Users\runneradmin\Documents\ComfyUI\models
Adding extra search path custom_nodes C:\Users\runneradmin\.comfy-test-cache\desktop\ComfyUI\resources\ComfyUI\custom_nodes
Setting output directory to: C:\Users\runneradmin\Documents\ComfyUI\output
Setting input directory to: C:\Users\runneradmin\Documents\ComfyUI\input
Setting user directory to: C:\Users\runneradmin\Documents\ComfyUI\user

[2026-05-11 09:36:14.040] [info]  [START] Security scan
[DONE] Security scan
** ComfyUI startup time: 
[2026-05-11 09:36:14.042] [info]  2026-05-11 09:36:14.040
** Platform: Windows
** Python version: 3.12.11 (main, Aug 18 2025, 19:17:54) [MSC v.1944 64 bit (AMD64)]
** Python executable: C:\Users\runneradmin\Documents\ComfyUI\.venv\Scripts\python.exe
** ComfyUI Path: C:\Users\runneradmin\.comfy-test-cache\desktop\ComfyUI\resources\ComfyUI
** ComfyUI Base Folder Path: C:\Users\runneradmin\.comfy-test-cache\desktop\ComfyUI\resources\ComfyUI

[2026-05-11 09:36:14.044] [info]  ** User directory: C:\Users\runneradmin\Documents\ComfyUI\user
** ComfyUI-Manager config path: C:\Users\runneradmin\Documents\ComfyUI\user\__manager\config.ini
** Log path: C:\Users\runneradmin\Documents\ComfyUI\user\comfyui.log

[2026-05-11 09:36:15.308] [info]  [ComfyUI-Manager] Skipped fixing the 'comfyui-frontend-package' dependency because the ComfyUI is outdated.

[2026-05-11 09:36:15.310] [info]  [PRE] ComfyUI-Manager

[2026-05-11 09:36:15.682] [error] [comfy-env] comfyui-cadabra: 1 isolation env(s):
[2026-05-11 09:36:15.684] [error] 
[comfy-env]   nodes -> C:\Users\runneradmin\Documents\ComfyUI\custom_nodes\comfyui-cadabra\nodes
[comfy-env] prestartup complete

[2026-05-11 09:36:15.731] [error] [comfy-env] ComfyUI-GeometryPack: 1 isolation env(s):
[2026-05-11 09:36:15.733] [error] 
[comfy-env]   nodes -> C:\Users\runneradmin\Documents\ComfyUI\custom_nodes\ComfyUI-GeometryPack\nodes
[comfy-env] prestartup complete

[2026-05-11 09:36:18.894] [info]  Found comfy_kitchen backend cuda: {'available': False, 'disabled': True, 'unavailable_reason': 'CUDA not available on this system', 'capabilities': []}

[2026-05-11 09:36:18.896] [info]  Found comfy_kitchen backend eager: {'available': True, 'disabled': False, 'unavailable_reason': None, 'capabilities': ['apply_rope', 'apply_rope1', 'dequantize_mxfp8', 'dequantize_nvfp4', 'dequantize_per_tensor_fp8', 'quantize_mxfp8', 'quantize_nvfp4', 'quantize_per_tensor_fp8', 'scaled_mm_mxfp8', 'scaled_mm_nvfp4']}
Found comfy_kitchen backend triton: {'available': False, 'disabled': True, 'unavailable_reason': "ImportError: No module named 'triton'", 'capabilities': []}

[2026-05-11 09:36:18.904] [info]  Checkpoint files will always be loaded safely.

[2026-05-11 09:36:18.933] [info]  Total VRAM 16379 MB, total RAM 16379 MB

[2026-05-11 09:36:18.938] [info]  pytorch version: 2.10.0+cpu

[2026-05-11 09:36:18.943] [info]  Set vram state to: DISABLED

[2026-05-11 09:36:18.944] [info]  Device: cpu

[2026-05-11 09:36:19.277] [info]  Using sub quadratic optimization for attention, if you have memory or speed issues try using: --use-split-cross-attention

[2026-05-11 09:36:22.230] [info]  Python version: 3.12.11 (main, Aug 18 2025, 19:17:54) [MSC v.1944 64 bit (AMD64)]

[2026-05-11 09:36:22.232] [info]  ComfyUI version: 0.20.1
comfy-aimdo version: 0.2.14

[2026-05-11 09:36:22.234] [info]  comfy-kitchen version: 0.2.8

[2026-05-11 09:36:22.237] [info]  [Prompt Server] web root: C:\Users\runneradmin\.comfy-test-cache\desktop\ComfyUI\resources\ComfyUI\web_custom_versions\desktop_app

[2026-05-11 09:36:22.240] [info]  Asset seeder disabled

[2026-05-11 09:36:22.241] [info]  [START] ComfyUI-Manager

[2026-05-11 09:36:22.395] [info]  [ComfyUI-Manager] Using GitPython backend

[2026-05-11 09:36:22.478] [info]  [ComfyUI-Manager] network_mode: public

[2026-05-11 09:36:22.485] [info]  [ComfyUI-Manager] The matrix sharing feature has been disabled because the `matrix-nio` dependency is not installed.
	To use this feature, please run the following command:
	C:\Users\runneradmin\Documents\ComfyUI\.venv\Scripts\python.exe -m pip install matrix-nio


[2026-05-11 09:36:24.691] [error] [comfy-env] Version: 0.3.83
[2026-05-11 09:36:24.692] [error] 

[2026-05-11 09:36:28.194] [info]  [comfy-env] Removed stale temp dir: C:\Users\RUNNER~1\AppData\Local\Temp\comfyui_pvenv_mkhatuba

[2026-05-11 09:36:28.602] [error] [comfy-env] register_nodes: comfyui-cadabra
[2026-05-11 09:36:28.604] [error] 

[2026-05-11 09:36:28.607] [error] [comfy-env] ComfyUI source dir: C:\Users\runneradmin\.comfy-test-cache\desktop\ComfyUI\resources\ComfyUI
[2026-05-11 09:36:28.608] [error] 

[2026-05-11 09:36:28.612] [error] [comfy-env] Scanning nodes metadata (isolation root)...
[2026-05-11 09:36:28.613] [error] 

[2026-05-11 09:36:28.621] [error] [comfy-env] Cache hit for nodes: 39 nodes
[2026-05-11 09:36:28.623] [error] 

[2026-05-11 09:36:28.624] [error] [comfy-env] Scanned nodes root: 39 nodes (0.0s)

[2026-05-11 09:36:28.626] [error] [comfy-env] Imported nodes root: 39 nodes (isolation)
[2026-05-11 09:36:28.627] [error] 

[2026-05-11 09:36:28.628] [error] [comfy-env] Registered 39 total nodes
[2026-05-11 09:36:28.630] [error] 

[2026-05-11 09:36:28.637] [info]  loading...

[2026-05-11 09:36:28.639] [info]  calling register_nodes

[2026-05-11 09:36:28.641] [error] [comfy-env] Version: 0.3.83
[2026-05-11 09:36:28.643] [error] 

[2026-05-11 09:36:28.696] [error] [comfy-env] register_nodes: ComfyUI-GeometryPack
[2026-05-11 09:36:28.698] [error] 

[2026-05-11 09:36:28.719] [error] [comfy-env] ComfyUI source dir: C:\Users\runneradmin\.comfy-test-cache\desktop\ComfyUI\resources\ComfyUI
[2026-05-11 09:36:28.721] [error] 

[2026-05-11 09:36:28.728] [error] [comfy-env] Scanning nodes metadata (isolation root)...
[2026-05-11 09:36:28.730] [error] 

[2026-05-11 09:36:28.789] [error] [comfy-env] Cache hit for nodes: 125 nodes
[2026-05-11 09:36:28.791] [error] 
[comfy-env] Scanned nodes root: 125 nodes (0.1s)

[2026-05-11 09:36:28.795] [error] [comfy-env] Imported nodes root: 125 nodes (isolation)
[2026-05-11 09:36:28.796] [error] 

[2026-05-11 09:36:28.797] [error] [comfy-env] Registered 125 total nodes
[2026-05-11 09:36:28.799] [error] 

[2026-05-11 09:36:28.830] [info]  ComfyUI-Multiband loaded: 15 nodes registered
[2026-05-11 09:36:28.832] [info]  

[2026-05-11 09:36:28.839] [info]  
Import times for custom nodes:

[2026-05-11 09:36:28.840] [info]     0.0 seconds: C:\Users\runneradmin\.comfy-test-cache\desktop\ComfyUI\resources\ComfyUI\custom_nodes\websocket_image_save.py
   0.0 seconds: C:\Users\runneradmin\Documents\ComfyUI\custom_nodes\ComfyUI-Multiband
   0.2 seconds: C:\Users\runneradmin\Documents\ComfyUI\custom_nodes\ComfyUI-GeometryPack

[2026-05-11 09:36:28.842] [info]     4.0 seconds: C:\Users\runneradmin\Documents\ComfyUI\custom_nodes\comfyui-cadabra


[2026-05-11 09:36:28.856] [info]  Context impl SQLiteImpl.

[2026-05-11 09:36:28.858] [info]  Will assume non-transactional DDL.

[2026-05-11 09:36:28.867] [error] Failed to initialize database. Please ensure you have installed the latest requirements. If the error persists, please report this as in future the database will be required: Could not acquire lock on database 'C:/Users/runneradmin/Documents/ComfyUI/user/comfyui.db'. Another ComfyUI process may already be using it. Use --database-url to specify a separate database file.

[2026-05-11 09:36:28.979] [info]  Starting server


[2026-05-11 09:36:28.980] [info]  To see the GUI go to: http://127.0.0.1:8001

[2026-05-11 09:36:31.947] [info]  [ComfyUI-Manager] The ComfyRegistry cache update is still in progress, so an outdated cache is being used.

[2026-05-11 09:36:32.169] [info]  FETCH DATA from: C:\Users\runneradmin\Documents\ComfyUI\.venv\Lib\site-packages\comfyui_manager\custom-node-list.json
[2026-05-11 09:36:32.236] [info]   [DONE]

[2026-05-11 09:36:34.787] [info]  [ComfyUI-Manager] The ComfyRegistry cache update is still in progress, so an outdated cache is being used.

[2026-05-11 09:36:34.906] [info]  FETCH DATA from: C:\Users\runneradmin\Documents\ComfyUI\.venv\Lib\site-packages\comfyui_manager\custom-node-list.json
[2026-05-11 09:36:34.929] [info]   [DONE]

[2026-05-11 09:36:57.851] [info]  got prompt

[2026-05-11 09:36:57.884] [info]  [comfyui-cadabra] python: C:\ce\.pixi\envs\cadabra-nodes\python.exe

[2026-05-11 09:36:57.886] [info]  [comfyui-cadabra] sys_path sent to worker: ['C:\\Users\\runneradmin\\.comfy-test-cache\\desktop\\ComfyUI\\resources\\ComfyUI', 'C:\\Users\\runneradmin\\Documents\\ComfyUI\\custom_nodes\\comfyui-cadabra', 'C:\\ce\\.pixi\\envs\\cadabra-nodes\\Lib\\site-packages', 'C:\\Users\\runneradmin\\Documents\\ComfyUI\\custom_nodes\\comfyui-cadabra']

[2026-05-11 09:37:01.866] [error] [worker:comfyui-cadabra] ERROR: Failed to import comfy_kitchen, Error: No module named 'comfy_kitchen', fp8 and fp4 support will not be available.

[2026-05-11 09:37:07.136] [error] [comfyui-cadabra] Health check: ping (timeout=5.0s)...
[2026-05-11 09:37:07.138] [error] 

[2026-05-11 09:37:07.152] [error] [comfyui-cadabra] Health check: ok
[2026-05-11 09:37:07.155] [error] 

[2026-05-11 09:37:07.496] [error] [09:37:07] [CADabra] Starting: BRepMesh(linear_deflection=0.1, angular_deflection=0.5)

[2026-05-11 09:37:07.499] [error] [worker:comfyui-cadabra] INFO: Starting: BRepMesh(linear_deflection=0.1, angular_deflection=0.5)

[2026-05-11 09:37:12.146] [error] [09:37:12] [CADabra] Completed: BRepMesh(linear_deflection=0.1, angular_deflection=0.5) in 4.65s

[2026-05-11 09:37:12.148] [error] [worker:comfyui-cadabra] INFO: Completed: BRepMesh(linear_deflection=0.1, angular_deflection=0.5) in 4.65s
[2026-05-11 09:37:12.149] [error] 

[2026-05-11 09:37:18.774] [error] [comfyui-cadabra] Health check: ping (timeout=5.0s)...
[2026-05-11 09:37:18.776] [error] 

[2026-05-11 09:37:18.821] [error] [comfyui-cadabra] Health check: ok

[2026-05-11 09:37:19.845] [error] Error   : Gmsh has not been initialized

[2026-05-11 09:37:19.847] [error] Error   : Gmsh has not been initialized

[2026-05-11 09:37:19.889] [info]  Prompt executed in 22.03 seconds

