[2026-05-11 09:40:58.769] [info]  setup plugin alembic.autogenerate.schemas

[2026-05-11 09:40:58.771] [info]  setup plugin alembic.autogenerate.tables
setup plugin alembic.autogenerate.types
setup plugin alembic.autogenerate.constraints
setup plugin alembic.autogenerate.defaults
setup plugin alembic.autogenerate.comments

[2026-05-11 09:40:59.238] [info]  Adding extra search path custom_nodes C:\Users\runneradmin\Documents\ComfyUI\custom_nodes
Adding extra search path download_model_base C:\Users\runneradmin\Documents\ComfyUI\models

[2026-05-11 09:40:59.240] [info]  Adding extra search path custom_nodes C:\Users\runneradmin\.comfy-test-cache\desktop\ComfyUI\resources\ComfyUI\custom_nodes
Setting output directory to: C:\Users\runneradmin\Documents\ComfyUI\output
Setting input directory to: C:\Users\runneradmin\Documents\ComfyUI\input
Setting user directory to: C:\Users\runneradmin\Documents\ComfyUI\user

[2026-05-11 09:41:00.769] [info]  [START] Security scan
[DONE] Security scan
** ComfyUI startup time:
[2026-05-11 09:41:00.770] [info]   2026-05-11 09:41:00.769
** Platform: Windows
** Python version: 3.12.11 (main, Aug 18 2025, 19:17:54) [MSC v.1944 64 bit (AMD64)]
** Python executable: C:\Users\runneradmin\Documents\ComfyUI\.venv\Scripts\python.exe
** ComfyUI Path: C:\Users\runneradmin\.comfy-test-cache\desktop\ComfyUI\resources\ComfyUI
** ComfyUI Base Folder Path: C:\Users\runneradmin\.comfy-test-cache\desktop\ComfyUI\resources\ComfyUI

[2026-05-11 09:41:00.772] [info]  ** User directory: C:\Users\runneradmin\Documents\ComfyUI\user
[2026-05-11 09:41:00.773] [info]  
** ComfyUI-Manager config path: C:\Users\runneradmin\Documents\ComfyUI\user\__manager\config.ini
** Log path: C:\Users\runneradmin\Documents\ComfyUI\user\comfyui.log

[2026-05-11 09:41:01.931] [info]  [ComfyUI-Manager] Skipped fixing the 'comfyui-frontend-package' dependency because the ComfyUI is outdated.

[2026-05-11 09:41:01.932] [info]  [PRE] ComfyUI-Manager

[2026-05-11 09:41:02.315] [error] [comfy-env] comfyui-cadabra: 1 isolation env(s):
[2026-05-11 09:41:02.316] [error] 
[comfy-env]   nodes -> C:\Users\runneradmin\Documents\ComfyUI\custom_nodes\comfyui-cadabra\nodes
[comfy-env] prestartup complete

[2026-05-11 09:41:02.353] [error] [comfy-env] ComfyUI-GeometryPack: 1 isolation env(s):
[2026-05-11 09:41:02.354] [error] 
[comfy-env]   nodes -> C:\Users\runneradmin\Documents\ComfyUI\custom_nodes\ComfyUI-GeometryPack\nodes
[comfy-env] prestartup complete

[2026-05-11 09:41:05.215] [info]  Found comfy_kitchen backend cuda: {'available': False, 'disabled': True, 'unavailable_reason': 'CUDA not available on this system', 'capabilities': []}

[2026-05-11 09:41:05.217] [info]  Found comfy_kitchen backend triton: {'available': False, 'disabled': True, 'unavailable_reason': "ImportError: No module named 'triton'", 'capabilities': []}
Found comfy_kitchen backend eager: {'available': True, 'disabled': False, 'unavailable_reason': None, 'capabilities': ['apply_rope', 'apply_rope1', 'dequantize_mxfp8', 'dequantize_nvfp4', 'dequantize_per_tensor_fp8', 'quantize_mxfp8', 'quantize_nvfp4', 'quantize_per_tensor_fp8', 'scaled_mm_mxfp8', 'scaled_mm_nvfp4']}

[2026-05-11 09:41:05.224] [info]  Checkpoint files will always be loaded safely.

[2026-05-11 09:41:05.253] [info]  Total VRAM 16379 MB, total RAM 16379 MB

[2026-05-11 09:41:05.255] [info]  pytorch version: 2.10.0+cpu
Set vram state to: DISABLED
Device: cpu

[2026-05-11 09:41:05.564] [info]  Using sub quadratic optimization for attention, if you have memory or speed issues try using: --use-split-cross-attention

[2026-05-11 09:41:08.281] [info]  Python version: 3.12.11 (main, Aug 18 2025, 19:17:54) [MSC v.1944 64 bit (AMD64)]

[2026-05-11 09:41:08.283] [info]  ComfyUI version: 0.20.1
comfy-aimdo version: 0.2.14

[2026-05-11 09:41:08.285] [info]  comfy-kitchen version: 0.2.8

[2026-05-11 09:41:08.287] [info]  [Prompt Server] web root: C:\Users\runneradmin\.comfy-test-cache\desktop\ComfyUI\resources\ComfyUI\web_custom_versions\desktop_app

[2026-05-11 09:41:08.291] [info]  Asset seeder disabled

[2026-05-11 09:41:08.292] [info]  [START] ComfyUI-Manager

[2026-05-11 09:41:08.417] [info]  [ComfyUI-Manager] Using GitPython backend

[2026-05-11 09:41:08.482] [info]  [ComfyUI-Manager] network_mode: public

[2026-05-11 09:41:08.489] [info]  [ComfyUI-Manager] The matrix sharing feature has been disabled because the `matrix-nio` dependency is not installed.
	To use this feature, please run the following command:
	C:\Users\runneradmin\Documents\ComfyUI\.venv\Scripts\python.exe -m pip install matrix-nio


[2026-05-11 09:41:10.449] [error] [comfy-env] Version: 0.3.83
[2026-05-11 09:41:10.450] [error] 

[2026-05-11 09:41:12.840] [info]  [comfy-env] Removed stale temp dir: C:\Users\RUNNER~1\AppData\Local\Temp\comfyui_pvenv_3zhane9y

[2026-05-11 09:41:14.925] [info]  [comfy-env] Removed stale temp dir: C:\Users\RUNNER~1\AppData\Local\Temp\comfyui_pvenv_w1zst5g1

[2026-05-11 09:41:15.347] [error] [comfy-env] register_nodes: comfyui-cadabra
[2026-05-11 09:41:15.348] [error] 

[2026-05-11 09:41:15.351] [error] [comfy-env] ComfyUI source dir: C:\Users\runneradmin\.comfy-test-cache\desktop\ComfyUI\resources\ComfyUI
[2026-05-11 09:41:15.352] [error] 

[2026-05-11 09:41:15.355] [error] [comfy-env] Scanning nodes metadata (isolation root)...
[2026-05-11 09:41:15.356] [error] 

[2026-05-11 09:41:15.361] [error] [comfy-env] Cache hit for nodes: 39 nodes
[2026-05-11 09:41:15.362] [error] 
[comfy-env] Scanned nodes root: 39 nodes (0.0s)
[2026-05-11 09:41:15.363] [error] 

[2026-05-11 09:41:15.364] [error] [comfy-env] Imported nodes root: 39 nodes (isolation)
[comfy-env] Registered 39 total nodes
[2026-05-11 09:41:15.366] [error] 

[2026-05-11 09:41:15.368] [info]  loading...

[2026-05-11 09:41:15.370] [info]  calling register_nodes

[2026-05-11 09:41:15.372] [error] [comfy-env] Version: 0.3.83
[2026-05-11 09:41:15.374] [error] 

[2026-05-11 09:41:15.403] [error] [comfy-env] register_nodes: ComfyUI-GeometryPack
[2026-05-11 09:41:15.405] [error] 

[2026-05-11 09:41:15.427] [error] [comfy-env] ComfyUI source dir: C:\Users\runneradmin\.comfy-test-cache\desktop\ComfyUI\resources\ComfyUI
[2026-05-11 09:41:15.429] [error] 

[2026-05-11 09:41:15.433] [error] [comfy-env] Scanning nodes metadata (isolation root)...
[2026-05-11 09:41:15.434] [error] 

[2026-05-11 09:41:15.494] [error] [comfy-env] Cache hit for nodes: 125 nodes
[2026-05-11 09:41:15.495] [error] 
[comfy-env] Scanned nodes root: 125 nodes (0.1s)

[2026-05-11 09:41:15.499] [error] [comfy-env] Imported nodes root: 125 nodes (isolation)
[2026-05-11 09:41:15.500] [error] 

[2026-05-11 09:41:15.501] [error] [comfy-env] Registered 125 total nodes

[2026-05-11 09:41:15.530] [info]  ComfyUI-Multiband loaded: 15 nodes registered

[2026-05-11 09:41:15.533] [info]  
Import times for custom nodes:

[2026-05-11 09:41:15.534] [info]     0.0 seconds: C:\Users\runneradmin\.comfy-test-cache\desktop\ComfyUI\resources\ComfyUI\custom_nodes\websocket_image_save.py
   0.0 seconds: C:\Users\runneradmin\Documents\ComfyUI\custom_nodes\ComfyUI-Multiband
   0.1 seconds: C:\Users\runneradmin\Documents\ComfyUI\custom_nodes\ComfyUI-GeometryPack
   4.9 seconds: C:\Users\runneradmin\Documents\ComfyUI\custom_nodes\comfyui-cadabra


[2026-05-11 09:41:15.540] [info]  Context impl SQLiteImpl.

[2026-05-11 09:41:15.542] [info]  Will assume non-transactional DDL.

[2026-05-11 09:41:15.548] [error] Failed to initialize database. Please ensure you have installed the latest requirements. If the error persists, please report this as in future the database will be required: Could not acquire lock on database 'C:/Users/runneradmin/Documents/ComfyUI/user/comfyui.db'. Another ComfyUI process may already be using it. Use --database-url to specify a separate database file.

[2026-05-11 09:41:15.877] [info]  Starting server


[2026-05-11 09:41:15.879] [info]  To see the GUI go to: http://127.0.0.1:8001

[2026-05-11 09:41:18.239] [info]  [ComfyUI-Manager] The ComfyRegistry cache update is still in progress, so an outdated cache is being used.

[2026-05-11 09:41:18.386] [info]  FETCH DATA from: C:\Users\runneradmin\Documents\ComfyUI\.venv\Lib\site-packages\comfyui_manager\custom-node-list.json
[2026-05-11 09:41:18.414] [info]   [DONE]

[2026-05-11 09:41:21.863] [info]  [ComfyUI-Manager] The ComfyRegistry cache update is still in progress, so an outdated cache is being used.

[2026-05-11 09:41:22.016] [info]  FETCH DATA from: C:\Users\runneradmin\Documents\ComfyUI\.venv\Lib\site-packages\comfyui_manager\custom-node-list.json
[2026-05-11 09:41:22.039] [info]   [DONE]

[2026-05-11 09:41:57.433] [info]  got prompt

[2026-05-11 09:41:57.439] [info]  WARNING: _path_exists: path should be string, bytes, os.PathLike or integer, not NoneType

[2026-05-11 09:41:57.459] [info]  [comfyui-cadabra] python: C:\ce\.pixi\envs\cadabra-nodes\python.exe
[2026-05-11 09:41:57.462] [info]  

[2026-05-11 09:41:57.463] [info]  [comfyui-cadabra] sys_path sent to worker: ['C:\\Users\\runneradmin\\.comfy-test-cache\\desktop\\ComfyUI\\resources\\ComfyUI', 'C:\\Users\\runneradmin\\Documents\\ComfyUI\\custom_nodes\\comfyui-cadabra', 'C:\\ce\\.pixi\\envs\\cadabra-nodes\\Lib\\site-packages', 'C:\\Users\\runneradmin\\Documents\\ComfyUI\\custom_nodes\\comfyui-cadabra']
[2026-05-11 09:41:57.464] [info]  

[2026-05-11 09:42:00.641] [error] [worker:comfyui-cadabra] ERROR: Failed to import comfy_kitchen, Error: No module named 'comfy_kitchen', fp8 and fp4 support will not be available.

[2026-05-11 09:42:05.018] [error] [09:42:05] [CADabra] Starting: STEP ReadFile(file=wc.STEP)

[2026-05-11 09:42:05.020] [error] [worker:comfyui-cadabra] INFO: Starting: STEP ReadFile(file=wc.STEP)

[2026-05-11 09:42:05.078] [error] [09:42:05] [CADabra] Completed: STEP ReadFile(file=wc.STEP) in 0.06s

[2026-05-11 09:42:05.080] [error] [worker:comfyui-cadabra] INFO: Completed: STEP ReadFile(file=wc.STEP) in 0.06s

[2026-05-11 09:42:05.087] [error] [09:42:05] [CADabra] Starting: STEP TransferRoots(file=wc.STEP)

[2026-05-11 09:42:05.088] [error] [worker:comfyui-cadabra] INFO: Starting: STEP TransferRoots(file=wc.STEP)

[2026-05-11 09:42:05.488] [error] [09:42:05] [CADabra] Completed: STEP TransferRoots(file=wc.STEP) in 0.40s

[2026-05-11 09:42:05.490] [error] [worker:comfyui-cadabra] INFO: Completed: STEP TransferRoots(file=wc.STEP) in 0.40s

[2026-05-11 09:42:05.612] [error] [comfyui-cadabra] Health check: ping (timeout=5.0s)...
[comfyui-cadabra] Health check: ok

[2026-05-11 09:42:05.698] [error] [09:42:05] [CADabra] Starting: BRepMesh(linear_deflection=0.1, angular_deflection=0.5)

[2026-05-11 09:42:05.699] [error] [worker:comfyui-cadabra] INFO: Starting: BRepMesh(linear_deflection=0.1, angular_deflection=0.5)

[2026-05-11 09:42:06.399] [error] [09:42:06] [CADabra] Completed: BRepMesh(linear_deflection=0.1, angular_deflection=0.5) in 0.70s

[2026-05-11 09:42:06.401] [error] [worker:comfyui-cadabra] INFO: Completed: BRepMesh(linear_deflection=0.1, angular_deflection=0.5) in 0.70s

[2026-05-11 09:42:07.466] [error] [comfyui-cadabra] Health check: ping (timeout=5.0s)...

[2026-05-11 09:42:07.469] [error] [comfyui-cadabra] Health check: ok

[2026-05-11 09:42:07.627] [error] [comfyui-cadabra] Health check: ping (timeout=5.0s)...

[2026-05-11 09:42:07.668] [error] [comfyui-cadabra] Health check: ok

[2026-05-11 09:42:07.796] [error] [comfyui-cadabra] Health check: ping (timeout=5.0s)...

[2026-05-11 09:42:07.805] [error] [comfyui-cadabra] Health check: ok

[2026-05-11 09:42:08.097] [error] [comfyui-cadabra] Health check: ping (timeout=5.0s)...

[2026-05-11 09:42:08.100] [error] [comfyui-cadabra] Health check: ok
[2026-05-11 09:42:08.103] [error] 

[2026-05-11 09:43:02.911] [info]  FETCH ComfyRegistry Data [DONE]

[2026-05-11 09:44:11.520] [info]  [ComfyUI-Manager] default cache updated: https://api.comfy.org/nodes

[2026-05-11 09:44:15.694] [info]  FETCH DATA from: C:\Users\runneradmin\Documents\ComfyUI\user\__manager\cache\1514988643_custom-node-list.json
[2026-05-11 09:44:16.309] [info]   [DONE]
[2026-05-11 09:44:16.327] [info]  

[2026-05-11 09:44:32.083] [info]  [ComfyUI-Manager] All startup tasks have been completed.

[2026-05-11 09:50:47.276] [info]  PreviewMultibandImage: Batch=1, Channels=13, Names=['height', 'normal_x', 'normal_y', 'normal_z', 'position_x', 'position_y', 'position_z', 'face_id', 'curv_gauss', 'curv_mean', 'curv_min', 'curv_max', 'hit_mask']
[2026-05-11 09:50:47.304] [info]  

[2026-05-11 09:50:56.251] [info]  Prompt executed in 538.81 seconds

