[2026-05-18 18:30:39.693] [info]  setup plugin alembic.autogenerate.schemas
setup plugin alembic.autogenerate.tables

[2026-05-18 18:30:39.696] [info]  setup plugin alembic.autogenerate.types
setup plugin alembic.autogenerate.constraints
setup plugin alembic.autogenerate.defaults
setup plugin alembic.autogenerate.comments

[2026-05-18 18:30:40.897] [info]  Adding extra search path custom_nodes C:\Users\stduser\Documents\ComfyUI\custom_nodes
Adding extra search path download_model_base C:\Users\stduser\Documents\ComfyUI\models
Adding extra search path custom_nodes C:\Users\stduser\.comfy-test-cache\desktop\ComfyUI\resources\ComfyUI\custom_nodes

[2026-05-18 18:30:40.898] [info]  Setting output directory to: C:\Users\stduser\Documents\ComfyUI\output
Setting input directory to: C:\Users\stduser\Documents\ComfyUI\input
Setting user directory to: C:\Users\stduser\Documents\ComfyUI\user

[2026-05-18 18:30:43.826] [info]  [START] Security scan
[DONE] Security scan
** ComfyUI startup time: 2026-05-18 18:30:43.824
[2026-05-18 18:30:43.827] [info]  
** Platform: Windows
** Python version: 3.12.11 (main, Aug 18 2025, 19:17:54) [MSC v.1944 64 bit (AMD64)]
** Python executable: C:\Users\stduser\Documents\ComfyUI\.venv\Scripts\python.exe
** ComfyUI Path: C:\Users\stduser\.comfy-test-cache\desktop\ComfyUI\resources\ComfyUI
** ComfyUI Base Folder Path: C:\Users\stduser\.comfy-test-cache\desktop\ComfyUI\resources\ComfyUI

[2026-05-18 18:30:43.835] [info]  ** User directory: 
[2026-05-18 18:30:43.836] [info]  C:\Users\stduser\Documents\ComfyUI\user
** ComfyUI-Manager config path: C:\Users\stduser\Documents\ComfyUI\user\__manager\config.ini
** Log path: C:\Users\stduser\Documents\ComfyUI\user\comfyui.log

[2026-05-18 18:30:44.980] [info]  [ComfyUI-Manager] Skipped fixing the 'comfyui-frontend-package' dependency because the ComfyUI is outdated.

[2026-05-18 18:30:44.981] [info]  [PRE] ComfyUI-Manager

[2026-05-18 18:30:56.333] [info]  Found comfy_kitchen backend triton: {'available': False, 'disabled': True, 'unavailable_reason': "ImportError: No module named 'triton'", 'capabilities': []}

[2026-05-18 18:30:56.335] [info]  Found comfy_kitchen backend cuda: {'available': False, 'disabled': True, 'unavailable_reason': 'CUDA not available on this system', 'capabilities': []}
Found comfy_kitchen backend eager: {'available': True, 'disabled': False, 'unavailable_reason': None, 'capabilities': ['apply_rope', 'apply_rope1', 'dequantize_mxfp8', 'dequantize_nvfp4', 'dequantize_per_tensor_fp8', 'quantize_mxfp8', 'quantize_nvfp4', 'quantize_per_tensor_fp8', 'scaled_mm_mxfp8', 'scaled_mm_nvfp4']}

[2026-05-18 18:30:56.380] [info]  Checkpoint files will always be loaded safely.

[2026-05-18 18:30:56.468] [info]  Total VRAM 16379 MB, total RAM 16379 MB

[2026-05-18 18:30:56.470] [info]  pytorch version: 2.10.0+cpu
Set vram state to: DISABLED
Device: cpu

[2026-05-18 18:30:57.543] [info]  Using sub quadratic optimization for attention, if you have memory or speed issues try using: --use-split-cross-attention

[2026-05-18 18:31:04.722] [info]  Python version: 3.12.11 (main, Aug 18 2025, 19:17:54) [MSC v.1944 64 bit (AMD64)]

[2026-05-18 18:31:04.724] [info]  ComfyUI version: 0.21.1
comfy-aimdo version: 0.3.0

[2026-05-18 18:31:04.725] [info]  comfy-kitchen version: 0.2.8

[2026-05-18 18:31:04.727] [info]  [Prompt Server] web root: C:\Users\stduser\.comfy-test-cache\desktop\ComfyUI\resources\ComfyUI\web_custom_versions\desktop_app

[2026-05-18 18:31:04.729] [info]  Asset seeder disabled

[2026-05-18 18:31:04.731] [info]  [START] ComfyUI-Manager

[2026-05-18 18:31:05.485] [info]  [ComfyUI-Manager] Using GitPython backend

[2026-05-18 18:31:05.591] [info]  [ComfyUI-Manager] network_mode: public

[2026-05-18 18:31:05.601] [info]  [ComfyUI-Manager] The matrix sharing feature has been disabled because the `matrix-nio` dependency is not installed.
	To use this feature, please run the following command:
	C:\Users\stduser\Documents\ComfyUI\.venv\Scripts\python.exe -m pip install matrix-nio


[2026-05-18 18:31:10.380] [info]  
Import times for custom nodes:

[2026-05-18 18:31:10.382] [info]     0.0 seconds: C:\Users\stduser\.comfy-test-cache\desktop\ComfyUI\resources\ComfyUI\custom_nodes\websocket_image_save.py


[2026-05-18 18:31:10.397] [info]  Context impl SQLiteImpl.

[2026-05-18 18:31:10.398] [info]  Will assume non-transactional DDL.

[2026-05-18 18:31:10.469] [info]  Context impl SQLiteImpl.

[2026-05-18 18:31:10.471] [info]  Will assume non-transactional DDL.

[2026-05-18 18:31:10.503] [info]  Running upgrade  -> 0001_assets, Initial assets schema
Revision ID: 0001_assets
Revises: None
Create Date: 2025-12-10 00:00:00

[2026-05-18 18:31:11.052] [info]  Running upgrade 0001_assets -> 0002_merge_to_asset_references, Merge AssetInfo and AssetCacheState into unified asset_references table.

[2026-05-18 18:31:11.456] [info]  Running upgrade 0002_merge_to_asset_references -> 0003_add_metadata_job_id, Add system_metadata and job_id columns to asset_references.
Change preview_id FK from assets.id to asset_references.id.

[2026-05-18 18:31:11.567] [info]  Database upgraded from None to 0003_add_metadata_job_id

[2026-05-18 18:31:11.668] [info]  Starting server


[2026-05-18 18:31:11.669] [info]  To see the GUI go to: http://127.0.0.1:8000

[2026-05-18 18:32:53.764] [info]  FETCH ComfyRegistry Data [DONE]

[2026-05-18 18:32:54.067] [info]  [ComfyUI-Manager] default cache updated: https://api.comfy.org/nodes

[2026-05-18 18:32:54.106] [info]  FETCH DATA from: C:\Users\stduser\Documents\ComfyUI\user\__manager\cache\1514988643_custom-node-list.json
[2026-05-18 18:32:54.126] [info]   [DONE]

[2026-05-18 18:32:54.191] [info]  [ComfyUI-Manager] All startup tasks have been completed.

[2026-05-18 18:32:59.801] [info]  [ComfyUI-Manager] The ComfyRegistry cache update is still in progress, so an outdated cache is being used.

[2026-05-18 18:33:01.250] [error]   0%|          | 0.00/2.91M [00:00<?, ?B/s]
[2026-05-18 18:33:01.352] [error]  78%|███████▊  | 2.26M/2.91M [00:00<00:00, 22.4MB/s]
[2026-05-18 18:33:01.358] [error] 100%|██████████| 2.91M/2.91M [00:00<00:00, 27.2MB/s]
[2026-05-18 18:33:01.359] [error] 

[2026-05-18 18:33:01.447] [info]  Extracted zip file to C:\Users\stduser\Documents\ComfyUI\custom_nodes\comfyui-cadabra

[2026-05-18 18:33:01.466] [info]  Install: pip packages
[2026-05-18 18:33:01.468] [info]  

[2026-05-18 18:33:02.593] [info]  [ComfyUI-Manager] Skipped fixing the 'comfyui-frontend-package' dependency because the ComfyUI is outdated.

[2026-05-18 18:33:02.595] [info]  Install: install script
[2026-05-18 18:33:02.596] [info]  

[2026-05-18 18:33:07.121] [info]  
After restarting ComfyUI, please refresh the browser.

[2026-05-18 18:33:07.717] [info]  
Restarting... [Legacy Mode]


Command: ['"C:\\Users\\stduser\\Documents\\ComfyUI\\.venv\\Scripts\\python.exe"', '"C:\\Users\\stduser\\.comfy-test-cache\\desktop\\ComfyUI\\resources\\ComfyUI\\main.py"', '--user-directory', 'C:\\Users\\stduser\\Documents\\ComfyUI\\user', '--input-directory', 'C:\\Users\\stduser\\Documents\\ComfyUI\\input', '--output-directory', 'C:\\Users\\stduser\\Documents\\ComfyUI\\output', '--front-end-root', 'C:\\Users\\stduser\\.comfy-test-cache\\desktop\\ComfyUI\\resources\\ComfyUI\\web_custom_versions\\desktop_app', '--base-directory', 'C:\\Users\\stduser\\Documents\\ComfyUI', '--database-url', 'sqlite:///C:/Users/stduser/Documents/ComfyUI/user/comfyui.db', '--extra-model-paths-config', 'C:\\Users\\stduser\\AppData\\Roaming\\ComfyUI\\extra_models_config.yaml', '--log-stdout', '--listen', '127.0.0.1', '--port', '8000', '--enable-manager', '--cpu']

[2026-05-18 18:33:08.436] [info]  setup plugin alembic.autogenerate.schemas
setup plugin alembic.autogenerate.tables
setup plugin alembic.autogenerate.types
setup plugin alembic.autogenerate.constraints
setup plugin alembic.autogenerate.defaults
setup plugin alembic.autogenerate.comments

[2026-05-18 18:33:08.879] [info]  Adding extra search path custom_nodes C:\Users\stduser\Documents\ComfyUI\custom_nodes
Adding extra search path download_model_base C:\Users\stduser\Documents\ComfyUI\models
Adding extra search path custom_nodes C:\Users\stduser\.comfy-test-cache\desktop\ComfyUI\resources\ComfyUI\custom_nodes
Setting output directory to: C:\Users\stduser\Documents\ComfyUI\output

[2026-05-18 18:33:08.880] [info]  Setting input directory to: C:\Users\stduser\Documents\ComfyUI\input
Setting user directory to: C:\Users\stduser\Documents\ComfyUI\user

[2026-05-18 18:33:10.474] [info]  [START] Security scan
[DONE] Security scan
** ComfyUI startup time: 
[2026-05-18 18:33:10.476] [info]  2026-05-18 18:33:10.473
** Platform: Windows
** Python version: 3.12.11 (main, Aug 18 2025, 19:17:54) [MSC v.1944 64 bit (AMD64)]
** Python executable: C:\Users\stduser\Documents\ComfyUI\.venv\Scripts\python.exe
** ComfyUI Path: C:\Users\stduser\.comfy-test-cache\desktop\ComfyUI\resources\ComfyUI
** ComfyUI Base Folder Path: C:\Users\stduser\.comfy-test-cache\desktop\ComfyUI\resources\ComfyUI

[2026-05-18 18:33:10.477] [info]  ** User directory: C:\Users\stduser\Documents\ComfyUI\user
** ComfyUI-Manager config path: C:\Users\stduser\Documents\ComfyUI\user\__manager\config.ini
** Log path: C:\Users\stduser\Documents\ComfyUI\user\comfyui.log

[2026-05-18 18:33:11.013] [info]  
#######################################################################
[ComfyUI-Manager] Starting dependency installation/(de)activation for the extension


[2026-05-18 18:33:11.014] [info]  
## ComfyUI-Manager: EXECUTE => ['C:\\Users\\stduser\\Documents\\ComfyUI\\.venv\\Scripts\\python.exe', '-m', 'pip', 'install', 'comfy-env==0.3.89']

## Execute management script for 'C:\Users\stduser\Documents\ComfyUI\custom_nodes\comfyui-cadabra'

[2026-05-18 18:33:12.608] [info]   Collecting comfy-env==0.3.89

[2026-05-18 18:33:12.667] [info]     Downloading comfy_env-0.3.89-py3-none-any.whl.metadata (9.0 kB)

[2026-05-18 18:33:12.688] [info]   
[2026-05-18 18:33:12.689] [info]   
[2026-05-18 18:33:12.748] [info]   Collecting pre-commit (from comfy-env==0.3.89)

[2026-05-18 18:33:12.762] [info]     Downloading pre_commit-4.6.0-py2.py3-none-any.whl.metadata (1.2 kB)

[2026-05-18 18:33:12.828] [info]   
[2026-05-18 18:33:12.860] [info]   Collecting tomli-w>=1.0.0 (from comfy-env==0.3.89)

[2026-05-18 18:33:12.875] [info]     Downloading tomli_w-1.2.0-py3-none-any.whl.metadata (5.7 kB)

[2026-05-18 18:33:12.950] [info]   Collecting tomli>=2.0.0 (from comfy-env==0.3.89)

[2026-05-18 18:33:12.956] [info]     Using cached tomli-2.4.1-cp312-cp312-win_amd64.whl.metadata (10 kB)

[2026-05-18 18:33:12.973] [info]   
[2026-05-18 18:33:13.015] [info]   Collecting cfgv>=2.0.0 (from pre-commit->comfy-env==0.3.89)

[2026-05-18 18:33:13.030] [info]     Downloading cfgv-3.5.0-py2.py3-none-any.whl.metadata (8.9 kB)

[2026-05-18 18:33:13.169] [info]   Collecting identify>=1.0.0 (from pre-commit->comfy-env==0.3.89)

[2026-05-18 18:33:13.186] [info]     Downloading identify-2.6.19-py2.py3-none-any.whl.metadata (4.4 kB)

[2026-05-18 18:33:13.250] [info]   Collecting nodeenv>=0.11.1 (from pre-commit->comfy-env==0.3.89)

[2026-05-18 18:33:13.265] [info]     Downloading nodeenv-1.10.0-py2.py3-none-any.whl.metadata (24 kB)

[2026-05-18 18:33:13.355] [info]   Collecting virtualenv>=20.10.0 (from pre-commit->comfy-env==0.3.89)

[2026-05-18 18:33:13.370] [info]     Downloading virtualenv-21.3.3-py3-none-any.whl.metadata (3.5 kB)

[2026-05-18 18:33:13.425] [info]   Collecting distlib<1,>=0.3.7 (from virtualenv>=20.10.0->pre-commit->comfy-env==0.3.89)

[2026-05-18 18:33:13.440] [info]     Downloading distlib-0.4.0-py2.py3-none-any.whl.metadata (5.2 kB)

[2026-05-18 18:33:13.509] [info]   Collecting filelock<4,>=3.24.2 (from virtualenv>=20.10.0->pre-commit->comfy-env==0.3.89)

[2026-05-18 18:33:13.525] [info]     Downloading filelock-3.29.0-py3-none-any.whl.metadata (2.0 kB)

[2026-05-18 18:33:13.585] [info]   Collecting platformdirs<5,>=3.9.1 (from virtualenv>=20.10.0->pre-commit->comfy-env==0.3.89)

[2026-05-18 18:33:13.600] [info]     Downloading platformdirs-4.9.6-py3-none-any.whl.metadata (4.7 kB)

[2026-05-18 18:33:13.656] [info]   Collecting python-discovery>=1.3.1 (from virtualenv>=20.10.0->pre-commit->comfy-env==0.3.89)

[2026-05-18 18:33:13.674] [info]     Downloading python_discovery-1.3.1-py3-none-any.whl.metadata (5.6 kB)

[2026-05-18 18:33:13.729] [info]   Downloading comfy_env-0.3.89-py3-none-any.whl (125 kB)

[2026-05-18 18:33:13.763] [info]   Using cached tomli-2.4.1-cp312-cp312-win_amd64.whl (108 kB)

[2026-05-18 18:33:13.777] [info]   Downloading tomli_w-1.2.0-py3-none-any.whl (6.7 kB)

[2026-05-18 18:33:13.811] [info]   Downloading pre_commit-4.6.0-py2.py3-none-any.whl (226 kB)

[2026-05-18 18:33:13.852] [info]   Downloading cfgv-3.5.0-py2.py3-none-any.whl (7.4 kB)

[2026-05-18 18:33:13.883] [info]   Downloading identify-2.6.19-py2.py3-none-any.whl (99 kB)

[2026-05-18 18:33:13.916] [info]   Downloading nodeenv-1.10.0-py2.py3-none-any.whl (23 kB)

[2026-05-18 18:33:13.946] [info]   Downloading virtualenv-21.3.3-py3-none-any.whl (7.6 MB)

[2026-05-18 18:33:14.089] [info]      ---------------------------------------- 7.6/7.6 MB 58.7 MB/s eta 0:00:00

[2026-05-18 18:33:14.104] [info]   Downloading distlib-0.4.0-py2.py3-none-any.whl (469 kB)

[2026-05-18 18:33:14.142] [info]   Downloading filelock-3.29.0-py3-none-any.whl (39 kB)

[2026-05-18 18:33:14.173] [info]   Downloading platformdirs-4.9.6-py3-none-any.whl (21 kB)

[2026-05-18 18:33:14.204] [info]   Downloading python_discovery-1.3.1-py3-none-any.whl (33 kB)

[2026-05-18 18:33:14.460] [info]   Installing collected packages: distlib, tomli-w, tomli, platformdirs, nodeenv, identify, filelock, cfgv, python-discovery, virtualenv, pre-commit, comfy-env

[2026-05-18 18:33:14.856] [info]     Attempting uninstall: filelock

[2026-05-18 18:33:14.863] [info]       Found existing installation: filelock 3.20.3

[2026-05-18 18:33:14.869] [info]       Uninstalling filelock-3.20.3:

[2026-05-18 18:33:14.874] [info]         Successfully uninstalled filelock-3.20.3

[2026-05-18 18:33:15.928] [info]   Successfully installed cfgv-3.5.0 comfy-env-0.3.89 distlib-0.4.0 filelock-3.29.0 identify-2.6.19 nodeenv-1.10.0 platformdirs-4.9.6 pre-commit-4.6.0 python-discovery-1.3.1 tomli-2.4.1 tomli-w-1.2.0 virtualenv-21.3.3

[2026-05-18 18:33:16.277] [error] [!] 
[2026-05-18 18:33:16.278] [error] 
[!] [notice] A new release of pip is available: 25.0.1 -> 26.1.1
[!] [notice] To update, run: python.exe -m pip install --upgrade pip

[2026-05-18 18:33:16.394] [info]  
## ComfyUI-Manager: EXECUTE => ['C:\\Users\\stduser\\Documents\\ComfyUI\\.venv\\Scripts\\python.exe', '-m', 'pip', 'install', 'comfy-3d-viewers==0.2.44']

## Execute management script for 'C:\Users\stduser\Documents\ComfyUI\custom_nodes\comfyui-cadabra'

[2026-05-18 18:33:17.876] [info]   Collecting comfy-3d-viewers==0.2.44

[2026-05-18 18:33:17.923] [info]     Downloading comfy_3d_viewers-0.2.44-py3-none-any.whl.metadata (2.2 kB)

[2026-05-18 18:33:17.962] [info]   Downloading comfy_3d_viewers-0.2.44-py3-none-any.whl (1.3 MB)

[2026-05-18 18:33:18.047] [info]      ---------------------------------------- 1.3/1.3 MB 21.1 MB/s eta 0:00:00

[2026-05-18 18:33:18.334] [info]   Installing collected packages: comfy-3d-viewers

[2026-05-18 18:33:18.493] [info]   Successfully installed comfy-3d-viewers-0.2.44

[2026-05-18 18:33:18.905] [error] [!] 
[2026-05-18 18:33:18.907] [error] 
[!] [notice] A new release of pip is available: 25.0.1 -> 26.1.1
[!] [notice] To update, run: python.exe -m pip install --upgrade pip

[2026-05-18 18:33:19.447] [info]  
## ComfyUI-Manager: EXECUTE => ['C:\\Users\\stduser\\Documents\\ComfyUI\\.venv\\Scripts\\python.exe', '-m', 'pip', 'install', 'trimesh[easy]']

## Execute management script for 'C:\Users\stduser\Documents\ComfyUI\custom_nodes\comfyui-cadabra'

[2026-05-18 18:33:22.020] [info]   Collecting trimesh[easy]

[2026-05-18 18:33:22.082] [info]     Downloading trimesh-4.12.2-py3-none-any.whl.metadata (13 kB)

[2026-05-18 18:33:22.126] [info]   
[2026-05-18 18:33:22.167] [info]   Collecting colorlog (from trimesh[easy])

[2026-05-18 18:33:22.184] [info]     Downloading colorlog-6.10.1-py3-none-any.whl.metadata (11 kB)

[2026-05-18 18:33:22.264] [info]   Collecting manifold3d>=2.3.0 (from trimesh[easy])

[2026-05-18 18:33:22.283] [info]     Downloading manifold3d-3.4.1-cp312-cp312-win_amd64.whl.metadata (19 kB)

[2026-05-18 18:33:22.307] [info]   
[2026-05-18 18:33:22.511] [info]   Collecting lxml (from trimesh[easy])

[2026-05-18 18:33:22.530] [info]     Downloading lxml-6.1.0-cp312-cp312-win_amd64.whl.metadata (4.1 kB)

[2026-05-18 18:33:22.602] [info]   Collecting jsonschema (from trimesh[easy])

[2026-05-18 18:33:22.620] [info]     Downloading jsonschema-4.26.0-py3-none-any.whl.metadata (7.6 kB)

[2026-05-18 18:33:22.644] [info]   
[2026-05-18 18:33:22.685] [info]   Collecting svg.path (from trimesh[easy])

[2026-05-18 18:33:22.704] [info]     Downloading svg_path-7.0-py2.py3-none-any.whl.metadata (14 kB)

[2026-05-18 18:33:22.760] [info]   Collecting pycollada (from trimesh[easy])

[2026-05-18 18:33:22.778] [info]     Downloading pycollada-0.9.3-py3-none-any.whl.metadata (1.7 kB)

[2026-05-18 18:33:22.889] [info]   Collecting shapely (from trimesh[easy])

[2026-05-18 18:33:22.909] [info]     Downloading shapely-2.1.2-cp312-cp312-win_amd64.whl.metadata (7.1 kB)

[2026-05-18 18:33:23.026] [info]   Collecting xxhash (from trimesh[easy])

[2026-05-18 18:33:23.045] [info]     Downloading xxhash-3.7.0-cp312-cp312-win_amd64.whl.metadata (13 kB)

[2026-05-18 18:33:23.114] [info]   Collecting rtree (from trimesh[easy])

[2026-05-18 18:33:23.133] [info]     Downloading rtree-1.4.1-py3-none-win_amd64.whl.metadata (2.2 kB)

[2026-05-18 18:33:23.153] [info]   
[2026-05-18 18:33:23.155] [info]   
[2026-05-18 18:33:23.203] [info]   Collecting embreex (from trimesh[easy])

[2026-05-18 18:33:23.222] [info]     Downloading embreex-4.4.0-cp312-cp312-win_amd64.whl.metadata (3.0 kB)

[2026-05-18 18:33:23.241] [info]   
[2026-05-18 18:33:23.303] [info]   Collecting vhacdx (from trimesh[easy])

[2026-05-18 18:33:23.322] [info]     Downloading vhacdx-0.0.10-cp312-cp312-win_amd64.whl.metadata (1.1 kB)

[2026-05-18 18:33:23.387] [info]   Collecting mapbox_earcut>=1.0.2 (from trimesh[easy])

[2026-05-18 18:33:23.405] [info]     Downloading mapbox_earcut-2.0.0-cp312-cp312-win_amd64.whl.metadata (2.5 kB)

[2026-05-18 18:33:23.442] [info]   
[2026-05-18 18:33:23.446] [info]   
[2026-05-18 18:33:23.447] [info]    
[2026-05-18 18:33:23.449] [info]   
[2026-05-18 18:33:23.451] [info]   
[2026-05-18 18:33:23.453] [info]   
[2026-05-18 18:33:23.492] [info]   Collecting jsonschema-specifications>=2023.03.6 (from jsonschema->trimesh[easy])

[2026-05-18 18:33:23.509] [info]     Downloading jsonschema_specifications-2025.9.1-py3-none-any.whl.metadata (2.9 kB)

[2026-05-18 18:33:23.579] [info]   Collecting referencing>=0.28.4 (from jsonschema->trimesh[easy])

[2026-05-18 18:33:23.596] [info]     Downloading referencing-0.37.0-py3-none-any.whl.metadata (2.8 kB)

[2026-05-18 18:33:23.945] [info]   Collecting rpds-py>=0.25.0 (from jsonschema->trimesh[easy])

[2026-05-18 18:33:23.962] [info]     Downloading rpds_py-0.30.0-cp312-cp312-win_amd64.whl.metadata (4.2 kB)

[2026-05-18 18:33:24.033] [info]   Collecting python-dateutil (from pycollada->trimesh[easy])

[2026-05-18 18:33:24.051] [info]     Downloading python_dateutil-2.9.0.post0-py2.py3-none-any.whl.metadata (8.4 kB)

[2026-05-18 18:33:24.107] [info]   
[2026-05-18 18:33:24.169] [info]   Collecting six>=1.5 (from python-dateutil->pycollada->trimesh[easy])

[2026-05-18 18:33:24.186] [info]     Downloading six-1.17.0-py2.py3-none-any.whl.metadata (1.7 kB)

[2026-05-18 18:33:24.240] [info]   Downloading manifold3d-3.4.1-cp312-cp312-win_amd64.whl (983 kB)

[2026-05-18 18:33:24.341] [info]      --------------------------------------- 983.3/983.3 kB 11.4 MB/s eta 0:00:00

[2026-05-18 18:33:24.359] [info]   Downloading mapbox_earcut-2.0.0-cp312-cp312-win_amd64.whl (56 kB)

[2026-05-18 18:33:24.401] [info]   Downloading colorlog-6.10.1-py3-none-any.whl (11 kB)

[2026-05-18 18:33:24.445] [info]   
[2026-05-18 18:33:24.447] [info]  Downloading embreex-4.4.0-cp312-cp312-win_amd64.whl (13.1 MB)

[2026-05-18 18:33:24.645] [info]      ---------------------------------------- 13.1/13.1 MB 68.4 MB/s eta 0:00:00

[2026-05-18 18:33:24.664] [info]   Downloading jsonschema-4.26.0-py3-none-any.whl (90 kB)

[2026-05-18 18:33:24.704] [info]   Downloading lxml-6.1.0-cp312-cp312-win_amd64.whl (4.0 MB)

[2026-05-18 18:33:24.755] [info]      ---------------------------------------- 4.0/4.0 MB 79.5 MB/s eta 0:00:00

[2026-05-18 18:33:24.774] [info]   Downloading pycollada-0.9.3-py3-none-any.whl (129 kB)

[2026-05-18 18:33:24.834] [info]   Downloading rtree-1.4.1-py3-none-win_amd64.whl (389 kB)

[2026-05-18 18:33:24.877] [info]   Downloading shapely-2.1.2-cp312-cp312-win_amd64.whl (1.7 MB)

[2026-05-18 18:33:24.912] [info]      ---------------------------------------- 1.7/1.7 MB 47.1 MB/s eta 0:00:00

[2026-05-18 18:33:24.930] [info]   Downloading svg_path-7.0-py2.py3-none-any.whl (18 kB)

[2026-05-18 18:33:24.965] [info]   Downloading trimesh-4.12.2-py3-none-any.whl (741 kB)

[2026-05-18 18:33:24.991] [info]      --------------------------------------- 741.0/741.0 kB 31.9 MB/s eta 0:00:00

[2026-05-18 18:33:25.009] [info]   Downloading vhacdx-0.0.10-cp312-cp312-win_amd64.whl (195 kB)

[2026-05-18 18:33:25.046] [info]   Downloading xxhash-3.7.0-cp312-cp312-win_amd64.whl (31 kB)

[2026-05-18 18:33:25.079] [info]   Downloading jsonschema_specifications-2025.9.1-py3-none-any.whl (18 kB)

[2026-05-18 18:33:25.111] [info]   Downloading referencing-0.37.0-py3-none-any.whl (26 kB)

[2026-05-18 18:33:25.145] [info]   Downloading rpds_py-0.30.0-cp312-cp312-win_amd64.whl (240 kB)

[2026-05-18 18:33:25.182] [info]   Downloading python_dateutil-2.9.0.post0-py2.py3-none-any.whl (229 kB)

[2026-05-18 18:33:25.215] [info]   Downloading six-1.17.0-py2.py3-none-any.whl (11 kB)

[2026-05-18 18:33:25.513] [info]   Installing collected packages: xxhash, vhacdx, trimesh, svg.path, six, shapely, rtree, rpds-py, mapbox_earcut, manifold3d, lxml, embreex, colorlog, referencing, python-dateutil, pycollada, jsonschema-specifications, jsonschema

[2026-05-18 18:33:28.489] [info]   Successfully installed colorlog-6.10.1 embreex-4.4.0 jsonschema-4.26.0 jsonschema-specifications-2025.9.1 lxml-6.1.0 manifold3d-3.4.1 mapbox_earcut-2.0.0 pycollada-0.9.3 python-dateutil-2.9.0.post0 referencing-0.37.0 rpds-py-0.30.0 rtree-1.4.1 shapely-2.1.2 six-1.17.0 svg.path-7.0 trimesh-4.12.2 vhacdx-0.0.10 xxhash-3.7.0

[2026-05-18 18:33:28.763] [error] [!] 
[2026-05-18 18:33:28.765] [error] 
[!] [notice] A new release of pip is available: 25.0.1 -> 26.1.1
[!] [notice] To update, run: python.exe -m pip install --upgrade pip

[2026-05-18 18:33:28.936] [info]  
## ComfyUI-Manager: EXECUTE => ['C:\\Users\\stduser\\Documents\\ComfyUI\\.venv\\Scripts\\python.exe', 'install.py']

## Execute management script for 'C:\Users\stduser\Documents\ComfyUI\custom_nodes\comfyui-cadabra'

[2026-05-18 18:33:29.226] [info]   
 Installing 2 node dependencies...

[2026-05-18 18:33:29.228] [info]     Cloning ComfyUI-GeometryPack...

[2026-05-18 18:33:32.139] [info]     Installing requirements for ComfyUI-GeometryPack...

[2026-05-18 18:33:32.301] [info]     Running install.py for ComfyUI-GeometryPack...

[2026-05-18 18:33:32.653] [error] [!] 
[2026-05-18 18:33:32.655] [error] [comfy-env] pixi not found, downloading...

[2026-05-18 18:33:34.279] [error] [!] 
[2026-05-18 18:33:34.281] [info]   [comfy-env] _discover: scanning C:\Users\stduser\Documents\ComfyUI\custom_nodes

[2026-05-18 18:33:34.281] [error] [comfy-env] pixi installed: C:\Users\stduser\.pixi\bin\pixi.exe

[2026-05-18 18:33:34.283] [info]   [comfy-env] _discover: comfyui-cadabra -> cadabra-nodes (custom_nodes\comfyui-cadabra\nodes\comfy-env.toml)

[2026-05-18 18:33:34.292] [info]   [comfy-env] _discover: ComfyUI-GeometryPack -> geometrypack-nodes (custom_nodes\ComfyUI-GeometryPack\nodes\comfy-env.toml)

[2026-05-18 18:33:34.293] [error] [!] [comfy-env] Workspace: C:\Users\stduser\AppData\Local\Programs\comfy-env

[2026-05-18 18:33:34.294] [info]   [comfy-env] Workspace: C:\Users\stduser\AppData\Local\Programs\comfy-env
 [comfy-env] ComfyUI: C:\Users\stduser\Documents\ComfyUI
 [comfy-env] Found 2 node config(s):
   - cadabra-nodes <- custom_nodes\comfyui-cadabra\nodes\comfy-env.toml (python=3.12)
   - geometrypack-nodes <- custom_nodes\ComfyUI-GeometryPack\nodes\comfy-env.toml (python=host)

[2026-05-18 18:33:34.299] [info]   [comfy-env] Bootstrap interpreter has python 3.12 + torch 2.10.0 (cpu). Looking for cuda-only wheels matching cpu/torch2.10/cp312.

[2026-05-18 18:33:35.867] [info]   [comfy-env] GPU: No GPU detected

[2026-05-18 18:33:35.900] [info]   [comfy-env] No CUDA detected -- pinning comfyui torch to CPU index

[2026-05-18 18:33:35.903] [info]   [comfy-env] Desktop app detected: source=C:\Users\stduser\.comfy-test-cache\desktop\ComfyUI\resources\ComfyUI, data=C:\Users\stduser\Documents\ComfyUI

[2026-05-18 18:33:35.907] [info]   Generated C:\Users\stduser\AppData\Local\Programs\comfy-env\pixi.toml

[2026-05-18 18:33:35.908] [info]   [comfy-env] Patched C:\Users\stduser\AppData\Roaming\uv\python\cpython-3.12.11-windows-x86_64-none\Lib\platform.py for conda-forge compat

[2026-05-18 18:33:35.909] [info]   [comfy-env] Installing 2 environment(s):
   - cadabra-nodes (python=3.12, 11 pypi deps)
   - geometrypack-nodes (python=host, 14 pypi deps, 1 cuda wheels)
 [comfy-env] Running `pixi install -e cadabra-nodes -e geometrypack-nodes`...

[2026-05-18 18:34:58.479] [info]      WARN Skipped running the post-link scripts because `run-post-link-scripts` = `false`
   	- Scripts/.librsvg-pre-unlink.bat

[2026-05-18 18:34:58.481] [info]     To enable them, run:
   	pixi config set --local run-post-link-scripts insecure
   More info:
   	https://pixi.sh/latest/reference/pixi_configuration/#run-post-link-scripts

[2026-05-18 18:37:54.337] [info]      WARN Skipped running the post-link scripts because `run-post-link-scripts` = `false`
   	- Scripts/.librsvg-pre-unlink.bat

[2026-05-18 18:37:54.338] [info]     To enable them, run:
   	pixi config set --local run-post-link-scripts insecure
   More info:
   	https://pixi.sh/latest/reference/pixi_configuration/#run-post-link-scripts

[2026-05-18 18:38:16.553] [info]     The following environments have been installed: cadabra-nodes, geometrypack-nodes.

[2026-05-18 18:38:16.713] [info]   [comfy-env] Recorded install hash a480724ebeaa -> C:\Users\stduser\AppData\Local\Programs\comfy-env\install.hash
 [comfy-env] Install log: C:\Users\stduser\AppData\Local\Programs\comfy-env\install.log

[2026-05-18 18:38:16.714] [info]   
 Installation complete!

[2026-05-18 18:38:17.284] [info]     Cloning ComfyUI-Multiband...

[2026-05-18 18:38:17.847] [info]     Installing requirements for ComfyUI-Multiband...

[2026-05-18 18:38:18.536] [info]   
 [requirements] Re-installing main package requirements...

[2026-05-18 18:38:18.538] [info]     Installing requirements for comfyui-cadabra...

[2026-05-18 18:38:18.613] [info]   [comfy-env] _discover: scanning C:\Users\stduser\Documents\ComfyUI\custom_nodes

[2026-05-18 18:38:18.630] [info]   [comfy-env] _discover: comfyui-cadabra -> cadabra-nodes (custom_nodes\comfyui-cadabra\nodes\comfy-env.toml)

[2026-05-18 18:38:18.668] [info]   [comfy-env] _discover: ComfyUI-GeometryPack -> geometrypack-nodes (custom_nodes\ComfyUI-GeometryPack\nodes\comfy-env.toml)

[2026-05-18 18:38:18.670] [info]   [comfy-env] _discover: ComfyUI-Multiband: no comfy-env.toml found

[2026-05-18 18:38:18.671] [error] [!] [comfy-env] Workspace: C:\Users\stduser\AppData\Local\Programs\comfy-env

[2026-05-18 18:38:18.672] [info]   [comfy-env] Workspace inputs unchanged (hash a480724ebeaa) -- skipping install. Delete C:\Users\stduser\AppData\Local\Programs\comfy-env\install.hash to force.
 
 Installation complete!

[2026-05-18 18:38:18.711] [info]  
[ComfyUI-Manager] Startup script completed.
#######################################################################


[2026-05-18 18:38:20.912] [info]  [ComfyUI-Manager] Skipped fixing the 'comfyui-frontend-package' dependency because the ComfyUI is outdated.

[2026-05-18 18:38:20.914] [info]  [ComfyUI-Manager] Restarting to reapply dependency installation.
Command: ['"C:\\Users\\stduser\\Documents\\ComfyUI\\.venv\\Scripts\\python.exe"', '"C:\\Users\\stduser\\.comfy-test-cache\\desktop\\ComfyUI\\resources\\ComfyUI\\main.py"', '--user-directory', 'C:\\Users\\stduser\\Documents\\ComfyUI\\user', '--input-directory', 'C:\\Users\\stduser\\Documents\\ComfyUI\\input', '--output-directory', 'C:\\Users\\stduser\\Documents\\ComfyUI\\output', '--front-end-root', 'C:\\Users\\stduser\\.comfy-test-cache\\desktop\\ComfyUI\\resources\\ComfyUI\\web_custom_versions\\desktop_app', '--base-directory', 'C:\\Users\\stduser\\Documents\\ComfyUI', '--database-url', 'sqlite:///C:/Users/stduser/Documents/ComfyUI/user/comfyui.db', '--extra-model-paths-config', 'C:\\Users\\stduser\\AppData\\Roaming\\ComfyUI\\extra_models_config.yaml', '--log-stdout', '--listen', '127.0.0.1', '--port', '8000', '--enable-manager', '--cpu']
--------------------------------------------------------------------------


[2026-05-18 18:38:21.818] [info]  setup plugin alembic.autogenerate.schemas
setup plugin alembic.autogenerate.tables

[2026-05-18 18:38:21.820] [info]  setup plugin alembic.autogenerate.types
setup plugin alembic.autogenerate.constraints
setup plugin alembic.autogenerate.defaults
setup plugin alembic.autogenerate.comments

[2026-05-18 18:38:22.396] [info]  Adding extra search path custom_nodes C:\Users\stduser\Documents\ComfyUI\custom_nodes
Adding extra search path download_model_base C:\Users\stduser\Documents\ComfyUI\models
Adding extra search path custom_nodes C:\Users\stduser\.comfy-test-cache\desktop\ComfyUI\resources\ComfyUI\custom_nodes

[2026-05-18 18:38:22.398] [info]  Setting output directory to: C:\Users\stduser\Documents\ComfyUI\output
Setting input directory to: C:\Users\stduser\Documents\ComfyUI\input
Setting user directory to: C:\Users\stduser\Documents\ComfyUI\user

[2026-05-18 18:38:24.329] [info]  [START] Security scan
[DONE] Security scan
** ComfyUI startup time: 2026-05-18 18:38:24.327

[2026-05-18 18:38:24.331] [info]  ** Platform: Windows
** Python version: 3.12.11 (main, Aug 18 2025, 19:17:54) [MSC v.1944 64 bit (AMD64)]
** Python executable: C:\Users\stduser\Documents\ComfyUI\.venv\Scripts\python.exe
** ComfyUI Path: C:\Users\stduser\.comfy-test-cache\desktop\ComfyUI\resources\ComfyUI
** ComfyUI Base Folder Path: C:\Users\stduser\.comfy-test-cache\desktop\ComfyUI\resources\ComfyUI

[2026-05-18 18:38:24.332] [info]  ** User directory:
[2026-05-18 18:38:24.333] [info]   C:\Users\stduser\Documents\ComfyUI\user
** ComfyUI-Manager config path: C:\Users\stduser\Documents\ComfyUI\user\__manager\config.ini
** Log path: C:\Users\stduser\Documents\ComfyUI\user\comfyui.log

[2026-05-18 18:38:25.471] [info]  [ComfyUI-Manager] Skipped fixing the 'comfyui-frontend-package' dependency because the ComfyUI is outdated.
[PRE] ComfyUI-Manager

[2026-05-18 18:38:25.868] [error] [comfy-env] comfyui-cadabra: 1 isolation env(s):
[2026-05-18 18:38:25.869] [error] 
[comfy-env]   nodes -> C:\Users\stduser\Documents\ComfyUI\custom_nodes\comfyui-cadabra\nodes

[2026-05-18 18:38:25.870] [error] [comfy-env] Workspace: C:\Users\stduser\AppData\Local\Programs\comfy-env
[comfy-env]     env: C:\Users\stduser\AppData\Local\Programs\comfy-env\.pixi\envs\cadabra-nodes  [OK]
[2026-05-18 18:38:25.871] [error] 

[2026-05-18 18:38:25.872] [error] [comfy-env] prestartup complete

[2026-05-18 18:38:25.976] [error] [comfy-env] ComfyUI-GeometryPack: 1 isolation env(s):
[2026-05-18 18:38:25.977] [error] 
[comfy-env]   nodes -> C:\Users\stduser\Documents\ComfyUI\custom_nodes\ComfyUI-GeometryPack\nodes

[2026-05-18 18:38:25.978] [error] [comfy-env]     env: C:\Users\stduser\AppData\Local\Programs\comfy-env\.pixi\envs\geometrypack-nodes  [OK]
[comfy-env] prestartup complete

[2026-05-18 18:38:30.410] [info]  Found comfy_kitchen backend triton: {'available': False, 'disabled': True, 'unavailable_reason': "ImportError: No module named 'triton'", 'capabilities': []}

[2026-05-18 18:38:30.412] [info]  Found comfy_kitchen backend eager: {'available': True, 'disabled': False, 'unavailable_reason': None, 'capabilities': ['apply_rope', 'apply_rope1', 'dequantize_mxfp8', 'dequantize_nvfp4', 'dequantize_per_tensor_fp8', 'quantize_mxfp8', 'quantize_nvfp4', 'quantize_per_tensor_fp8', 'scaled_mm_mxfp8', 'scaled_mm_nvfp4']}
Found comfy_kitchen backend cuda: {'available': False, 'disabled': True, 'unavailable_reason': 'CUDA not available on this system', 'capabilities': []}

[2026-05-18 18:38:30.434] [info]  Checkpoint files will always be loaded safely.

[2026-05-18 18:38:30.503] [info]  Total VRAM 16379 MB, total RAM 16379 MB
pytorch version: 2.10.0+cpu

[2026-05-18 18:38:30.504] [info]  Set vram state to: DISABLED
Device: cpu

[2026-05-18 18:38:31.467] [info]  Using sub quadratic optimization for attention, if you have memory or speed issues try using: --use-split-cross-attention

[2026-05-18 18:38:36.350] [info]  Python version: 3.12.11 (main, Aug 18 2025, 19:17:54) [MSC v.1944 64 bit (AMD64)]
ComfyUI version: 0.21.1

[2026-05-18 18:38:36.351] [info]  comfy-aimdo version: 0.3.0

[2026-05-18 18:38:36.353] [info]  comfy-kitchen version: 0.2.8

[2026-05-18 18:38:36.356] [info]  [Prompt Server] web root: C:\Users\stduser\.comfy-test-cache\desktop\ComfyUI\resources\ComfyUI\web_custom_versions\desktop_app

[2026-05-18 18:38:36.357] [info]  Asset seeder disabled

[2026-05-18 18:38:36.358] [info]  [START] ComfyUI-Manager

[2026-05-18 18:38:36.538] [info]  [ComfyUI-Manager] Using GitPython backend

[2026-05-18 18:38:36.599] [info]  [ComfyUI-Manager] network_mode: public

[2026-05-18 18:38:36.617] [info]  [ComfyUI-Manager] The matrix sharing feature has been disabled because the `matrix-nio` dependency is not installed.
	To use this feature, please run the following command:
	C:\Users\stduser\Documents\ComfyUI\.venv\Scripts\python.exe -m pip install matrix-nio


[2026-05-18 18:38:38.905] [error] [comfy-env] Version: 0.3.89
[2026-05-18 18:38:38.906] [error] 

[2026-05-18 18:38:39.542] [error] [comfy-env] register_nodes: comfyui-cadabra
[2026-05-18 18:38:39.543] [error] 

[2026-05-18 18:38:39.545] [error] [comfy-env] ComfyUI source dir: C:\Users\stduser\.comfy-test-cache\desktop\ComfyUI\resources\ComfyUI

[2026-05-18 18:38:39.547] [error] [comfy-env] Scanning nodes metadata (isolation root)...
[2026-05-18 18:38:39.548] [error] 

[2026-05-18 18:38:59.158] [error] [comfy-env] Scanned nodes: 39 nodes (19.6s)
[2026-05-18 18:38:59.160] [error] 

[2026-05-18 18:38:59.161] [error] [comfy-env] Scanned nodes root: 39 nodes (19.6s)

[2026-05-18 18:38:59.162] [error] [comfy-env] Imported nodes root: 39 nodes (isolation)
[2026-05-18 18:38:59.163] [error] 
[comfy-env] Registered 39 total nodes
[2026-05-18 18:38:59.164] [error] 

[2026-05-18 18:38:59.168] [info]  loading...

[2026-05-18 18:38:59.169] [info]  calling register_nodes

[2026-05-18 18:38:59.170] [error] [comfy-env] Version: 0.3.89
[2026-05-18 18:38:59.171] [error] 

[2026-05-18 18:38:59.191] [error] [comfy-env] register_nodes: ComfyUI-GeometryPack
[2026-05-18 18:38:59.193] [error] 

[2026-05-18 18:38:59.201] [error] [comfy-env] ComfyUI source dir: C:\Users\stduser\.comfy-test-cache\desktop\ComfyUI\resources\ComfyUI
[2026-05-18 18:38:59.202] [error] 

[2026-05-18 18:38:59.206] [error] [comfy-env] Scanning nodes metadata (isolation root)...
[2026-05-18 18:38:59.215] [error] 

[2026-05-18 18:39:13.552] [error] [comfy-env] Scanned nodes: 125 nodes (14.3s)
[2026-05-18 18:39:13.554] [error] 

[2026-05-18 18:39:13.554] [error] [comfy-env] Scanned nodes root: 125 nodes (14.3s)

[2026-05-18 18:39:13.557] [error] [comfy-env] Imported nodes root: 125 nodes (isolation)
[2026-05-18 18:39:13.558] [error] 
[comfy-env] Registered 125 total nodes
[2026-05-18 18:39:13.559] [error] 

[2026-05-18 18:39:14.906] [info]  ComfyUI-Multiband loaded: 15 nodes registered

[2026-05-18 18:39:14.910] [info]  
Import times for custom nodes:

[2026-05-18 18:39:14.911] [info]     0.0 seconds: C:\Users\stduser\.comfy-test-cache\desktop\ComfyUI\resources\ComfyUI\custom_nodes\websocket_image_save.py
   1.3 seconds: C:\Users\stduser\Documents\ComfyUI\custom_nodes\ComfyUI-Multiband
  14.4 seconds: C:\Users\stduser\Documents\ComfyUI\custom_nodes\ComfyUI-GeometryPack
  20.3 seconds: C:\Users\stduser\Documents\ComfyUI\custom_nodes\comfyui-cadabra


[2026-05-18 18:39:14.932] [info]  Context impl SQLiteImpl.

[2026-05-18 18:39:14.933] [info]  Will assume non-transactional DDL.

[2026-05-18 18:39:15.143] [info]  Starting server


[2026-05-18 18:39:15.144] [info]  To see the GUI go to: http://127.0.0.1:8000

[2026-05-18 18:39:23.644] [info]  [ComfyUI-Manager] The ComfyRegistry cache update is still in progress, so an outdated cache is being used.

[2026-05-18 18:39:23.768] [info]  FETCH DATA from: C:\Users\stduser\Documents\ComfyUI\.venv\Lib\site-packages\comfyui_manager\custom-node-list.json
[2026-05-18 18:39:23.798] [info]   [DONE]

[2026-05-18 18:39:29.420] [info]  [ComfyUI-Manager] The ComfyRegistry cache update is still in progress, so an outdated cache is being used.

[2026-05-18 18:39:29.537] [info]  FETCH DATA from: C:\Users\stduser\Documents\ComfyUI\.venv\Lib\site-packages\comfyui_manager\custom-node-list.json
[2026-05-18 18:39:29.560] [info]   [DONE]

[2026-05-18 18:39:47.731] [info]  got prompt

[2026-05-18 18:39:47.743] [info]  [comfyui-cadabra] python: C:\Users\stduser\AppData\Local\Programs\comfy-env\.pixi\envs\cadabra-nodes\python.exe
[2026-05-18 18:39:47.745] [info]  
[comfyui-cadabra] sys_path sent to worker: ['C:\\Users\\stduser\\.comfy-test-cache\\desktop\\ComfyUI\\resources\\ComfyUI', 'C:\\Users\\stduser\\Documents\\ComfyUI\\custom_nodes\\comfyui-cadabra', 'C:\\Users\\stduser\\AppData\\Local\\Programs\\comfy-env\\.pixi\\envs\\cadabra-nodes\\Lib\\site-packages', 'C:\\Users\\stduser\\Documents\\ComfyUI\\custom_nodes\\comfyui-cadabra']
[2026-05-18 18:39:47.746] [info]  

[2026-05-18 18:39:50.419] [error] [worker:comfyui-cadabra] ERROR: Failed to import comfy_kitchen, Error: No module named 'comfy_kitchen', fp8 and fp4 support will not be available.

[2026-05-18 18:39:54.449] [error] [18:39:54] [CADabra] Starting: IGES ReadFile(file=bellow_pipe.igs)

[2026-05-18 18:39:54.451] [error] [worker:comfyui-cadabra] INFO: Starting: IGES ReadFile(file=bellow_pipe.igs)

[2026-05-18 18:39:54.482] [error] [18:39:54] [CADabra] Completed: IGES ReadFile(file=bellow_pipe.igs) in 0.03s

[2026-05-18 18:39:54.484] [error] [worker:comfyui-cadabra] INFO: Completed: IGES ReadFile(file=bellow_pipe.igs) in 0.03s

[2026-05-18 18:39:54.488] [error] [18:39:54] [CADabra] Starting: IGES TransferRoots(file=bellow_pipe.igs)

[2026-05-18 18:39:54.489] [error] [worker:comfyui-cadabra] INFO: Starting: IGES TransferRoots(file=bellow_pipe.igs)

[2026-05-18 18:39:55.321] [error] [18:39:55] [CADabra] Completed: IGES TransferRoots(file=bellow_pipe.igs) in 0.83s

[2026-05-18 18:39:55.322] [error] [worker:comfyui-cadabra] INFO: Completed: IGES TransferRoots(file=bellow_pipe.igs) in 0.83s

[2026-05-18 18:39:55.422] [error] [comfyui-cadabra] Health check: ping (timeout=5.0s)...
[2026-05-18 18:39:55.423] [error] 

[2026-05-18 18:39:55.425] [error] [comfyui-cadabra] Health check: ok

[2026-05-18 18:39:55.589] [error] [18:39:55] [CADabra] Starting: CAD Edge Analysis(edges=1122)
[worker:comfyui-cadabra] INFO: Starting: CAD Edge Analysis(edges=1122)

[2026-05-18 18:39:55.895] [error] [18:39:55] [CADabra] Completed: CAD Edge Analysis(edges=1122) in 0.32s

[2026-05-18 18:39:55.897] [error] [worker:comfyui-cadabra] INFO: Completed: CAD Edge Analysis(edges=1122) in 0.32s

[2026-05-18 18:39:56.182] [error] [comfyui-cadabra] Health check: ping (timeout=5.0s)...
[2026-05-18 18:39:56.184] [error] 

[2026-05-18 18:39:56.186] [error] [comfyui-cadabra] Health check: ok
[2026-05-18 18:39:56.187] [error] 

[2026-05-18 18:39:56.323] [error] [18:39:56] [CADabra] Starting: CAD Face Analysis(faces=236)

[2026-05-18 18:39:56.324] [error] [worker:comfyui-cadabra] INFO: Starting: CAD Face Analysis(faces=236)

[2026-05-18 18:39:56.526] [error] [18:39:56] [CADabra] Completed: CAD Face Analysis(faces=236) in 0.20s

[2026-05-18 18:39:56.527] [error] [worker:comfyui-cadabra] INFO: Completed: CAD Face Analysis(faces=236) in 0.20s

[2026-05-18 18:39:56.534] [error] [18:39:56] [CADabra] Starting: CAD Adjacency Graph(faces=236)

[2026-05-18 18:39:56.535] [error] [worker:comfyui-cadabra] INFO: Starting: CAD Adjacency Graph(faces=236)

[2026-05-18 18:39:56.543] [error] [18:39:56] [CADabra] Completed: CAD Adjacency Graph(faces=236) in 0.01s

[2026-05-18 18:39:56.544] [error] [worker:comfyui-cadabra] INFO: Completed: CAD Adjacency Graph(faces=236) in 0.01s

[2026-05-18 18:40:03.317] [error] [comfyui-cadabra] Health check: ping (timeout=5.0s)...
[2026-05-18 18:40:03.319] [error] 

[2026-05-18 18:40:03.321] [error] [comfyui-cadabra] Health check: ok

[2026-05-18 18:40:03.452] [error] [comfyui-cadabra] Health check: ping (timeout=5.0s)...

[2026-05-18 18:40:03.456] [error] [comfyui-cadabra] Health check: ok

[2026-05-18 18:40:03.811] [error] [comfyui-cadabra] Health check: ping (timeout=5.0s)...
[2026-05-18 18:40:03.812] [error] 

[2026-05-18 18:40:03.814] [error] [comfyui-cadabra] Health check: ok

[2026-05-18 18:40:03.973] [info]  Prompt executed in 16.24 seconds

