[2026-05-12 15:49:42.719] [info]  setup plugin alembic.autogenerate.schemas

[2026-05-12 15:49:42.721] [info]  setup plugin alembic.autogenerate.tables
setup plugin alembic.autogenerate.types
setup plugin alembic.autogenerate.constraints
setup plugin alembic.autogenerate.defaults
setup plugin alembic.autogenerate.comments

[2026-05-12 15:49:43.156] [info]  Adding extra search path custom_nodes C:\Users\runneradmin\Documents\ComfyUI\custom_nodes
Adding extra search path download_model_base C:\Users\runneradmin\Documents\ComfyUI\models
Adding extra search path custom_nodes C:\Users\runneradmin\.comfy-test-cache\desktop\ComfyUI\resources\ComfyUI\custom_nodes

[2026-05-12 15:49:43.158] [info]  Setting output directory to: C:\Users\runneradmin\Documents\ComfyUI\output
Setting input directory to: C:\Users\runneradmin\Documents\ComfyUI\input
Setting user directory to: C:\Users\runneradmin\Documents\ComfyUI\user

[2026-05-12 15:49:44.670] [info]  [START] Security scan
[DONE] Security scan
** ComfyUI startup time: 2026-05-12 15:49:44.670
[2026-05-12 15:49:44.672] [info]  
** Platform: Windows
** Python version: 3.12.11 (main, Aug 18 2025, 19:17:54) [MSC v.1944 64 bit (AMD64)]
** Python executable: C:\Users\runneradmin\Documents\ComfyUI\.venv\Scripts\python.exe
** ComfyUI Path: C:\Users\runneradmin\.comfy-test-cache\desktop\ComfyUI\resources\ComfyUI
** ComfyUI Base Folder Path: C:\Users\runneradmin\.comfy-test-cache\desktop\ComfyUI\resources\ComfyUI

[2026-05-12 15:49:44.674] [info]  ** User directory: 
[2026-05-12 15:49:44.675] [info]  C:\Users\runneradmin\Documents\ComfyUI\user
** ComfyUI-Manager config path: C:\Users\runneradmin\Documents\ComfyUI\user\__manager\config.ini
** Log path: C:\Users\runneradmin\Documents\ComfyUI\user\comfyui.log

[2026-05-12 15:49:45.771] [info]  [ComfyUI-Manager] Skipped fixing the 'comfyui-frontend-package' dependency because the ComfyUI is outdated.

[2026-05-12 15:49:45.773] [info]  [PRE] ComfyUI-Manager

[2026-05-12 15:49:46.089] [error] [comfy-env] comfyui-cadabra: 1 isolation env(s):

[2026-05-12 15:49:46.091] [error] [comfy-env]   nodes -> C:\Users\runneradmin\Documents\ComfyUI\custom_nodes\comfyui-cadabra\nodes
[comfy-env] prestartup complete

[2026-05-12 15:49:46.120] [error] [comfy-env] ComfyUI-GeometryPack: 1 isolation env(s):
[2026-05-12 15:49:46.122] [error] 
[comfy-env]   nodes -> C:\Users\runneradmin\Documents\ComfyUI\custom_nodes\ComfyUI-GeometryPack\nodes
[comfy-env] prestartup complete

[2026-05-12 15:49:48.859] [info]  Found comfy_kitchen backend cuda: {'available': False, 'disabled': True, 'unavailable_reason': 'CUDA not available on this system', 'capabilities': []}

[2026-05-12 15:49:48.861] [info]  Found comfy_kitchen backend triton: {'available': False, 'disabled': True, 'unavailable_reason': "ImportError: No module named 'triton'", 'capabilities': []}
Found comfy_kitchen backend eager: {'available': True, 'disabled': False, 'unavailable_reason': None, 'capabilities': ['apply_rope', 'apply_rope1', 'dequantize_mxfp8', 'dequantize_nvfp4', 'dequantize_per_tensor_fp8', 'quantize_mxfp8', 'quantize_nvfp4', 'quantize_per_tensor_fp8', 'scaled_mm_mxfp8', 'scaled_mm_nvfp4']}

[2026-05-12 15:49:48.868] [info]  Checkpoint files will always be loaded safely.

[2026-05-12 15:49:48.883] [info]  Total VRAM 16383 MB, total RAM 16383 MB

[2026-05-12 15:49:48.886] [info]  pytorch version: 2.10.0+cpu
Set vram state to: DISABLED
Device: cpu

[2026-05-12 15:49:49.174] [info]  Using sub quadratic optimization for attention, if you have memory or speed issues try using: --use-split-cross-attention

[2026-05-12 15:49:51.682] [info]  Python version: 3.12.11 (main, Aug 18 2025, 19:17:54) [MSC v.1944 64 bit (AMD64)]
ComfyUI version: 0.21.0

[2026-05-12 15:49:51.684] [info]  comfy-aimdo version: 0.3.0
comfy-kitchen version: 0.2.8

[2026-05-12 15:49:51.689] [info]  [Prompt Server] web root: C:\Users\runneradmin\.comfy-test-cache\desktop\ComfyUI\resources\ComfyUI\web_custom_versions\desktop_app

[2026-05-12 15:49:51.692] [info]  Asset seeder disabled

[2026-05-12 15:49:51.693] [info]  [START] ComfyUI-Manager

[2026-05-12 15:49:51.818] [info]  [ComfyUI-Manager] Using GitPython backend

[2026-05-12 15:49:51.878] [info]  [ComfyUI-Manager] network_mode: public

[2026-05-12 15:49:51.884] [info]  [ComfyUI-Manager] The matrix sharing feature has been disabled because the `matrix-nio` dependency is not installed.
	To use this feature, please run the following command:
	C:\Users\runneradmin\Documents\ComfyUI\.venv\Scripts\python.exe -m pip install matrix-nio


[2026-05-12 15:49:53.631] [error] [comfy-env] Version: 0.3.84
[2026-05-12 15:49:53.633] [error] 

[2026-05-12 15:49:56.038] [info]  [comfy-env] Removed stale temp dir: C:\Users\RUNNER~1\AppData\Local\Temp\comfyui_pvenv_3eiht679

[2026-05-12 15:49:58.125] [info]  [comfy-env] Removed stale temp dir: C:\Users\RUNNER~1\AppData\Local\Temp\comfyui_pvenv_o5cul6ot

[2026-05-12 15:49:58.431] [error] [comfy-env] register_nodes: comfyui-cadabra
[2026-05-12 15:49:58.433] [error] 

[2026-05-12 15:49:58.436] [error] [comfy-env] ComfyUI source dir: C:\Users\runneradmin\.comfy-test-cache\desktop\ComfyUI\resources\ComfyUI
[2026-05-12 15:49:58.437] [error] 

[2026-05-12 15:49:58.439] [error] [comfy-env] Scanning nodes metadata (isolation root)...
[2026-05-12 15:49:58.441] [error] 

[2026-05-12 15:49:58.447] [error] [comfy-env] Cache hit for nodes: 39 nodes
[2026-05-12 15:49:58.448] [error] 
[comfy-env] Scanned nodes root: 39 nodes (0.0s)

[2026-05-12 15:49:58.450] [error] [comfy-env] Imported nodes root: 39 nodes (isolation)
[2026-05-12 15:49:58.451] [error] 

[2026-05-12 15:49:58.452] [error] [comfy-env] Registered 39 total nodes

[2026-05-12 15:49:58.457] [info]  loading...
calling register_nodes

[2026-05-12 15:49:58.461] [error] [comfy-env] Version: 0.3.84
[2026-05-12 15:49:58.463] [error] 

[2026-05-12 15:49:58.502] [error] [comfy-env] register_nodes: ComfyUI-GeometryPack
[2026-05-12 15:49:58.503] [error] 

[2026-05-12 15:49:58.516] [error] [comfy-env] ComfyUI source dir: C:\Users\runneradmin\.comfy-test-cache\desktop\ComfyUI\resources\ComfyUI
[2026-05-12 15:49:58.519] [error] 

[2026-05-12 15:49:58.524] [error] [comfy-env] Scanning nodes metadata (isolation root)...
[2026-05-12 15:49:58.525] [error] 

[2026-05-12 15:49:58.559] [error] [comfy-env] Cache hit for nodes: 125 nodes
[2026-05-12 15:49:58.561] [error] 
[comfy-env] Scanned nodes root: 125 nodes (0.0s)
[2026-05-12 15:49:58.562] [error] 

[2026-05-12 15:49:58.566] [error] [comfy-env] Imported nodes root: 125 nodes (isolation)
[2026-05-12 15:49:58.568] [error] 
[comfy-env] Registered 125 total nodes
[2026-05-12 15:49:58.569] [error] 

[2026-05-12 15:49:58.590] [info]  ComfyUI-Multiband loaded: 15 nodes registered

[2026-05-12 15:49:58.593] [info]  
Import times for custom nodes:

[2026-05-12 15:49:58.594] [info]     0.0 seconds: C:\Users\runneradmin\.comfy-test-cache\desktop\ComfyUI\resources\ComfyUI\custom_nodes\websocket_image_save.py
   0.0 seconds: C:\Users\runneradmin\Documents\ComfyUI\custom_nodes\ComfyUI-Multiband
   0.1 seconds: C:\Users\runneradmin\Documents\ComfyUI\custom_nodes\ComfyUI-GeometryPack
   4.8 seconds: C:\Users\runneradmin\Documents\ComfyUI\custom_nodes\comfyui-cadabra


[2026-05-12 15:49:58.599] [info]  Context impl SQLiteImpl.

[2026-05-12 15:49:58.601] [info]  Will assume non-transactional DDL.

[2026-05-12 15:49:58.608] [error] Failed to initialize database. Please ensure you have installed the latest requirements. If the error persists, please report this as in future the database will be required: Could not acquire lock on database 'C:/Users/runneradmin/Documents/ComfyUI/user/comfyui.db'. Another ComfyUI process may already be using it. Use --database-url to specify a separate database file.

[2026-05-12 15:49:58.691] [info]  Starting server


[2026-05-12 15:49:58.693] [info]  To see the GUI go to: http://127.0.0.1:8001

[2026-05-12 15:50:01.063] [info]  [ComfyUI-Manager] The ComfyRegistry cache update is still in progress, so an outdated cache is being used.

[2026-05-12 15:50:01.196] [info]  FETCH DATA from: C:\Users\runneradmin\Documents\ComfyUI\.venv\Lib\site-packages\comfyui_manager\custom-node-list.json
[2026-05-12 15:50:01.221] [info]   [DONE]

[2026-05-12 15:50:03.793] [info]  [ComfyUI-Manager] The ComfyRegistry cache update is still in progress, so an outdated cache is being used.

[2026-05-12 15:50:03.899] [info]  FETCH DATA from: C:\Users\runneradmin\Documents\ComfyUI\.venv\Lib\site-packages\comfyui_manager\custom-node-list.json
[2026-05-12 15:50:03.923] [info]   [DONE]

[2026-05-12 15:50:25.050] [info]  got prompt

[2026-05-12 15:50:25.056] [info]  WARNING: _path_exists: path should be string, bytes, os.PathLike or integer, not NoneType

[2026-05-12 15:50:25.072] [info]  [comfyui-cadabra] python: C:\ce\.pixi\envs\cadabra-nodes\python.exe
[2026-05-12 15:50:25.074] [info]  
[comfyui-cadabra] sys_path sent to worker: ['C:\\Users\\runneradmin\\.comfy-test-cache\\desktop\\ComfyUI\\resources\\ComfyUI', 'C:\\Users\\runneradmin\\Documents\\ComfyUI\\custom_nodes\\comfyui-cadabra', 'C:\\ce\\.pixi\\envs\\cadabra-nodes\\Lib\\site-packages', 'C:\\Users\\runneradmin\\Documents\\ComfyUI\\custom_nodes\\comfyui-cadabra']

[2026-05-12 15:50:28.018] [error] [worker:comfyui-cadabra] ERROR: Failed to import comfy_kitchen, Error: No module named 'comfy_kitchen', fp8 and fp4 support will not be available.

[2026-05-12 15:50:32.183] [error] [15:50:32] [CADabra] Starting: STEP ReadFile(file=wc.STEP)

[2026-05-12 15:50:32.186] [error] [worker:comfyui-cadabra] INFO: Starting: STEP ReadFile(file=wc.STEP)

[2026-05-12 15:50:32.331] [error] [15:50:32] [CADabra] Completed: STEP ReadFile(file=wc.STEP) in 0.15s

[2026-05-12 15:50:32.332] [error] [worker:comfyui-cadabra] INFO: Completed: STEP ReadFile(file=wc.STEP) in 0.15s

[2026-05-12 15:50:32.339] [error] [15:50:32] [CADabra] Starting: STEP TransferRoots(file=wc.STEP)

[2026-05-12 15:50:32.341] [error] [worker:comfyui-cadabra] INFO: Starting: STEP TransferRoots(file=wc.STEP)

[2026-05-12 15:50:32.862] [error] [15:50:32] [CADabra] Completed: STEP TransferRoots(file=wc.STEP) in 0.52s

[2026-05-12 15:50:32.864] [error] [worker:comfyui-cadabra] INFO: Completed: STEP TransferRoots(file=wc.STEP) in 0.52s

[2026-05-12 15:50:32.983] [error] [comfyui-cadabra] Health check: ping (timeout=5.0s)...

[2026-05-12 15:50:33.020] [error] [comfyui-cadabra] Health check: ok

[2026-05-12 15:50:33.167] [error] [15:50:33] [CADabra] Starting: BRepMesh(linear_deflection=0.1, angular_deflection=0.5)

[2026-05-12 15:50:33.169] [error] [worker:comfyui-cadabra] INFO: Starting: BRepMesh(linear_deflection=0.1, angular_deflection=0.5)

[2026-05-12 15:50:33.950] [error] [15:50:33] [CADabra] Completed: BRepMesh(linear_deflection=0.1, angular_deflection=0.5) in 0.78s

[2026-05-12 15:50:33.952] [error] [worker:comfyui-cadabra] INFO: Completed: BRepMesh(linear_deflection=0.1, angular_deflection=0.5) in 0.78s

[2026-05-12 15:50:34.884] [error] [comfyui-cadabra] Health check: ping (timeout=5.0s)...
[2026-05-12 15:50:34.885] [error] 

[2026-05-12 15:50:34.898] [error] [comfyui-cadabra] Health check: ok

[2026-05-12 15:50:35.162] [error] [comfyui-cadabra] Health check: ping (timeout=5.0s)...

[2026-05-12 15:50:35.170] [error] [comfyui-cadabra] Health check: ok
[2026-05-12 15:50:35.171] [error] 

[2026-05-12 15:50:35.286] [error] [comfyui-cadabra] Health check: ping (timeout=5.0s)...
[2026-05-12 15:50:35.288] [error] 

[2026-05-12 15:50:35.295] [error] [comfyui-cadabra] Health check: ok

[2026-05-12 15:50:35.535] [error] [comfyui-cadabra] Health check: ping (timeout=5.0s)...
[2026-05-12 15:50:35.536] [error] 

[2026-05-12 15:50:35.541] [error] [comfyui-cadabra] Health check: ok
[2026-05-12 15:50:35.543] [error] 

[2026-05-12 15:51:31.680] [info]  FETCH ComfyRegistry Data [DONE]

[2026-05-12 15:52:14.229] [info]  [ComfyUI-Manager] default cache updated: https://api.comfy.org/nodes

[2026-05-12 15:52:15.912] [info]  FETCH DATA from: C:\Users\runneradmin\Documents\ComfyUI\user\__manager\cache\1514988643_custom-node-list.json
[2026-05-12 15:52:16.453] [info]   [DONE]
[2026-05-12 15:52:16.454] [info]  

[2026-05-12 15:52:17.604] [info]  [ComfyUI-Manager] All startup tasks have been completed.

[2026-05-12 15:53:24.955] [info]  PreviewMultibandImage: Batch=1, Channels=13, Names=['height', 'normal_x', 'normal_y', 'normal_z', 'position_x', 'position_y', 'position_z', 'face_id', 'curv_gauss', 'curv_mean', 'curv_min', 'curv_max', 'hit_mask']
[2026-05-12 15:53:24.957] [info]  

[2026-05-12 15:53:27.359] [info]  Prompt executed in 182.31 seconds

