[2026-05-19 11:36:50.030] [info]  setup plugin alembic.autogenerate.schemas

[2026-05-19 11:36:50.033] [info]  setup plugin alembic.autogenerate.tables
setup plugin alembic.autogenerate.types
setup plugin alembic.autogenerate.constraints
setup plugin alembic.autogenerate.defaults
setup plugin alembic.autogenerate.comments

[2026-05-19 11:36:50.471] [info]  Adding extra search path custom_nodes C:\Users\stduser\Documents\ComfyUI\custom_nodes
Adding extra search path download_model_base C:\Users\stduser\Documents\ComfyUI\models

[2026-05-19 11:36:50.472] [info]  Adding extra search path custom_nodes C:\Users\stduser\.comfy-test-cache\desktop\ComfyUI\resources\ComfyUI\custom_nodes
Setting output directory to: C:\Users\stduser\Documents\ComfyUI\output
Setting input directory to: C:\Users\stduser\Documents\ComfyUI\input
Setting user directory to: C:\Users\stduser\Documents\ComfyUI\user

[2026-05-19 11:36:52.010] [info]  [START] Security scan
[DONE] Security scan
** ComfyUI startup time: 
[2026-05-19 11:36:52.011] [info]  2026-05-19 11:36:52.008
** Platform: Windows
** Python version: 3.12.11 (main, Aug 18 2025, 19:17:54) [MSC v.1944 64 bit (AMD64)]
** Python executable: C:\Users\stduser\Documents\ComfyUI\.venv\Scripts\python.exe
** ComfyUI Path: C:\Users\stduser\.comfy-test-cache\desktop\ComfyUI\resources\ComfyUI
** ComfyUI Base Folder Path: C:\Users\stduser\.comfy-test-cache\desktop\ComfyUI\resources\ComfyUI

[2026-05-19 11:36:52.013] [info]  ** User directory: 
[2026-05-19 11:36:52.014] [info]  C:\Users\stduser\Documents\ComfyUI\user
** ComfyUI-Manager config path: C:\Users\stduser\Documents\ComfyUI\user\__manager\config.ini
** Log path: C:\Users\stduser\Documents\ComfyUI\user\comfyui.log

[2026-05-19 11:36:53.196] [info]  [ComfyUI-Manager] Skipped fixing the 'comfyui-frontend-package' dependency because the ComfyUI is outdated.

[2026-05-19 11:36:53.198] [info]  [PRE] ComfyUI-Manager

[2026-05-19 11:36:53.576] [error] [comfy-env] comfyui-cadabra: 1 isolation env(s):
[2026-05-19 11:36:53.578] [error] 
[comfy-env]   nodes -> C:\Users\stduser\Documents\ComfyUI\custom_nodes\comfyui-cadabra\nodes

[2026-05-19 11:36:53.579] [error] [comfy-env] Workspace: C:\Users\stduser\AppData\Local\Programs\comfy-env

[2026-05-19 11:36:53.580] [error] [comfy-env]     env: C:\Users\stduser\AppData\Local\Programs\comfy-env\.pixi\envs\cadabra-nodes  [OK]

[2026-05-19 11:36:53.582] [error] [comfy-env] prestartup complete

[2026-05-19 11:36:53.619] [error] [comfy-env] ComfyUI-GeometryPack: 1 isolation env(s):
[2026-05-19 11:36:53.620] [error] 
[comfy-env]   nodes -> C:\Users\stduser\Documents\ComfyUI\custom_nodes\ComfyUI-GeometryPack\nodes

[2026-05-19 11:36:53.622] [error] [comfy-env]     env: C:\Users\stduser\AppData\Local\Programs\comfy-env\.pixi\envs\geometrypack-nodes  [OK]
[comfy-env] prestartup complete
[2026-05-19 11:36:53.623] [error] 

[2026-05-19 11:36:56.612] [info]  Found comfy_kitchen backend eager: {'available': True, 'disabled': False, 'unavailable_reason': None, 'capabilities': ['apply_rope', 'apply_rope1', 'dequantize_mxfp8', 'dequantize_nvfp4', 'dequantize_per_tensor_fp8', 'quantize_mxfp8', 'quantize_nvfp4', 'quantize_per_tensor_fp8', 'scaled_mm_mxfp8', 'scaled_mm_nvfp4']}

[2026-05-19 11:36:56.614] [info]  Found comfy_kitchen backend cuda: {'available': False, 'disabled': True, 'unavailable_reason': 'CUDA not available on this system', 'capabilities': []}
Found comfy_kitchen backend triton: {'available': False, 'disabled': True, 'unavailable_reason': "ImportError: No module named 'triton'", 'capabilities': []}

[2026-05-19 11:36:56.622] [info]  Checkpoint files will always be loaded safely.

[2026-05-19 11:36:56.648] [info]  Total VRAM 16379 MB, total RAM 16379 MB

[2026-05-19 11:36:56.652] [info]  pytorch version: 2.10.0+cpu

[2026-05-19 11:36:56.656] [info]  Set vram state to: DISABLED

[2026-05-19 11:36:56.657] [info]  Device: cpu

[2026-05-19 11:36:56.970] [info]  Using sub quadratic optimization for attention, if you have memory or speed issues try using: --use-split-cross-attention

[2026-05-19 11:36:59.732] [info]  Python version: 3.12.11 (main, Aug 18 2025, 19:17:54) [MSC v.1944 64 bit (AMD64)]

[2026-05-19 11:36:59.733] [info]  ComfyUI version: 0.21.1
comfy-aimdo version: 0.3.0

[2026-05-19 11:36:59.734] [info]  comfy-kitchen version: 0.2.8

[2026-05-19 11:36:59.737] [info]  [Prompt Server] web root: C:\Users\stduser\.comfy-test-cache\desktop\ComfyUI\resources\ComfyUI\web_custom_versions\desktop_app

[2026-05-19 11:36:59.739] [info]  Asset seeder disabled

[2026-05-19 11:36:59.741] [info]  [START] ComfyUI-Manager

[2026-05-19 11:36:59.942] [info]  [ComfyUI-Manager] Using GitPython backend

[2026-05-19 11:36:59.975] [info]  [ComfyUI-Manager] network_mode: public

[2026-05-19 11:36:59.999] [info]  [ComfyUI-Manager] The matrix sharing feature has been disabled because the `matrix-nio` dependency is not installed.
	To use this feature, please run the following command:
	C:\Users\stduser\Documents\ComfyUI\.venv\Scripts\python.exe -m pip install matrix-nio


[2026-05-19 11:37:01.899] [error] [comfy-env] Version: 0.3.89
[2026-05-19 11:37:01.900] [error] 

[2026-05-19 11:37:02.641] [error] [comfy-env] register_nodes: comfyui-cadabra
[2026-05-19 11:37:02.643] [error] 

[2026-05-19 11:37:02.647] [error] [comfy-env] ComfyUI source dir: C:\Users\stduser\.comfy-test-cache\desktop\ComfyUI\resources\ComfyUI
[2026-05-19 11:37:02.648] [error] 

[2026-05-19 11:37:02.651] [error] [comfy-env] Scanning nodes metadata (isolation root)...
[2026-05-19 11:37:02.652] [error] 

[2026-05-19 11:37:02.882] [error] [comfy-env] Cache hit for nodes: 39 nodes
[2026-05-19 11:37:02.884] [error] 
[comfy-env] Scanned nodes root: 39 nodes (0.2s)

[2026-05-19 11:37:02.885] [error] [comfy-env] Imported nodes root: 39 nodes (isolation)

[2026-05-19 11:37:02.887] [error] [comfy-env] Registered 39 total nodes

[2026-05-19 11:37:02.890] [info]  loading...

[2026-05-19 11:37:02.891] [info]  calling register_nodes

[2026-05-19 11:37:02.892] [error] [comfy-env] Version: 0.3.89
[2026-05-19 11:37:02.894] [error] 

[2026-05-19 11:37:02.914] [error] [comfy-env] register_nodes: ComfyUI-GeometryPack
[2026-05-19 11:37:02.917] [error] 

[2026-05-19 11:37:02.939] [error] [comfy-env] ComfyUI source dir: C:\Users\stduser\.comfy-test-cache\desktop\ComfyUI\resources\ComfyUI
[2026-05-19 11:37:02.940] [error] 

[2026-05-19 11:37:02.943] [error] [comfy-env] Scanning nodes metadata (isolation root)...
[2026-05-19 11:37:02.944] [error] 

[2026-05-19 11:37:02.986] [error] [comfy-env] Cache hit for nodes: 125 nodes
[2026-05-19 11:37:02.988] [error] 
[comfy-env] Scanned nodes root: 125 nodes (0.0s)

[2026-05-19 11:37:02.993] [error] [comfy-env] Imported nodes root: 125 nodes (isolation)
[2026-05-19 11:37:02.995] [error] 

[2026-05-19 11:37:02.997] [error] [comfy-env] Registered 125 total nodes
[2026-05-19 11:37:02.999] [error] 

[2026-05-19 11:37:03.024] [info]  ComfyUI-Multiband loaded: 15 nodes registered

[2026-05-19 11:37:03.041] [info]  
Import times for custom nodes:

[2026-05-19 11:37:03.043] [info]     0.0 seconds: C:\Users\stduser\.comfy-test-cache\desktop\ComfyUI\resources\ComfyUI\custom_nodes\websocket_image_save.py
   0.0 seconds: C:\Users\stduser\Documents\ComfyUI\custom_nodes\ComfyUI-Multiband
   0.1 seconds: C:\Users\stduser\Documents\ComfyUI\custom_nodes\ComfyUI-GeometryPack
   1.0 seconds: C:\Users\stduser\Documents\ComfyUI\custom_nodes\comfyui-cadabra


[2026-05-19 11:37:03.049] [info]  Context impl SQLiteImpl.

[2026-05-19 11:37:03.050] [info]  Will assume non-transactional DDL.

[2026-05-19 11:37:03.059] [error] Failed to initialize database. Please ensure you have installed the latest requirements. If the error persists, please report this as in future the database will be required: Could not acquire lock on database 'C:/Users/stduser/Documents/ComfyUI/user/comfyui.db'. Another ComfyUI process may already be using it. Use --database-url to specify a separate database file.

[2026-05-19 11:37:03.160] [info]  Starting server


[2026-05-19 11:37:03.162] [info]  To see the GUI go to: http://127.0.0.1:8001

[2026-05-19 11:37:04.967] [info]  [ComfyUI-Manager] The ComfyRegistry cache update is still in progress, so an outdated cache is being used.

[2026-05-19 11:37:05.083] [info]  FETCH DATA from: C:\Users\stduser\Documents\ComfyUI\.venv\Lib\site-packages\comfyui_manager\custom-node-list.json
[2026-05-19 11:37:05.107] [info]   [DONE]

[2026-05-19 11:37:07.939] [error] Exception in callback _ProactorBasePipeTransport._call_connection_lost(None)
handle: <Handle _ProactorBasePipeTransport._call_connection_lost(None)>
Traceback (most recent call last):
  File "C:\Users\stduser\AppData\Roaming\uv\python\cpython-3.12.11-windows-x86_64-none\Lib\asyncio\events.py", line 88, in _run
    self._context.run(self._callback, *self._args)
  File "C:\Users\stduser\AppData\Roaming\uv\python\cpython-3.12.11-windows-x86_64-none\Lib\asyncio\proactor_events.py", line 165, in _call_connection_lost
    self._sock.shutdown(socket.SHUT_RDWR)
ConnectionResetError: [WinError 10054] An existing connection was forcibly closed by the remote host

[2026-05-19 11:37:09.266] [info]  [ComfyUI-Manager] The ComfyRegistry cache update is still in progress, so an outdated cache is being used.

[2026-05-19 11:37:09.386] [info]  FETCH DATA from: C:\Users\stduser\Documents\ComfyUI\.venv\Lib\site-packages\comfyui_manager\custom-node-list.json
[2026-05-19 11:37:09.410] [info]   [DONE]

[2026-05-19 11:37:32.015] [info]  got prompt

[2026-05-19 11:37:32.040] [info]  [comfyui-cadabra] python: C:\Users\stduser\AppData\Local\Programs\comfy-env\.pixi\envs\cadabra-nodes\python.exe
[2026-05-19 11:37:32.041] [info]  
[comfyui-cadabra] sys_path sent to worker: ['C:\\Users\\stduser\\.comfy-test-cache\\desktop\\ComfyUI\\resources\\ComfyUI', 'C:\\Users\\stduser\\Documents\\ComfyUI\\custom_nodes\\comfyui-cadabra', 'C:\\Users\\stduser\\AppData\\Local\\Programs\\comfy-env\\.pixi\\envs\\cadabra-nodes\\Lib\\site-packages', 'C:\\Users\\stduser\\Documents\\ComfyUI\\custom_nodes\\comfyui-cadabra']

[2026-05-19 11:37:35.996] [error] [worker:comfyui-cadabra] ERROR: Failed to import comfy_kitchen, Error: No module named 'comfy_kitchen', fp8 and fp4 support will not be available.

[2026-05-19 11:37:40.485] [error] [11:37:40] [CADabra] Starting: STEP ReadFile(file=spiral_wind_turbine.stp)

[2026-05-19 11:37:40.486] [error] [worker:comfyui-cadabra] INFO: Starting: STEP ReadFile(file=spiral_wind_turbine.stp)

[2026-05-19 11:37:40.521] [error] [11:37:40] [CADabra] Completed: STEP ReadFile(file=spiral_wind_turbine.stp) in 0.04s

[2026-05-19 11:37:40.523] [error] [worker:comfyui-cadabra] INFO: Completed: STEP ReadFile(file=spiral_wind_turbine.stp) in 0.04s

[2026-05-19 11:37:40.527] [error] [11:37:40] [CADabra] Starting: STEP TransferRoots(file=spiral_wind_turbine.stp)

[2026-05-19 11:37:40.528] [error] [worker:comfyui-cadabra] INFO: Starting: STEP TransferRoots(file=spiral_wind_turbine.stp)

[2026-05-19 11:37:40.721] [error] [11:37:40] [CADabra] Completed: STEP TransferRoots(file=spiral_wind_turbine.stp) in 0.19s

[2026-05-19 11:37:40.723] [error] [worker:comfyui-cadabra] INFO: Completed: STEP TransferRoots(file=spiral_wind_turbine.stp) in 0.19s

[2026-05-19 11:37:40.773] [error] [comfyui-cadabra] Health check: ping (timeout=5.0s)...

[2026-05-19 11:37:40.778] [error] [comfyui-cadabra] Health check: ok

[2026-05-19 11:37:40.852] [error] [11:37:40] [CADabra] Starting: BRepMesh(linear_deflection=0.1, angular_deflection=0.5)

[2026-05-19 11:37:40.854] [error] [worker:comfyui-cadabra] INFO: Starting: BRepMesh(linear_deflection=0.1, angular_deflection=0.5)

[2026-05-19 11:37:40.949] [error] [11:37:40] [CADabra] Completed: BRepMesh(linear_deflection=0.1, angular_deflection=0.5) in 0.10s

[2026-05-19 11:37:40.951] [error] [worker:comfyui-cadabra] INFO: Completed: BRepMesh(linear_deflection=0.1, angular_deflection=0.5) in 0.10s

[2026-05-19 11:37:41.070] [error] [comfyui-cadabra] Health check: ping (timeout=5.0s)...
[2026-05-19 11:37:41.071] [error] 

[2026-05-19 11:37:41.075] [error] [comfyui-cadabra] Health check: ok

[2026-05-19 11:37:41.209] [error] [comfyui-cadabra] Health check: ping (timeout=5.0s)...
[2026-05-19 11:37:41.211] [error] 

[2026-05-19 11:37:41.217] [error] [comfyui-cadabra] Health check: ok

[2026-05-19 11:37:41.374] [error] [comfyui-cadabra] Health check: ping (timeout=5.0s)...
[2026-05-19 11:37:41.376] [error] 

[2026-05-19 11:37:41.380] [error] [comfyui-cadabra] Health check: ok

[2026-05-19 11:37:52.073] [error] [comfyui-cadabra] Health check: ping (timeout=5.0s)...

[2026-05-19 11:37:52.095] [error] [comfyui-cadabra] Health check: ok

[2026-05-19 11:37:52.373] [error] [11:37:52] [CADabra] Starting: BRepMesh(linear_deflection=0.1, angular_deflection=0.5)

[2026-05-19 11:37:52.377] [error] [worker:comfyui-cadabra] INFO: Starting: BRepMesh(linear_deflection=0.1, angular_deflection=0.5)

[2026-05-19 11:37:52.557] [error] [11:37:52] [CADabra] Completed: BRepMesh(linear_deflection=0.1, angular_deflection=0.5) in 0.18s

[2026-05-19 11:37:52.576] [error] [worker:comfyui-cadabra] INFO: Completed: BRepMesh(linear_deflection=0.1, angular_deflection=0.5) in 0.18s

[2026-05-19 11:37:52.891] [info]  Prompt executed in 20.84 seconds

