[2026-05-19 11:40:49.499] [info]  setup plugin alembic.autogenerate.schemas

[2026-05-19 11:40:49.501] [info]  setup plugin alembic.autogenerate.tables
setup plugin alembic.autogenerate.types
setup plugin alembic.autogenerate.constraints
setup plugin alembic.autogenerate.defaults
setup plugin alembic.autogenerate.comments

[2026-05-19 11:40:49.964] [info]  Adding extra search path custom_nodes C:\Users\stduser\Documents\ComfyUI\custom_nodes
Adding extra search path download_model_base C:\Users\stduser\Documents\ComfyUI\models

[2026-05-19 11:40:49.966] [info]  Adding extra search path custom_nodes C:\Users\stduser\.comfy-test-cache\desktop\ComfyUI\resources\ComfyUI\custom_nodes
Setting output directory to: C:\Users\stduser\Documents\ComfyUI\output
Setting input directory to: C:\Users\stduser\Documents\ComfyUI\input
Setting user directory to: C:\Users\stduser\Documents\ComfyUI\user

[2026-05-19 11:40:51.563] [info]  [START] Security scan
[DONE] Security scan
** ComfyUI startup time: 2026-05-19 11:40:51.564
[2026-05-19 11:40:51.565] [info]  
** Platform: Windows
** Python version: 3.12.11 (main, Aug 18 2025, 19:17:54) [MSC v.1944 64 bit (AMD64)]
** Python executable: C:\Users\stduser\Documents\ComfyUI\.venv\Scripts\python.exe
** ComfyUI Path: C:\Users\stduser\.comfy-test-cache\desktop\ComfyUI\resources\ComfyUI
** ComfyUI Base Folder Path: C:\Users\stduser\.comfy-test-cache\desktop\ComfyUI\resources\ComfyUI

[2026-05-19 11:40:51.574] [info]  ** User directory: 
[2026-05-19 11:40:51.575] [info]  C:\Users\stduser\Documents\ComfyUI\user
** ComfyUI-Manager config path: C:\Users\stduser\Documents\ComfyUI\user\__manager\config.ini
** Log path: C:\Users\stduser\Documents\ComfyUI\user\comfyui.log

[2026-05-19 11:40:52.775] [info]  [ComfyUI-Manager] Skipped fixing the 'comfyui-frontend-package' dependency because the ComfyUI is outdated.

[2026-05-19 11:40:52.777] [info]  [PRE] ComfyUI-Manager

[2026-05-19 11:40:53.163] [error] [comfy-env] comfyui-cadabra: 1 isolation env(s):
[2026-05-19 11:40:53.165] [error] 
[comfy-env]   nodes -> C:\Users\stduser\Documents\ComfyUI\custom_nodes\comfyui-cadabra\nodes

[2026-05-19 11:40:53.166] [error] [comfy-env] Workspace: C:\Users\stduser\AppData\Local\Programs\comfy-env
[comfy-env]     env: C:\Users\stduser\AppData\Local\Programs\comfy-env\.pixi\envs\cadabra-nodes  [OK]

[2026-05-19 11:40:53.167] [error] [comfy-env] prestartup complete
[2026-05-19 11:40:53.169] [error] 

[2026-05-19 11:40:53.209] [error] [comfy-env] ComfyUI-GeometryPack: 1 isolation env(s):
[2026-05-19 11:40:53.210] [error] 
[comfy-env]   nodes -> C:\Users\stduser\Documents\ComfyUI\custom_nodes\ComfyUI-GeometryPack\nodes

[2026-05-19 11:40:53.212] [error] [comfy-env]     env: C:\Users\stduser\AppData\Local\Programs\comfy-env\.pixi\envs\geometrypack-nodes  [OK]
[comfy-env] prestartup complete
[2026-05-19 11:40:53.213] [error] 

[2026-05-19 11:40:56.200] [info]  Found comfy_kitchen backend cuda: {'available': False, 'disabled': True, 'unavailable_reason': 'CUDA not available on this system', 'capabilities': []}

[2026-05-19 11:40:56.201] [info]  Found comfy_kitchen backend eager: {'available': True, 'disabled': False, 'unavailable_reason': None, 'capabilities': ['apply_rope', 'apply_rope1', 'dequantize_mxfp8', 'dequantize_nvfp4', 'dequantize_per_tensor_fp8', 'quantize_mxfp8', 'quantize_nvfp4', 'quantize_per_tensor_fp8', 'scaled_mm_mxfp8', 'scaled_mm_nvfp4']}
Found comfy_kitchen backend triton: {'available': False, 'disabled': True, 'unavailable_reason': "ImportError: No module named 'triton'", 'capabilities': []}

[2026-05-19 11:40:56.209] [info]  Checkpoint files will always be loaded safely.

[2026-05-19 11:40:56.246] [info]  Total VRAM 16379 MB, total RAM 16379 MB
pytorch version: 2.10.0+cpu
Set vram state to: DISABLED
Device: cpu

[2026-05-19 11:40:56.547] [info]  Using sub quadratic optimization for attention, if you have memory or speed issues try using: --use-split-cross-attention

[2026-05-19 11:40:59.381] [info]  Python version: 3.12.11 (main, Aug 18 2025, 19:17:54) [MSC v.1944 64 bit (AMD64)]

[2026-05-19 11:40:59.382] [info]  ComfyUI version: 0.21.1
comfy-aimdo version: 0.3.0

[2026-05-19 11:40:59.383] [info]  comfy-kitchen version: 0.2.8

[2026-05-19 11:40:59.386] [info]  [Prompt Server] web root: C:\Users\stduser\.comfy-test-cache\desktop\ComfyUI\resources\ComfyUI\web_custom_versions\desktop_app

[2026-05-19 11:40:59.388] [info]  Asset seeder disabled

[2026-05-19 11:40:59.389] [info]  [START] ComfyUI-Manager

[2026-05-19 11:40:59.554] [info]  [ComfyUI-Manager] Using GitPython backend

[2026-05-19 11:40:59.624] [info]  [ComfyUI-Manager] network_mode: public

[2026-05-19 11:40:59.631] [info]  [ComfyUI-Manager] The matrix sharing feature has been disabled because the `matrix-nio` dependency is not installed.
	To use this feature, please run the following command:
	C:\Users\stduser\Documents\ComfyUI\.venv\Scripts\python.exe -m pip install matrix-nio


[2026-05-19 11:41:01.645] [error] [comfy-env] Version: 0.3.89
[2026-05-19 11:41:01.647] [error] 

[2026-05-19 11:41:02.006] [info]  [comfy-env] Removed stale temp dir: C:\Users\stduser\AppData\Local\Temp\comfyui_pvenv_eyjueozf

[2026-05-19 11:41:02.656] [error] [comfy-env] register_nodes: comfyui-cadabra
[2026-05-19 11:41:02.657] [error] 

[2026-05-19 11:41:02.661] [error] [comfy-env] ComfyUI source dir: C:\Users\stduser\.comfy-test-cache\desktop\ComfyUI\resources\ComfyUI
[2026-05-19 11:41:02.663] [error] 

[2026-05-19 11:41:02.666] [error] [comfy-env] Scanning nodes metadata (isolation root)...
[2026-05-19 11:41:02.670] [error] 

[2026-05-19 11:41:02.675] [error] [comfy-env] Cache hit for nodes: 39 nodes
[2026-05-19 11:41:02.678] [error] 
[comfy-env] Scanned nodes root: 39 nodes (0.0s)

[2026-05-19 11:41:02.680] [error] [comfy-env] Imported nodes root: 39 nodes (isolation)
[2026-05-19 11:41:02.681] [error] 

[2026-05-19 11:41:02.684] [error] [comfy-env] Registered 39 total nodes
[2026-05-19 11:41:02.685] [error] 

[2026-05-19 11:41:02.690] [info]  loading...

[2026-05-19 11:41:02.693] [info]  calling register_nodes

[2026-05-19 11:41:02.695] [error] [comfy-env] Version: 0.3.89
[2026-05-19 11:41:02.697] [error] 

[2026-05-19 11:41:02.722] [error] [comfy-env] register_nodes: ComfyUI-GeometryPack
[2026-05-19 11:41:02.725] [error] 

[2026-05-19 11:41:02.746] [error] [comfy-env] ComfyUI source dir: C:\Users\stduser\.comfy-test-cache\desktop\ComfyUI\resources\ComfyUI
[2026-05-19 11:41:02.748] [error] 

[2026-05-19 11:41:02.751] [error] [comfy-env] Scanning nodes metadata (isolation root)...
[2026-05-19 11:41:02.753] [error] 

[2026-05-19 11:41:02.797] [error] [comfy-env] Cache hit for nodes: 125 nodes
[2026-05-19 11:41:02.798] [error] 
[comfy-env] Scanned nodes root: 125 nodes (0.0s)

[2026-05-19 11:41:02.807] [error] [comfy-env] Imported nodes root: 125 nodes (isolation)
[2026-05-19 11:41:02.808] [error] 
[comfy-env] Registered 125 total nodes

[2026-05-19 11:41:02.834] [info]  ComfyUI-Multiband loaded: 15 nodes registered

[2026-05-19 11:41:02.852] [info]  
Import times for custom nodes:

[2026-05-19 11:41:02.855] [info]     0.0 seconds: C:\Users\stduser\.comfy-test-cache\desktop\ComfyUI\resources\ComfyUI\custom_nodes\websocket_image_save.py

[2026-05-19 11:41:02.857] [info]     0.0 seconds: C:\Users\stduser\Documents\ComfyUI\custom_nodes\ComfyUI-Multiband
   0.1 seconds: C:\Users\stduser\Documents\ComfyUI\custom_nodes\ComfyUI-GeometryPack
   1.0 seconds: C:\Users\stduser\Documents\ComfyUI\custom_nodes\comfyui-cadabra


[2026-05-19 11:41:02.862] [info]  Context impl SQLiteImpl.

[2026-05-19 11:41:02.863] [info]  Will assume non-transactional DDL.

[2026-05-19 11:41:02.877] [error] Failed to initialize database. Please ensure you have installed the latest requirements. If the error persists, please report this as in future the database will be required: Could not acquire lock on database 'C:/Users/stduser/Documents/ComfyUI/user/comfyui.db'. Another ComfyUI process may already be using it. Use --database-url to specify a separate database file.

[2026-05-19 11:41:02.986] [info]  Starting server


[2026-05-19 11:41:02.988] [info]  To see the GUI go to: http://127.0.0.1:8001

[2026-05-19 11:41:05.874] [info]  [ComfyUI-Manager] The ComfyRegistry cache update is still in progress, so an outdated cache is being used.

[2026-05-19 11:41:06.083] [info]  FETCH DATA from: C:\Users\stduser\Documents\ComfyUI\.venv\Lib\site-packages\comfyui_manager\custom-node-list.json
[2026-05-19 11:41:06.133] [info]   [DONE]

[2026-05-19 11:41:09.225] [info]  [ComfyUI-Manager] The ComfyRegistry cache update is still in progress, so an outdated cache is being used.

[2026-05-19 11:41:09.436] [info]  FETCH DATA from: C:\Users\stduser\Documents\ComfyUI\.venv\Lib\site-packages\comfyui_manager\custom-node-list.json
[2026-05-19 11:41:09.470] [info]   [DONE]

[2026-05-19 11:41:32.492] [info]  got prompt

[2026-05-19 11:41:32.521] [info]  [comfyui-cadabra] python: C:\Users\stduser\AppData\Local\Programs\comfy-env\.pixi\envs\cadabra-nodes\python.exe
[2026-05-19 11:41:32.523] [info]  
[comfyui-cadabra] sys_path sent to worker: ['C:\\Users\\stduser\\.comfy-test-cache\\desktop\\ComfyUI\\resources\\ComfyUI', 'C:\\Users\\stduser\\Documents\\ComfyUI\\custom_nodes\\comfyui-cadabra', 'C:\\Users\\stduser\\AppData\\Local\\Programs\\comfy-env\\.pixi\\envs\\cadabra-nodes\\Lib\\site-packages', 'C:\\Users\\stduser\\Documents\\ComfyUI\\custom_nodes\\comfyui-cadabra']

[2026-05-19 11:41:36.087] [error] [worker:comfyui-cadabra] ERROR: Failed to import comfy_kitchen, Error: No module named 'comfy_kitchen', fp8 and fp4 support will not be available.

[2026-05-19 11:41:40.046] [error] [comfyui-cadabra] Health check: ping (timeout=5.0s)...
[2026-05-19 11:41:40.048] [error] 

[2026-05-19 11:41:40.067] [error] [comfyui-cadabra] Health check: ok

[2026-05-19 11:41:40.257] [error] [11:41:40] [CADabra] Starting: BRepMesh(linear_deflection=0.1, angular_deflection=0.5)

[2026-05-19 11:41:40.259] [error] [worker:comfyui-cadabra] INFO: Starting: BRepMesh(linear_deflection=0.1, angular_deflection=0.5)

[2026-05-19 11:41:40.367] [error] [11:41:40] [CADabra] Completed: BRepMesh(linear_deflection=0.1, angular_deflection=0.5) in 0.11s

[2026-05-19 11:41:40.368] [error] [worker:comfyui-cadabra] INFO: Completed: BRepMesh(linear_deflection=0.1, angular_deflection=0.5) in 0.11s

[2026-05-19 11:41:40.565] [error] [comfyui-cadabra] Health check: ping (timeout=5.0s)...
[2026-05-19 11:41:40.568] [error] 

[2026-05-19 11:41:40.587] [error] [comfyui-cadabra] Health check: ok

[2026-05-19 11:41:41.017] [error] [11:41:41] [CADabra] Starting: BRepMesh(linear_deflection=0.1, angular_deflection=0.5, relative=False, parallel=False, min_size=0.0)

[2026-05-19 11:41:41.037] [error] [worker:comfyui-cadabra] INFO: Starting: BRepMesh(linear_deflection=0.1, angular_deflection=0.5, relative=False, parallel=False, min_size=0.0)

[2026-05-19 11:41:41.991] [error] [11:41:41] [CADabra] Completed: BRepMesh(linear_deflection=0.1, angular_deflection=0.5, relative=False, parallel=False, min_size=0.0) in 0.97s

[2026-05-19 11:41:42.011] [error] [worker:comfyui-cadabra] INFO: Completed: BRepMesh(linear_deflection=0.1, angular_deflection=0.5, relative=False, parallel=False, min_size=0.0) in 0.97s

[2026-05-19 11:42:10.493] [info]  [ComfyUI-GeometryPack] python: C:\Users\stduser\AppData\Local\Programs\comfy-env\.pixi\envs\geometrypack-nodes\python.exe
[2026-05-19 11:42:10.495] [info]  
[ComfyUI-GeometryPack] sys_path sent to worker: ['C:\\Users\\stduser\\.comfy-test-cache\\desktop\\ComfyUI\\resources\\ComfyUI', 'C:\\Users\\stduser\\Documents\\ComfyUI\\custom_nodes\\ComfyUI-GeometryPack', 'C:\\Users\\stduser\\AppData\\Local\\Programs\\comfy-env\\.pixi\\envs\\geometrypack-nodes\\Lib\\site-packages', 'C:\\Users\\stduser\\Documents\\ComfyUI\\custom_nodes\\ComfyUI-GeometryPack']

[2026-05-19 11:42:48.586] [error] [worker:ComfyUI-GeometryPack] ERROR: Failed to import comfy_kitchen, Error: No module named 'comfy_kitchen', fp8 and fp4 support will not be available.

[2026-05-19 11:42:49.148] [info]  FETCH ComfyRegistry Data [DONE]

[2026-05-19 11:42:55.481] [info]  [ComfyUI-Manager] default cache updated: https://api.comfy.org/nodes

[2026-05-19 11:42:56.092] [info]  FETCH DATA from: C:\Users\stduser\Documents\ComfyUI\user\__manager\cache\1514988643_custom-node-list.json
[2026-05-19 11:42:56.541] [info]   [DONE]

[2026-05-19 11:42:57.409] [info]  [ComfyUI-Manager] All startup tasks have been completed.

[2026-05-19 11:43:05.874] [error] [worker:ComfyUI-GeometryPack] INFO: Layout: side_by_side, Mode: fields
[2026-05-19 11:43:05.876] [error] 

[2026-05-19 11:43:05.941] [error] [worker:ComfyUI-GeometryPack] INFO: Mesh 1: Mesh - 2754 vertices, 5508 faces

[2026-05-19 11:43:05.992] [error] [worker:ComfyUI-GeometryPack] INFO: Mesh 2: Mesh - 2754 vertices, 5508 faces

[2026-05-19 11:43:06.017] [error] [worker:ComfyUI-GeometryPack] INFO: Mesh 1 fields: ['face.cad_face_id']

[2026-05-19 11:43:06.059] [error] [worker:ComfyUI-GeometryPack] INFO: Mesh 2 fields: ['face.cad_face_id']

[2026-05-19 11:43:06.108] [error] [worker:ComfyUI-GeometryPack] INFO: Common fields: ['face.cad_face_id']

[2026-05-19 11:43:06.147] [error] [worker:ComfyUI-GeometryPack] INFO: Mesh 1 visual: kind=None, texture=False, vertex_colors=False
[2026-05-19 11:43:06.148] [error] 

[2026-05-19 11:43:06.169] [error] [worker:ComfyUI-GeometryPack] INFO: Mesh 2 visual: kind=None, texture=False, vertex_colors=False
[2026-05-19 11:43:06.183] [error] 

[2026-05-19 11:43:06.193] [error] [worker:ComfyUI-GeometryPack] INFO: Exporting mesh to VTP: C:\Users\stduser\Documents\ComfyUI\output\preview_dual_1_e9515eac.vtp
[2026-05-19 11:43:06.211] [error] 

[2026-05-19 11:43:06.385] [error] [worker:ComfyUI-GeometryPack] INFO: Adding normals field (2754 vertices)

[2026-05-19 11:43:06.449] [error] [worker:ComfyUI-GeometryPack] INFO: Adding face field: cad_face_id

[2026-05-19 11:43:06.647] [error] [worker:ComfyUI-GeometryPack] INFO: Export complete: 2754 vertices, 5508 faces
[2026-05-19 11:43:06.649] [error] 

[2026-05-19 11:43:06.676] [error] [worker:ComfyUI-GeometryPack] INFO: Exported VTP with fields: C:\Users\stduser\Documents\ComfyUI\output\preview_dual_1_e9515eac.vtp

[2026-05-19 11:43:06.718] [error] [worker:ComfyUI-GeometryPack] INFO: Exporting mesh to VTP: C:\Users\stduser\Documents\ComfyUI\output\preview_dual_2_e9515eac.vtp

[2026-05-19 11:43:07.097] [error] [worker:ComfyUI-GeometryPack] INFO: Adding normals field (2754 vertices)
[worker:ComfyUI-GeometryPack] INFO: Adding face field: cad_face_id

[2026-05-19 11:43:07.248] [error] [worker:ComfyUI-GeometryPack] INFO: Export complete: 2754 vertices, 5508 faces

[2026-05-19 11:43:07.291] [error] [worker:ComfyUI-GeometryPack] INFO: Exported VTP with fields: C:\Users\stduser\Documents\ComfyUI\output\preview_dual_2_e9515eac.vtp

[2026-05-19 11:43:07.479] [error] [worker:ComfyUI-GeometryPack] INFO: Preview ready

[2026-05-19 11:43:07.651] [info]  Prompt executed in 95.15 seconds

