[2026-05-19 11:49:12.669] [info]  setup plugin alembic.autogenerate.schemas
setup plugin alembic.autogenerate.tables

[2026-05-19 11:49:12.671] [info]  setup plugin alembic.autogenerate.types
setup plugin alembic.autogenerate.constraints
setup plugin alembic.autogenerate.defaults
setup plugin alembic.autogenerate.comments

[2026-05-19 11:49:13.138] [info]  Adding extra search path custom_nodes C:\Users\stduser\Documents\ComfyUI\custom_nodes
Adding extra search path download_model_base C:\Users\stduser\Documents\ComfyUI\models

[2026-05-19 11:49:13.139] [info]  Adding extra search path custom_nodes C:\Users\stduser\.comfy-test-cache\desktop\ComfyUI\resources\ComfyUI\custom_nodes
Setting output directory to: C:\Users\stduser\Documents\ComfyUI\output
Setting input directory to: C:\Users\stduser\Documents\ComfyUI\input
Setting user directory to: C:\Users\stduser\Documents\ComfyUI\user

[2026-05-19 11:49:14.692] [info]  [START] Security scan
[DONE] Security scan
** ComfyUI startup time:
[2026-05-19 11:49:14.693] [info]   2026-05-19 11:49:14.692
** Platform: Windows
** Python version: 3.12.11 (main, Aug 18 2025, 19:17:54) [MSC v.1944 64 bit (AMD64)]
** Python executable: C:\Users\stduser\Documents\ComfyUI\.venv\Scripts\python.exe
** ComfyUI Path: C:\Users\stduser\.comfy-test-cache\desktop\ComfyUI\resources\ComfyUI
** ComfyUI Base Folder Path: C:\Users\stduser\.comfy-test-cache\desktop\ComfyUI\resources\ComfyUI

[2026-05-19 11:49:14.695] [info]  ** User directory: 
[2026-05-19 11:49:14.696] [info]  C:\Users\stduser\Documents\ComfyUI\user
** ComfyUI-Manager config path: C:\Users\stduser\Documents\ComfyUI\user\__manager\config.ini
** Log path: C:\Users\stduser\Documents\ComfyUI\user\comfyui.log

[2026-05-19 11:49:15.874] [info]  [ComfyUI-Manager] Skipped fixing the 'comfyui-frontend-package' dependency because the ComfyUI is outdated.

[2026-05-19 11:49:15.875] [info]  [PRE] ComfyUI-Manager

[2026-05-19 11:49:16.263] [error] [comfy-env] comfyui-cadabra: 1 isolation env(s):
[2026-05-19 11:49:16.265] [error] 
[comfy-env]   nodes -> C:\Users\stduser\Documents\ComfyUI\custom_nodes\comfyui-cadabra\nodes

[2026-05-19 11:49:16.266] [error] [comfy-env] Workspace: C:\Users\stduser\AppData\Local\Programs\comfy-env

[2026-05-19 11:49:16.267] [error] [comfy-env]     env: C:\Users\stduser\AppData\Local\Programs\comfy-env\.pixi\envs\cadabra-nodes  [OK]

[2026-05-19 11:49:16.269] [error] [comfy-env] prestartup complete

[2026-05-19 11:49:16.308] [error] [comfy-env] ComfyUI-GeometryPack: 1 isolation env(s):
[2026-05-19 11:49:16.310] [error] 
[comfy-env]   nodes -> C:\Users\stduser\Documents\ComfyUI\custom_nodes\ComfyUI-GeometryPack\nodes

[2026-05-19 11:49:16.311] [error] [comfy-env]     env: C:\Users\stduser\AppData\Local\Programs\comfy-env\.pixi\envs\geometrypack-nodes  [OK]
[comfy-env] prestartup complete
[2026-05-19 11:49:16.312] [error] 

[2026-05-19 11:49:19.205] [info]  Found comfy_kitchen backend triton: {'available': False, 'disabled': True, 'unavailable_reason': "ImportError: No module named 'triton'", 'capabilities': []}

[2026-05-19 11:49:19.207] [info]  Found comfy_kitchen backend eager: {'available': True, 'disabled': False, 'unavailable_reason': None, 'capabilities': ['apply_rope', 'apply_rope1', 'dequantize_mxfp8', 'dequantize_nvfp4', 'dequantize_per_tensor_fp8', 'quantize_mxfp8', 'quantize_nvfp4', 'quantize_per_tensor_fp8', 'scaled_mm_mxfp8', 'scaled_mm_nvfp4']}
Found comfy_kitchen backend cuda: {'available': False, 'disabled': True, 'unavailable_reason': 'CUDA not available on this system', 'capabilities': []}

[2026-05-19 11:49:19.214] [info]  Checkpoint files will always be loaded safely.

[2026-05-19 11:49:19.231] [info]  Total VRAM 16379 MB, total RAM 16379 MB

[2026-05-19 11:49:19.233] [info]  pytorch version: 2.10.0+cpu

[2026-05-19 11:49:19.234] [info]  Set vram state to: DISABLED
Device: cpu

[2026-05-19 11:49:19.562] [info]  Using sub quadratic optimization for attention, if you have memory or speed issues try using: --use-split-cross-attention

[2026-05-19 11:49:22.380] [info]  Python version: 3.12.11 (main, Aug 18 2025, 19:17:54) [MSC v.1944 64 bit (AMD64)]

[2026-05-19 11:49:22.381] [info]  ComfyUI version: 0.21.1
comfy-aimdo version: 0.3.0

[2026-05-19 11:49:22.383] [info]  comfy-kitchen version: 0.2.8

[2026-05-19 11:49:22.386] [info]  [Prompt Server] web root: C:\Users\stduser\.comfy-test-cache\desktop\ComfyUI\resources\ComfyUI\web_custom_versions\desktop_app

[2026-05-19 11:49:22.389] [info]  Asset seeder disabled
[START] ComfyUI-Manager

[2026-05-19 11:49:22.559] [info]  [ComfyUI-Manager] Using GitPython backend

[2026-05-19 11:49:22.628] [info]  [ComfyUI-Manager] network_mode: public

[2026-05-19 11:49:22.635] [info]  [ComfyUI-Manager] The matrix sharing feature has been disabled because the `matrix-nio` dependency is not installed.
	To use this feature, please run the following command:
	C:\Users\stduser\Documents\ComfyUI\.venv\Scripts\python.exe -m pip install matrix-nio


[2026-05-19 11:49:24.545] [error] [comfy-env] Version: 0.3.89
[2026-05-19 11:49:24.547] [error] 

[2026-05-19 11:49:24.897] [info]  [comfy-env] Removed stale temp dir: C:\Users\stduser\AppData\Local\Temp\comfyui_pvenv_x0idq1a5

[2026-05-19 11:49:25.303] [error] [comfy-env] register_nodes: comfyui-cadabra
[2026-05-19 11:49:25.304] [error] 

[2026-05-19 11:49:25.307] [error] [comfy-env] ComfyUI source dir: C:\Users\stduser\.comfy-test-cache\desktop\ComfyUI\resources\ComfyUI
[2026-05-19 11:49:25.308] [error] 

[2026-05-19 11:49:25.310] [error] [comfy-env] Scanning nodes metadata (isolation root)...
[2026-05-19 11:49:25.311] [error] 

[2026-05-19 11:49:25.318] [error] [comfy-env] Cache hit for nodes: 39 nodes
[2026-05-19 11:49:25.319] [error] 
[comfy-env] Scanned nodes root: 39 nodes (0.0s)
[2026-05-19 11:49:25.320] [error] 

[2026-05-19 11:49:25.322] [error] [comfy-env] Imported nodes root: 39 nodes (isolation)
[2026-05-19 11:49:25.324] [error] 

[2026-05-19 11:49:25.325] [error] [comfy-env] Registered 39 total nodes
[2026-05-19 11:49:25.327] [error] 

[2026-05-19 11:49:25.330] [info]  loading...

[2026-05-19 11:49:25.332] [info]  calling register_nodes

[2026-05-19 11:49:25.333] [error] [comfy-env] Version: 0.3.89
[2026-05-19 11:49:25.334] [error] 

[2026-05-19 11:49:25.358] [error] [comfy-env] register_nodes: ComfyUI-GeometryPack
[2026-05-19 11:49:25.360] [error] 

[2026-05-19 11:49:25.385] [error] [comfy-env] ComfyUI source dir: C:\Users\stduser\.comfy-test-cache\desktop\ComfyUI\resources\ComfyUI
[2026-05-19 11:49:25.387] [error] 

[2026-05-19 11:49:25.390] [error] [comfy-env] Scanning nodes metadata (isolation root)...
[2026-05-19 11:49:25.391] [error] 

[2026-05-19 11:49:25.439] [error] [comfy-env] Cache hit for nodes: 125 nodes
[2026-05-19 11:49:25.441] [error] 
[comfy-env] Scanned nodes root: 125 nodes (0.0s)
[2026-05-19 11:49:25.443] [error] 

[2026-05-19 11:49:25.445] [error] [comfy-env] Imported nodes root: 125 nodes (isolation)
[2026-05-19 11:49:25.446] [error] 
[comfy-env] Registered 125 total nodes
[2026-05-19 11:49:25.448] [error] 

[2026-05-19 11:49:25.473] [info]  ComfyUI-Multiband loaded: 15 nodes registered
[2026-05-19 11:49:25.475] [info]  

[2026-05-19 11:49:25.482] [info]  
Import times for custom nodes:

[2026-05-19 11:49:25.483] [info]     0.0 seconds: C:\Users\stduser\.comfy-test-cache\desktop\ComfyUI\resources\ComfyUI\custom_nodes\websocket_image_save.py
   0.0 seconds: C:\Users\stduser\Documents\ComfyUI\custom_nodes\ComfyUI-Multiband
   0.1 seconds: C:\Users\stduser\Documents\ComfyUI\custom_nodes\ComfyUI-GeometryPack
   0.8 seconds: C:\Users\stduser\Documents\ComfyUI\custom_nodes\comfyui-cadabra


[2026-05-19 11:49:25.489] [info]  Context impl SQLiteImpl.

[2026-05-19 11:49:25.490] [info]  Will assume non-transactional DDL.

[2026-05-19 11:49:25.498] [error] Failed to initialize database. Please ensure you have installed the latest requirements. If the error persists, please report this as in future the database will be required: Could not acquire lock on database 'C:/Users/stduser/Documents/ComfyUI/user/comfyui.db'. Another ComfyUI process may already be using it. Use --database-url to specify a separate database file.

[2026-05-19 11:49:25.840] [info]  Starting server


[2026-05-19 11:49:25.841] [info]  To see the GUI go to: http://127.0.0.1:8001

[2026-05-19 11:49:28.109] [info]  [ComfyUI-Manager] The ComfyRegistry cache update is still in progress, so an outdated cache is being used.

[2026-05-19 11:49:28.260] [info]  FETCH DATA from: C:\Users\stduser\Documents\ComfyUI\.venv\Lib\site-packages\comfyui_manager\custom-node-list.json
[2026-05-19 11:49:28.288] [info]   [DONE]

[2026-05-19 11:49:30.518] [error] Exception in callback _ProactorBasePipeTransport._call_connection_lost(None)
handle: <Handle _ProactorBasePipeTransport._call_connection_lost(None)>
Traceback (most recent call last):
  File "C:\Users\stduser\AppData\Roaming\uv\python\cpython-3.12.11-windows-x86_64-none\Lib\asyncio\events.py", line 88, in _run
    self._context.run(self._callback, *self._args)
  File "C:\Users\stduser\AppData\Roaming\uv\python\cpython-3.12.11-windows-x86_64-none\Lib\asyncio\proactor_events.py", line 165, in _call_connection_lost
    self._sock.shutdown(socket.SHUT_RDWR)
ConnectionResetError: [WinError 10054] An existing connection was forcibly closed by the remote host

[2026-05-19 11:49:32.290] [info]  [ComfyUI-Manager] The ComfyRegistry cache update is still in progress, so an outdated cache is being used.

[2026-05-19 11:49:32.442] [info]  FETCH DATA from: C:\Users\stduser\Documents\ComfyUI\.venv\Lib\site-packages\comfyui_manager\custom-node-list.json
[2026-05-19 11:49:32.474] [info]   [DONE]

[2026-05-19 11:49:52.919] [info]  got prompt

[2026-05-19 11:49:52.940] [info]  [comfyui-cadabra] python: C:\Users\stduser\AppData\Local\Programs\comfy-env\.pixi\envs\cadabra-nodes\python.exe
[2026-05-19 11:49:52.941] [info]  
[comfyui-cadabra] sys_path sent to worker: ['C:\\Users\\stduser\\.comfy-test-cache\\desktop\\ComfyUI\\resources\\ComfyUI', 'C:\\Users\\stduser\\Documents\\ComfyUI\\custom_nodes\\comfyui-cadabra', 'C:\\Users\\stduser\\AppData\\Local\\Programs\\comfy-env\\.pixi\\envs\\cadabra-nodes\\Lib\\site-packages', 'C:\\Users\\stduser\\Documents\\ComfyUI\\custom_nodes\\comfyui-cadabra']

[2026-05-19 11:49:56.164] [error] [worker:comfyui-cadabra] ERROR: Failed to import comfy_kitchen, Error: No module named 'comfy_kitchen', fp8 and fp4 support will not be available.

[2026-05-19 11:50:00.739] [error] [comfyui-cadabra] Health check: ping (timeout=5.0s)...

[2026-05-19 11:50:00.761] [error] [comfyui-cadabra] Health check: ok
[2026-05-19 11:50:00.762] [error] 

[2026-05-19 11:50:01.361] [error] [11:50:01] [CADabra] Starting: CAD Face Analysis(faces=236)

[2026-05-19 11:50:01.364] [error] [worker:comfyui-cadabra] INFO: Starting: CAD Face Analysis(faces=236)

[2026-05-19 11:50:01.591] [error] [11:50:01] [CADabra] Completed: CAD Face Analysis(faces=236) in 0.23s

[2026-05-19 11:50:01.592] [error] [worker:comfyui-cadabra] INFO: Completed: CAD Face Analysis(faces=236) in 0.23s

[2026-05-19 11:50:01.634] [error] [11:50:01] [CADabra] Starting: CAD Adjacency Graph(faces=236)

[2026-05-19 11:50:01.635] [error] [worker:comfyui-cadabra] INFO: Starting: CAD Adjacency Graph(faces=236)

[2026-05-19 11:50:01.671] [error] [11:50:01] [CADabra] Completed: CAD Adjacency Graph(faces=236) in 0.04s

[2026-05-19 11:50:01.672] [error] [worker:comfyui-cadabra] INFO: Completed: CAD Adjacency Graph(faces=236) in 0.04s

[2026-05-19 11:50:10.130] [error] [comfyui-cadabra] Health check: ping (timeout=5.0s)...
[2026-05-19 11:50:10.131] [error] 

[2026-05-19 11:50:10.141] [error] [comfyui-cadabra] Health check: ok
[2026-05-19 11:50:10.142] [error] 

[2026-05-19 11:50:11.284] [error] [comfyui-cadabra] Health check: ping (timeout=5.0s)...

[2026-05-19 11:50:11.366] [error] [comfyui-cadabra] Health check: ok
[2026-05-19 11:50:11.367] [error] 

[2026-05-19 11:50:12.122] [error] [11:50:12] [CADabra] Starting: CAD Edge Analysis(edges=1122)

[2026-05-19 11:50:12.124] [error] [worker:comfyui-cadabra] INFO: Starting: CAD Edge Analysis(edges=1122)

[2026-05-19 11:50:12.441] [error] [11:50:12] [CADabra] Completed: CAD Edge Analysis(edges=1122) in 0.32s

[2026-05-19 11:50:12.443] [error] [worker:comfyui-cadabra] INFO: Completed: CAD Edge Analysis(edges=1122) in 0.32s

[2026-05-19 11:50:13.465] [error] [comfyui-cadabra] Health check: ping (timeout=5.0s)...

[2026-05-19 11:50:13.538] [error] [comfyui-cadabra] Health check: ok

[2026-05-19 11:50:16.111] [error] [comfyui-cadabra] Health check: ping (timeout=5.0s)...

[2026-05-19 11:50:16.150] [error] [comfyui-cadabra] Health check: ok

[2026-05-19 11:50:18.600] [info]  Prompt executed in 25.67 seconds

[2026-05-19 11:51:23.118] [info]  FETCH ComfyRegistry Data [DONE]

[2026-05-19 11:52:39.925] [info]  [ComfyUI-Manager] default cache updated: https://api.comfy.org/nodes

[2026-05-19 11:52:53.449] [info]  FETCH DATA from: C:\Users\stduser\Documents\ComfyUI\user\__manager\cache\1514988643_custom-node-list.json
[2026-05-19 11:52:55.693] [info]   [DONE]
[2026-05-19 11:52:55.743] [info]  

[2026-05-19 11:53:11.883] [info]  [ComfyUI-Manager] All startup tasks have been completed.

