[2026-05-11 09:37:45.619] [info]  setup plugin alembic.autogenerate.schemas

[2026-05-11 09:37:45.621] [info]  setup plugin alembic.autogenerate.tables
setup plugin alembic.autogenerate.types
setup plugin alembic.autogenerate.constraints
setup plugin alembic.autogenerate.defaults
setup plugin alembic.autogenerate.comments

[2026-05-11 09:37:46.133] [info]  Adding extra search path custom_nodes C:\Users\runneradmin\Documents\ComfyUI\custom_nodes

[2026-05-11 09:37:46.172] [info]  Adding extra search path download_model_base C:\Users\runneradmin\Documents\ComfyUI\models
Adding extra search path custom_nodes C:\Users\runneradmin\.comfy-test-cache\desktop\ComfyUI\resources\ComfyUI\custom_nodes
Setting output directory to: C:\Users\runneradmin\Documents\ComfyUI\output
Setting input directory to: C:\Users\runneradmin\Documents\ComfyUI\input
Setting user directory to: C:\Users\runneradmin\Documents\ComfyUI\user

[2026-05-11 09:37:47.801] [info]  [START] Security scan
[DONE] Security scan
** ComfyUI startup time: 
[2026-05-11 09:37:47.803] [info]  2026-05-11 09:37:47.800
** Platform: Windows
** Python version: 3.12.11 (main, Aug 18 2025, 19:17:54) [MSC v.1944 64 bit (AMD64)]
** Python executable: C:\Users\runneradmin\Documents\ComfyUI\.venv\Scripts\python.exe
** ComfyUI Path: C:\Users\runneradmin\.comfy-test-cache\desktop\ComfyUI\resources\ComfyUI
** ComfyUI Base Folder Path: C:\Users\runneradmin\.comfy-test-cache\desktop\ComfyUI\resources\ComfyUI

[2026-05-11 09:37:47.804] [info]  ** User directory: 
[2026-05-11 09:37:47.805] [info]  C:\Users\runneradmin\Documents\ComfyUI\user
** ComfyUI-Manager config path: C:\Users\runneradmin\Documents\ComfyUI\user\__manager\config.ini
** Log path: C:\Users\runneradmin\Documents\ComfyUI\user\comfyui.log

[2026-05-11 09:37:49.091] [info]  [ComfyUI-Manager] Skipped fixing the 'comfyui-frontend-package' dependency because the ComfyUI is outdated.

[2026-05-11 09:37:49.093] [info]  [PRE] ComfyUI-Manager

[2026-05-11 09:37:49.508] [error] [comfy-env] comfyui-cadabra: 1 isolation env(s):
[comfy-env]   nodes -> C:\Users\runneradmin\Documents\ComfyUI\custom_nodes\comfyui-cadabra\nodes
[comfy-env] prestartup complete

[2026-05-11 09:37:49.552] [error] [comfy-env] ComfyUI-GeometryPack: 1 isolation env(s):
[2026-05-11 09:37:49.554] [error] 
[comfy-env]   nodes -> C:\Users\runneradmin\Documents\ComfyUI\custom_nodes\ComfyUI-GeometryPack\nodes
[comfy-env] prestartup complete

[2026-05-11 09:37:52.687] [info]  Found comfy_kitchen backend cuda: {'available': False, 'disabled': True, 'unavailable_reason': 'CUDA not available on this system', 'capabilities': []}

[2026-05-11 09:37:52.689] [info]  Found comfy_kitchen backend triton: {'available': False, 'disabled': True, 'unavailable_reason': "ImportError: No module named 'triton'", 'capabilities': []}
Found comfy_kitchen backend eager: {'available': True, 'disabled': False, 'unavailable_reason': None, 'capabilities': ['apply_rope', 'apply_rope1', 'dequantize_mxfp8', 'dequantize_nvfp4', 'dequantize_per_tensor_fp8', 'quantize_mxfp8', 'quantize_nvfp4', 'quantize_per_tensor_fp8', 'scaled_mm_mxfp8', 'scaled_mm_nvfp4']}

[2026-05-11 09:37:52.698] [info]  Checkpoint files will always be loaded safely.

[2026-05-11 09:37:52.718] [info]  Total VRAM 16379 MB, total RAM 16379 MB

[2026-05-11 09:37:52.729] [info]  pytorch version: 2.10.0+cpu

[2026-05-11 09:37:52.733] [info]  Set vram state to: DISABLED

[2026-05-11 09:37:52.735] [info]  Device: cpu

[2026-05-11 09:37:53.097] [info]  Using sub quadratic optimization for attention, if you have memory or speed issues try using: --use-split-cross-attention

[2026-05-11 09:37:56.093] [info]  Python version: 3.12.11 (main, Aug 18 2025, 19:17:54) [MSC v.1944 64 bit (AMD64)]

[2026-05-11 09:37:56.094] [info]  ComfyUI version: 0.20.1
comfy-aimdo version: 0.2.14

[2026-05-11 09:37:56.096] [info]  comfy-kitchen version: 0.2.8

[2026-05-11 09:37:56.099] [info]  [Prompt Server] web root: C:\Users\runneradmin\.comfy-test-cache\desktop\ComfyUI\resources\ComfyUI\web_custom_versions\desktop_app

[2026-05-11 09:37:56.102] [info]  Asset seeder disabled

[2026-05-11 09:37:56.104] [info]  [START] ComfyUI-Manager

[2026-05-11 09:37:56.265] [info]  [ComfyUI-Manager] Using GitPython backend
[2026-05-11 09:37:56.266] [info]  

[2026-05-11 09:37:56.364] [info]  [ComfyUI-Manager] network_mode: public

[2026-05-11 09:37:56.371] [info]  [ComfyUI-Manager] The matrix sharing feature has been disabled because the `matrix-nio` dependency is not installed.
	To use this feature, please run the following command:
	C:\Users\runneradmin\Documents\ComfyUI\.venv\Scripts\python.exe -m pip install matrix-nio


[2026-05-11 09:37:58.311] [error] [comfy-env] Version: 0.3.83
[2026-05-11 09:37:58.312] [error] 

[2026-05-11 09:38:00.760] [info]  [comfy-env] Removed stale temp dir: C:\Users\RUNNER~1\AppData\Local\Temp\comfyui_pvenv_1shajo52

[2026-05-11 09:38:02.256] [error] [comfy-env] register_nodes: comfyui-cadabra
[2026-05-11 09:38:02.257] [error] 

[2026-05-11 09:38:02.260] [error] [comfy-env] ComfyUI source dir: C:\Users\runneradmin\.comfy-test-cache\desktop\ComfyUI\resources\ComfyUI
[2026-05-11 09:38:02.261] [error] 

[2026-05-11 09:38:02.264] [error] [comfy-env] Scanning nodes metadata (isolation root)...
[2026-05-11 09:38:02.266] [error] 

[2026-05-11 09:38:02.273] [error] [comfy-env] Cache hit for nodes: 39 nodes
[2026-05-11 09:38:02.275] [error] 

[2026-05-11 09:38:02.276] [error] [comfy-env] Scanned nodes root: 39 nodes (0.0s)
[2026-05-11 09:38:02.277] [error] 

[2026-05-11 09:38:02.280] [error] [comfy-env] Imported nodes root: 39 nodes (isolation)
[2026-05-11 09:38:02.281] [error] 

[2026-05-11 09:38:02.283] [error] [comfy-env] Registered 39 total nodes
[2026-05-11 09:38:02.285] [error] 

[2026-05-11 09:38:02.292] [info]  loading...

[2026-05-11 09:38:02.294] [info]  calling register_nodes

[2026-05-11 09:38:02.296] [error] [comfy-env] Version: 0.3.83
[2026-05-11 09:38:02.297] [error] 

[2026-05-11 09:38:02.327] [error] [comfy-env] register_nodes: ComfyUI-GeometryPack
[2026-05-11 09:38:02.328] [error] 

[2026-05-11 09:38:02.352] [error] [comfy-env] ComfyUI source dir: C:\Users\runneradmin\.comfy-test-cache\desktop\ComfyUI\resources\ComfyUI
[2026-05-11 09:38:02.356] [error] 

[2026-05-11 09:38:02.361] [error] [comfy-env] Scanning nodes metadata (isolation root)...
[2026-05-11 09:38:02.363] [error] 

[2026-05-11 09:38:02.423] [error] [comfy-env] Cache hit for nodes: 125 nodes
[2026-05-11 09:38:02.425] [error] 
[comfy-env] Scanned nodes root: 125 nodes (0.1s)
[2026-05-11 09:38:02.426] [error] 

[2026-05-11 09:38:02.430] [error] [comfy-env] Imported nodes root: 125 nodes (isolation)
[2026-05-11 09:38:02.432] [error] 

[2026-05-11 09:38:02.433] [error] [comfy-env] Registered 125 total nodes

[2026-05-11 09:38:02.459] [info]  ComfyUI-Multiband loaded: 15 nodes registered

[2026-05-11 09:38:02.467] [info]  
Import times for custom nodes:

[2026-05-11 09:38:02.468] [info]     0.0 seconds: C:\Users\runneradmin\.comfy-test-cache\desktop\ComfyUI\resources\ComfyUI\custom_nodes\websocket_image_save.py
   0.0 seconds: C:\Users\runneradmin\Documents\ComfyUI\custom_nodes\ComfyUI-Multiband
   0.1 seconds: C:\Users\runneradmin\Documents\ComfyUI\custom_nodes\ComfyUI-GeometryPack
   4.0 seconds: C:\Users\runneradmin\Documents\ComfyUI\custom_nodes\comfyui-cadabra


[2026-05-11 09:38:02.481] [info]  Context impl SQLiteImpl.

[2026-05-11 09:38:02.483] [info]  Will assume non-transactional DDL.

[2026-05-11 09:38:02.493] [error] Failed to initialize database. Please ensure you have installed the latest requirements. If the error persists, please report this as in future the database will be required: Could not acquire lock on database 'C:/Users/runneradmin/Documents/ComfyUI/user/comfyui.db'. Another ComfyUI process may already be using it. Use --database-url to specify a separate database file.

[2026-05-11 09:38:02.616] [info]  Starting server


[2026-05-11 09:38:02.617] [info]  To see the GUI go to: http://127.0.0.1:8001

[2026-05-11 09:38:04.638] [info]  [ComfyUI-Manager] The ComfyRegistry cache update is still in progress, so an outdated cache is being used.

[2026-05-11 09:38:04.785] [info]  FETCH DATA from: C:\Users\runneradmin\Documents\ComfyUI\.venv\Lib\site-packages\comfyui_manager\custom-node-list.json
[2026-05-11 09:38:04.823] [info]   [DONE]
[2026-05-11 09:38:04.825] [info]  

[2026-05-11 09:38:08.848] [info]  [ComfyUI-Manager] The ComfyRegistry cache update is still in progress, so an outdated cache is being used.

[2026-05-11 09:38:09.027] [info]  FETCH DATA from: C:\Users\runneradmin\Documents\ComfyUI\.venv\Lib\site-packages\comfyui_manager\custom-node-list.json
[2026-05-11 09:38:09.056] [info]   [DONE]

[2026-05-11 09:38:30.384] [info]  got prompt

[2026-05-11 09:38:30.407] [info]  [comfyui-cadabra] python: C:\ce\.pixi\envs\cadabra-nodes\python.exe
[2026-05-11 09:38:30.410] [info]  

[2026-05-11 09:38:30.411] [info]  [comfyui-cadabra] sys_path sent to worker: ['C:\\Users\\runneradmin\\.comfy-test-cache\\desktop\\ComfyUI\\resources\\ComfyUI', 'C:\\Users\\runneradmin\\Documents\\ComfyUI\\custom_nodes\\comfyui-cadabra', 'C:\\ce\\.pixi\\envs\\cadabra-nodes\\Lib\\site-packages', 'C:\\Users\\runneradmin\\Documents\\ComfyUI\\custom_nodes\\comfyui-cadabra']
[2026-05-11 09:38:30.412] [info]  

[2026-05-11 09:38:33.385] [error] [worker:comfyui-cadabra] ERROR: Failed to import comfy_kitchen, Error: No module named 'comfy_kitchen', fp8 and fp4 support will not be available.

[2026-05-11 09:38:37.410] [error] [comfyui-cadabra] Health check: ping (timeout=5.0s)...

[2026-05-11 09:38:37.416] [error] [comfyui-cadabra] Health check: ok
[2026-05-11 09:38:37.418] [error] 

[2026-05-11 09:38:37.497] [error] [09:38:37] [CADabra] Starting: CAD Edge Analysis(edges=158)
[worker:comfyui-cadabra] INFO: Starting: CAD Edge Analysis(edges=158)

[2026-05-11 09:38:37.514] [error] [09:38:37] [CADabra] Completed: CAD Edge Analysis(edges=158) in 0.03s

[2026-05-11 09:38:37.518] [error] [worker:comfyui-cadabra] INFO: Completed: CAD Edge Analysis(edges=158) in 0.03s

[2026-05-11 09:38:37.571] [error] [comfyui-cadabra] Health check: ping (timeout=5.0s)...
[2026-05-11 09:38:37.572] [error] 

[2026-05-11 09:38:37.575] [error] [comfyui-cadabra] Health check: ok

[2026-05-11 09:38:37.664] [error] [comfyui-cadabra] Health check: ping (timeout=5.0s)...
[2026-05-11 09:38:37.666] [error] 

[2026-05-11 09:38:37.673] [error] [comfyui-cadabra] Health check: ok

[2026-05-11 09:38:37.771] [info]  Prompt executed in 7.38 seconds

