[2026-05-12 15:47:07.150] [info]  setup plugin alembic.autogenerate.schemas
setup plugin alembic.autogenerate.tables

[2026-05-12 15:47:07.152] [info]  setup plugin alembic.autogenerate.types
setup plugin alembic.autogenerate.constraints
setup plugin alembic.autogenerate.defaults
setup plugin alembic.autogenerate.comments

[2026-05-12 15:47:07.600] [info]  Adding extra search path custom_nodes C:\Users\runneradmin\Documents\ComfyUI\custom_nodes
Adding extra search path download_model_base C:\Users\runneradmin\Documents\ComfyUI\models
Adding extra search path custom_nodes C:\Users\runneradmin\.comfy-test-cache\desktop\ComfyUI\resources\ComfyUI\custom_nodes

[2026-05-12 15:47:07.602] [info]  Setting output directory to: C:\Users\runneradmin\Documents\ComfyUI\output
Setting input directory to: C:\Users\runneradmin\Documents\ComfyUI\input
Setting user directory to: C:\Users\runneradmin\Documents\ComfyUI\user

[2026-05-12 15:47:09.105] [info]  [START] Security scan
[DONE] Security scan
** ComfyUI startup time: 2026-05-12 15:47:09.105

[2026-05-12 15:47:09.107] [info]  ** Platform: Windows
** Python version: 3.12.11 (main, Aug 18 2025, 19:17:54) [MSC v.1944 64 bit (AMD64)]
** Python executable: C:\Users\runneradmin\Documents\ComfyUI\.venv\Scripts\python.exe
** ComfyUI Path: C:\Users\runneradmin\.comfy-test-cache\desktop\ComfyUI\resources\ComfyUI
** ComfyUI Base Folder Path: C:\Users\runneradmin\.comfy-test-cache\desktop\ComfyUI\resources\ComfyUI

[2026-05-12 15:47:09.115] [info]  ** User directory: C:\Users\runneradmin\Documents\ComfyUI\user
[2026-05-12 15:47:09.117] [info]  
** ComfyUI-Manager config path: C:\Users\runneradmin\Documents\ComfyUI\user\__manager\config.ini
** Log path: C:\Users\runneradmin\Documents\ComfyUI\user\comfyui.log

[2026-05-12 15:47:10.236] [info]  [ComfyUI-Manager] Skipped fixing the 'comfyui-frontend-package' dependency because the ComfyUI is outdated.

[2026-05-12 15:47:10.238] [info]  [PRE] ComfyUI-Manager

[2026-05-12 15:47:10.547] [error] [comfy-env] comfyui-cadabra: 1 isolation env(s):
[2026-05-12 15:47:10.549] [error] 
[comfy-env]   nodes -> C:\Users\runneradmin\Documents\ComfyUI\custom_nodes\comfyui-cadabra\nodes
[comfy-env] prestartup complete

[2026-05-12 15:47:10.585] [error] [comfy-env] ComfyUI-GeometryPack: 1 isolation env(s):
[2026-05-12 15:47:10.586] [error] 
[comfy-env]   nodes -> C:\Users\runneradmin\Documents\ComfyUI\custom_nodes\ComfyUI-GeometryPack\nodes
[comfy-env] prestartup complete

[2026-05-12 15:47:13.315] [info]  Found comfy_kitchen backend eager: {'available': True, 'disabled': False, 'unavailable_reason': None, 'capabilities': ['apply_rope', 'apply_rope1', 'dequantize_mxfp8', 'dequantize_nvfp4', 'dequantize_per_tensor_fp8', 'quantize_mxfp8', 'quantize_nvfp4', 'quantize_per_tensor_fp8', 'scaled_mm_mxfp8', 'scaled_mm_nvfp4']}
Found comfy_kitchen backend triton: {'available': False, 'disabled': True, 'unavailable_reason': "ImportError: No module named 'triton'", 'capabilities': []}

[2026-05-12 15:47:13.317] [info]  Found comfy_kitchen backend cuda: {'available': False, 'disabled': True, 'unavailable_reason': 'CUDA not available on this system', 'capabilities': []}

[2026-05-12 15:47:13.323] [info]  Checkpoint files will always be loaded safely.

[2026-05-12 15:47:13.349] [info]  Total VRAM 16383 MB, total RAM 16383 MB

[2026-05-12 15:47:13.351] [info]  pytorch version: 2.10.0+cpu

[2026-05-12 15:47:13.353] [info]  Set vram state to: DISABLED
Device: cpu

[2026-05-12 15:47:13.639] [info]  Using sub quadratic optimization for attention, if you have memory or speed issues try using: --use-split-cross-attention

[2026-05-12 15:47:16.149] [info]  Python version: 3.12.11 (main, Aug 18 2025, 19:17:54) [MSC v.1944 64 bit (AMD64)]

[2026-05-12 15:47:16.151] [info]  ComfyUI version: 0.21.0
comfy-aimdo version: 0.3.0

[2026-05-12 15:47:16.152] [info]  comfy-kitchen version: 0.2.8

[2026-05-12 15:47:16.155] [info]  [Prompt Server] web root: C:\Users\runneradmin\.comfy-test-cache\desktop\ComfyUI\resources\ComfyUI\web_custom_versions\desktop_app

[2026-05-12 15:47:16.157] [info]  Asset seeder disabled

[2026-05-12 15:47:16.159] [info]  [START] ComfyUI-Manager

[2026-05-12 15:47:16.295] [info]  [ComfyUI-Manager] Using GitPython backend
[2026-05-12 15:47:16.296] [info]  

[2026-05-12 15:47:16.357] [info]  [ComfyUI-Manager] network_mode: public

[2026-05-12 15:47:16.363] [info]  [ComfyUI-Manager] The matrix sharing feature has been disabled because the `matrix-nio` dependency is not installed.
	To use this feature, please run the following command:
	C:\Users\runneradmin\Documents\ComfyUI\.venv\Scripts\python.exe -m pip install matrix-nio


[2026-05-12 15:47:18.079] [error] [comfy-env] Version: 0.3.84
[2026-05-12 15:47:18.080] [error] 

[2026-05-12 15:47:21.537] [info]  [comfy-env] Removed stale temp dir: C:\Users\RUNNER~1\AppData\Local\Temp\comfyui_pvenv__zt08h4x

[2026-05-12 15:47:21.865] [error] [comfy-env] register_nodes: comfyui-cadabra
[2026-05-12 15:47:21.866] [error] 

[2026-05-12 15:47:21.868] [error] [comfy-env] ComfyUI source dir: C:\Users\runneradmin\.comfy-test-cache\desktop\ComfyUI\resources\ComfyUI
[2026-05-12 15:47:21.869] [error] 

[2026-05-12 15:47:21.871] [error] [comfy-env] Scanning nodes metadata (isolation root)...
[2026-05-12 15:47:21.872] [error] 

[2026-05-12 15:47:21.878] [error] [comfy-env] Cache hit for nodes: 39 nodes
[2026-05-12 15:47:21.880] [error] 
[comfy-env] Scanned nodes root: 39 nodes (0.0s)
[2026-05-12 15:47:21.881] [error] 

[2026-05-12 15:47:21.884] [error] [comfy-env] Imported nodes root: 39 nodes (isolation)
[2026-05-12 15:47:21.885] [error] 

[2026-05-12 15:47:21.886] [error] [comfy-env] Registered 39 total nodes
[2026-05-12 15:47:21.887] [error] 

[2026-05-12 15:47:21.891] [info]  loading...

[2026-05-12 15:47:21.895] [info]  calling register_nodes

[2026-05-12 15:47:21.899] [error] [comfy-env] Version: 0.3.84
[2026-05-12 15:47:21.900] [error] 

[2026-05-12 15:47:21.940] [error] [comfy-env] register_nodes: ComfyUI-GeometryPack
[2026-05-12 15:47:21.941] [error] 

[2026-05-12 15:47:21.954] [error] [comfy-env] ComfyUI source dir: C:\Users\runneradmin\.comfy-test-cache\desktop\ComfyUI\resources\ComfyUI
[2026-05-12 15:47:21.955] [error] 

[2026-05-12 15:47:21.959] [error] [comfy-env] Scanning nodes metadata (isolation root)...
[2026-05-12 15:47:21.960] [error] 

[2026-05-12 15:47:21.993] [error] [comfy-env] Cache hit for nodes: 125 nodes
[2026-05-12 15:47:21.994] [error] 
[comfy-env] Scanned nodes root: 125 nodes (0.0s)
[2026-05-12 15:47:21.995] [error] 

[2026-05-12 15:47:21.999] [error] [comfy-env] Imported nodes root: 125 nodes (isolation)
[2026-05-12 15:47:22.000] [error] 

[2026-05-12 15:47:22.002] [error] [comfy-env] Registered 125 total nodes

[2026-05-12 15:47:22.227] [info]  ComfyUI-Multiband loaded: 15 nodes registered

[2026-05-12 15:47:22.230] [info]  
Import times for custom nodes:

[2026-05-12 15:47:22.231] [info]     0.0 seconds: C:\Users\runneradmin\.comfy-test-cache\desktop\ComfyUI\resources\ComfyUI\custom_nodes\websocket_image_save.py
   0.1 seconds: C:\Users\runneradmin\Documents\ComfyUI\custom_nodes\ComfyUI-GeometryPack
   0.2 seconds: C:\Users\runneradmin\Documents\ComfyUI\custom_nodes\ComfyUI-Multiband
   3.8 seconds: C:\Users\runneradmin\Documents\ComfyUI\custom_nodes\comfyui-cadabra


[2026-05-12 15:47:22.235] [info]  Context impl SQLiteImpl.

[2026-05-12 15:47:22.236] [info]  Will assume non-transactional DDL.

[2026-05-12 15:47:22.246] [error] Failed to initialize database. Please ensure you have installed the latest requirements. If the error persists, please report this as in future the database will be required: Could not acquire lock on database 'C:/Users/runneradmin/Documents/ComfyUI/user/comfyui.db'. Another ComfyUI process may already be using it. Use --database-url to specify a separate database file.

[2026-05-12 15:47:22.327] [info]  Starting server


[2026-05-12 15:47:22.329] [info]  To see the GUI go to: http://127.0.0.1:8001

[2026-05-12 15:47:24.433] [info]  [ComfyUI-Manager] The ComfyRegistry cache update is still in progress, so an outdated cache is being used.

[2026-05-12 15:47:24.605] [info]  FETCH DATA from: C:\Users\runneradmin\Documents\ComfyUI\.venv\Lib\site-packages\comfyui_manager\custom-node-list.json
[2026-05-12 15:47:24.655] [info]   [DONE]

[2026-05-12 15:47:27.809] [info]  [ComfyUI-Manager] The ComfyRegistry cache update is still in progress, so an outdated cache is being used.

[2026-05-12 15:47:28.120] [info]  FETCH DATA from: C:\Users\runneradmin\Documents\ComfyUI\.venv\Lib\site-packages\comfyui_manager\custom-node-list.json
[2026-05-12 15:47:28.180] [info]   [DONE]
[2026-05-12 15:47:28.182] [info]  

[2026-05-12 15:47:49.617] [info]  got prompt

[2026-05-12 15:47:49.632] [info]  [comfyui-cadabra] python: C:\ce\.pixi\envs\cadabra-nodes\python.exe
[comfyui-cadabra] sys_path sent to worker: ['C:\\Users\\runneradmin\\.comfy-test-cache\\desktop\\ComfyUI\\resources\\ComfyUI', 'C:\\Users\\runneradmin\\Documents\\ComfyUI\\custom_nodes\\comfyui-cadabra', 'C:\\ce\\.pixi\\envs\\cadabra-nodes\\Lib\\site-packages', 'C:\\Users\\runneradmin\\Documents\\ComfyUI\\custom_nodes\\comfyui-cadabra']

[2026-05-12 15:47:52.282] [error] [worker:comfyui-cadabra] ERROR: Failed to import comfy_kitchen, Error: No module named 'comfy_kitchen', fp8 and fp4 support will not be available.

[2026-05-12 15:47:55.963] [error] [comfyui-cadabra] Health check: ping (timeout=5.0s)...

[2026-05-12 15:47:55.991] [error] [comfyui-cadabra] Health check: ok

[2026-05-12 15:47:56.222] [error] [15:47:56] [CADabra] Starting: BRepMesh(linear_deflection=0.1, angular_deflection=0.5)

[2026-05-12 15:47:56.224] [error] [worker:comfyui-cadabra] INFO: Starting: BRepMesh(linear_deflection=0.1, angular_deflection=0.5)

[2026-05-12 15:47:56.328] [error] [15:47:56] [CADabra] Completed: BRepMesh(linear_deflection=0.1, angular_deflection=0.5) in 0.11s

[2026-05-12 15:47:56.330] [error] [worker:comfyui-cadabra] INFO: Completed: BRepMesh(linear_deflection=0.1, angular_deflection=0.5) in 0.11s

[2026-05-12 15:47:56.525] [error] [comfyui-cadabra] Health check: ping (timeout=5.0s)...

[2026-05-12 15:47:56.549] [error] [comfyui-cadabra] Health check: ok
[2026-05-12 15:47:56.551] [error] 

[2026-05-12 15:47:56.781] [error] [15:47:56] [CADabra] Starting: BRepMesh(linear_deflection=0.1, angular_deflection=0.5, relative=False, parallel=False, min_size=0.0)

[2026-05-12 15:47:56.783] [error] [worker:comfyui-cadabra] INFO: Starting: BRepMesh(linear_deflection=0.1, angular_deflection=0.5, relative=False, parallel=False, min_size=0.0)

[2026-05-12 15:47:58.724] [error] [15:47:58] [CADabra] Completed: BRepMesh(linear_deflection=0.1, angular_deflection=0.5, relative=False, parallel=False, min_size=0.0) in 1.93s

[2026-05-12 15:47:58.750] [error] [worker:comfyui-cadabra] INFO: Completed: BRepMesh(linear_deflection=0.1, angular_deflection=0.5, relative=False, parallel=False, min_size=0.0) in 1.93s

[2026-05-12 15:48:29.149] [info]  [ComfyUI-GeometryPack] python: C:\ce\.pixi\envs\geometrypack-nodes\python.exe

[2026-05-12 15:48:29.151] [info]  [ComfyUI-GeometryPack] sys_path sent to worker: ['C:\\Users\\runneradmin\\.comfy-test-cache\\desktop\\ComfyUI\\resources\\ComfyUI', 'C:\\Users\\runneradmin\\Documents\\ComfyUI\\custom_nodes\\ComfyUI-GeometryPack', 'C:\\ce\\.pixi\\envs\\geometrypack-nodes\\Lib\\site-packages', 'C:\\Users\\runneradmin\\Documents\\ComfyUI\\custom_nodes\\ComfyUI-GeometryPack']

[2026-05-12 15:48:56.689] [error] [worker:ComfyUI-GeometryPack] ERROR: Failed to import comfy_kitchen, Error: No module named 'comfy_kitchen', fp8 and fp4 support will not be available.

[2026-05-12 15:48:57.244] [info]  FETCH ComfyRegistry Data [DONE]

[2026-05-12 15:49:01.567] [info]  [ComfyUI-Manager] default cache updated: https://api.comfy.org/nodes

[2026-05-12 15:49:02.110] [info]  FETCH DATA from: C:\Users\runneradmin\Documents\ComfyUI\user\__manager\cache\1514988643_custom-node-list.json
[2026-05-12 15:49:02.285] [info]   [DONE]
[2026-05-12 15:49:02.286] [info]  

[2026-05-12 15:49:04.859] [info]  [ComfyUI-Manager] All startup tasks have been completed.

[2026-05-12 15:49:24.359] [error] [worker:ComfyUI-GeometryPack] INFO: Layout: side_by_side, Mode: fields
[worker:ComfyUI-GeometryPack] INFO: Mesh 1: Mesh - 2754 vertices, 5508 faces
[worker:ComfyUI-GeometryPack] INFO: Mesh 2: Mesh - 2754 vertices, 5508 faces
[worker:ComfyUI-GeometryPack] INFO: Mesh 1 fields: ['face.cad_face_id']

[2026-05-12 15:49:24.382] [error] [worker:ComfyUI-GeometryPack] INFO: Mesh 2 fields: ['face.cad_face_id']

[2026-05-12 15:49:24.425] [error] [worker:ComfyUI-GeometryPack] INFO: Common fields: ['face.cad_face_id']

[2026-05-12 15:49:24.467] [error] [worker:ComfyUI-GeometryPack] INFO: Mesh 1 visual: kind=None, texture=False, vertex_colors=False

[2026-05-12 15:49:24.495] [error] [worker:ComfyUI-GeometryPack] INFO: Mesh 2 visual: kind=None, texture=False, vertex_colors=False

[2026-05-12 15:49:24.517] [error] [worker:ComfyUI-GeometryPack] INFO: Exporting mesh to VTP: C:\Users\runneradmin\Documents\ComfyUI\output\preview_dual_1_984e2f8e.vtp

[2026-05-12 15:49:24.715] [error] [worker:ComfyUI-GeometryPack] INFO: Adding normals field (2754 vertices)

[2026-05-12 15:49:24.796] [error] [worker:ComfyUI-GeometryPack] INFO: Adding face field: cad_face_id

[2026-05-12 15:49:24.945] [error] [worker:ComfyUI-GeometryPack] INFO: Export complete: 2754 vertices, 5508 faces

[2026-05-12 15:49:24.987] [error] [worker:ComfyUI-GeometryPack] INFO: Exported VTP with fields: C:\Users\runneradmin\Documents\ComfyUI\output\preview_dual_1_984e2f8e.vtp

[2026-05-12 15:49:25.027] [error] [worker:ComfyUI-GeometryPack] INFO: Exporting mesh to VTP: C:\Users\runneradmin\Documents\ComfyUI\output\preview_dual_2_984e2f8e.vtp

[2026-05-12 15:49:25.132] [error] [worker:ComfyUI-GeometryPack] INFO: Adding normals field (2754 vertices)

[2026-05-12 15:49:25.233] [error] [worker:ComfyUI-GeometryPack] INFO: Adding face field: cad_face_id

[2026-05-12 15:49:25.541] [error] [worker:ComfyUI-GeometryPack] INFO: Export complete: 2754 vertices, 5508 faces

[2026-05-12 15:49:25.566] [error] [worker:ComfyUI-GeometryPack] INFO: Exported VTP with fields: C:\Users\runneradmin\Documents\ComfyUI\output\preview_dual_2_984e2f8e.vtp

[2026-05-12 15:49:25.850] [error] [worker:ComfyUI-GeometryPack] INFO: Preview ready

[2026-05-12 15:49:26.022] [info]  Prompt executed in 96.38 seconds

