[2026-05-19 11:38:11.454] [info]  setup plugin alembic.autogenerate.schemas

[2026-05-19 11:38:11.457] [info]  setup plugin alembic.autogenerate.tables
setup plugin alembic.autogenerate.types
setup plugin alembic.autogenerate.constraints
setup plugin alembic.autogenerate.defaults
setup plugin alembic.autogenerate.comments

[2026-05-19 11:38:11.905] [info]  Adding extra search path custom_nodes C:\Users\stduser\Documents\ComfyUI\custom_nodes
Adding extra search path download_model_base C:\Users\stduser\Documents\ComfyUI\models

[2026-05-19 11:38:11.906] [info]  Adding extra search path custom_nodes C:\Users\stduser\.comfy-test-cache\desktop\ComfyUI\resources\ComfyUI\custom_nodes
Setting output directory to: C:\Users\stduser\Documents\ComfyUI\output
Setting input directory to: C:\Users\stduser\Documents\ComfyUI\input
Setting user directory to: C:\Users\stduser\Documents\ComfyUI\user

[2026-05-19 11:38:13.431] [info]  [START] Security scan
[DONE] Security scan
** ComfyUI startup time: 2026-05-19 11:38:13.431
[2026-05-19 11:38:13.433] [info]  
** Platform: Windows
** Python version: 3.12.11 (main, Aug 18 2025, 19:17:54) [MSC v.1944 64 bit (AMD64)]
** Python executable: C:\Users\stduser\Documents\ComfyUI\.venv\Scripts\python.exe
** ComfyUI Path: C:\Users\stduser\.comfy-test-cache\desktop\ComfyUI\resources\ComfyUI
** ComfyUI Base Folder Path: C:\Users\stduser\.comfy-test-cache\desktop\ComfyUI\resources\ComfyUI

[2026-05-19 11:38:13.435] [info]  ** User directory: 
[2026-05-19 11:38:13.436] [info]  C:\Users\stduser\Documents\ComfyUI\user
** ComfyUI-Manager config path: C:\Users\stduser\Documents\ComfyUI\user\__manager\config.ini
** Log path: C:\Users\stduser\Documents\ComfyUI\user\comfyui.log

[2026-05-19 11:38:14.625] [info]  [ComfyUI-Manager] Skipped fixing the 'comfyui-frontend-package' dependency because the ComfyUI is outdated.

[2026-05-19 11:38:14.626] [info]  [PRE] ComfyUI-Manager

[2026-05-19 11:38:14.982] [error] [comfy-env] comfyui-cadabra: 1 isolation env(s):
[2026-05-19 11:38:14.983] [error] 
[comfy-env]   nodes -> C:\Users\stduser\Documents\ComfyUI\custom_nodes\comfyui-cadabra\nodes

[2026-05-19 11:38:14.985] [error] [comfy-env] Workspace: C:\Users\stduser\AppData\Local\Programs\comfy-env

[2026-05-19 11:38:14.986] [error] [comfy-env]     env: C:\Users\stduser\AppData\Local\Programs\comfy-env\.pixi\envs\cadabra-nodes  [OK]

[2026-05-19 11:38:14.987] [error] [comfy-env] prestartup complete

[2026-05-19 11:38:15.025] [error] [comfy-env] ComfyUI-GeometryPack: 1 isolation env(s):
[2026-05-19 11:38:15.027] [error] 
[comfy-env]   nodes -> C:\Users\stduser\Documents\ComfyUI\custom_nodes\ComfyUI-GeometryPack\nodes

[2026-05-19 11:38:15.028] [error] [comfy-env]     env: C:\Users\stduser\AppData\Local\Programs\comfy-env\.pixi\envs\geometrypack-nodes  [OK]
[comfy-env] prestartup complete

[2026-05-19 11:38:17.918] [info]  Found comfy_kitchen backend eager: {'available': True, 'disabled': False, 'unavailable_reason': None, 'capabilities': ['apply_rope', 'apply_rope1', 'dequantize_mxfp8', 'dequantize_nvfp4', 'dequantize_per_tensor_fp8', 'quantize_mxfp8', 'quantize_nvfp4', 'quantize_per_tensor_fp8', 'scaled_mm_mxfp8', 'scaled_mm_nvfp4']}

[2026-05-19 11:38:17.920] [info]  Found comfy_kitchen backend triton: {'available': False, 'disabled': True, 'unavailable_reason': "ImportError: No module named 'triton'", 'capabilities': []}
Found comfy_kitchen backend cuda: {'available': False, 'disabled': True, 'unavailable_reason': 'CUDA not available on this system', 'capabilities': []}

[2026-05-19 11:38:17.928] [info]  Checkpoint files will always be loaded safely.

[2026-05-19 11:38:17.987] [info]  Total VRAM 16379 MB, total RAM 16379 MB

[2026-05-19 11:38:17.989] [info]  pytorch version: 2.10.0+cpu
Set vram state to: DISABLED
Device: cpu

[2026-05-19 11:38:18.343] [info]  Using sub quadratic optimization for attention, if you have memory or speed issues try using: --use-split-cross-attention

[2026-05-19 11:38:21.657] [info]  Python version: 3.12.11 (main, Aug 18 2025, 19:17:54) [MSC v.1944 64 bit (AMD64)]

[2026-05-19 11:38:21.659] [info]  ComfyUI version: 0.21.1
comfy-aimdo version: 0.3.0

[2026-05-19 11:38:21.661] [info]  comfy-kitchen version: 0.2.8

[2026-05-19 11:38:21.665] [info]  [Prompt Server] web root: C:\Users\stduser\.comfy-test-cache\desktop\ComfyUI\resources\ComfyUI\web_custom_versions\desktop_app

[2026-05-19 11:38:21.668] [info]  Asset seeder disabled

[2026-05-19 11:38:21.671] [info]  [START] ComfyUI-Manager

[2026-05-19 11:38:21.873] [info]  [ComfyUI-Manager] Using GitPython backend

[2026-05-19 11:38:21.950] [info]  [ComfyUI-Manager] network_mode: public

[2026-05-19 11:38:21.957] [info]  [ComfyUI-Manager] The matrix sharing feature has been disabled because the `matrix-nio` dependency is not installed.
	To use this feature, please run the following command:
	C:\Users\stduser\Documents\ComfyUI\.venv\Scripts\python.exe -m pip install matrix-nio


[2026-05-19 11:38:24.108] [error] [comfy-env] Version: 0.3.89
[2026-05-19 11:38:24.110] [error] 

[2026-05-19 11:38:24.727] [info]  [comfy-env] Removed stale temp dir: C:\Users\stduser\AppData\Local\Temp\comfyui_pvenv_1uz250su

[2026-05-19 11:38:25.136] [error] [comfy-env] register_nodes: comfyui-cadabra
[2026-05-19 11:38:25.137] [error] 

[2026-05-19 11:38:25.140] [error] [comfy-env] ComfyUI source dir: C:\Users\stduser\.comfy-test-cache\desktop\ComfyUI\resources\ComfyUI
[2026-05-19 11:38:25.141] [error] 

[2026-05-19 11:38:25.143] [error] [comfy-env] Scanning nodes metadata (isolation root)...
[2026-05-19 11:38:25.145] [error] 

[2026-05-19 11:38:25.149] [error] [comfy-env] Cache hit for nodes: 39 nodes
[2026-05-19 11:38:25.150] [error] 
[comfy-env] Scanned nodes root: 39 nodes (0.0s)

[2026-05-19 11:38:25.152] [error] [comfy-env] Imported nodes root: 39 nodes (isolation)
[2026-05-19 11:38:25.155] [error] 

[2026-05-19 11:38:25.157] [error] [comfy-env] Registered 39 total nodes
[2026-05-19 11:38:25.159] [error] 

[2026-05-19 11:38:25.164] [info]  loading...

[2026-05-19 11:38:25.165] [info]  calling register_nodes

[2026-05-19 11:38:25.167] [error] [comfy-env] Version: 0.3.89
[2026-05-19 11:38:25.169] [error] 

[2026-05-19 11:38:25.210] [error] [comfy-env] register_nodes: ComfyUI-GeometryPack
[2026-05-19 11:38:25.211] [error] 

[2026-05-19 11:38:25.237] [error] [comfy-env] ComfyUI source dir: C:\Users\stduser\.comfy-test-cache\desktop\ComfyUI\resources\ComfyUI
[2026-05-19 11:38:25.238] [error] 

[2026-05-19 11:38:25.241] [error] [comfy-env] Scanning nodes metadata (isolation root)...
[2026-05-19 11:38:25.243] [error] 

[2026-05-19 11:38:25.285] [error] [comfy-env] Cache hit for nodes: 125 nodes
[2026-05-19 11:38:25.287] [error] 
[comfy-env] Scanned nodes root: 125 nodes (0.0s)

[2026-05-19 11:38:25.291] [error] [comfy-env] Imported nodes root: 125 nodes (isolation)
[2026-05-19 11:38:25.292] [error] 
[comfy-env] Registered 125 total nodes
[2026-05-19 11:38:25.293] [error] 

[2026-05-19 11:38:25.335] [info]  ComfyUI-Multiband loaded: 15 nodes registered

[2026-05-19 11:38:25.338] [info]  
Import times for custom nodes:

[2026-05-19 11:38:25.339] [info]     0.0 seconds: C:\Users\stduser\.comfy-test-cache\desktop\ComfyUI\resources\ComfyUI\custom_nodes\websocket_image_save.py
   0.0 seconds: C:\Users\stduser\Documents\ComfyUI\custom_nodes\ComfyUI-Multiband
   0.1 seconds: C:\Users\stduser\Documents\ComfyUI\custom_nodes\ComfyUI-GeometryPack
   1.1 seconds: C:\Users\stduser\Documents\ComfyUI\custom_nodes\comfyui-cadabra


[2026-05-19 11:38:25.343] [info]  Context impl SQLiteImpl.

[2026-05-19 11:38:25.345] [info]  Will assume non-transactional DDL.

[2026-05-19 11:38:25.351] [error] Failed to initialize database. Please ensure you have installed the latest requirements. If the error persists, please report this as in future the database will be required: Could not acquire lock on database 'C:/Users/stduser/Documents/ComfyUI/user/comfyui.db'. Another ComfyUI process may already be using it. Use --database-url to specify a separate database file.

[2026-05-19 11:38:25.459] [info]  Starting server


[2026-05-19 11:38:25.461] [info]  To see the GUI go to: http://127.0.0.1:8001

[2026-05-19 11:38:32.217] [info]  [ComfyUI-Manager] The ComfyRegistry cache update is still in progress, so an outdated cache is being used.

[2026-05-19 11:38:32.335] [info]  FETCH DATA from: C:\Users\stduser\Documents\ComfyUI\.venv\Lib\site-packages\comfyui_manager\custom-node-list.json
[2026-05-19 11:38:32.358] [info]   [DONE]

[2026-05-19 11:38:35.683] [error] Exception in callback _ProactorBasePipeTransport._call_connection_lost(None)
handle: <Handle _ProactorBasePipeTransport._call_connection_lost(None)>
Traceback (most recent call last):
  File "C:\Users\stduser\AppData\Roaming\uv\python\cpython-3.12.11-windows-x86_64-none\Lib\asyncio\events.py", line 88, in _run
    self._context.run(self._callback, *self._args)
  File "C:\Users\stduser\AppData\Roaming\uv\python\cpython-3.12.11-windows-x86_64-none\Lib\asyncio\proactor_events.py", line 165, in _call_connection_lost
    self._sock.shutdown(socket.SHUT_RDWR)
ConnectionResetError: [WinError 10054] An existing connection was forcibly closed by the remote host

[2026-05-19 11:38:37.968] [info]  [ComfyUI-Manager] The ComfyRegistry cache update is still in progress, so an outdated cache is being used.

[2026-05-19 11:38:38.156] [info]  FETCH DATA from: C:\Users\stduser\Documents\ComfyUI\.venv\Lib\site-packages\comfyui_manager\custom-node-list.json
[2026-05-19 11:38:38.180] [info]   [DONE]

[2026-05-19 11:38:58.948] [info]  got prompt

[2026-05-19 11:38:58.962] [info]  [comfyui-cadabra] python: C:\Users\stduser\AppData\Local\Programs\comfy-env\.pixi\envs\cadabra-nodes\python.exe
[2026-05-19 11:38:58.965] [info]  
[comfyui-cadabra] sys_path sent to worker: ['C:\\Users\\stduser\\.comfy-test-cache\\desktop\\ComfyUI\\resources\\ComfyUI', 'C:\\Users\\stduser\\Documents\\ComfyUI\\custom_nodes\\comfyui-cadabra', 'C:\\Users\\stduser\\AppData\\Local\\Programs\\comfy-env\\.pixi\\envs\\cadabra-nodes\\Lib\\site-packages', 'C:\\Users\\stduser\\Documents\\ComfyUI\\custom_nodes\\comfyui-cadabra']

[2026-05-19 11:39:01.828] [error] [worker:comfyui-cadabra] ERROR: Failed to import comfy_kitchen, Error: No module named 'comfy_kitchen', fp8 and fp4 support will not be available.

[2026-05-19 11:39:05.804] [error] [comfyui-cadabra] Health check: ping (timeout=5.0s)...
[2026-05-19 11:39:05.806] [error] 

[2026-05-19 11:39:05.826] [error] [comfyui-cadabra] Health check: ok

[2026-05-19 11:39:06.064] [error] [11:39:06] [CADabra] Starting: BRepMesh(linear_deflection=0.1, angular_deflection=0.5)

[2026-05-19 11:39:06.066] [error] [worker:comfyui-cadabra] INFO: Starting: BRepMesh(linear_deflection=0.1, angular_deflection=0.5)

[2026-05-19 11:39:09.685] [error] [11:39:09] [CADabra] Completed: BRepMesh(linear_deflection=0.1, angular_deflection=0.5) in 3.62s

[2026-05-19 11:39:09.686] [error] [worker:comfyui-cadabra] INFO: Completed: BRepMesh(linear_deflection=0.1, angular_deflection=0.5) in 3.62s

[2026-05-19 11:39:14.776] [error] [comfyui-cadabra] Health check: ping (timeout=5.0s)...

[2026-05-19 11:39:14.792] [error] [comfyui-cadabra] Health check: ok

[2026-05-19 11:39:15.269] [error] Error   : Gmsh has not been initialized

[2026-05-19 11:39:15.271] [error] Error   : Gmsh has not been initialized

[2026-05-19 11:39:15.401] [info]  Prompt executed in 16.45 seconds

