[2026-05-12 15:53:45.519] [info]  setup plugin alembic.autogenerate.schemas
setup plugin alembic.autogenerate.tables
setup plugin alembic.autogenerate.types

[2026-05-12 15:53:45.522] [info]  setup plugin alembic.autogenerate.constraints
setup plugin alembic.autogenerate.defaults
setup plugin alembic.autogenerate.comments

[2026-05-12 15:53:45.963] [info]  Adding extra search path custom_nodes C:\Users\runneradmin\Documents\ComfyUI\custom_nodes

[2026-05-12 15:53:45.965] [info]  Adding extra search path download_model_base C:\Users\runneradmin\Documents\ComfyUI\models
Adding extra search path custom_nodes C:\Users\runneradmin\.comfy-test-cache\desktop\ComfyUI\resources\ComfyUI\custom_nodes
Setting output directory to: C:\Users\runneradmin\Documents\ComfyUI\output
Setting input directory to: C:\Users\runneradmin\Documents\ComfyUI\input
Setting user directory to: C:\Users\runneradmin\Documents\ComfyUI\user

[2026-05-12 15:53:47.463] [info]  [START] Security scan
[DONE] Security scan
** ComfyUI startup time: 
[2026-05-12 15:53:47.464] [info]  2026-05-12 15:53:47.462
** Platform: Windows
** Python version: 3.12.11 (main, Aug 18 2025, 19:17:54) [MSC v.1944 64 bit (AMD64)]
** Python executable: C:\Users\runneradmin\Documents\ComfyUI\.venv\Scripts\python.exe
** ComfyUI Path: C:\Users\runneradmin\.comfy-test-cache\desktop\ComfyUI\resources\ComfyUI
** ComfyUI Base Folder Path: C:\Users\runneradmin\.comfy-test-cache\desktop\ComfyUI\resources\ComfyUI

[2026-05-12 15:53:47.467] [info]  ** User directory: C:\Users\runneradmin\Documents\ComfyUI\user
[2026-05-12 15:53:47.468] [info]  
** ComfyUI-Manager config path: C:\Users\runneradmin\Documents\ComfyUI\user\__manager\config.ini
** Log path: C:\Users\runneradmin\Documents\ComfyUI\user\comfyui.log

[2026-05-12 15:53:48.574] [info]  [ComfyUI-Manager] Skipped fixing the 'comfyui-frontend-package' dependency because the ComfyUI is outdated.

[2026-05-12 15:53:48.575] [info]  [PRE] ComfyUI-Manager

[2026-05-12 15:53:48.892] [error] [comfy-env] comfyui-cadabra: 1 isolation env(s):

[2026-05-12 15:53:48.894] [error] [comfy-env]   nodes -> C:\Users\runneradmin\Documents\ComfyUI\custom_nodes\comfyui-cadabra\nodes
[comfy-env] prestartup complete

[2026-05-12 15:53:48.928] [error] [comfy-env] ComfyUI-GeometryPack: 1 isolation env(s):
[2026-05-12 15:53:48.929] [error] 
[comfy-env]   nodes -> C:\Users\runneradmin\Documents\ComfyUI\custom_nodes\ComfyUI-GeometryPack\nodes
[comfy-env] prestartup complete

[2026-05-12 15:53:51.716] [info]  Found comfy_kitchen backend triton: {'available': False, 'disabled': True, 'unavailable_reason': "ImportError: No module named 'triton'", 'capabilities': []}

[2026-05-12 15:53:51.718] [info]  Found comfy_kitchen backend cuda: {'available': False, 'disabled': True, 'unavailable_reason': 'CUDA not available on this system', 'capabilities': []}
Found comfy_kitchen backend eager: {'available': True, 'disabled': False, 'unavailable_reason': None, 'capabilities': ['apply_rope', 'apply_rope1', 'dequantize_mxfp8', 'dequantize_nvfp4', 'dequantize_per_tensor_fp8', 'quantize_mxfp8', 'quantize_nvfp4', 'quantize_per_tensor_fp8', 'scaled_mm_mxfp8', 'scaled_mm_nvfp4']}

[2026-05-12 15:53:51.724] [info]  Checkpoint files will always be loaded safely.

[2026-05-12 15:53:51.741] [info]  Total VRAM 16383 MB, total RAM 16383 MB

[2026-05-12 15:53:51.743] [info]  pytorch version: 2.10.0+cpu
Set vram state to: DISABLED
Device: cpu

[2026-05-12 15:53:52.053] [info]  Using sub quadratic optimization for attention, if you have memory or speed issues try using: --use-split-cross-attention

[2026-05-12 15:53:54.656] [info]  Python version: 3.12.11 (main, Aug 18 2025, 19:17:54) [MSC v.1944 64 bit (AMD64)]

[2026-05-12 15:53:54.657] [info]  ComfyUI version: 0.21.0
comfy-aimdo version: 0.3.0

[2026-05-12 15:53:54.659] [info]  comfy-kitchen version: 0.2.8

[2026-05-12 15:53:54.663] [info]  [Prompt Server] web root: C:\Users\runneradmin\.comfy-test-cache\desktop\ComfyUI\resources\ComfyUI\web_custom_versions\desktop_app

[2026-05-12 15:53:54.665] [info]  Asset seeder disabled

[2026-05-12 15:53:54.666] [info]  [START] ComfyUI-Manager

[2026-05-12 15:53:54.789] [info]  [ComfyUI-Manager] Using GitPython backend

[2026-05-12 15:53:54.856] [info]  [ComfyUI-Manager] network_mode: public

[2026-05-12 15:53:54.861] [info]  [ComfyUI-Manager] The matrix sharing feature has been disabled because the `matrix-nio` dependency is not installed.
	To use this feature, please run the following command:
	C:\Users\runneradmin\Documents\ComfyUI\.venv\Scripts\python.exe -m pip install matrix-nio


[2026-05-12 15:53:56.589] [error] [comfy-env] Version: 0.3.84
[2026-05-12 15:53:56.591] [error] 

[2026-05-12 15:54:00.041] [info]  [comfy-env] Removed stale temp dir: C:\Users\RUNNER~1\AppData\Local\Temp\comfyui_pvenv_v8lhphul

[2026-05-12 15:54:00.410] [error] [comfy-env] register_nodes: comfyui-cadabra
[2026-05-12 15:54:00.412] [error] 

[2026-05-12 15:54:00.414] [error] [comfy-env] ComfyUI source dir: C:\Users\runneradmin\.comfy-test-cache\desktop\ComfyUI\resources\ComfyUI
[2026-05-12 15:54:00.416] [error] 

[2026-05-12 15:54:00.418] [error] [comfy-env] Scanning nodes metadata (isolation root)...
[2026-05-12 15:54:00.421] [error] 

[2026-05-12 15:54:00.428] [error] [comfy-env] Cache hit for nodes: 39 nodes
[2026-05-12 15:54:00.430] [error] 

[2026-05-12 15:54:00.432] [error] [comfy-env] Scanned nodes root: 39 nodes (0.0s)
[2026-05-12 15:54:00.435] [error] 

[2026-05-12 15:54:00.436] [error] [comfy-env] Imported nodes root: 39 nodes (isolation)
[2026-05-12 15:54:00.445] [error] 

[2026-05-12 15:54:00.448] [error] [comfy-env] Registered 39 total nodes
[2026-05-12 15:54:00.450] [error] 

[2026-05-12 15:54:00.455] [info]  loading...

[2026-05-12 15:54:00.457] [info]  calling register_nodes

[2026-05-12 15:54:00.459] [error] [comfy-env] Version: 0.3.84
[2026-05-12 15:54:00.460] [error] 

[2026-05-12 15:54:00.490] [error] [comfy-env] register_nodes: ComfyUI-GeometryPack
[2026-05-12 15:54:00.492] [error] 

[2026-05-12 15:54:00.510] [error] [comfy-env] ComfyUI source dir: C:\Users\runneradmin\.comfy-test-cache\desktop\ComfyUI\resources\ComfyUI
[2026-05-12 15:54:00.512] [error] 

[2026-05-12 15:54:00.516] [error] [comfy-env] Scanning nodes metadata (isolation root)...
[2026-05-12 15:54:00.517] [error] 

[2026-05-12 15:54:00.552] [error] [comfy-env] Cache hit for nodes: 125 nodes
[2026-05-12 15:54:00.553] [error] 
[comfy-env] Scanned nodes root: 125 nodes (0.0s)

[2026-05-12 15:54:00.557] [error] [comfy-env] Imported nodes root: 125 nodes (isolation)
[2026-05-12 15:54:00.559] [error] 

[2026-05-12 15:54:00.560] [error] [comfy-env] Registered 125 total nodes
[2026-05-12 15:54:00.561] [error] 

[2026-05-12 15:54:00.587] [info]  ComfyUI-Multiband loaded: 15 nodes registered

[2026-05-12 15:54:00.591] [info]  
Import times for custom nodes:

[2026-05-12 15:54:00.593] [info]     0.0 seconds: C:\Users\runneradmin\.comfy-test-cache\desktop\ComfyUI\resources\ComfyUI\custom_nodes\websocket_image_save.py
   0.0 seconds: C:\Users\runneradmin\Documents\ComfyUI\custom_nodes\ComfyUI-Multiband
   0.1 seconds: C:\Users\runneradmin\Documents\ComfyUI\custom_nodes\ComfyUI-GeometryPack

[2026-05-12 15:54:00.594] [info]     3.9 seconds: C:\Users\runneradmin\Documents\ComfyUI\custom_nodes\comfyui-cadabra


[2026-05-12 15:54:00.601] [info]  Context impl SQLiteImpl.

[2026-05-12 15:54:00.603] [info]  Will assume non-transactional DDL.

[2026-05-12 15:54:00.611] [error] Failed to initialize database. Please ensure you have installed the latest requirements. If the error persists, please report this as in future the database will be required: Could not acquire lock on database 'C:/Users/runneradmin/Documents/ComfyUI/user/comfyui.db'. Another ComfyUI process may already be using it. Use --database-url to specify a separate database file.

[2026-05-12 15:54:00.700] [info]  Starting server


[2026-05-12 15:54:00.701] [info]  To see the GUI go to: http://127.0.0.1:8001

[2026-05-12 15:54:02.715] [info]  [ComfyUI-Manager] The ComfyRegistry cache update is still in progress, so an outdated cache is being used.

[2026-05-12 15:54:02.889] [info]  FETCH DATA from: C:\Users\runneradmin\Documents\ComfyUI\.venv\Lib\site-packages\comfyui_manager\custom-node-list.json
[2026-05-12 15:54:02.914] [info]   [DONE]

[2026-05-12 15:54:06.586] [info]  [ComfyUI-Manager] The ComfyRegistry cache update is still in progress, so an outdated cache is being used.

[2026-05-12 15:54:06.798] [info]  FETCH DATA from: C:\Users\runneradmin\Documents\ComfyUI\.venv\Lib\site-packages\comfyui_manager\custom-node-list.json
[2026-05-12 15:54:06.821] [info]   [DONE]

[2026-05-12 15:54:27.777] [info]  got prompt

[2026-05-12 15:54:27.785] [info]  WARNING: _path_exists: path should be string, bytes, os.PathLike or integer, not NoneType

[2026-05-12 15:54:27.803] [info]  [comfyui-cadabra] python: C:\ce\.pixi\envs\cadabra-nodes\python.exe
[2026-05-12 15:54:27.805] [info]  

[2026-05-12 15:54:27.806] [info]  [comfyui-cadabra] sys_path sent to worker: ['C:\\Users\\runneradmin\\.comfy-test-cache\\desktop\\ComfyUI\\resources\\ComfyUI', 'C:\\Users\\runneradmin\\Documents\\ComfyUI\\custom_nodes\\comfyui-cadabra', 'C:\\ce\\.pixi\\envs\\cadabra-nodes\\Lib\\site-packages', 'C:\\Users\\runneradmin\\Documents\\ComfyUI\\custom_nodes\\comfyui-cadabra']
[2026-05-12 15:54:27.809] [info]  

[2026-05-12 15:54:32.929] [error] [worker:comfyui-cadabra] ERROR: Failed to import comfy_kitchen, Error: No module named 'comfy_kitchen', fp8 and fp4 support will not be available.

[2026-05-12 15:54:38.597] [error] [comfyui-cadabra] Health check: ping (timeout=5.0s)...
[2026-05-12 15:54:38.599] [error] 

[2026-05-12 15:54:38.628] [error] [comfyui-cadabra] Health check: ok

[2026-05-12 15:54:39.274] [error] [15:54:39] [CADabra] Starting: BRepMesh(linear_deflection=0.1, angular_deflection=0.5)

[2026-05-12 15:54:39.276] [error] [worker:comfyui-cadabra] INFO: Starting: BRepMesh(linear_deflection=0.1, angular_deflection=0.5)

[2026-05-12 15:54:39.521] [error] [15:54:39] [CADabra] Completed: BRepMesh(linear_deflection=0.1, angular_deflection=0.5) in 0.25s

[2026-05-12 15:54:39.522] [error] [worker:comfyui-cadabra] INFO: Completed: BRepMesh(linear_deflection=0.1, angular_deflection=0.5) in 0.25s

[2026-05-12 15:54:40.490] [error] [comfyui-cadabra] Health check: ping (timeout=5.0s)...
[2026-05-12 15:54:40.491] [error] 

[2026-05-12 15:54:40.681] [error] [comfyui-cadabra] Health check: ok

[2026-05-12 15:54:41.076] [error] [15:54:41] [CADabra] Starting: BRepMesh ROI Selector(linear_deflection=0.1, angular_deflection=0.5)
[worker:comfyui-cadabra] INFO: Starting: BRepMesh ROI Selector(linear_deflection=0.1, angular_deflection=0.5)

[2026-05-12 15:54:41.746] [error] [15:54:41] [CADabra] Completed: BRepMesh ROI Selector(linear_deflection=0.1, angular_deflection=0.5) in 0.71s

[2026-05-12 15:54:41.748] [error] [worker:comfyui-cadabra] INFO: Completed: BRepMesh ROI Selector(linear_deflection=0.1, angular_deflection=0.5) in 0.71s

[2026-05-12 15:54:45.000] [error] !!! Exception during processing !!! [Errno 2] No such file or directory: 'C:\\Users\\runneradmin\\.comfy-test-cache\\desktop\\ComfyUI\\resources\\ComfyUI\\temp\\roi_selector_2022659064896.glb'

Worker traceback:
Traceback (most recent call last):
  File "C:\Users\RUNNER~1\AppData\Local\Temp\comfyui_pvenv_26gr9g1j\persistent_worker.py", line 1762, in main
    result = method(**inputs)
             ^^^^^^^^^^^^^^^^
  File "C:\Users\runneradmin\.comfy-test-cache\desktop\ComfyUI\resources\ComfyUI\comfy_api\latest\_io.py", line 1833, in EXECUTE_NORMALIZED
    to_return = cls.execute(*args, **kwargs)
                ^^^^^^^^^^^^^^^^^^^^^^^^^^^^
  File "C:\Users\runneradmin\Documents\ComfyUI\custom_nodes\comfyui-cadabra\nodes\cad_roi_selector_node.py", line 191, in execute
    cls._export_glb_with_colors(vertices_array, faces_array, colors_array, glb_filepath)
  File "C:\Users\runneradmin\Documents\ComfyUI\custom_nodes\comfyui-cadabra\nodes\cad_roi_selector_node.py", line 316, in _export_glb_with_colors
    gltf.save(filepath)
  File "C:\ce\.pixi\envs\cadabra-nodes\Lib\site-packages\pygltflib\__init__.py", line 1112, in save
    return self.save_binary(fname)
           ^^^^^^^^^^^^^^^^^^^^^^^
  File "C:\ce\.pixi\envs\cadabra-nodes\Lib\site-packages\pygltflib\__init__.py", line 1098, in save_binary
    with open(fname, 'wb') as f:
         ^^^^^^^^^^^^^^^^^
FileNotFoundError: [Errno 2] No such file or directory: 'C:\\Users\\runneradmin\\.comfy-test-cache\\desktop\\ComfyUI\\resources\\ComfyUI\\temp\\roi_selector_2022659064896.glb'


[2026-05-12 15:54:45.097] [error] Traceback (most recent call last):
  File "C:\Users\runneradmin\.comfy-test-cache\desktop\ComfyUI\resources\ComfyUI\execution.py", line 535, in execute
    output_data, output_ui, has_subgraph, has_pending_tasks = await get_output_data(prompt_id, unique_id, obj, input_data_all, execution_block_cb=execution_block_cb, pre_execute_cb=pre_execute_cb, v3_data=v3_data)
                                                              ^^^^^^^^^^^^^^^^^^^^^^^^^^^^^^^^^^^^^^^^^^^^^^^^^^^^^^^^^^^^^^^^^^^^^^^^^^^^^^^^^^^^^^^^^^^^^^^^^^^^^^^^^^^^^^^^^^^^^^^^^^^^^^^^^^^^^^^^^^^^^^^^^^^^^^^
  File "C:\Users\runneradmin\.comfy-test-cache\desktop\ComfyUI\resources\ComfyUI\execution.py", line 335, in get_output_data
    return_values = await _async_map_node_over_list(prompt_id, unique_id, obj, input_data_all, obj.FUNCTION, allow_interrupt=True, execution_block_cb=execution_block_cb, pre_execute_cb=pre_execute_cb, v3_data=v3_data)
                    ^^^^^^^^^^^^^^^^^^^^^^^^^^^^^^^^^^^^^^^^^^^^^^^^^^^^^^^^^^^^^^^^^^^^^^^^^^^^^^^^^^^^^^^^^^^^^^^^^^^^^^^^^^^^^^^^^^^^^^^^^^^^^^^^^^^^^^^^^^^^^^^^^^^^^^^^^^^^^^^^^^^^^^^^^^^^^^^^^^^^^^^^^^^^^^^^^^^^^
  File "C:\Users\runneradmin\.comfy-test-cache\desktop\ComfyUI\resources\ComfyUI\execution.py", line 309, in _async_map_node_over_list
    await process_inputs(input_dict, i)
  File "C:\Users\runneradmin\.comfy-test-cache\desktop\ComfyUI\resources\ComfyUI\execution.py", line 297, in process_inputs
    result = f(**inputs)
             ^^^^^^^^^^^
  File "C:\Users\runneradmin\Documents\ComfyUI\.venv\Lib\site-packages\comfy_env\isolation\metadata.py", line 556, in proxy
    result = worker.call_method(
             ^^^^^^^^^^^^^^^^^^^
  File "C:\Users\runneradmin\Documents\ComfyUI\.venv\Lib\site-packages\comfy_env\isolation\workers\subprocess.py", line 674, in call_method
    raise WorkerError(
comfy_env.isolation.workers.base.WorkerError: [Errno 2] No such file or directory: 'C:\\Users\\runneradmin\\.comfy-test-cache\\desktop\\ComfyUI\\resources\\ComfyUI\\temp\\roi_selector_2022659064896.glb'

Worker traceback:
Traceback (most recent call last):
  File "C:\Users\RUNNER~1\AppData\Local\Temp\comfyui_pvenv_26gr9g1j\persistent_worker.py", line 1762, in main
    result = method(**inputs)
             ^^^^^^^^^^^^^^^^
  File "C:\Users\runneradmin\.comfy-test-cache\desktop\ComfyUI\resources\ComfyUI\comfy_api\latest\_io.py", line 1833, in EXECUTE_NORMALIZED
    to_return = cls.execute(*args, **kwargs)
                ^^^^^^^^^^^^^^^^^^^^^^^^^^^^
  File "C:\Users\runneradmin\Documents\ComfyUI\custom_nodes\comfyui-cadabra\nodes\cad_roi_selector_node.py", line 191, in execute
    cls._export_glb_with_colors(vertices_array, faces_array, colors_array, glb_filepath)
  File "C:\Users\runneradmin\Documents\ComfyUI\custom_nodes\comfyui-cadabra\nodes\cad_roi_selector_node.py", line 316, in _export_glb_with_colors
    gltf.save(filepath)
  File "C:\ce\.pixi\envs\cadabra-nodes\Lib\site-packages\pygltflib\__init__.py", line 1112, in save
    return self.save_binary(fname)
           ^^^^^^^^^^^^^^^^^^^^^^^
  File "C:\ce\.pixi\envs\cadabra-nodes\Lib\site-packages\pygltflib\__init__.py", line 1098, in save_binary
    with open(fname, 'wb') as f:
         ^^^^^^^^^^^^^^^^^
FileNotFoundError: [Errno 2] No such file or directory: 'C:\\Users\\runneradmin\\.comfy-test-cache\\desktop\\ComfyUI\\resources\\ComfyUI\\temp\\roi_selector_2022659064896.glb'



[2026-05-12 15:54:45.108] [info]  Prompt executed in 17.33 seconds

