[2026-05-18 18:41:43.904] [info]  setup plugin alembic.autogenerate.schemas
setup plugin alembic.autogenerate.tables

[2026-05-18 18:41:43.907] [info]  setup plugin alembic.autogenerate.types
setup plugin alembic.autogenerate.constraints
setup plugin alembic.autogenerate.defaults
setup plugin alembic.autogenerate.comments

[2026-05-18 18:41:44.350] [info]  Adding extra search path custom_nodes C:\Users\stduser\Documents\ComfyUI\custom_nodes
Adding extra search path download_model_base C:\Users\stduser\Documents\ComfyUI\models
Adding extra search path custom_nodes C:\Users\stduser\.comfy-test-cache\desktop\ComfyUI\resources\ComfyUI\custom_nodes
Setting output directory to: C:\Users\stduser\Documents\ComfyUI\output

[2026-05-18 18:41:44.354] [info]  Setting input directory to: C:\Users\stduser\Documents\ComfyUI\input
Setting user directory to: C:\Users\stduser\Documents\ComfyUI\user

[2026-05-18 18:41:45.946] [info]  [START] Security scan
[DONE] Security scan
** ComfyUI startup time: 2026-05-18 18:41:45.946

[2026-05-18 18:41:45.948] [info]  ** Platform: Windows
** Python version: 3.12.11 (main, Aug 18 2025, 19:17:54) [MSC v.1944 64 bit (AMD64)]
** Python executable: C:\Users\stduser\Documents\ComfyUI\.venv\Scripts\python.exe
** ComfyUI Path: C:\Users\stduser\.comfy-test-cache\desktop\ComfyUI\resources\ComfyUI
** ComfyUI Base Folder Path: C:\Users\stduser\.comfy-test-cache\desktop\ComfyUI\resources\ComfyUI
** User directory: C:\Users\stduser\Documents\ComfyUI\user
** ComfyUI-Manager config path: C:\Users\stduser\Documents\ComfyUI\user\__manager\config.ini
** Log path: 
[2026-05-18 18:41:45.950] [info]  C:\Users\stduser\Documents\ComfyUI\user\comfyui.log

[2026-05-18 18:41:47.101] [info]  [ComfyUI-Manager] Skipped fixing the 'comfyui-frontend-package' dependency because the ComfyUI is outdated.

[2026-05-18 18:41:47.102] [info]  [PRE] ComfyUI-Manager

[2026-05-18 18:41:47.431] [error] [comfy-env] comfyui-cadabra: 1 isolation env(s):
[2026-05-18 18:41:47.433] [error] 
[comfy-env]   nodes -> C:\Users\stduser\Documents\ComfyUI\custom_nodes\comfyui-cadabra\nodes

[2026-05-18 18:41:47.435] [error] [comfy-env] Workspace: C:\Users\stduser\AppData\Local\Programs\comfy-env
[comfy-env]     env: C:\Users\stduser\AppData\Local\Programs\comfy-env\.pixi\envs\cadabra-nodes  [OK]

[2026-05-18 18:41:47.436] [error] [comfy-env] prestartup complete
[2026-05-18 18:41:47.437] [error] 

[2026-05-18 18:41:47.468] [error] [comfy-env] ComfyUI-GeometryPack: 1 isolation env(s):
[2026-05-18 18:41:47.470] [error] 
[comfy-env]   nodes -> C:\Users\stduser\Documents\ComfyUI\custom_nodes\ComfyUI-GeometryPack\nodes
[comfy-env]     env: C:\Users\stduser\AppData\Local\Programs\comfy-env\.pixi\envs\geometrypack-nodes  [OK]
[2026-05-18 18:41:47.471] [error] 
[comfy-env] prestartup complete

[2026-05-18 18:41:50.690] [info]  Found comfy_kitchen backend eager: {'available': True, 'disabled': False, 'unavailable_reason': None, 'capabilities': ['apply_rope', 'apply_rope1', 'dequantize_mxfp8', 'dequantize_nvfp4', 'dequantize_per_tensor_fp8', 'quantize_mxfp8', 'quantize_nvfp4', 'quantize_per_tensor_fp8', 'scaled_mm_mxfp8', 'scaled_mm_nvfp4']}

[2026-05-18 18:41:50.692] [info]  Found comfy_kitchen backend triton: {'available': False, 'disabled': True, 'unavailable_reason': "ImportError: No module named 'triton'", 'capabilities': []}
Found comfy_kitchen backend cuda: {'available': False, 'disabled': True, 'unavailable_reason': 'CUDA not available on this system', 'capabilities': []}

[2026-05-18 18:41:50.698] [info]  Checkpoint files will always be loaded safely.

[2026-05-18 18:41:50.725] [info]  Total VRAM 16379 MB, total RAM 16379 MB

[2026-05-18 18:41:50.727] [info]  pytorch version: 2.10.0+cpu
Set vram state to: DISABLED
Device: cpu

[2026-05-18 18:41:51.030] [info]  Using sub quadratic optimization for attention, if you have memory or speed issues try using: --use-split-cross-attention

[2026-05-18 18:41:53.776] [info]  Python version: 3.12.11 (main, Aug 18 2025, 19:17:54) [MSC v.1944 64 bit (AMD64)]

[2026-05-18 18:41:53.778] [info]  ComfyUI version: 0.21.1
comfy-aimdo version: 0.3.0

[2026-05-18 18:41:53.779] [info]  comfy-kitchen version: 0.2.8

[2026-05-18 18:41:53.781] [info]  [Prompt Server] web root: C:\Users\stduser\.comfy-test-cache\desktop\ComfyUI\resources\ComfyUI\web_custom_versions\desktop_app

[2026-05-18 18:41:53.783] [info]  Asset seeder disabled

[2026-05-18 18:41:53.785] [info]  [START] ComfyUI-Manager

[2026-05-18 18:41:53.947] [info]  [ComfyUI-Manager] Using GitPython backend

[2026-05-18 18:41:54.010] [info]  [ComfyUI-Manager] network_mode: public

[2026-05-18 18:41:54.018] [info]  [ComfyUI-Manager] The matrix sharing feature has been disabled because the `matrix-nio` dependency is not installed.
	To use this feature, please run the following command:
	C:\Users\stduser\Documents\ComfyUI\.venv\Scripts\python.exe -m pip install matrix-nio


[2026-05-18 18:41:55.909] [error] [comfy-env] Version: 0.3.89
[2026-05-18 18:41:55.911] [error] 

[2026-05-18 18:41:56.288] [info]  [comfy-env] Removed stale temp dir: C:\Users\stduser\AppData\Local\Temp\comfyui_pvenv_bl0wg23n

[2026-05-18 18:41:56.595] [error] [comfy-env] register_nodes: comfyui-cadabra
[2026-05-18 18:41:56.597] [error] 

[2026-05-18 18:41:56.599] [error] [comfy-env] ComfyUI source dir: C:\Users\stduser\.comfy-test-cache\desktop\ComfyUI\resources\ComfyUI
[2026-05-18 18:41:56.600] [error] 

[2026-05-18 18:41:56.602] [error] [comfy-env] Scanning nodes metadata (isolation root)...
[2026-05-18 18:41:56.604] [error] 

[2026-05-18 18:41:56.610] [error] [comfy-env] Cache hit for nodes: 39 nodes
[2026-05-18 18:41:56.611] [error] 
[comfy-env] Scanned nodes root: 39 nodes (0.0s)

[2026-05-18 18:41:56.614] [error] [comfy-env] Imported nodes root: 39 nodes (isolation)
[2026-05-18 18:41:56.617] [error] 
[comfy-env] Registered 39 total nodes
[2026-05-18 18:41:56.618] [error] 

[2026-05-18 18:41:56.622] [info]  loading...

[2026-05-18 18:41:56.624] [info]  calling register_nodes

[2026-05-18 18:41:56.625] [error] [comfy-env] Version: 0.3.89

[2026-05-18 18:41:56.681] [error] [comfy-env] register_nodes: ComfyUI-GeometryPack
[2026-05-18 18:41:56.684] [error] 

[2026-05-18 18:41:56.696] [error] [comfy-env] ComfyUI source dir: C:\Users\stduser\.comfy-test-cache\desktop\ComfyUI\resources\ComfyUI
[2026-05-18 18:41:56.698] [error] 

[2026-05-18 18:41:56.701] [error] [comfy-env] Scanning nodes metadata (isolation root)...
[2026-05-18 18:41:56.703] [error] 

[2026-05-18 18:41:56.731] [error] [comfy-env] Cache hit for nodes: 125 nodes
[2026-05-18 18:41:56.733] [error] 
[comfy-env] Scanned nodes root: 125 nodes (0.0s)
[2026-05-18 18:41:56.735] [error] 

[2026-05-18 18:41:56.739] [error] [comfy-env] Imported nodes root: 125 nodes (isolation)
[2026-05-18 18:41:56.740] [error] 
[comfy-env] Registered 125 total nodes
[2026-05-18 18:41:56.741] [error] 

[2026-05-18 18:41:56.770] [info]  ComfyUI-Multiband loaded: 15 nodes registered

[2026-05-18 18:41:56.773] [info]  
Import times for custom nodes:

[2026-05-18 18:41:56.774] [info]     0.0 seconds: C:\Users\stduser\.comfy-test-cache\desktop\ComfyUI\resources\ComfyUI\custom_nodes\websocket_image_save.py
   0.0 seconds: C:\Users\stduser\Documents\ComfyUI\custom_nodes\ComfyUI-Multiband
   0.1 seconds: C:\Users\stduser\Documents\ComfyUI\custom_nodes\ComfyUI-GeometryPack
   0.7 seconds: C:\Users\stduser\Documents\ComfyUI\custom_nodes\comfyui-cadabra


[2026-05-18 18:41:56.779] [info]  Context impl SQLiteImpl.

[2026-05-18 18:41:56.780] [info]  Will assume non-transactional DDL.

[2026-05-18 18:41:56.788] [error] Failed to initialize database. Please ensure you have installed the latest requirements. If the error persists, please report this as in future the database will be required: Could not acquire lock on database 'C:/Users/stduser/Documents/ComfyUI/user/comfyui.db'. Another ComfyUI process may already be using it. Use --database-url to specify a separate database file.

[2026-05-18 18:41:56.876] [info]  Starting server


[2026-05-18 18:41:56.878] [info]  To see the GUI go to: http://127.0.0.1:8001

[2026-05-18 18:41:59.535] [info]  [ComfyUI-Manager] The ComfyRegistry cache update is still in progress, so an outdated cache is being used.

[2026-05-18 18:41:59.696] [info]  FETCH DATA from: C:\Users\stduser\Documents\ComfyUI\.venv\Lib\site-packages\comfyui_manager\custom-node-list.json
[2026-05-18 18:41:59.741] [info]   [DONE]
[2026-05-18 18:41:59.743] [info]  

[2026-05-18 18:42:01.818] [error] Exception in callback _ProactorBasePipeTransport._call_connection_lost(None)
handle: <Handle _ProactorBasePipeTransport._call_connection_lost(None)>
Traceback (most recent call last):
  File "C:\Users\stduser\AppData\Roaming\uv\python\cpython-3.12.11-windows-x86_64-none\Lib\asyncio\events.py", line 88, in _run
    self._context.run(self._callback, *self._args)
  File "C:\Users\stduser\AppData\Roaming\uv\python\cpython-3.12.11-windows-x86_64-none\Lib\asyncio\proactor_events.py", line 165, in _call_connection_lost
    self._sock.shutdown(socket.SHUT_RDWR)
ConnectionResetError: [WinError 10054] An existing connection was forcibly closed by the remote host

[2026-05-18 18:42:02.737] [info]  [ComfyUI-Manager] The ComfyRegistry cache update is still in progress, so an outdated cache is being used.

[2026-05-18 18:42:02.867] [info]  FETCH DATA from: C:\Users\stduser\Documents\ComfyUI\.venv\Lib\site-packages\comfyui_manager\custom-node-list.json
[2026-05-18 18:42:02.890] [info]   [DONE]
[2026-05-18 18:42:02.892] [info]  

[2026-05-18 18:42:23.799] [info]  got prompt

[2026-05-18 18:42:23.814] [info]  [comfyui-cadabra] python: C:\Users\stduser\AppData\Local\Programs\comfy-env\.pixi\envs\cadabra-nodes\python.exe
[2026-05-18 18:42:23.816] [info]  

[2026-05-18 18:42:23.818] [info]  [comfyui-cadabra] sys_path sent to worker: ['C:\\Users\\stduser\\.comfy-test-cache\\desktop\\ComfyUI\\resources\\ComfyUI', 'C:\\Users\\stduser\\Documents\\ComfyUI\\custom_nodes\\comfyui-cadabra', 'C:\\Users\\stduser\\AppData\\Local\\Programs\\comfy-env\\.pixi\\envs\\cadabra-nodes\\Lib\\site-packages', 'C:\\Users\\stduser\\Documents\\ComfyUI\\custom_nodes\\comfyui-cadabra']
[2026-05-18 18:42:23.821] [info]  

[2026-05-18 18:42:26.400] [error] [worker:comfyui-cadabra] ERROR: Failed to import comfy_kitchen, Error: No module named 'comfy_kitchen', fp8 and fp4 support will not be available.

[2026-05-18 18:42:30.012] [error] [comfyui-cadabra] Health check: ping (timeout=5.0s)...
[2026-05-18 18:42:30.014] [error] 

[2026-05-18 18:42:30.018] [error] [comfyui-cadabra] Health check: ok

[2026-05-18 18:42:30.113] [error] [18:42:30] [CADabra] Starting: BRepMesh(linear_deflection=0.1, angular_deflection=0.5)

[2026-05-18 18:42:30.114] [error] [worker:comfyui-cadabra] INFO: Starting: BRepMesh(linear_deflection=0.1, angular_deflection=0.5)

[2026-05-18 18:42:33.935] [error] [18:42:33] [CADabra] Completed: BRepMesh(linear_deflection=0.1, angular_deflection=0.5) in 3.82s

[2026-05-18 18:42:33.937] [error] [worker:comfyui-cadabra] INFO: Completed: BRepMesh(linear_deflection=0.1, angular_deflection=0.5) in 3.82s

[2026-05-18 18:42:38.783] [error] [comfyui-cadabra] Health check: ping (timeout=5.0s)...

[2026-05-18 18:42:38.796] [error] [comfyui-cadabra] Health check: ok

[2026-05-18 18:42:39.231] [error] Error   : Gmsh has not been initialized

[2026-05-18 18:42:39.233] [error] Error   : Gmsh has not been initialized

[2026-05-18 18:42:39.256] [info]  Prompt executed in 15.45 seconds

