[2026-05-11 09:24:13.197] [info]  setup plugin alembic.autogenerate.schemas

[2026-05-11 09:24:13.199] [info]  setup plugin alembic.autogenerate.tables
setup plugin alembic.autogenerate.types
setup plugin alembic.autogenerate.constraints
setup plugin alembic.autogenerate.defaults
setup plugin alembic.autogenerate.comments

[2026-05-11 09:24:14.312] [info]  Adding extra search path custom_nodes C:\Users\runneradmin\Documents\ComfyUI\custom_nodes

[2026-05-11 09:24:14.314] [info]  Adding extra search path download_model_base C:\Users\runneradmin\Documents\ComfyUI\models
Adding extra search path custom_nodes C:\Users\runneradmin\.comfy-test-cache\desktop\ComfyUI\resources\ComfyUI\custom_nodes
Setting output directory to: C:\Users\runneradmin\Documents\ComfyUI\output
Setting input directory to: C:\Users\runneradmin\Documents\ComfyUI\input
Setting user directory to: C:\Users\runneradmin\Documents\ComfyUI\user

[2026-05-11 09:24:17.176] [info]  [START] Security scan
[DONE] Security scan
** ComfyUI startup time: 
[2026-05-11 09:24:17.178] [info]  2026-05-11 09:24:17.175
** Platform: Windows
** Python version: 3.12.11 (main, Aug 18 2025, 19:17:54) [MSC v.1944 64 bit (AMD64)]
** Python executable: C:\Users\runneradmin\Documents\ComfyUI\.venv\Scripts\python.exe
** ComfyUI Path: C:\Users\runneradmin\.comfy-test-cache\desktop\ComfyUI\resources\ComfyUI
** ComfyUI Base Folder Path: C:\Users\runneradmin\.comfy-test-cache\desktop\ComfyUI\resources\ComfyUI

[2026-05-11 09:24:17.179] [info]  ** User directory: C:\Users\runneradmin\Documents\ComfyUI\user

[2026-05-11 09:24:17.180] [info]  ** ComfyUI-Manager config path: C:\Users\runneradmin\Documents\ComfyUI\user\__manager\config.ini
** Log path: C:\Users\runneradmin\Documents\ComfyUI\user\comfyui.log

[2026-05-11 09:24:18.234] [info]  [ComfyUI-Manager] Skipped fixing the 'comfyui-frontend-package' dependency because the ComfyUI is outdated.

[2026-05-11 09:24:18.235] [info]  [PRE] ComfyUI-Manager

[2026-05-11 09:24:29.800] [info]  Found comfy_kitchen backend cuda: {'available': False, 'disabled': True, 'unavailable_reason': 'CUDA not available on this system', 'capabilities': []}

[2026-05-11 09:24:29.801] [info]  Found comfy_kitchen backend triton: {'available': False, 'disabled': True, 'unavailable_reason': "ImportError: No module named 'triton'", 'capabilities': []}
Found comfy_kitchen backend eager: {'available': True, 'disabled': False, 'unavailable_reason': None, 'capabilities': ['apply_rope', 'apply_rope1', 'dequantize_mxfp8', 'dequantize_nvfp4', 'dequantize_per_tensor_fp8', 'quantize_mxfp8', 'quantize_nvfp4', 'quantize_per_tensor_fp8', 'scaled_mm_mxfp8', 'scaled_mm_nvfp4']}

[2026-05-11 09:24:29.845] [info]  Checkpoint files will always be loaded safely.

[2026-05-11 09:24:29.924] [info]  Total VRAM 16379 MB, total RAM 16379 MB

[2026-05-11 09:24:29.925] [info]  pytorch version: 2.10.0+cpu
Set vram state to: DISABLED
Device: cpu

[2026-05-11 09:24:31.097] [info]  Using sub quadratic optimization for attention, if you have memory or speed issues try using: --use-split-cross-attention

[2026-05-11 09:24:39.106] [info]  Python version: 3.12.11 (main, Aug 18 2025, 19:17:54) [MSC v.1944 64 bit (AMD64)]

[2026-05-11 09:24:39.108] [info]  ComfyUI version: 0.20.1
comfy-aimdo version: 0.2.14

[2026-05-11 09:24:39.111] [info]  comfy-kitchen version: 0.2.8

[2026-05-11 09:24:39.113] [info]  [Prompt Server] web root: C:\Users\runneradmin\.comfy-test-cache\desktop\ComfyUI\resources\ComfyUI\web_custom_versions\desktop_app

[2026-05-11 09:24:39.115] [info]  Asset seeder disabled

[2026-05-11 09:24:39.117] [info]  [START] ComfyUI-Manager

[2026-05-11 09:24:39.556] [info]  [ComfyUI-Manager] Using GitPython backend

[2026-05-11 09:24:39.669] [info]  [ComfyUI-Manager] network_mode: public

[2026-05-11 09:24:39.681] [info]  [ComfyUI-Manager] The matrix sharing feature has been disabled because the `matrix-nio` dependency is not installed.
	To use this feature, please run the following command:
	C:\Users\runneradmin\Documents\ComfyUI\.venv\Scripts\python.exe -m pip install matrix-nio


[2026-05-11 09:24:44.452] [info]  
Import times for custom nodes:

[2026-05-11 09:24:44.453] [info]     0.0 seconds: C:\Users\runneradmin\.comfy-test-cache\desktop\ComfyUI\resources\ComfyUI\custom_nodes\websocket_image_save.py


[2026-05-11 09:24:44.469] [info]  Context impl SQLiteImpl.

[2026-05-11 09:24:44.471] [info]  Will assume non-transactional DDL.

[2026-05-11 09:24:44.493] [info]  Context impl SQLiteImpl.

[2026-05-11 09:24:44.495] [info]  Will assume non-transactional DDL.

[2026-05-11 09:24:44.536] [info]  Running upgrade  -> 0001_assets, Initial assets schema
Revision ID: 0001_assets
Revises: None
Create Date: 2025-12-10 00:00:00

[2026-05-11 09:24:45.621] [info]  Running upgrade 0001_assets -> 0002_merge_to_asset_references, Merge AssetInfo and AssetCacheState into unified asset_references table.

[2026-05-11 09:24:46.428] [info]  Running upgrade 0002_merge_to_asset_references -> 0003_add_metadata_job_id, Add system_metadata and job_id columns to asset_references.
Change preview_id FK from assets.id to asset_references.id.

[2026-05-11 09:24:46.681] [info]  Database upgraded from None to 0003_add_metadata_job_id

[2026-05-11 09:24:46.810] [info]  Starting server


[2026-05-11 09:24:46.812] [info]  To see the GUI go to: http://127.0.0.1:8000

[2026-05-11 09:26:11.800] [info]  FETCH ComfyRegistry Data [DONE]

[2026-05-11 09:26:12.106] [info]  [ComfyUI-Manager] default cache updated: https://api.comfy.org/nodes

[2026-05-11 09:26:12.141] [info]  FETCH DATA from: C:\Users\runneradmin\Documents\ComfyUI\user\__manager\cache\1514988643_custom-node-list.json
[2026-05-11 09:26:12.155] [info]   [DONE]

[2026-05-11 09:26:12.213] [info]  [ComfyUI-Manager] All startup tasks have been completed.

[2026-05-11 09:26:35.843] [info]  [ComfyUI-Manager] The ComfyRegistry cache update is still in progress, so an outdated cache is being used.

[2026-05-11 09:26:37.414] [error]   0%|          | 0.00/2.91M [00:00<?, ?B/s]
[2026-05-11 09:26:37.457] [error] 100%|██████████| 2.91M/2.91M [00:00<00:00, 68.4MB/s]
[2026-05-11 09:26:37.459] [error] 

[2026-05-11 09:26:37.587] [info]  Extracted zip file to C:\Users\runneradmin\Documents\ComfyUI\custom_nodes\comfyui-cadabra

[2026-05-11 09:26:37.609] [info]  Install: pip packages
[2026-05-11 09:26:37.610] [info]  

[2026-05-11 09:26:38.967] [info]  [ComfyUI-Manager] Skipped fixing the 'comfyui-frontend-package' dependency because the ComfyUI is outdated.

[2026-05-11 09:26:38.969] [info]  Install: install script
[2026-05-11 09:26:38.971] [info]  

[2026-05-11 09:26:43.523] [info]  
After restarting ComfyUI, please refresh the browser.

[2026-05-11 09:26:43.759] [info]  
Restarting... [Legacy Mode]


Command: ['"C:\\Users\\runneradmin\\Documents\\ComfyUI\\.venv\\Scripts\\python.exe"', '"C:\\Users\\runneradmin\\.comfy-test-cache\\desktop\\ComfyUI\\resources\\ComfyUI\\main.py"', '--user-directory', 'C:\\Users\\runneradmin\\Documents\\ComfyUI\\user', '--input-directory', 'C:\\Users\\runneradmin\\Documents\\ComfyUI\\input', '--output-directory', 'C:\\Users\\runneradmin\\Documents\\ComfyUI\\output', '--front-end-root', 'C:\\Users\\runneradmin\\.comfy-test-cache\\desktop\\ComfyUI\\resources\\ComfyUI\\web_custom_versions\\desktop_app', '--base-directory', 'C:\\Users\\runneradmin\\Documents\\ComfyUI', '--database-url', 'sqlite:///C:/Users/runneradmin/Documents/ComfyUI/user/comfyui.db', '--extra-model-paths-config', 'C:\\Users\\runneradmin\\AppData\\Roaming\\ComfyUI\\extra_models_config.yaml', '--log-stdout', '--listen', '127.0.0.1', '--port', '8000', '--enable-manager', '--cpu']

[2026-05-11 09:26:44.528] [info]  setup plugin alembic.autogenerate.schemas
setup plugin alembic.autogenerate.tables

[2026-05-11 09:26:44.529] [info]  setup plugin alembic.autogenerate.types
setup plugin alembic.autogenerate.constraints
setup plugin alembic.autogenerate.defaults
setup plugin alembic.autogenerate.comments

[2026-05-11 09:26:45.046] [info]  Adding extra search path custom_nodes C:\Users\runneradmin\Documents\ComfyUI\custom_nodes
Adding extra search path download_model_base C:\Users\runneradmin\Documents\ComfyUI\models

[2026-05-11 09:26:45.048] [info]  Adding extra search path custom_nodes C:\Users\runneradmin\.comfy-test-cache\desktop\ComfyUI\resources\ComfyUI\custom_nodes
Setting output directory to: C:\Users\runneradmin\Documents\ComfyUI\output
Setting input directory to: C:\Users\runneradmin\Documents\ComfyUI\input
Setting user directory to: C:\Users\runneradmin\Documents\ComfyUI\user

[2026-05-11 09:26:46.892] [info]  [START] Security scan
[DONE] Security scan
** ComfyUI startup time: 
[2026-05-11 09:26:46.894] [info]  2026-05-11 09:26:46.891
** Platform: Windows
** Python version: 3.12.11 (main, Aug 18 2025, 19:17:54) [MSC v.1944 64 bit (AMD64)]
** Python executable: C:\Users\runneradmin\Documents\ComfyUI\.venv\Scripts\python.exe
** ComfyUI Path: C:\Users\runneradmin\.comfy-test-cache\desktop\ComfyUI\resources\ComfyUI
** ComfyUI Base Folder Path: C:\Users\runneradmin\.comfy-test-cache\desktop\ComfyUI\resources\ComfyUI

[2026-05-11 09:26:46.895] [info]  ** User directory: C:\Users\runneradmin\Documents\ComfyUI\user
** ComfyUI-Manager config path: C:\Users\runneradmin\Documents\ComfyUI\user\__manager\config.ini

[2026-05-11 09:26:46.897] [info]  ** Log path: C:\Users\runneradmin\Documents\ComfyUI\user\comfyui.log

[2026-05-11 09:26:47.516] [info]  
#######################################################################
[ComfyUI-Manager] Starting dependency installation/(de)activation for the extension


[2026-05-11 09:26:47.517] [info]  
## ComfyUI-Manager: EXECUTE => ['C:\\Users\\runneradmin\\Documents\\ComfyUI\\.venv\\Scripts\\python.exe', '-m', 'pip', 'install', 'comfy-env==0.3.83']

[2026-05-11 09:26:47.519] [info]  
## Execute management script for 'C:\Users\runneradmin\Documents\ComfyUI\custom_nodes\comfyui-cadabra'

[2026-05-11 09:26:50.017] [info]   Collecting comfy-env==0.3.83

[2026-05-11 09:26:50.053] [info]     Downloading comfy_env-0.3.83-py3-none-any.whl.metadata (7.5 kB)

[2026-05-11 09:26:50.230] [info]   
[2026-05-11 09:26:50.231] [info]   
[2026-05-11 09:26:50.765] [info]   Collecting pre-commit (from comfy-env==0.3.83)

[2026-05-11 09:26:50.775] [info]   
[2026-05-11 09:26:50.776] [info]    Downloading pre_commit-4.6.0-py2.py3-none-any.whl.metadata (1.2 kB)

[2026-05-11 09:26:50.824] [info]   
[2026-05-11 09:26:51.268] [info]   Collecting tomli-w>=1.0.0 (from comfy-env==0.3.83)

[2026-05-11 09:26:51.279] [info]     Downloading tomli_w-1.2.0-py3-none-any.whl.metadata (5.7 kB)

[2026-05-11 09:26:52.253] [info]   Collecting tomli>=2.0.0 (from comfy-env==0.3.83)

[2026-05-11 09:26:52.255] [info]     Using cached tomli-2.4.1-cp312-cp312-win_amd64.whl.metadata (10 kB)

[2026-05-11 09:26:52.336] [info]   
[2026-05-11 09:26:52.908] [info]   Collecting cfgv>=2.0.0 (from pre-commit->comfy-env==0.3.83)

[2026-05-11 09:26:52.917] [info]     Downloading cfgv-3.5.0-py2.py3-none-any.whl.metadata (8.9 kB)

[2026-05-11 09:26:53.702] [info]   Collecting identify>=1.0.0 (from pre-commit->comfy-env==0.3.83)

[2026-05-11 09:26:53.711] [info]     Downloading identify-2.6.19-py2.py3-none-any.whl.metadata (4.4 kB)

[2026-05-11 09:26:54.202] [info]   Collecting nodeenv>=0.11.1 (from pre-commit->comfy-env==0.3.83)

[2026-05-11 09:26:54.211] [info]     Downloading nodeenv-1.10.0-py2.py3-none-any.whl.metadata (24 kB)

[2026-05-11 09:26:54.678] [info]   Collecting virtualenv>=20.10.0 (from pre-commit->comfy-env==0.3.83)

[2026-05-11 09:26:54.687] [info]     Downloading virtualenv-21.3.1-py3-none-any.whl.metadata (3.5 kB)

[2026-05-11 09:26:55.650] [info]   Collecting distlib<1,>=0.3.7 (from virtualenv>=20.10.0->pre-commit->comfy-env==0.3.83)

[2026-05-11 09:26:55.661] [info]     Downloading distlib-0.4.0-py2.py3-none-any.whl.metadata (5.2 kB)

[2026-05-11 09:26:56.367] [info]   Collecting filelock<4,>=3.24.2 (from virtualenv>=20.10.0->pre-commit->comfy-env==0.3.83)

[2026-05-11 09:26:56.378] [info]     Downloading filelock-3.29.0-py3-none-any.whl.metadata (2.0 kB)

[2026-05-11 09:26:56.655] [info]   Collecting platformdirs<5,>=3.9.1 (from virtualenv>=20.10.0->pre-commit->comfy-env==0.3.83)

[2026-05-11 09:26:56.664] [info]     Downloading platformdirs-4.9.6-py3-none-any.whl.metadata (4.7 kB)

[2026-05-11 09:26:57.529] [info]   Collecting python-discovery>=1.2.2 (from virtualenv>=20.10.0->pre-commit->comfy-env==0.3.83)

[2026-05-11 09:26:57.538] [info]     Downloading python_discovery-1.3.0-py3-none-any.whl.metadata (5.5 kB)

[2026-05-11 09:26:57.789] [info]   Downloading comfy_env-0.3.83-py3-none-any.whl (122 kB)

[2026-05-11 09:26:57.923] [info]   Using cached tomli-2.4.1-cp312-cp312-win_amd64.whl (108 kB)
 Downloading tomli_w-1.2.0-py3-none-any.whl (6.7 kB)

[2026-05-11 09:26:58.338] [info]   Downloading pre_commit-4.6.0-py2.py3-none-any.whl (226 kB)

[2026-05-11 09:26:58.541] [info]   Downloading cfgv-3.5.0-py2.py3-none-any.whl (7.4 kB)

[2026-05-11 09:26:59.515] [info]   Downloading identify-2.6.19-py2.py3-none-any.whl (99 kB)

[2026-05-11 09:26:59.690] [info]   Downloading nodeenv-1.10.0-py2.py3-none-any.whl (23 kB)

[2026-05-11 09:27:00.044] [info]   Downloading virtualenv-21.3.1-py3-none-any.whl (7.6 MB)

[2026-05-11 09:27:00.387] [info]      ---------------------------------------- 7.6/7.6 MB 21.4 MB/s eta 0:00:00

[2026-05-11 09:27:00.395] [info]   Downloading distlib-0.4.0-py2.py3-none-any.whl (469 kB)

[2026-05-11 09:27:00.465] [info]   Downloading filelock-3.29.0-py3-none-any.whl (39 kB)

[2026-05-11 09:27:00.513] [info]   Downloading platformdirs-4.9.6-py3-none-any.whl (21 kB)

[2026-05-11 09:27:01.090] [info]   Downloading python_discovery-1.3.0-py3-none-any.whl (33 kB)

[2026-05-11 09:27:01.469] [info]   Installing collected packages: distlib, tomli-w, tomli, platformdirs, nodeenv, identify, filelock, cfgv, python-discovery, virtualenv, pre-commit, comfy-env

[2026-05-11 09:27:04.086] [info]     Attempting uninstall: filelock

[2026-05-11 09:27:04.093] [info]       Found existing installation: filelock 3.20.3

[2026-05-11 09:27:04.099] [info]       Uninstalling filelock-3.20.3:

[2026-05-11 09:27:04.102] [info]         Successfully uninstalled filelock-3.20.3

[2026-05-11 09:27:05.399] [info]   Successfully installed cfgv-3.5.0 comfy-env-0.3.83 distlib-0.4.0 filelock-3.29.0 identify-2.6.19 nodeenv-1.10.0 platformdirs-4.9.6 pre-commit-4.6.0 python-discovery-1.3.0 tomli-2.4.1 tomli-w-1.2.0 virtualenv-21.3.1

[2026-05-11 09:27:05.772] [error] [!] 

[2026-05-11 09:27:05.774] [error] [!] [notice] A new release of pip is available: 25.0.1 -> 26.1.1
[!] [notice] To update, run: python.exe -m pip install --upgrade pip

[2026-05-11 09:27:05.872] [info]  
## ComfyUI-Manager: EXECUTE => ['C:\\Users\\runneradmin\\Documents\\ComfyUI\\.venv\\Scripts\\python.exe', '-m', 'pip', 'install', 'comfy-3d-viewers==0.2.44']

## Execute management script for 'C:\Users\runneradmin\Documents\ComfyUI\custom_nodes\comfyui-cadabra'

[2026-05-11 09:27:07.937] [info]   Collecting comfy-3d-viewers==0.2.44

[2026-05-11 09:27:07.973] [info]     Downloading comfy_3d_viewers-0.2.44-py3-none-any.whl.metadata (2.2 kB)

[2026-05-11 09:27:08.007] [info]   Downloading comfy_3d_viewers-0.2.44-py3-none-any.whl (1.3 MB)

[2026-05-11 09:27:08.075] [info]      ---------------------------------------- 1.3/1.3 MB 21.1 MB/s eta 0:00:00

[2026-05-11 09:27:08.357] [info]   Installing collected packages: comfy-3d-viewers

[2026-05-11 09:27:08.522] [info]   Successfully installed comfy-3d-viewers-0.2.44

[2026-05-11 09:27:08.849] [error] [!]
[2026-05-11 09:27:08.850] [error]  
[!] [notice] A new release of pip is available: 25.0.1 -> 26.1.1
[!] [notice] To update, run: python.exe -m pip install --upgrade pip

[2026-05-11 09:27:08.917] [info]  
## ComfyUI-Manager: EXECUTE => ['C:\\Users\\runneradmin\\Documents\\ComfyUI\\.venv\\Scripts\\python.exe', '-m', 'pip', 'install', 'trimesh[easy]']

## Execute management script for 'C:\Users\runneradmin\Documents\ComfyUI\custom_nodes\comfyui-cadabra'

[2026-05-11 09:27:11.013] [info]   Collecting trimesh[easy]

[2026-05-11 09:27:11.050] [info]     Downloading trimesh-4.12.2-py3-none-any.whl.metadata (13 kB)

[2026-05-11 09:27:11.090] [info]   
[2026-05-11 09:27:11.123] [info]   Collecting colorlog (from trimesh[easy])

[2026-05-11 09:27:11.132] [info]     Downloading colorlog-6.10.1-py3-none-any.whl.metadata (11 kB)

[2026-05-11 09:27:11.198] [info]   Collecting manifold3d>=2.3.0 (from trimesh[easy])

[2026-05-11 09:27:11.208] [info]     Downloading manifold3d-3.4.1-cp312-cp312-win_amd64.whl.metadata (19 kB)

[2026-05-11 09:27:11.230] [info]   
[2026-05-11 09:27:11.455] [info]   
[2026-05-11 09:27:11.457] [info]  Collecting lxml (from trimesh[easy])

[2026-05-11 09:27:11.465] [info]     Downloading lxml-6.1.0-cp312-cp312-win_amd64.whl.metadata (4.1 kB)

[2026-05-11 09:27:11.562] [info]   Collecting jsonschema (from trimesh[easy])

[2026-05-11 09:27:11.571] [info]     Downloading jsonschema-4.26.0-py3-none-any.whl.metadata (7.6 kB)

[2026-05-11 09:27:11.594] [info]   
[2026-05-11 09:27:11.619] [info]   Collecting svg.path (from trimesh[easy])

[2026-05-11 09:27:11.630] [info]     Downloading svg_path-7.0-py2.py3-none-any.whl.metadata (14 kB)

[2026-05-11 09:27:11.675] [info]   Collecting pycollada (from trimesh[easy])

[2026-05-11 09:27:11.685] [info]   
[2026-05-11 09:27:11.686] [info]    Downloading pycollada-0.9.3-py3-none-any.whl.metadata (1.7 kB)

[2026-05-11 09:27:11.797] [info]   Collecting shapely (from trimesh[easy])

[2026-05-11 09:27:11.807] [info]   
[2026-05-11 09:27:11.808] [info]    Downloading shapely-2.1.2-cp312-cp312-win_amd64.whl.metadata (7.1 kB)

[2026-05-11 09:27:11.932] [info]   Collecting xxhash (from trimesh[easy])

[2026-05-11 09:27:11.941] [info]     Downloading xxhash-3.7.0-cp312-cp312-win_amd64.whl.metadata (13 kB)

[2026-05-11 09:27:11.996] [info]   Collecting rtree (from trimesh[easy])

[2026-05-11 09:27:12.005] [info]     Downloading rtree-1.4.1-py3-none-win_amd64.whl.metadata (2.2 kB)

[2026-05-11 09:27:12.023] [info]   
[2026-05-11 09:27:12.024] [info]   
[2026-05-11 09:27:12.065] [info]   Collecting embreex (from trimesh[easy])

[2026-05-11 09:27:12.074] [info]     Downloading embreex-4.4.0-cp312-cp312-win_amd64.whl.metadata (3.0 kB)

[2026-05-11 09:27:12.101] [info]   
[2026-05-11 09:27:12.161] [info]   Collecting vhacdx (from trimesh[easy])

[2026-05-11 09:27:12.171] [info]   
[2026-05-11 09:27:12.172] [info]    Downloading vhacdx-0.0.10-cp312-cp312-win_amd64.whl.metadata (1.1 kB)

[2026-05-11 09:27:12.251] [info]   Collecting mapbox_earcut>=1.0.2 (from trimesh[easy])

[2026-05-11 09:27:12.261] [info]     Downloading mapbox_earcut-2.0.0-cp312-cp312-win_amd64.whl.metadata (2.5 kB)

[2026-05-11 09:27:12.287] [info]   
[2026-05-11 09:27:12.291] [info]   
[2026-05-11 09:27:12.292] [info]   
[2026-05-11 09:27:12.293] [info]    
[2026-05-11 09:27:12.295] [info]   
[2026-05-11 09:27:12.297] [info]   
[2026-05-11 09:27:12.324] [info]   Collecting jsonschema-specifications>=2023.03.6 (from jsonschema->trimesh[easy])

[2026-05-11 09:27:12.332] [info]     Downloading jsonschema_specifications-2025.9.1-py3-none-any.whl.metadata (2.9 kB)

[2026-05-11 09:27:12.391] [info]   Collecting referencing>=0.28.4 (from jsonschema->trimesh[easy])

[2026-05-11 09:27:12.399] [info]   
[2026-05-11 09:27:12.400] [info]    Downloading referencing-0.37.0-py3-none-any.whl.metadata (2.8 kB)

[2026-05-11 09:27:12.727] [info]   Collecting rpds-py>=0.25.0 (from jsonschema->trimesh[easy])

[2026-05-11 09:27:12.737] [info]     Downloading rpds_py-0.30.0-cp312-cp312-win_amd64.whl.metadata (4.2 kB)

[2026-05-11 09:27:12.803] [info]   Collecting python-dateutil (from pycollada->trimesh[easy])

[2026-05-11 09:27:12.812] [info]   
[2026-05-11 09:27:12.813] [info]    Downloading python_dateutil-2.9.0.post0-py2.py3-none-any.whl.metadata (8.4 kB)

[2026-05-11 09:27:12.869] [info]   
[2026-05-11 09:27:12.917] [info]   Collecting six>=1.5 (from python-dateutil->pycollada->trimesh[easy])

[2026-05-11 09:27:12.926] [info]     Downloading six-1.17.0-py2.py3-none-any.whl.metadata (1.7 kB)

[2026-05-11 09:27:12.965] [info]   Downloading manifold3d-3.4.1-cp312-cp312-win_amd64.whl (983 kB)

[2026-05-11 09:27:13.019] [info]      --------------------------------------- 983.3/983.3 kB 23.3 MB/s eta 0:00:00

[2026-05-11 09:27:13.027] [info]   Downloading mapbox_earcut-2.0.0-cp312-cp312-win_amd64.whl (56 kB)

[2026-05-11 09:27:13.053] [info]   Downloading colorlog-6.10.1-py3-none-any.whl (11 kB)

[2026-05-11 09:27:13.078] [info]   Downloading embreex-4.4.0-cp312-cp312-win_amd64.whl (13.1 MB)

[2026-05-11 09:27:13.166] [info]      ---------------------------------------- 13.1/13.1 MB 136.8 MB/s eta 0:00:00

[2026-05-11 09:27:13.175] [info]   Downloading jsonschema-4.26.0-py3-none-any.whl (90 kB)

[2026-05-11 09:27:13.203] [info]   Downloading lxml-6.1.0-cp312-cp312-win_amd64.whl (4.0 MB)

[2026-05-11 09:27:13.247] [info]      ---------------------------------------- 4.0/4.0 MB 79.5 MB/s eta 0:00:00

[2026-05-11 09:27:13.257] [info]   Downloading pycollada-0.9.3-py3-none-any.whl (129 kB)

[2026-05-11 09:27:13.284] [info]   Downloading rtree-1.4.1-py3-none-win_amd64.whl (389 kB)

[2026-05-11 09:27:13.314] [info]   Downloading shapely-2.1.2-cp312-cp312-win_amd64.whl (1.7 MB)

[2026-05-11 09:27:13.347] [info]      ---------------------------------------- 1.7/1.7 MB 45.6 MB/s eta 0:00:00

[2026-05-11 09:27:13.355] [info]   Downloading svg_path-7.0-py2.py3-none-any.whl (18 kB)

[2026-05-11 09:27:13.380] [info]   Downloading trimesh-4.12.2-py3-none-any.whl (741 kB)

[2026-05-11 09:27:13.415] [info]      --------------------------------------- 741.0/741.0 kB 15.0 MB/s eta 0:00:00

[2026-05-11 09:27:13.424] [info]   Downloading vhacdx-0.0.10-cp312-cp312-win_amd64.whl (195 kB)

[2026-05-11 09:27:13.450] [info]   Downloading xxhash-3.7.0-cp312-cp312-win_amd64.whl (31 kB)

[2026-05-11 09:27:13.474] [info]   Downloading jsonschema_specifications-2025.9.1-py3-none-any.whl (18 kB)

[2026-05-11 09:27:13.499] [info]   Downloading referencing-0.37.0-py3-none-any.whl (26 kB)

[2026-05-11 09:27:13.523] [info]   
[2026-05-11 09:27:13.524] [info]  Downloading rpds_py-0.30.0-cp312-cp312-win_amd64.whl (240 kB)

[2026-05-11 09:27:13.550] [info]   Downloading python_dateutil-2.9.0.post0-py2.py3-none-any.whl (229 kB)

[2026-05-11 09:27:13.574] [info]   Downloading six-1.17.0-py2.py3-none-any.whl (11 kB)

[2026-05-11 09:27:13.906] [info]   Installing collected packages: xxhash, vhacdx, trimesh, svg.path, six, shapely, rtree, rpds-py, mapbox_earcut, manifold3d, lxml, embreex, colorlog, referencing, python-dateutil, pycollada, jsonschema-specifications, jsonschema

[2026-05-11 09:27:16.786] [info]   Successfully installed colorlog-6.10.1 embreex-4.4.0 jsonschema-4.26.0 jsonschema-specifications-2025.9.1 lxml-6.1.0 manifold3d-3.4.1 mapbox_earcut-2.0.0 pycollada-0.9.3 python-dateutil-2.9.0.post0 referencing-0.37.0 rpds-py-0.30.0 rtree-1.4.1 shapely-2.1.2 six-1.17.0 svg.path-7.0 trimesh-4.12.2 vhacdx-0.0.10 xxhash-3.7.0

[2026-05-11 09:27:17.057] [error] [!]
[2026-05-11 09:27:17.059] [error]  
[!] [notice] A new release of pip is available: 25.0.1 -> 26.1.1
[!] 
[2026-05-11 09:27:17.060] [error] [notice] To update, run: python.exe -m pip install --upgrade pip

[2026-05-11 09:27:17.174] [info]  
## ComfyUI-Manager: EXECUTE => ['C:\\Users\\runneradmin\\Documents\\ComfyUI\\.venv\\Scripts\\python.exe', 'install.py']

## Execute management script for 'C:\Users\runneradmin\Documents\ComfyUI\custom_nodes\comfyui-cadabra'

[2026-05-11 09:27:17.456] [info]   [comfy-env] Enabled Windows long path support

[2026-05-11 09:27:17.457] [info]   
 Installing 2 node dependencies...
   Cloning ComfyUI-GeometryPack...

[2026-05-11 09:27:19.584] [info]     Installing requirements for ComfyUI-GeometryPack...

[2026-05-11 09:27:19.739] [info]     Running install.py for ComfyUI-GeometryPack...

[2026-05-11 09:27:20.008] [info]   [comfy-env] Enabled Windows long path support

[2026-05-11 09:27:20.040] [error] [!]
[2026-05-11 09:27:20.041] [error]  [comfy-env] pixi not found, downloading...

[2026-05-11 09:27:21.544] [error] [!] 
[2026-05-11 09:27:21.546] [info]   [comfy-env] _discover: scanning C:\Users\runneradmin\Documents\ComfyUI\custom_nodes

[2026-05-11 09:27:21.546] [error] [comfy-env] pixi installed: C:\Users\runneradmin\.pixi\bin\pixi.exe

[2026-05-11 09:27:21.548] [info]   [comfy-env] _discover: comfyui-cadabra -> cadabra-nodes (custom_nodes\comfyui-cadabra\nodes\comfy-env.toml)

[2026-05-11 09:27:21.559] [info]   [comfy-env] _discover: ComfyUI-GeometryPack -> geometrypack-nodes (custom_nodes\ComfyUI-GeometryPack\nodes\comfy-env.toml)

[2026-05-11 09:27:21.561] [info]   [comfy-env] Workspace: C:\ce

[2026-05-11 09:27:21.562] [info]   [comfy-env] ComfyUI: C:\Users\runneradmin\Documents\ComfyUI
 [comfy-env] Found 2 node config(s):
   - cadabra-nodes <- custom_nodes\comfyui-cadabra\nodes\comfy-env.toml (python=3.12)
   - geometrypack-nodes <- custom_nodes\ComfyUI-GeometryPack\nodes\comfy-env.toml (python=host)

[2026-05-11 09:27:21.567] [info]   [comfy-env] Bootstrap interpreter has python 3.12 + torch 2.10.0 (cpu). Looking for cuda-only wheels matching cpu/torch2.10/cp312.

[2026-05-11 09:27:23.177] [info]   [comfy-env] GPU: No GPU detected

[2026-05-11 09:27:23.209] [info]   [comfy-env] No CUDA detected -- pinning comfyui torch to CPU index

[2026-05-11 09:27:23.212] [info]   [comfy-env] Desktop app detected: source=C:\Users\runneradmin\.comfy-test-cache\desktop\ComfyUI\resources\ComfyUI, data=C:\Users\runneradmin\Documents\ComfyUI

[2026-05-11 09:27:23.217] [info]   Generated C:\ce\pixi.toml

[2026-05-11 09:27:23.218] [info]   [comfy-env] Patched C:\Users\runneradmin\AppData\Roaming\uv\python\cpython-3.12.11-windows-x86_64-none\Lib\platform.py for conda-forge compat

[2026-05-11 09:27:23.219] [info]   [comfy-env] Installing 2 environment(s):
   - cadabra-nodes (python=3.12, 11 pypi deps)
   - geometrypack-nodes (python=host, 14 pypi deps, 1 cuda wheels)
 [comfy-env] Running `pixi install -e cadabra-nodes -e geometrypack-nodes`...

[2026-05-11 09:28:45.838] [info]      WARN Skipped running the post-link scripts because `run-post-link-scripts` = `false`
 
[2026-05-11 09:28:45.840] [info]    	- Scripts/.librsvg-pre-unlink.bat
   To enable them, run:
   	pixi config set --local run-post-link-scripts insecure
   More info:
   	https://pixi.sh/latest/reference/pixi_configuration/#run-post-link-scripts

[2026-05-11 09:31:36.121] [info]      WARN Skipped running the post-link scripts because `run-post-link-scripts` = `false`
 
[2026-05-11 09:31:36.123] [info]    	- Scripts/.librsvg-pre-unlink.bat
   To enable them, run:
   	pixi config set --local run-post-link-scripts insecure
   More info:
   	https://pixi.sh/latest/reference/pixi_configuration/#run-post-link-scripts

[2026-05-11 09:31:56.289] [info]     The following environments have been installed: cadabra-nodes, geometrypack-nodes.

[2026-05-11 09:31:56.386] [info]   [comfy-env] Recorded install hash 29c8aaf317e1 -> C:\ce\install.hash
 [comfy-env] Install log: C:\ce\install.log

[2026-05-11 09:31:56.387] [info]   
 Installation complete!

[2026-05-11 09:31:57.857] [info]     Cloning ComfyUI-Multiband...

[2026-05-11 09:31:58.167] [info]     Installing requirements for ComfyUI-Multiband...

[2026-05-11 09:31:58.658] [info]   
 
[2026-05-11 09:31:58.660] [info]  [requirements] Re-installing main package requirements...
   Installing requirements for comfyui-cadabra...

[2026-05-11 09:31:58.702] [info]   [comfy-env] _discover: scanning C:\Users\runneradmin\Documents\ComfyUI\custom_nodes

[2026-05-11 09:31:58.705] [info]   [comfy-env] _discover: comfyui-cadabra -> cadabra-nodes (custom_nodes\comfyui-cadabra\nodes\comfy-env.toml)

[2026-05-11 09:31:58.715] [info]   [comfy-env] _discover: ComfyUI-GeometryPack -> geometrypack-nodes (custom_nodes\ComfyUI-GeometryPack\nodes\comfy-env.toml)

[2026-05-11 09:31:58.718] [info]   [comfy-env] _discover: ComfyUI-Multiband: no comfy-env.toml found

[2026-05-11 09:31:58.719] [info]   [comfy-env] Workspace inputs unchanged (hash 29c8aaf317e1) -- skipping install. Delete C:\ce\install.hash to force.

[2026-05-11 09:31:58.720] [info]   
 Installation complete!

[2026-05-11 09:31:58.749] [info]  
[ComfyUI-Manager] Startup script completed.
#######################################################################


[2026-05-11 09:31:59.326] [info]  [ComfyUI-Manager] Skipped fixing the 'comfyui-frontend-package' dependency because the ComfyUI is outdated.

[2026-05-11 09:31:59.328] [info]  [ComfyUI-Manager] Restarting to reapply dependency installation.
Command: ['"C:\\Users\\runneradmin\\Documents\\ComfyUI\\.venv\\Scripts\\python.exe"', '"C:\\Users\\runneradmin\\.comfy-test-cache\\desktop\\ComfyUI\\resources\\ComfyUI\\main.py"', '--user-directory', 'C:\\Users\\runneradmin\\Documents\\ComfyUI\\user', '--input-directory', 'C:\\Users\\runneradmin\\Documents\\ComfyUI\\input', '--output-directory', 'C:\\Users\\runneradmin\\Documents\\ComfyUI\\output', '--front-end-root', 'C:\\Users\\runneradmin\\.comfy-test-cache\\desktop\\ComfyUI\\resources\\ComfyUI\\web_custom_versions\\desktop_app', '--base-directory', 'C:\\Users\\runneradmin\\Documents\\ComfyUI', '--database-url', 'sqlite:///C:/Users/runneradmin/Documents/ComfyUI/user/comfyui.db', '--extra-model-paths-config', 'C:\\Users\\runneradmin\\AppData\\Roaming\\ComfyUI\\extra_models_config.yaml', '--log-stdout', '--listen', '127.0.0.1', '--port', '8000', '--enable-manager', '--cpu']
--------------------------------------------------------------------------


[2026-05-11 09:32:00.174] [info]  setup plugin alembic.autogenerate.schemas
setup plugin alembic.autogenerate.tables

[2026-05-11 09:32:00.176] [info]  setup plugin alembic.autogenerate.types
setup plugin alembic.autogenerate.constraints
setup plugin alembic.autogenerate.defaults
setup plugin alembic.autogenerate.comments

[2026-05-11 09:32:00.692] [info]  Adding extra search path custom_nodes C:\Users\runneradmin\Documents\ComfyUI\custom_nodes
Adding extra search path download_model_base C:\Users\runneradmin\Documents\ComfyUI\models

[2026-05-11 09:32:00.693] [info]  Adding extra search path custom_nodes C:\Users\runneradmin\.comfy-test-cache\desktop\ComfyUI\resources\ComfyUI\custom_nodes
Setting output directory to: C:\Users\runneradmin\Documents\ComfyUI\output
Setting input directory to: C:\Users\runneradmin\Documents\ComfyUI\input
Setting user directory to: C:\Users\runneradmin\Documents\ComfyUI\user

[2026-05-11 09:32:02.436] [info]  [START] Security scan
[DONE] Security scan
** ComfyUI startup time: 2026-05-11 09:32:02.436
[2026-05-11 09:32:02.437] [info]  
** Platform: Windows
** Python version: 3.12.11 (main, Aug 18 2025, 19:17:54) [MSC v.1944 64 bit (AMD64)]
** Python executable: C:\Users\runneradmin\Documents\ComfyUI\.venv\Scripts\python.exe
** ComfyUI Path: C:\Users\runneradmin\.comfy-test-cache\desktop\ComfyUI\resources\ComfyUI
** ComfyUI Base Folder Path: C:\Users\runneradmin\.comfy-test-cache\desktop\ComfyUI\resources\ComfyUI

[2026-05-11 09:32:02.439] [info]  ** User directory: 
[2026-05-11 09:32:02.440] [info]  C:\Users\runneradmin\Documents\ComfyUI\user
** ComfyUI-Manager config path: C:\Users\runneradmin\Documents\ComfyUI\user\__manager\config.ini
** Log path: C:\Users\runneradmin\Documents\ComfyUI\user\comfyui.log

[2026-05-11 09:32:03.564] [info]  [ComfyUI-Manager] Skipped fixing the 'comfyui-frontend-package' dependency because the ComfyUI is outdated.

[2026-05-11 09:32:03.565] [info]  [PRE] ComfyUI-Manager

[2026-05-11 09:32:03.932] [error] [comfy-env] comfyui-cadabra: 1 isolation env(s):
[2026-05-11 09:32:03.933] [error] 
[comfy-env]   nodes -> C:\Users\runneradmin\Documents\ComfyUI\custom_nodes\comfyui-cadabra\nodes
[comfy-env] prestartup complete
[2026-05-11 09:32:03.934] [error] 

[2026-05-11 09:32:04.044] [error] [comfy-env] ComfyUI-GeometryPack: 1 isolation env(s):
[2026-05-11 09:32:04.046] [error] 
[comfy-env]   nodes -> C:\Users\runneradmin\Documents\ComfyUI\custom_nodes\ComfyUI-GeometryPack\nodes
[comfy-env] prestartup complete

[2026-05-11 09:32:08.003] [info]  Found comfy_kitchen backend eager: {'available': True, 'disabled': False, 'unavailable_reason': None, 'capabilities': ['apply_rope', 'apply_rope1', 'dequantize_mxfp8', 'dequantize_nvfp4', 'dequantize_per_tensor_fp8', 'quantize_mxfp8', 'quantize_nvfp4', 'quantize_per_tensor_fp8', 'scaled_mm_mxfp8', 'scaled_mm_nvfp4']}
Found comfy_kitchen backend cuda: {'available': False, 'disabled': True, 'unavailable_reason': 'CUDA not available on this system', 'capabilities': []}

[2026-05-11 09:32:08.005] [info]  Found comfy_kitchen backend triton: {'available': False, 'disabled': True, 'unavailable_reason': "ImportError: No module named 'triton'", 'capabilities': []}

[2026-05-11 09:32:08.022] [info]  Checkpoint files will always be loaded safely.

[2026-05-11 09:32:08.038] [info]  Total VRAM 16379 MB, total RAM 16379 MB

[2026-05-11 09:32:08.040] [info]  pytorch version: 2.10.0+cpu
Set vram state to: DISABLED
Device: cpu

[2026-05-11 09:32:09.014] [info]  Using sub quadratic optimization for attention, if you have memory or speed issues try using: --use-split-cross-attention

[2026-05-11 09:32:17.522] [info]  Python version: 3.12.11 (main, Aug 18 2025, 19:17:54) [MSC v.1944 64 bit (AMD64)]
ComfyUI version: 0.20.1

[2026-05-11 09:32:17.524] [info]  comfy-aimdo version: 0.2.14

[2026-05-11 09:32:17.525] [info]  comfy-kitchen version: 0.2.8

[2026-05-11 09:32:17.527] [info]  [Prompt Server] web root: C:\Users\runneradmin\.comfy-test-cache\desktop\ComfyUI\resources\ComfyUI\web_custom_versions\desktop_app

[2026-05-11 09:32:17.529] [info]  Asset seeder disabled

[2026-05-11 09:32:17.530] [info]  [START] ComfyUI-Manager

[2026-05-11 09:32:17.685] [info]  [ComfyUI-Manager] Using GitPython backend

[2026-05-11 09:32:17.754] [info]  [ComfyUI-Manager] network_mode: public

[2026-05-11 09:32:17.774] [info]  [ComfyUI-Manager] The matrix sharing feature has been disabled because the `matrix-nio` dependency is not installed.
	To use this feature, please run the following command:
	C:\Users\runneradmin\Documents\ComfyUI\.venv\Scripts\python.exe -m pip install matrix-nio


[2026-05-11 09:32:19.971] [error] [comfy-env] Version: 0.3.83
[2026-05-11 09:32:19.973] [error] 

[2026-05-11 09:32:21.709] [error] [comfy-env] register_nodes: comfyui-cadabra
[2026-05-11 09:32:21.711] [error] 

[2026-05-11 09:32:21.712] [error] [comfy-env] ComfyUI source dir: C:\Users\runneradmin\.comfy-test-cache\desktop\ComfyUI\resources\ComfyUI
[2026-05-11 09:32:21.713] [error] 

[2026-05-11 09:32:21.716] [error] [comfy-env] Scanning nodes metadata (isolation root)...
[2026-05-11 09:32:21.717] [error] 

[2026-05-11 09:32:39.359] [error] [comfy-env] Scanned nodes: 39 nodes (17.6s)
[2026-05-11 09:32:39.361] [error] 

[2026-05-11 09:32:39.362] [error] [comfy-env] Scanned nodes root: 39 nodes (17.6s)

[2026-05-11 09:32:39.363] [error] [comfy-env] Imported nodes root: 39 nodes (isolation)
[2026-05-11 09:32:39.365] [error] 
[comfy-env] Registered 39 total nodes
[2026-05-11 09:32:39.365] [error] 

[2026-05-11 09:32:39.372] [info]  loading...

[2026-05-11 09:32:39.373] [info]  calling register_nodes

[2026-05-11 09:32:39.374] [error] [comfy-env] Version: 0.3.83

[2026-05-11 09:32:39.397] [error] [comfy-env] register_nodes: ComfyUI-GeometryPack
[2026-05-11 09:32:39.399] [error] 

[2026-05-11 09:32:39.412] [error] [comfy-env] ComfyUI source dir: C:\Users\runneradmin\.comfy-test-cache\desktop\ComfyUI\resources\ComfyUI
[2026-05-11 09:32:39.413] [error] 

[2026-05-11 09:32:39.417] [error] [comfy-env] Scanning nodes metadata (isolation root)...
[2026-05-11 09:32:39.418] [error] 

[2026-05-11 09:33:02.350] [error] [comfy-env] Scanned nodes: 125 nodes (22.9s)
[2026-05-11 09:33:02.352] [error] 

[2026-05-11 09:33:02.353] [error] [comfy-env] Scanned nodes root: 125 nodes (22.9s)
[2026-05-11 09:33:02.354] [error] 

[2026-05-11 09:33:02.358] [error] [comfy-env] Imported nodes root: 125 nodes (isolation)
[2026-05-11 09:33:02.359] [error] 
[comfy-env] Registered 125 total nodes
[2026-05-11 09:33:02.360] [error] 

[2026-05-11 09:33:03.430] [info]  ComfyUI-Multiband loaded: 15 nodes registered

[2026-05-11 09:33:03.435] [info]  
Import times for custom nodes:

[2026-05-11 09:33:03.437] [info]     0.0 seconds: C:\Users\runneradmin\.comfy-test-cache\desktop\ComfyUI\resources\ComfyUI\custom_nodes\websocket_image_save.py
   1.1 seconds: C:\Users\runneradmin\Documents\ComfyUI\custom_nodes\ComfyUI-Multiband
  19.4 seconds: C:\Users\runneradmin\Documents\ComfyUI\custom_nodes\comfyui-cadabra
  23.0 seconds: C:\Users\runneradmin\Documents\ComfyUI\custom_nodes\ComfyUI-GeometryPack

[2026-05-11 09:33:03.438] [info]  

[2026-05-11 09:33:03.469] [info]  Context impl SQLiteImpl.

[2026-05-11 09:33:03.470] [info]  Will assume non-transactional DDL.

[2026-05-11 09:33:03.817] [info]  Starting server


[2026-05-11 09:33:03.819] [info]  To see the GUI go to: http://127.0.0.1:8000

[2026-05-11 09:33:10.786] [info]  [ComfyUI-Manager] The ComfyRegistry cache update is still in progress, so an outdated cache is being used.

[2026-05-11 09:33:10.938] [info]  FETCH DATA from: C:\Users\runneradmin\Documents\ComfyUI\.venv\Lib\site-packages\comfyui_manager\custom-node-list.json
[2026-05-11 09:33:10.966] [info]   [DONE]

[2026-05-11 09:33:16.615] [info]  [ComfyUI-Manager] The ComfyRegistry cache update is still in progress, so an outdated cache is being used.

[2026-05-11 09:33:16.744] [info]  FETCH DATA from: C:\Users\runneradmin\Documents\ComfyUI\.venv\Lib\site-packages\comfyui_manager\custom-node-list.json
[2026-05-11 09:33:16.766] [info]   [DONE]

[2026-05-11 09:33:38.453] [info]  got prompt

[2026-05-11 09:33:38.477] [info]  [comfyui-cadabra] python: C:\ce\.pixi\envs\cadabra-nodes\python.exe
[2026-05-11 09:33:38.478] [info]  

[2026-05-11 09:33:38.480] [info]  [comfyui-cadabra] sys_path sent to worker: ['C:\\Users\\runneradmin\\.comfy-test-cache\\desktop\\ComfyUI\\resources\\ComfyUI', 'C:\\Users\\runneradmin\\Documents\\ComfyUI\\custom_nodes\\comfyui-cadabra', 'C:\\ce\\.pixi\\envs\\cadabra-nodes\\Lib\\site-packages', 'C:\\Users\\runneradmin\\Documents\\ComfyUI\\custom_nodes\\comfyui-cadabra']

[2026-05-11 09:33:42.079] [error] [worker:comfyui-cadabra] ERROR: Failed to import comfy_kitchen, Error: No module named 'comfy_kitchen', fp8 and fp4 support will not be available.

[2026-05-11 09:33:46.413] [error] [09:33:46] [CADabra] Starting: IGES ReadFile(file=bellow_pipe.igs)

[2026-05-11 09:33:46.415] [error] [worker:comfyui-cadabra] INFO: Starting: IGES ReadFile(file=bellow_pipe.igs)

[2026-05-11 09:33:46.450] [error] [09:33:46] [CADabra] Completed: IGES ReadFile(file=bellow_pipe.igs) in 0.04s

[2026-05-11 09:33:46.452] [error] [worker:comfyui-cadabra] INFO: Completed: IGES ReadFile(file=bellow_pipe.igs) in 0.04s

[2026-05-11 09:33:46.458] [error] [09:33:46] [CADabra] Starting: IGES TransferRoots(file=bellow_pipe.igs)

[2026-05-11 09:33:46.460] [error] [worker:comfyui-cadabra] INFO: Starting: IGES TransferRoots(file=bellow_pipe.igs)

[2026-05-11 09:33:47.467] [error] [09:33:47] [CADabra] Completed: IGES TransferRoots(file=bellow_pipe.igs) in 1.01s

[2026-05-11 09:33:47.468] [error] [worker:comfyui-cadabra] INFO: Completed: IGES TransferRoots(file=bellow_pipe.igs) in 1.01s

[2026-05-11 09:33:47.634] [error] [comfyui-cadabra] Health check: ping (timeout=5.0s)...
[2026-05-11 09:33:47.637] [error] 

[2026-05-11 09:33:47.645] [error] [comfyui-cadabra] Health check: ok

[2026-05-11 09:33:47.762] [error] [09:33:47] [CADabra] Starting: CAD Face Analysis(faces=236)

[2026-05-11 09:33:47.764] [error] [worker:comfyui-cadabra] INFO: Starting: CAD Face Analysis(faces=236)

[2026-05-11 09:33:48.007] [error] [09:33:48] [CADabra] Completed: CAD Face Analysis(faces=236) in 0.25s

[2026-05-11 09:33:48.008] [error] [worker:comfyui-cadabra] INFO: Completed: CAD Face Analysis(faces=236) in 0.25s

[2026-05-11 09:33:48.037] [error] [09:33:48] [CADabra] Starting: CAD Adjacency Graph(faces=236)

[2026-05-11 09:33:48.038] [error] [worker:comfyui-cadabra] INFO: Starting: CAD Adjacency Graph(faces=236)

[2026-05-11 09:33:48.086] [error] [09:33:48] [CADabra] Completed: CAD Adjacency Graph(faces=236) in 0.05s

[2026-05-11 09:33:48.087] [error] [worker:comfyui-cadabra] INFO: Completed: CAD Adjacency Graph(faces=236) in 0.05s

[2026-05-11 09:33:48.913] [info]  FETCH ComfyRegistry Data [DONE]

[2026-05-11 09:33:49.821] [info]  [ComfyUI-Manager] default cache updated: https://api.comfy.org/nodes

[2026-05-11 09:33:49.931] [info]  FETCH DATA from: C:\Users\runneradmin\Documents\ComfyUI\user\__manager\cache\1514988643_custom-node-list.json
[2026-05-11 09:33:49.954] [info]   [DONE]

[2026-05-11 09:33:50.121] [info]  [ComfyUI-Manager] All startup tasks have been completed.

[2026-05-11 09:33:58.764] [error] [comfyui-cadabra] Health check: ping (timeout=5.0s)...

[2026-05-11 09:33:58.815] [error] [comfyui-cadabra] Health check: ok

[2026-05-11 09:33:59.126] [error] [09:33:59] [CADabra] Starting: CAD Edge Analysis(edges=1122)

[2026-05-11 09:33:59.128] [error] [worker:comfyui-cadabra] INFO: Starting: CAD Edge Analysis(edges=1122)

[2026-05-11 09:33:59.360] [error] [09:33:59] [CADabra] Completed: CAD Edge Analysis(edges=1122) in 0.23s

[2026-05-11 09:33:59.361] [error] [worker:comfyui-cadabra] INFO: Completed: CAD Edge Analysis(edges=1122) in 0.23s

[2026-05-11 09:34:00.011] [error] [comfyui-cadabra] Health check: ping (timeout=5.0s)...

[2026-05-11 09:34:00.051] [error] [comfyui-cadabra] Health check: ok

[2026-05-11 09:34:00.441] [error] [comfyui-cadabra] Health check: ping (timeout=5.0s)...

[2026-05-11 09:34:00.515] [error] [comfyui-cadabra] Health check: ok

[2026-05-11 09:34:00.976] [error] [comfyui-cadabra] Health check: ping (timeout=5.0s)...

[2026-05-11 09:34:01.012] [error] [comfyui-cadabra] Health check: ok

[2026-05-11 09:34:01.745] [info]  Prompt executed in 23.29 seconds

