[2026-05-18 18:40:26.882] [info]  setup plugin alembic.autogenerate.schemas
setup plugin alembic.autogenerate.tables

[2026-05-18 18:40:26.884] [info]  setup plugin alembic.autogenerate.types
setup plugin alembic.autogenerate.constraints
setup plugin alembic.autogenerate.defaults
setup plugin alembic.autogenerate.comments

[2026-05-18 18:40:27.334] [info]  Adding extra search path custom_nodes C:\Users\stduser\Documents\ComfyUI\custom_nodes
Adding extra search path download_model_base C:\Users\stduser\Documents\ComfyUI\models
Adding extra search path custom_nodes C:\Users\stduser\.comfy-test-cache\desktop\ComfyUI\resources\ComfyUI\custom_nodes

[2026-05-18 18:40:27.336] [info]  Setting output directory to: C:\Users\stduser\Documents\ComfyUI\output
Setting input directory to: C:\Users\stduser\Documents\ComfyUI\input
Setting user directory to: C:\Users\stduser\Documents\ComfyUI\user

[2026-05-18 18:40:28.953] [info]  [START] Security scan
[DONE] Security scan
** ComfyUI startup time: 2026-05-18 18:40:28.952
[2026-05-18 18:40:28.955] [info]  
** Platform: Windows
** Python version: 3.12.11 (main, Aug 18 2025, 19:17:54) [MSC v.1944 64 bit (AMD64)]
** Python executable: C:\Users\stduser\Documents\ComfyUI\.venv\Scripts\python.exe
** ComfyUI Path: C:\Users\stduser\.comfy-test-cache\desktop\ComfyUI\resources\ComfyUI
** ComfyUI Base Folder Path: C:\Users\stduser\.comfy-test-cache\desktop\ComfyUI\resources\ComfyUI

[2026-05-18 18:40:28.956] [info]  ** User directory: C:\Users\stduser\Documents\ComfyUI\user
** ComfyUI-Manager config path: C:\Users\stduser\Documents\ComfyUI\user\__manager\config.ini
** Log path: C:\Users\stduser\Documents\ComfyUI\user\comfyui.log

[2026-05-18 18:40:30.089] [info]  [ComfyUI-Manager] Skipped fixing the 'comfyui-frontend-package' dependency because the ComfyUI is outdated.

[2026-05-18 18:40:30.090] [info]  [PRE] ComfyUI-Manager

[2026-05-18 18:40:30.430] [error] [comfy-env] comfyui-cadabra: 1 isolation env(s):
[2026-05-18 18:40:30.432] [error] 
[comfy-env]   nodes -> C:\Users\stduser\Documents\ComfyUI\custom_nodes\comfyui-cadabra\nodes
[comfy-env] Workspace: C:\Users\stduser\AppData\Local\Programs\comfy-env
[2026-05-18 18:40:30.433] [error] 
[comfy-env]     env: C:\Users\stduser\AppData\Local\Programs\comfy-env\.pixi\envs\cadabra-nodes  [OK]

[2026-05-18 18:40:30.434] [error] [comfy-env] prestartup complete
[2026-05-18 18:40:30.436] [error] 

[2026-05-18 18:40:30.469] [error] [comfy-env] ComfyUI-GeometryPack: 1 isolation env(s):
[2026-05-18 18:40:30.470] [error] 
[comfy-env]   nodes -> C:\Users\stduser\Documents\ComfyUI\custom_nodes\ComfyUI-GeometryPack\nodes
[comfy-env]     env: C:\Users\stduser\AppData\Local\Programs\comfy-env\.pixi\envs\geometrypack-nodes  [OK]
[2026-05-18 18:40:30.472] [error] 
[comfy-env] prestartup complete

[2026-05-18 18:40:33.480] [info]  Found comfy_kitchen backend cuda: {'available': False, 'disabled': True, 'unavailable_reason': 'CUDA not available on this system', 'capabilities': []}

[2026-05-18 18:40:33.482] [info]  Found comfy_kitchen backend eager: {'available': True, 'disabled': False, 'unavailable_reason': None, 'capabilities': ['apply_rope', 'apply_rope1', 'dequantize_mxfp8', 'dequantize_nvfp4', 'dequantize_per_tensor_fp8', 'quantize_mxfp8', 'quantize_nvfp4', 'quantize_per_tensor_fp8', 'scaled_mm_mxfp8', 'scaled_mm_nvfp4']}
Found comfy_kitchen backend triton: {'available': False, 'disabled': True, 'unavailable_reason': "ImportError: No module named 'triton'", 'capabilities': []}

[2026-05-18 18:40:33.489] [info]  Checkpoint files will always be loaded safely.

[2026-05-18 18:40:33.504] [info]  Total VRAM 16379 MB, total RAM 16379 MB

[2026-05-18 18:40:33.505] [info]  pytorch version: 2.10.0+cpu
Set vram state to: DISABLED
Device: cpu

[2026-05-18 18:40:33.809] [info]  Using sub quadratic optimization for attention, if you have memory or speed issues try using: --use-split-cross-attention

[2026-05-18 18:40:36.570] [info]  Python version: 3.12.11 (main, Aug 18 2025, 19:17:54) [MSC v.1944 64 bit (AMD64)]
ComfyUI version: 0.21.1

[2026-05-18 18:40:36.572] [info]  comfy-aimdo version: 0.3.0

[2026-05-18 18:40:36.573] [info]  comfy-kitchen version: 0.2.8

[2026-05-18 18:40:36.576] [info]  [Prompt Server] web root: C:\Users\stduser\.comfy-test-cache\desktop\ComfyUI\resources\ComfyUI\web_custom_versions\desktop_app

[2026-05-18 18:40:36.577] [info]  Asset seeder disabled

[2026-05-18 18:40:36.578] [info]  [START] ComfyUI-Manager

[2026-05-18 18:40:36.755] [info]  [ComfyUI-Manager] Using GitPython backend

[2026-05-18 18:40:36.820] [info]  [ComfyUI-Manager] network_mode: public

[2026-05-18 18:40:36.830] [info]  [ComfyUI-Manager] The matrix sharing feature has been disabled because the `matrix-nio` dependency is not installed.
	To use this feature, please run the following command:
	C:\Users\stduser\Documents\ComfyUI\.venv\Scripts\python.exe -m pip install matrix-nio


[2026-05-18 18:40:38.731] [error] [comfy-env] Version: 0.3.89
[2026-05-18 18:40:38.733] [error] 

[2026-05-18 18:40:39.377] [error] [comfy-env] register_nodes: comfyui-cadabra
[2026-05-18 18:40:39.379] [error] 

[2026-05-18 18:40:39.381] [error] [comfy-env] ComfyUI source dir: C:\Users\stduser\.comfy-test-cache\desktop\ComfyUI\resources\ComfyUI
[2026-05-18 18:40:39.382] [error] 

[2026-05-18 18:40:39.384] [error] [comfy-env] Scanning nodes metadata (isolation root)...
[2026-05-18 18:40:39.386] [error] 

[2026-05-18 18:40:39.392] [error] [comfy-env] Cache hit for nodes: 39 nodes
[2026-05-18 18:40:39.393] [error] 
[comfy-env] Scanned nodes root: 39 nodes (0.0s)

[2026-05-18 18:40:39.399] [error] [comfy-env] Imported nodes root: 39 nodes (isolation)
[2026-05-18 18:40:39.400] [error] 

[2026-05-18 18:40:39.401] [error] [comfy-env] Registered 39 total nodes

[2026-05-18 18:40:39.405] [info]  loading...

[2026-05-18 18:40:39.407] [info]  calling register_nodes

[2026-05-18 18:40:39.408] [error] [comfy-env] Version: 0.3.89
[2026-05-18 18:40:39.409] [error] 

[2026-05-18 18:40:39.443] [error] [comfy-env] register_nodes: ComfyUI-GeometryPack
[2026-05-18 18:40:39.445] [error] 

[2026-05-18 18:40:39.473] [error] [comfy-env] ComfyUI source dir: C:\Users\stduser\.comfy-test-cache\desktop\ComfyUI\resources\ComfyUI
[2026-05-18 18:40:39.477] [error] 

[2026-05-18 18:40:39.481] [error] [comfy-env] Scanning nodes metadata (isolation root)...
[2026-05-18 18:40:39.482] [error] 

[2026-05-18 18:40:39.510] [error] [comfy-env] Cache hit for nodes: 125 nodes
[2026-05-18 18:40:39.512] [error] 
[comfy-env] Scanned nodes root: 125 nodes (0.0s)

[2026-05-18 18:40:39.515] [error] [comfy-env] Imported nodes root: 125 nodes (isolation)
[2026-05-18 18:40:39.517] [error] 
[comfy-env] Registered 125 total nodes

[2026-05-18 18:40:39.543] [info]  ComfyUI-Multiband loaded: 15 nodes registered

[2026-05-18 18:40:39.548] [info]  
Import times for custom nodes:

[2026-05-18 18:40:39.549] [info]     0.0 seconds: C:\Users\stduser\.comfy-test-cache\desktop\ComfyUI\resources\ComfyUI\custom_nodes\websocket_image_save.py
   0.0 seconds: C:\Users\stduser\Documents\ComfyUI\custom_nodes\ComfyUI-Multiband
   0.1 seconds: C:\Users\stduser\Documents\ComfyUI\custom_nodes\ComfyUI-GeometryPack

[2026-05-18 18:40:39.551] [info]     0.7 seconds: C:\Users\stduser\Documents\ComfyUI\custom_nodes\comfyui-cadabra

[2026-05-18 18:40:39.552] [info]  

[2026-05-18 18:40:39.559] [info]  Context impl SQLiteImpl.

[2026-05-18 18:40:39.560] [info]  Will assume non-transactional DDL.

[2026-05-18 18:40:39.567] [error] Failed to initialize database. Please ensure you have installed the latest requirements. If the error persists, please report this as in future the database will be required: Could not acquire lock on database 'C:/Users/stduser/Documents/ComfyUI/user/comfyui.db'. Another ComfyUI process may already be using it. Use --database-url to specify a separate database file.

[2026-05-18 18:40:39.658] [info]  Starting server


[2026-05-18 18:40:39.659] [info]  To see the GUI go to: http://127.0.0.1:8001

[2026-05-18 18:40:41.757] [info]  [ComfyUI-Manager] The ComfyRegistry cache update is still in progress, so an outdated cache is being used.

[2026-05-18 18:40:41.882] [info]  FETCH DATA from: C:\Users\stduser\Documents\ComfyUI\.venv\Lib\site-packages\comfyui_manager\custom-node-list.json
[2026-05-18 18:40:41.921] [info]   [DONE]

[2026-05-18 18:40:46.064] [info]  [ComfyUI-Manager] The ComfyRegistry cache update is still in progress, so an outdated cache is being used.

[2026-05-18 18:40:46.228] [info]  FETCH DATA from: C:\Users\stduser\Documents\ComfyUI\.venv\Lib\site-packages\comfyui_manager\custom-node-list.json
[2026-05-18 18:40:46.255] [info]   [DONE]

[2026-05-18 18:41:08.943] [info]  got prompt

[2026-05-18 18:41:08.961] [info]  [comfyui-cadabra] python: C:\Users\stduser\AppData\Local\Programs\comfy-env\.pixi\envs\cadabra-nodes\python.exe

[2026-05-18 18:41:08.963] [info]  [comfyui-cadabra] sys_path sent to worker: ['C:\\Users\\stduser\\.comfy-test-cache\\desktop\\ComfyUI\\resources\\ComfyUI', 'C:\\Users\\stduser\\Documents\\ComfyUI\\custom_nodes\\comfyui-cadabra', 'C:\\Users\\stduser\\AppData\\Local\\Programs\\comfy-env\\.pixi\\envs\\cadabra-nodes\\Lib\\site-packages', 'C:\\Users\\stduser\\Documents\\ComfyUI\\custom_nodes\\comfyui-cadabra']

[2026-05-18 18:41:11.668] [error] [worker:comfyui-cadabra] ERROR: Failed to import comfy_kitchen, Error: No module named 'comfy_kitchen', fp8 and fp4 support will not be available.

[2026-05-18 18:41:15.665] [error] [18:41:15] [CADabra] Starting: STEP ReadFile(file=spiral_wind_turbine.stp)

[2026-05-18 18:41:15.666] [error] [worker:comfyui-cadabra] INFO: Starting: STEP ReadFile(file=spiral_wind_turbine.stp)

[2026-05-18 18:41:15.691] [error] [18:41:15] [CADabra] Completed: STEP ReadFile(file=spiral_wind_turbine.stp) in 0.03s

[2026-05-18 18:41:15.692] [error] [worker:comfyui-cadabra] INFO: Completed: STEP ReadFile(file=spiral_wind_turbine.stp) in 0.03s

[2026-05-18 18:41:15.696] [error] [18:41:15] [CADabra] Starting: STEP TransferRoots(file=spiral_wind_turbine.stp)

[2026-05-18 18:41:15.697] [error] [worker:comfyui-cadabra] INFO: Starting: STEP TransferRoots(file=spiral_wind_turbine.stp)

[2026-05-18 18:41:15.783] [error] [18:41:15] [CADabra] Completed: STEP TransferRoots(file=spiral_wind_turbine.stp) in 0.09s

[2026-05-18 18:41:15.785] [error] [worker:comfyui-cadabra] INFO: Completed: STEP TransferRoots(file=spiral_wind_turbine.stp) in 0.09s

[2026-05-18 18:41:15.834] [error] [comfyui-cadabra] Health check: ping (timeout=5.0s)...
[2026-05-18 18:41:15.836] [error] 

[2026-05-18 18:41:15.838] [error] [comfyui-cadabra] Health check: ok

[2026-05-18 18:41:15.931] [error] [18:41:15] [CADabra] Starting: BRepMesh(linear_deflection=0.1, angular_deflection=0.5)

[2026-05-18 18:41:15.933] [error] [worker:comfyui-cadabra] INFO: Starting: BRepMesh(linear_deflection=0.1, angular_deflection=0.5)

[2026-05-18 18:41:16.021] [error] [18:41:16] [CADabra] Completed: BRepMesh(linear_deflection=0.1, angular_deflection=0.5) in 0.09s

[2026-05-18 18:41:16.022] [error] [worker:comfyui-cadabra] INFO: Completed: BRepMesh(linear_deflection=0.1, angular_deflection=0.5) in 0.09s

[2026-05-18 18:41:16.149] [error] [comfyui-cadabra] Health check: ping (timeout=5.0s)...
[2026-05-18 18:41:16.151] [error] 

[2026-05-18 18:41:16.191] [error] [comfyui-cadabra] Health check: ok

[2026-05-18 18:41:16.328] [error] [comfyui-cadabra] Health check: ping (timeout=5.0s)...
[2026-05-18 18:41:16.329] [error] 

[2026-05-18 18:41:16.331] [error] [comfyui-cadabra] Health check: ok

[2026-05-18 18:41:16.433] [error] [comfyui-cadabra] Health check: ping (timeout=5.0s)...

[2026-05-18 18:41:16.436] [error] [comfyui-cadabra] Health check: ok

[2026-05-18 18:41:26.551] [error] [comfyui-cadabra] Health check: ping (timeout=5.0s)...

[2026-05-18 18:41:26.555] [error] [comfyui-cadabra] Health check: ok
[2026-05-18 18:41:26.557] [error] 

[2026-05-18 18:41:26.829] [error] [18:41:26] [CADabra] Starting: BRepMesh(linear_deflection=0.1, angular_deflection=0.5)

[2026-05-18 18:41:26.830] [error] [worker:comfyui-cadabra] INFO: Starting: BRepMesh(linear_deflection=0.1, angular_deflection=0.5)

[2026-05-18 18:41:26.997] [error] [18:41:26] [CADabra] Completed: BRepMesh(linear_deflection=0.1, angular_deflection=0.5) in 0.17s

[2026-05-18 18:41:26.999] [error] [worker:comfyui-cadabra] INFO: Completed: BRepMesh(linear_deflection=0.1, angular_deflection=0.5) in 0.17s

[2026-05-18 18:41:27.314] [info]  Prompt executed in 18.33 seconds

