[2026-05-19 11:47:49.179] [info]  setup plugin alembic.autogenerate.schemas

[2026-05-19 11:47:49.181] [info]  setup plugin alembic.autogenerate.tables
setup plugin alembic.autogenerate.types
setup plugin alembic.autogenerate.constraints
setup plugin alembic.autogenerate.defaults
setup plugin alembic.autogenerate.comments

[2026-05-19 11:47:49.632] [info]  Adding extra search path custom_nodes C:\Users\stduser\Documents\ComfyUI\custom_nodes
Adding extra search path download_model_base C:\Users\stduser\Documents\ComfyUI\models

[2026-05-19 11:47:49.634] [info]  Adding extra search path custom_nodes C:\Users\stduser\.comfy-test-cache\desktop\ComfyUI\resources\ComfyUI\custom_nodes
Setting output directory to: C:\Users\stduser\Documents\ComfyUI\output
Setting input directory to: C:\Users\stduser\Documents\ComfyUI\input
Setting user directory to: C:\Users\stduser\Documents\ComfyUI\user

[2026-05-19 11:47:51.197] [info]  [START] Security scan
[DONE] Security scan
** ComfyUI startup time: 
[2026-05-19 11:47:51.198] [info]  2026-05-19 11:47:51.197
** Platform: Windows
** Python version: 3.12.11 (main, Aug 18 2025, 19:17:54) [MSC v.1944 64 bit (AMD64)]
** Python executable: C:\Users\stduser\Documents\ComfyUI\.venv\Scripts\python.exe
** ComfyUI Path: C:\Users\stduser\.comfy-test-cache\desktop\ComfyUI\resources\ComfyUI
** ComfyUI Base Folder Path: C:\Users\stduser\.comfy-test-cache\desktop\ComfyUI\resources\ComfyUI

[2026-05-19 11:47:51.200] [info]  ** User directory: 
[2026-05-19 11:47:51.201] [info]  C:\Users\stduser\Documents\ComfyUI\user
** ComfyUI-Manager config path: C:\Users\stduser\Documents\ComfyUI\user\__manager\config.ini
** Log path: C:\Users\stduser\Documents\ComfyUI\user\comfyui.log

[2026-05-19 11:47:52.368] [info]  [ComfyUI-Manager] Skipped fixing the 'comfyui-frontend-package' dependency because the ComfyUI is outdated.

[2026-05-19 11:47:52.370] [info]  [PRE] ComfyUI-Manager

[2026-05-19 11:47:52.762] [error] [comfy-env] comfyui-cadabra: 1 isolation env(s):
[2026-05-19 11:47:52.763] [error] 
[comfy-env]   nodes -> C:\Users\stduser\Documents\ComfyUI\custom_nodes\comfyui-cadabra\nodes

[2026-05-19 11:47:52.764] [error] [comfy-env] Workspace: C:\Users\stduser\AppData\Local\Programs\comfy-env
[comfy-env]     env: C:\Users\stduser\AppData\Local\Programs\comfy-env\.pixi\envs\cadabra-nodes  [OK]
[2026-05-19 11:47:52.765] [error] 

[2026-05-19 11:47:52.767] [error] [comfy-env] prestartup complete

[2026-05-19 11:47:52.808] [error] [comfy-env] ComfyUI-GeometryPack: 1 isolation env(s):
[2026-05-19 11:47:52.810] [error] 
[comfy-env]   nodes -> C:\Users\stduser\Documents\ComfyUI\custom_nodes\ComfyUI-GeometryPack\nodes

[2026-05-19 11:47:52.811] [error] [comfy-env]     env: C:\Users\stduser\AppData\Local\Programs\comfy-env\.pixi\envs\geometrypack-nodes  [OK]
[comfy-env] prestartup complete
[2026-05-19 11:47:52.812] [error] 

[2026-05-19 11:47:55.757] [info]  Found comfy_kitchen backend cuda: {'available': False, 'disabled': True, 'unavailable_reason': 'CUDA not available on this system', 'capabilities': []}

[2026-05-19 11:47:55.759] [info]  Found comfy_kitchen backend triton: {'available': False, 'disabled': True, 'unavailable_reason': "ImportError: No module named 'triton'", 'capabilities': []}
Found comfy_kitchen backend eager: {'available': True, 'disabled': False, 'unavailable_reason': None, 'capabilities': ['apply_rope', 'apply_rope1', 'dequantize_mxfp8', 'dequantize_nvfp4', 'dequantize_per_tensor_fp8', 'quantize_mxfp8', 'quantize_nvfp4', 'quantize_per_tensor_fp8', 'scaled_mm_mxfp8', 'scaled_mm_nvfp4']}

[2026-05-19 11:47:55.765] [info]  Checkpoint files will always be loaded safely.

[2026-05-19 11:47:55.787] [info]  Total VRAM 16379 MB, total RAM 16379 MB

[2026-05-19 11:47:55.788] [info]  pytorch version: 2.10.0+cpu
Set vram state to: DISABLED

[2026-05-19 11:47:55.789] [info]  Device: cpu

[2026-05-19 11:47:56.088] [info]  Using sub quadratic optimization for attention, if you have memory or speed issues try using: --use-split-cross-attention

[2026-05-19 11:47:58.940] [info]  Python version: 3.12.11 (main, Aug 18 2025, 19:17:54) [MSC v.1944 64 bit (AMD64)]
ComfyUI version: 0.21.1
comfy-aimdo version: 0.3.0
comfy-kitchen version: 0.2.8
[Prompt Server] web root: C:\Users\stduser\.comfy-test-cache\desktop\ComfyUI\resources\ComfyUI\web_custom_versions\desktop_app
Asset seeder disabled
[START] ComfyUI-Manager

[2026-05-19 11:47:59.090] [info]  [ComfyUI-Manager] Using GitPython backend

[2026-05-19 11:47:59.158] [info]  [ComfyUI-Manager] network_mode: public

[2026-05-19 11:47:59.164] [info]  [ComfyUI-Manager] The matrix sharing feature has been disabled because the `matrix-nio` dependency is not installed.
	To use this feature, please run the following command:
	C:\Users\stduser\Documents\ComfyUI\.venv\Scripts\python.exe -m pip install matrix-nio


[2026-05-19 11:48:01.092] [error] [comfy-env] Version: 0.3.89
[2026-05-19 11:48:01.094] [error] 

[2026-05-19 11:48:01.682] [info]  [comfy-env] Removed stale temp dir: C:\Users\stduser\AppData\Local\Temp\comfyui_pvenv_imvd5kpj

[2026-05-19 11:48:02.084] [error] [comfy-env] register_nodes: comfyui-cadabra
[2026-05-19 11:48:02.085] [error] 

[2026-05-19 11:48:02.088] [error] [comfy-env] ComfyUI source dir: C:\Users\stduser\.comfy-test-cache\desktop\ComfyUI\resources\ComfyUI
[2026-05-19 11:48:02.089] [error] 

[2026-05-19 11:48:02.091] [error] [comfy-env] Scanning nodes metadata (isolation root)...
[2026-05-19 11:48:02.092] [error] 

[2026-05-19 11:48:02.098] [error] [comfy-env] Cache hit for nodes: 39 nodes
[2026-05-19 11:48:02.099] [error] 
[comfy-env] Scanned nodes root: 39 nodes (0.0s)
[2026-05-19 11:48:02.101] [error] 
[comfy-env] Imported nodes root: 39 nodes (isolation)
[2026-05-19 11:48:02.103] [error] 

[2026-05-19 11:48:02.104] [error] [comfy-env] Registered 39 total nodes

[2026-05-19 11:48:02.109] [info]  loading...

[2026-05-19 11:48:02.110] [info]  calling register_nodes

[2026-05-19 11:48:02.111] [error] [comfy-env] Version: 0.3.89

[2026-05-19 11:48:02.136] [error] [comfy-env] register_nodes: ComfyUI-GeometryPack
[2026-05-19 11:48:02.138] [error] 

[2026-05-19 11:48:02.158] [error] [comfy-env] ComfyUI source dir: C:\Users\stduser\.comfy-test-cache\desktop\ComfyUI\resources\ComfyUI
[2026-05-19 11:48:02.159] [error] 

[2026-05-19 11:48:02.163] [error] [comfy-env] Scanning nodes metadata (isolation root)...
[2026-05-19 11:48:02.166] [error] 

[2026-05-19 11:48:02.216] [error] [comfy-env] Cache hit for nodes: 125 nodes
[2026-05-19 11:48:02.218] [error] 
[comfy-env] Scanned nodes root: 125 nodes (0.1s)

[2026-05-19 11:48:02.222] [error] [comfy-env] Imported nodes root: 125 nodes (isolation)
[2026-05-19 11:48:02.223] [error] 

[2026-05-19 11:48:02.224] [error] [comfy-env] Registered 125 total nodes

[2026-05-19 11:48:02.286] [info]  ComfyUI-Multiband loaded: 15 nodes registered

Import times for custom nodes:
   0.0 seconds: C:\Users\stduser\.comfy-test-cache\desktop\ComfyUI\resources\ComfyUI\custom_nodes\websocket_image_save.py
   0.0 seconds: C:\Users\stduser\Documents\ComfyUI\custom_nodes\ComfyUI-Multiband
   0.1 seconds: C:\Users\stduser\Documents\ComfyUI\custom_nodes\ComfyUI-GeometryPack
   1.0 seconds: C:\Users\stduser\Documents\ComfyUI\custom_nodes\comfyui-cadabra

Context impl SQLiteImpl.
Will assume non-transactional DDL.

[2026-05-19 11:48:02.287] [error] Failed to initialize database. Please ensure you have installed the latest requirements. If the error persists, please report this as in future the database will be required: Could not acquire lock on database 'C:/Users/stduser/Documents/ComfyUI/user/comfyui.db'. Another ComfyUI process may already be using it. Use --database-url to specify a separate database file.

[2026-05-19 11:48:02.377] [info]  Starting server


[2026-05-19 11:48:02.378] [info]  To see the GUI go to: http://127.0.0.1:8001

[2026-05-19 11:48:05.052] [info]  [ComfyUI-Manager] The ComfyRegistry cache update is still in progress, so an outdated cache is being used.

[2026-05-19 11:48:05.198] [info]  FETCH DATA from: C:\Users\stduser\Documents\ComfyUI\.venv\Lib\site-packages\comfyui_manager\custom-node-list.json
[2026-05-19 11:48:05.228] [info]   [DONE]

[2026-05-19 11:48:08.397] [info]  [ComfyUI-Manager] The ComfyRegistry cache update is still in progress, so an outdated cache is being used.

[2026-05-19 11:48:08.577] [info]  FETCH DATA from: C:\Users\stduser\Documents\ComfyUI\.venv\Lib\site-packages\comfyui_manager\custom-node-list.json
[2026-05-19 11:48:08.600] [info]   [DONE]

[2026-05-19 11:48:30.896] [info]  got prompt

[2026-05-19 11:48:30.905] [info]  WARNING: _path_exists: path should be string, bytes, os.PathLike or integer, not NoneType

[2026-05-19 11:48:30.923] [info]  [comfyui-cadabra] python: C:\Users\stduser\AppData\Local\Programs\comfy-env\.pixi\envs\cadabra-nodes\python.exe
[2026-05-19 11:48:30.928] [info]  

[2026-05-19 11:48:30.929] [info]  [comfyui-cadabra] sys_path sent to worker: ['C:\\Users\\stduser\\.comfy-test-cache\\desktop\\ComfyUI\\resources\\ComfyUI', 'C:\\Users\\stduser\\Documents\\ComfyUI\\custom_nodes\\comfyui-cadabra', 'C:\\Users\\stduser\\AppData\\Local\\Programs\\comfy-env\\.pixi\\envs\\cadabra-nodes\\Lib\\site-packages', 'C:\\Users\\stduser\\Documents\\ComfyUI\\custom_nodes\\comfyui-cadabra']
[2026-05-19 11:48:30.931] [info]  

[2026-05-19 11:48:34.321] [error] [worker:comfyui-cadabra] ERROR: Failed to import comfy_kitchen, Error: No module named 'comfy_kitchen', fp8 and fp4 support will not be available.

[2026-05-19 11:48:38.750] [error] [comfyui-cadabra] Health check: ping (timeout=5.0s)...

[2026-05-19 11:48:38.757] [error] [comfyui-cadabra] Health check: ok

[2026-05-19 11:48:38.858] [error] [11:48:38] [CADabra] Starting: BRepMesh ROI Selector(linear_deflection=0.1, angular_deflection=0.5)

[2026-05-19 11:48:38.860] [error] [worker:comfyui-cadabra] INFO: Starting: BRepMesh ROI Selector(linear_deflection=0.1, angular_deflection=0.5)

[2026-05-19 11:48:38.972] [error] [11:48:38] [CADabra] Completed: BRepMesh ROI Selector(linear_deflection=0.1, angular_deflection=0.5) in 0.11s

[2026-05-19 11:48:38.975] [error] [worker:comfyui-cadabra] INFO: Completed: BRepMesh ROI Selector(linear_deflection=0.1, angular_deflection=0.5) in 0.11s

[2026-05-19 11:48:40.106] [error] [comfyui-cadabra] Health check: ping (timeout=5.0s)...
[2026-05-19 11:48:40.108] [error] 

[2026-05-19 11:48:40.115] [error] [comfyui-cadabra] Health check: ok

[2026-05-19 11:48:40.226] [error] [11:48:40] [CADabra] Starting: BRepMesh(linear_deflection=0.1, angular_deflection=0.5)

[2026-05-19 11:48:40.227] [error] [worker:comfyui-cadabra] INFO: Starting: BRepMesh(linear_deflection=0.1, angular_deflection=0.5)

[2026-05-19 11:48:40.335] [error] [11:48:40] [CADabra] Completed: BRepMesh(linear_deflection=0.1, angular_deflection=0.5) in 0.11s

[2026-05-19 11:48:40.337] [error] [worker:comfyui-cadabra] INFO: Completed: BRepMesh(linear_deflection=0.1, angular_deflection=0.5) in 0.11s

[2026-05-19 11:48:40.514] [error] [comfyui-cadabra] Health check: ping (timeout=5.0s)...

[2026-05-19 11:48:40.527] [error] [comfyui-cadabra] Health check: ok
[2026-05-19 11:48:40.529] [error] 

[2026-05-19 11:48:41.173] [error] [comfyui-cadabra] Health check: ping (timeout=5.0s)...

[2026-05-19 11:48:41.197] [error] [comfyui-cadabra] Health check: ok

[2026-05-19 11:48:41.792] [error] [comfyui-cadabra] Health check: ping (timeout=5.0s)...

[2026-05-19 11:48:41.910] [error] [comfyui-cadabra] Health check: ok

[2026-05-19 11:48:42.738] [error] [comfyui-cadabra] Health check: ping (timeout=5.0s)...
[2026-05-19 11:48:42.756] [error] 

[2026-05-19 11:48:42.851] [error] [comfyui-cadabra] Health check: ok

[2026-05-19 11:48:52.832] [info]  Prompt executed in 21.93 seconds

