[2026-05-18 18:44:08.282] [info]  setup plugin alembic.autogenerate.schemas

[2026-05-18 18:44:08.284] [info]  setup plugin alembic.autogenerate.tables
setup plugin alembic.autogenerate.types
setup plugin alembic.autogenerate.constraints
setup plugin alembic.autogenerate.defaults
setup plugin alembic.autogenerate.comments

[2026-05-18 18:44:08.737] [info]  Adding extra search path custom_nodes C:\Users\stduser\Documents\ComfyUI\custom_nodes
Adding extra search path download_model_base C:\Users\stduser\Documents\ComfyUI\models
Adding extra search path custom_nodes C:\Users\stduser\.comfy-test-cache\desktop\ComfyUI\resources\ComfyUI\custom_nodes
Setting output directory to: C:\Users\stduser\Documents\ComfyUI\output

[2026-05-18 18:44:08.741] [info]  Setting input directory to: C:\Users\stduser\Documents\ComfyUI\input
Setting user directory to: C:\Users\stduser\Documents\ComfyUI\user

[2026-05-18 18:44:10.338] [info]  [START] Security scan
[DONE] Security scan
** ComfyUI startup time:
[2026-05-18 18:44:10.339] [info]   2026-05-18 18:44:10.337
** Platform: Windows
** Python version: 3.12.11 (main, Aug 18 2025, 19:17:54) [MSC v.1944 64 bit (AMD64)]
** Python executable: C:\Users\stduser\Documents\ComfyUI\.venv\Scripts\python.exe
** ComfyUI Path: C:\Users\stduser\.comfy-test-cache\desktop\ComfyUI\resources\ComfyUI
** ComfyUI Base Folder Path: C:\Users\stduser\.comfy-test-cache\desktop\ComfyUI\resources\ComfyUI

[2026-05-18 18:44:10.340] [info]  ** User directory: C:\Users\stduser\Documents\ComfyUI\user
** ComfyUI-Manager config path: C:\Users\stduser\Documents\ComfyUI\user\__manager\config.ini
** Log path: C:\Users\stduser\Documents\ComfyUI\user\comfyui.log
[2026-05-18 18:44:10.342] [info]  

[2026-05-18 18:44:11.528] [info]  [ComfyUI-Manager] Skipped fixing the 'comfyui-frontend-package' dependency because the ComfyUI is outdated.

[2026-05-18 18:44:11.530] [info]  [PRE] ComfyUI-Manager

[2026-05-18 18:44:11.870] [error] [comfy-env] comfyui-cadabra: 1 isolation env(s):
[2026-05-18 18:44:11.872] [error] 
[comfy-env]   nodes -> C:\Users\stduser\Documents\ComfyUI\custom_nodes\comfyui-cadabra\nodes
[comfy-env] Workspace: C:\Users\stduser\AppData\Local\Programs\comfy-env
[2026-05-18 18:44:11.874] [error] 
[comfy-env]     env: C:\Users\stduser\AppData\Local\Programs\comfy-env\.pixi\envs\cadabra-nodes  [OK]

[2026-05-18 18:44:11.875] [error] [comfy-env] prestartup complete

[2026-05-18 18:44:11.908] [error] [comfy-env] ComfyUI-GeometryPack: 1 isolation env(s):
[2026-05-18 18:44:11.910] [error] 
[comfy-env]   nodes -> C:\Users\stduser\Documents\ComfyUI\custom_nodes\ComfyUI-GeometryPack\nodes
[comfy-env]     env: C:\Users\stduser\AppData\Local\Programs\comfy-env\.pixi\envs\geometrypack-nodes  [OK]
[2026-05-18 18:44:11.912] [error] 
[comfy-env] prestartup complete

[2026-05-18 18:44:14.927] [info]  Found comfy_kitchen backend eager: {'available': True, 'disabled': False, 'unavailable_reason': None, 'capabilities': ['apply_rope', 'apply_rope1', 'dequantize_mxfp8', 'dequantize_nvfp4', 'dequantize_per_tensor_fp8', 'quantize_mxfp8', 'quantize_nvfp4', 'quantize_per_tensor_fp8', 'scaled_mm_mxfp8', 'scaled_mm_nvfp4']}
Found comfy_kitchen backend triton: {'available': False, 'disabled': True, 'unavailable_reason': "ImportError: No module named 'triton'", 'capabilities': []}

[2026-05-18 18:44:14.929] [info]  Found comfy_kitchen backend cuda: {'available': False, 'disabled': True, 'unavailable_reason': 'CUDA not available on this system', 'capabilities': []}

[2026-05-18 18:44:14.938] [info]  Checkpoint files will always be loaded safely.

[2026-05-18 18:44:14.961] [info]  Total VRAM 16379 MB, total RAM 16379 MB

[2026-05-18 18:44:14.963] [info]  pytorch version: 2.10.0+cpu
Set vram state to: DISABLED
Device: cpu

[2026-05-18 18:44:15.262] [info]  Using sub quadratic optimization for attention, if you have memory or speed issues try using: --use-split-cross-attention

[2026-05-18 18:44:18.035] [info]  Python version: 3.12.11 (main, Aug 18 2025, 19:17:54) [MSC v.1944 64 bit (AMD64)]
ComfyUI version: 0.21.1

[2026-05-18 18:44:18.036] [info]  comfy-aimdo version: 0.3.0

[2026-05-18 18:44:18.038] [info]  comfy-kitchen version: 0.2.8

[2026-05-18 18:44:18.041] [info]  [Prompt Server] web root: C:\Users\stduser\.comfy-test-cache\desktop\ComfyUI\resources\ComfyUI\web_custom_versions\desktop_app

[2026-05-18 18:44:18.042] [info]  Asset seeder disabled

[2026-05-18 18:44:18.043] [info]  [START] ComfyUI-Manager

[2026-05-18 18:44:18.216] [info]  [ComfyUI-Manager] Using GitPython backend

[2026-05-18 18:44:18.283] [info]  [ComfyUI-Manager] network_mode: public

[2026-05-18 18:44:18.289] [info]  [ComfyUI-Manager] The matrix sharing feature has been disabled because the `matrix-nio` dependency is not installed.
	To use this feature, please run the following command:
	C:\Users\stduser\Documents\ComfyUI\.venv\Scripts\python.exe -m pip install matrix-nio


[2026-05-18 18:44:20.222] [error] [comfy-env] Version: 0.3.89
[2026-05-18 18:44:20.224] [error] 

[2026-05-18 18:44:20.593] [info]  [comfy-env] Removed stale temp dir: C:\Users\stduser\AppData\Local\Temp\comfyui_pvenv_cg_hq8ee

[2026-05-18 18:44:20.904] [error] [comfy-env] register_nodes: comfyui-cadabra
[2026-05-18 18:44:20.906] [error] 

[2026-05-18 18:44:20.909] [error] [comfy-env] ComfyUI source dir: C:\Users\stduser\.comfy-test-cache\desktop\ComfyUI\resources\ComfyUI
[2026-05-18 18:44:20.910] [error] 

[2026-05-18 18:44:20.912] [error] [comfy-env] Scanning nodes metadata (isolation root)...
[2026-05-18 18:44:20.913] [error] 

[2026-05-18 18:44:20.919] [error] [comfy-env] Cache hit for nodes: 39 nodes
[2026-05-18 18:44:20.921] [error] 
[comfy-env] Scanned nodes root: 39 nodes (0.0s)

[2026-05-18 18:44:20.923] [error] [comfy-env] Imported nodes root: 39 nodes (isolation)
[2026-05-18 18:44:20.953] [error] 

[2026-05-18 18:44:20.960] [error] [comfy-env] Registered 39 total nodes
[2026-05-18 18:44:20.965] [error] 

[2026-05-18 18:44:20.969] [info]  loading...

[2026-05-18 18:44:20.971] [info]  calling register_nodes

[2026-05-18 18:44:20.975] [error] [comfy-env] Version: 0.3.89
[2026-05-18 18:44:20.976] [error] 

[2026-05-18 18:44:21.017] [error] [comfy-env] register_nodes: ComfyUI-GeometryPack
[2026-05-18 18:44:21.019] [error] 

[2026-05-18 18:44:21.036] [error] [comfy-env] ComfyUI source dir: C:\Users\stduser\.comfy-test-cache\desktop\ComfyUI\resources\ComfyUI
[2026-05-18 18:44:21.038] [error] 

[2026-05-18 18:44:21.040] [error] [comfy-env] Scanning nodes metadata (isolation root)...
[2026-05-18 18:44:21.041] [error] 

[2026-05-18 18:44:21.069] [error] [comfy-env] Cache hit for nodes: 125 nodes
[2026-05-18 18:44:21.071] [error] 
[comfy-env] Scanned nodes root: 125 nodes (0.0s)

[2026-05-18 18:44:21.077] [error] [comfy-env] Imported nodes root: 125 nodes (isolation)
[2026-05-18 18:44:21.079] [error] 
[comfy-env] Registered 125 total nodes
[2026-05-18 18:44:21.080] [error] 

[2026-05-18 18:44:21.112] [info]  ComfyUI-Multiband loaded: 15 nodes registered

[2026-05-18 18:44:21.115] [info]  
Import times for custom nodes:

[2026-05-18 18:44:21.116] [info]     0.0 seconds: C:\Users\stduser\.comfy-test-cache\desktop\ComfyUI\resources\ComfyUI\custom_nodes\websocket_image_save.py
   0.0 seconds: C:\Users\stduser\Documents\ComfyUI\custom_nodes\ComfyUI-Multiband
   0.1 seconds: C:\Users\stduser\Documents\ComfyUI\custom_nodes\ComfyUI-GeometryPack
   0.7 seconds: C:\Users\stduser\Documents\ComfyUI\custom_nodes\comfyui-cadabra


[2026-05-18 18:44:21.122] [info]  Context impl SQLiteImpl.

[2026-05-18 18:44:21.124] [info]  Will assume non-transactional DDL.

[2026-05-18 18:44:21.132] [error] Failed to initialize database. Please ensure you have installed the latest requirements. If the error persists, please report this as in future the database will be required: Could not acquire lock on database 'C:/Users/stduser/Documents/ComfyUI/user/comfyui.db'. Another ComfyUI process may already be using it. Use --database-url to specify a separate database file.

[2026-05-18 18:44:21.228] [info]  Starting server


[2026-05-18 18:44:21.230] [info]  To see the GUI go to: http://127.0.0.1:8001

[2026-05-18 18:44:23.455] [info]  [ComfyUI-Manager] The ComfyRegistry cache update is still in progress, so an outdated cache is being used.

[2026-05-18 18:44:23.666] [info]  FETCH DATA from: C:\Users\stduser\Documents\ComfyUI\.venv\Lib\site-packages\comfyui_manager\custom-node-list.json
[2026-05-18 18:44:23.693] [info]   [DONE]

[2026-05-18 18:44:27.173] [info]  [ComfyUI-Manager] The ComfyRegistry cache update is still in progress, so an outdated cache is being used.

[2026-05-18 18:44:27.315] [info]  FETCH DATA from: C:\Users\stduser\Documents\ComfyUI\.venv\Lib\site-packages\comfyui_manager\custom-node-list.json
[2026-05-18 18:44:27.339] [info]   [DONE]

[2026-05-18 18:44:50.286] [info]  got prompt

[2026-05-18 18:44:50.297] [info]  [comfyui-cadabra] python: C:\Users\stduser\AppData\Local\Programs\comfy-env\.pixi\envs\cadabra-nodes\python.exe

[2026-05-18 18:44:50.298] [info]  [comfyui-cadabra] sys_path sent to worker: ['C:\\Users\\stduser\\.comfy-test-cache\\desktop\\ComfyUI\\resources\\ComfyUI', 'C:\\Users\\stduser\\Documents\\ComfyUI\\custom_nodes\\comfyui-cadabra', 'C:\\Users\\stduser\\AppData\\Local\\Programs\\comfy-env\\.pixi\\envs\\cadabra-nodes\\Lib\\site-packages', 'C:\\Users\\stduser\\Documents\\ComfyUI\\custom_nodes\\comfyui-cadabra']

[2026-05-18 18:44:52.937] [error] [worker:comfyui-cadabra] ERROR: Failed to import comfy_kitchen, Error: No module named 'comfy_kitchen', fp8 and fp4 support will not be available.

[2026-05-18 18:44:56.618] [error] [comfyui-cadabra] Health check: ping (timeout=5.0s)...

[2026-05-18 18:44:56.622] [error] [comfyui-cadabra] Health check: ok

[2026-05-18 18:44:56.683] [error] [18:44:56] [CADabra] Starting: BRepMesh(linear_deflection=0.1, angular_deflection=0.5)

[2026-05-18 18:44:56.685] [error] [worker:comfyui-cadabra] INFO: Starting: BRepMesh(linear_deflection=0.1, angular_deflection=0.5)

[2026-05-18 18:44:56.764] [error] [18:44:56] [CADabra] Completed: BRepMesh(linear_deflection=0.1, angular_deflection=0.5) in 0.08s

[2026-05-18 18:44:56.766] [error] [worker:comfyui-cadabra] INFO: Completed: BRepMesh(linear_deflection=0.1, angular_deflection=0.5) in 0.08s

[2026-05-18 18:44:56.867] [error] [comfyui-cadabra] Health check: ping (timeout=5.0s)...

[2026-05-18 18:44:56.871] [error] [comfyui-cadabra] Health check: ok
[2026-05-18 18:44:56.873] [error] 

[2026-05-18 18:44:56.964] [error] [18:44:56] [CADabra] Starting: BRepMesh(linear_deflection=0.1, angular_deflection=0.5, relative=False, parallel=False, min_size=0.0)

[2026-05-18 18:44:56.966] [error] [worker:comfyui-cadabra] INFO: Starting: BRepMesh(linear_deflection=0.1, angular_deflection=0.5, relative=False, parallel=False, min_size=0.0)

[2026-05-18 18:44:57.064] [error] [18:44:57] [CADabra] Completed: BRepMesh(linear_deflection=0.1, angular_deflection=0.5, relative=False, parallel=False, min_size=0.0) in 0.10s

[2026-05-18 18:44:57.065] [error] [worker:comfyui-cadabra] INFO: Completed: BRepMesh(linear_deflection=0.1, angular_deflection=0.5, relative=False, parallel=False, min_size=0.0) in 0.10s

[2026-05-18 18:45:12.245] [info]  [ComfyUI-GeometryPack] python: C:\Users\stduser\AppData\Local\Programs\comfy-env\.pixi\envs\geometrypack-nodes\python.exe

[2026-05-18 18:45:12.264] [info]  [ComfyUI-GeometryPack] sys_path sent to worker: ['C:\\Users\\stduser\\.comfy-test-cache\\desktop\\ComfyUI\\resources\\ComfyUI', 'C:\\Users\\stduser\\Documents\\ComfyUI\\custom_nodes\\ComfyUI-GeometryPack', 'C:\\Users\\stduser\\AppData\\Local\\Programs\\comfy-env\\.pixi\\envs\\geometrypack-nodes\\Lib\\site-packages', 'C:\\Users\\stduser\\Documents\\ComfyUI\\custom_nodes\\ComfyUI-GeometryPack']

[2026-05-18 18:45:32.128] [error] [worker:ComfyUI-GeometryPack] ERROR: Failed to import comfy_kitchen, Error: No module named 'comfy_kitchen', fp8 and fp4 support will not be available.

[2026-05-18 18:45:46.555] [error] [worker:ComfyUI-GeometryPack] INFO: Layout: side_by_side, Mode: fields

[2026-05-18 18:45:46.594] [error] [worker:ComfyUI-GeometryPack] INFO: Mesh 1: Mesh - 2754 vertices, 5508 faces

[2026-05-18 18:45:46.617] [error] [worker:ComfyUI-GeometryPack] INFO: Mesh 2: Mesh - 2754 vertices, 5508 faces

[2026-05-18 18:45:46.638] [error] [worker:ComfyUI-GeometryPack] INFO: Mesh 1 fields: ['face.cad_face_id']

[2026-05-18 18:45:46.665] [error] [worker:ComfyUI-GeometryPack] INFO: Mesh 2 fields: ['face.cad_face_id']

[2026-05-18 18:45:46.705] [error] [worker:ComfyUI-GeometryPack] INFO: Common fields: ['face.cad_face_id']

[2026-05-18 18:45:46.726] [error] [worker:ComfyUI-GeometryPack] INFO: Mesh 1 visual: kind=None, texture=False, vertex_colors=False

[2026-05-18 18:45:46.748] [error] [worker:ComfyUI-GeometryPack] INFO: Mesh 2 visual: kind=None, texture=False, vertex_colors=False

[2026-05-18 18:45:46.780] [error] [worker:ComfyUI-GeometryPack] INFO: Exporting mesh to VTP: C:\Users\stduser\Documents\ComfyUI\output\preview_dual_1_97f8e730.vtp

[2026-05-18 18:45:47.005] [error] [worker:ComfyUI-GeometryPack] INFO: Adding normals field (2754 vertices)

[2026-05-18 18:45:47.058] [error] [worker:ComfyUI-GeometryPack] INFO: Adding face field: cad_face_id

[2026-05-18 18:45:47.156] [error] [worker:ComfyUI-GeometryPack] INFO: Export complete: 2754 vertices, 5508 faces

[2026-05-18 18:45:47.162] [error] [worker:ComfyUI-GeometryPack] INFO: Exported VTP with fields: C:\Users\stduser\Documents\ComfyUI\output\preview_dual_1_97f8e730.vtp

[2026-05-18 18:45:47.184] [error] [worker:ComfyUI-GeometryPack] INFO: Exporting mesh to VTP: C:\Users\stduser\Documents\ComfyUI\output\preview_dual_2_97f8e730.vtp

[2026-05-18 18:45:47.284] [error] [worker:ComfyUI-GeometryPack] INFO: Adding normals field (2754 vertices)

[2026-05-18 18:45:47.344] [error] [worker:ComfyUI-GeometryPack] INFO: Adding face field: cad_face_id

[2026-05-18 18:45:47.446] [error] [worker:ComfyUI-GeometryPack] INFO: Export complete: 2754 vertices, 5508 faces

[2026-05-18 18:45:47.474] [error] [worker:ComfyUI-GeometryPack] INFO: Exported VTP with fields: C:\Users\stduser\Documents\ComfyUI\output\preview_dual_2_97f8e730.vtp

[2026-05-18 18:45:47.563] [error] [worker:ComfyUI-GeometryPack] INFO: Preview ready

[2026-05-18 18:45:47.626] [info]  Prompt executed in 57.34 seconds

