[2026-05-10 03:38:18.878] [info]  setup plugin alembic.autogenerate.schemas

[2026-05-10 03:38:18.881] [info]  setup plugin alembic.autogenerate.tables
setup plugin alembic.autogenerate.types
setup plugin alembic.autogenerate.constraints
setup plugin alembic.autogenerate.defaults
setup plugin alembic.autogenerate.comments

[2026-05-10 03:38:19.382] [info]  Adding extra search path custom_nodes C:\Users\runneradmin\Documents\ComfyUI\custom_nodes

[2026-05-10 03:38:19.421] [info]  Adding extra search path download_model_base C:\Users\runneradmin\Documents\ComfyUI\models
Adding extra search path custom_nodes C:\Users\runneradmin\.comfy-test-cache\desktop\ComfyUI\resources\ComfyUI\custom_nodes
Setting output directory to: C:\Users\runneradmin\Documents\ComfyUI\output
Setting input directory to: C:\Users\runneradmin\Documents\ComfyUI\input
Setting user directory to: C:\Users\runneradmin\Documents\ComfyUI\user

[2026-05-10 03:38:21.063] [info]  [START] Security scan
[DONE] Security scan
** ComfyUI startup time: 2026-05-10 03:38:21.064
[2026-05-10 03:38:21.065] [info]  
** Platform: Windows
** Python version: 3.12.11 (main, Aug 18 2025, 19:17:54) [MSC v.1944 64 bit (AMD64)]
** Python executable: C:\Users\runneradmin\Documents\ComfyUI\.venv\Scripts\python.exe
** ComfyUI Path: C:\Users\runneradmin\.comfy-test-cache\desktop\ComfyUI\resources\ComfyUI
** ComfyUI Base Folder Path: C:\Users\runneradmin\.comfy-test-cache\desktop\ComfyUI\resources\ComfyUI

[2026-05-10 03:38:21.067] [info]  ** User directory: C:\Users\runneradmin\Documents\ComfyUI\user
** ComfyUI-Manager config path: C:\Users\runneradmin\Documents\ComfyUI\user\__manager\config.ini
** Log path: C:\Users\runneradmin\Documents\ComfyUI\user\comfyui.log

[2026-05-10 03:38:22.334] [info]  [ComfyUI-Manager] Skipped fixing the 'comfyui-frontend-package' dependency because the ComfyUI is outdated.

[2026-05-10 03:38:22.335] [info]  [PRE] ComfyUI-Manager

[2026-05-10 03:38:22.698] [error] [comfy-env] comfyui-cadabra: 1 isolation env(s):
[2026-05-10 03:38:22.700] [error] 
[comfy-env]   nodes -> C:\Users\runneradmin\Documents\ComfyUI\custom_nodes\comfyui-cadabra\nodes
[comfy-env] prestartup complete
[2026-05-10 03:38:22.701] [error] 

[2026-05-10 03:38:22.751] [error] [comfy-env] ComfyUI-GeometryPack: 1 isolation env(s):
[comfy-env]   nodes -> C:\Users\runneradmin\Documents\ComfyUI\custom_nodes\ComfyUI-GeometryPack\nodes
[comfy-env] prestartup complete

[2026-05-10 03:38:26.042] [info]  Found comfy_kitchen backend triton: {'available': False, 'disabled': True, 'unavailable_reason': "ImportError: No module named 'triton'", 'capabilities': []}

[2026-05-10 03:38:26.044] [info]  Found comfy_kitchen backend cuda: {'available': False, 'disabled': True, 'unavailable_reason': 'CUDA not available on this system', 'capabilities': []}
Found comfy_kitchen backend eager: {'available': True, 'disabled': False, 'unavailable_reason': None, 'capabilities': ['apply_rope', 'apply_rope1', 'dequantize_mxfp8', 'dequantize_nvfp4', 'dequantize_per_tensor_fp8', 'quantize_mxfp8', 'quantize_nvfp4', 'quantize_per_tensor_fp8', 'scaled_mm_mxfp8', 'scaled_mm_nvfp4']}

[2026-05-10 03:38:26.131] [info]  Checkpoint files will always be loaded safely.
Total VRAM 16379 MB, total RAM 16379 MB
pytorch version: 2.10.0+cpu
Set vram state to: DISABLED
Device: cpu

[2026-05-10 03:38:26.425] [info]  Using sub quadratic optimization for attention, if you have memory or speed issues try using: --use-split-cross-attention

[2026-05-10 03:38:29.568] [info]  Python version: 3.12.11 (main, Aug 18 2025, 19:17:54) [MSC v.1944 64 bit (AMD64)]

[2026-05-10 03:38:29.570] [info]  ComfyUI version: 0.20.1

[2026-05-10 03:38:29.571] [info]  comfy-aimdo version: 0.2.14

[2026-05-10 03:38:29.577] [info]  comfy-kitchen version: 0.2.8

[2026-05-10 03:38:29.582] [info]  [Prompt Server] web root: C:\Users\runneradmin\.comfy-test-cache\desktop\ComfyUI\resources\ComfyUI\web_custom_versions\desktop_app

[2026-05-10 03:38:29.585] [info]  Asset seeder disabled

[2026-05-10 03:38:29.589] [info]  [START] ComfyUI-Manager

[2026-05-10 03:38:29.813] [info]  [ComfyUI-Manager] Using GitPython backend

[2026-05-10 03:38:29.937] [info]  [ComfyUI-Manager] network_mode: public

[2026-05-10 03:38:29.955] [info]  [ComfyUI-Manager] The matrix sharing feature has been disabled because the `matrix-nio` dependency is not installed.
	To use this feature, please run the following command:
	C:\Users\runneradmin\Documents\ComfyUI\.venv\Scripts\python.exe -m pip install matrix-nio


[2026-05-10 03:38:32.011] [error] [comfy-env] Version: 0.3.78
[2026-05-10 03:38:32.013] [error] 

[2026-05-10 03:38:35.500] [info]  [comfy-env] Removed stale temp dir: C:\Users\RUNNER~1\AppData\Local\Temp\comfyui_pvenv_7aegoyzi

[2026-05-10 03:38:35.889] [error] [comfy-env] register_nodes: comfyui-cadabra
[2026-05-10 03:38:35.891] [error] 

[2026-05-10 03:38:35.895] [error] [comfy-env] ComfyUI source dir: C:\Users\runneradmin\.comfy-test-cache\desktop\ComfyUI\resources\ComfyUI
[2026-05-10 03:38:35.896] [error] 

[2026-05-10 03:38:35.901] [error] [comfy-env] Scanning nodes metadata (isolation root)...
[2026-05-10 03:38:35.903] [error] 

[2026-05-10 03:38:35.910] [error] [comfy-env] Cache hit for nodes: 39 nodes
[2026-05-10 03:38:35.912] [error] 

[2026-05-10 03:38:35.914] [error] [comfy-env] Scanned nodes root: 39 nodes (0.0s)
[2026-05-10 03:38:35.915] [error] 

[2026-05-10 03:38:35.920] [error] [comfy-env] Imported nodes root: 39 nodes (isolation)
[2026-05-10 03:38:35.921] [error] 

[2026-05-10 03:38:35.922] [error] [comfy-env] Registered 39 total nodes
[2026-05-10 03:38:35.923] [error] 

[2026-05-10 03:38:35.930] [info]  loading...

[2026-05-10 03:38:35.931] [info]  calling register_nodes

[2026-05-10 03:38:35.933] [error] [comfy-env] Version: 0.3.78
[2026-05-10 03:38:35.936] [error] 

[2026-05-10 03:38:35.996] [error] [comfy-env] register_nodes: ComfyUI-GeometryPack
[2026-05-10 03:38:35.997] [error] 

[2026-05-10 03:38:36.019] [error] [comfy-env] ComfyUI source dir: C:\Users\runneradmin\.comfy-test-cache\desktop\ComfyUI\resources\ComfyUI
[2026-05-10 03:38:36.020] [error] 

[2026-05-10 03:38:36.028] [error] [comfy-env] Scanning nodes metadata (isolation root)...
[2026-05-10 03:38:36.030] [error] 

[2026-05-10 03:38:36.067] [error] [comfy-env] Cache hit for nodes: 125 nodes
[2026-05-10 03:38:36.069] [error] 
[comfy-env] Scanned nodes root: 125 nodes (0.0s)

[2026-05-10 03:38:36.073] [error] [comfy-env] Imported nodes root: 125 nodes (isolation)
[2026-05-10 03:38:36.074] [error] 

[2026-05-10 03:38:36.076] [error] [comfy-env] Registered 125 total nodes

[2026-05-10 03:38:36.112] [info]  ComfyUI-Multiband loaded: 15 nodes registered
[2026-05-10 03:38:36.114] [info]  

[2026-05-10 03:38:36.117] [info]  
Import times for custom nodes:

[2026-05-10 03:38:36.118] [info]     0.0 seconds: C:\Users\runneradmin\.comfy-test-cache\desktop\ComfyUI\resources\ComfyUI\custom_nodes\websocket_image_save.py
   0.0 seconds: C:\Users\runneradmin\Documents\ComfyUI\custom_nodes\ComfyUI-Multiband
   0.2 seconds: C:\Users\runneradmin\Documents\ComfyUI\custom_nodes\ComfyUI-GeometryPack
   3.9 seconds: C:\Users\runneradmin\Documents\ComfyUI\custom_nodes\comfyui-cadabra


[2026-05-10 03:38:36.122] [info]  Context impl SQLiteImpl.

[2026-05-10 03:38:36.123] [info]  Will assume non-transactional DDL.

[2026-05-10 03:38:36.129] [error] Failed to initialize database. Please ensure you have installed the latest requirements. If the error persists, please report this as in future the database will be required: Could not acquire lock on database 'C:/Users/runneradmin/Documents/ComfyUI/user/comfyui.db'. Another ComfyUI process may already be using it. Use --database-url to specify a separate database file.

[2026-05-10 03:38:36.259] [info]  Starting server


[2026-05-10 03:38:36.261] [info]  To see the GUI go to: http://127.0.0.1:8001

[2026-05-10 03:38:39.719] [info]  [ComfyUI-Manager] The ComfyRegistry cache update is still in progress, so an outdated cache is being used.

[2026-05-10 03:38:39.980] [info]  FETCH DATA from: C:\Users\runneradmin\Documents\ComfyUI\.venv\Lib\site-packages\comfyui_manager\custom-node-list.json
[2026-05-10 03:38:40.009] [info]   [DONE]

[2026-05-10 03:38:42.627] [info]  [ComfyUI-Manager] The ComfyRegistry cache update is still in progress, so an outdated cache is being used.

[2026-05-10 03:38:42.801] [info]  FETCH DATA from: C:\Users\runneradmin\Documents\ComfyUI\.venv\Lib\site-packages\comfyui_manager\custom-node-list.json
[2026-05-10 03:38:42.832] [info]   [DONE]

[2026-05-10 03:39:06.753] [info]  got prompt

[2026-05-10 03:39:06.761] [info]  WARNING: _path_exists: path should be string, bytes, os.PathLike or integer, not NoneType

[2026-05-10 03:39:06.776] [info]  [comfyui-cadabra] python: C:\Users\runneradmin\Documents\ComfyUI\.ce\.pixi\envs\cadabra-nodes\python.exe
[2026-05-10 03:39:06.778] [info]  
[comfyui-cadabra] sys_path sent to worker: ['C:\\Users\\runneradmin\\.comfy-test-cache\\desktop\\ComfyUI\\resources\\ComfyUI', 'C:\\Users\\runneradmin\\Documents\\ComfyUI\\custom_nodes\\comfyui-cadabra', 'C:\\Users\\runneradmin\\Documents\\ComfyUI\\.ce\\.pixi\\envs\\cadabra-nodes\\Lib\\site-packages', 'C:\\Users\\runneradmin\\Documents\\ComfyUI\\custom_nodes\\comfyui-cadabra']

[2026-05-10 03:39:16.865] [error] [comfyui-cadabra] Health check: ping (timeout=5.0s)...
[2026-05-10 03:39:16.867] [error] 

[2026-05-10 03:39:16.979] [error] [comfyui-cadabra] Health check: ok

[2026-05-10 03:39:18.347] [error] [03:39:18] [CADabra] Starting: BRepMesh ROI Selector(linear_deflection=0.1, angular_deflection=0.5)

[2026-05-10 03:39:18.349] [error] [worker:comfyui-cadabra] INFO: Starting: BRepMesh ROI Selector(linear_deflection=0.1, angular_deflection=0.5)

[2026-05-10 03:39:18.448] [error] [03:39:18] [CADabra] Completed: BRepMesh ROI Selector(linear_deflection=0.1, angular_deflection=0.5) in 0.10s

[2026-05-10 03:39:18.450] [error] [worker:comfyui-cadabra] INFO: Completed: BRepMesh ROI Selector(linear_deflection=0.1, angular_deflection=0.5) in 0.10s

[2026-05-10 03:39:19.183] [error] !!! Exception during processing !!! [Errno 2] No such file or directory: 'C:\\Users\\runneradmin\\.comfy-test-cache\\desktop\\ComfyUI\\resources\\ComfyUI\\temp\\roi_selector_2114778206784.glb'

Worker traceback:
Traceback (most recent call last):
  File "C:\Users\RUNNER~1\AppData\Local\Temp\comfyui_pvenv_rw03fpfq\persistent_worker.py", line 1762, in main
    result = method(**inputs)
             ^^^^^^^^^^^^^^^^
  File "C:\Users\runneradmin\.comfy-test-cache\desktop\ComfyUI\resources\ComfyUI\comfy_api\latest\_io.py", line 1826, in EXECUTE_NORMALIZED
    to_return = cls.execute(*args, **kwargs)
                ^^^^^^^^^^^^^^^^^^^^^^^^^^^^
  File "C:\Users\runneradmin\Documents\ComfyUI\custom_nodes\comfyui-cadabra\nodes\cad_roi_selector_node.py", line 191, in execute
    cls._export_glb_with_colors(vertices_array, faces_array, colors_array, glb_filepath)
  File "C:\Users\runneradmin\Documents\ComfyUI\custom_nodes\comfyui-cadabra\nodes\cad_roi_selector_node.py", line 316, in _export_glb_with_colors
    gltf.save(filepath)
  File "C:\Users\runneradmin\Documents\ComfyUI\.ce\.pixi\envs\cadabra-nodes\Lib\site-packages\pygltflib\__init__.py", line 1112, in save
    return self.save_binary(fname)
           ^^^^^^^^^^^^^^^^^^^^^^^
  File "C:\Users\runneradmin\Documents\ComfyUI\.ce\.pixi\envs\cadabra-nodes\Lib\site-packages\pygltflib\__init__.py", line 1098, in save_binary
    with open(fname, 'wb') as f:
         ^^^^^^^^^^^^^^^^^
FileNotFoundError: [Errno 2] No such file or directory: 'C:\\Users\\runneradmin\\.comfy-test-cache\\desktop\\ComfyUI\\resources\\ComfyUI\\temp\\roi_selector_2114778206784.glb'


[2026-05-10 03:39:19.185] [error] Traceback (most recent call last):
  File "C:\Users\runneradmin\.comfy-test-cache\desktop\ComfyUI\resources\ComfyUI\execution.py", line 534, in execute
    output_data, output_ui, has_subgraph, has_pending_tasks = await get_output_data(prompt_id, unique_id, obj, input_data_all, execution_block_cb=execution_block_cb, pre_execute_cb=pre_execute_cb, v3_data=v3_data)
                                                              ^^^^^^^^^^^^^^^^^^^^^^^^^^^^^^^^^^^^^^^^^^^^^^^^^^^^^^^^^^^^^^^^^^^^^^^^^^^^^^^^^^^^^^^^^^^^^^^^^^^^^^^^^^^^^^^^^^^^^^^^^^^^^^^^^^^^^^^^^^^^^^^^^^^^^^^
  File "C:\Users\runneradmin\.comfy-test-cache\desktop\ComfyUI\resources\ComfyUI\execution.py", line 334, in get_output_data
    return_values = await _async_map_node_over_list(prompt_id, unique_id, obj, input_data_all, obj.FUNCTION, allow_interrupt=True, execution_block_cb=execution_block_cb, pre_execute_cb=pre_execute_cb, v3_data=v3_data)
                    ^^^^^^^^^^^^^^^^^^^^^^^^^^^^^^^^^^^^^^^^^^^^^^^^^^^^^^^^^^^^^^^^^^^^^^^^^^^^^^^^^^^^^^^^^^^^^^^^^^^^^^^^^^^^^^^^^^^^^^^^^^^^^^^^^^^^^^^^^^^^^^^^^^^^^^^^^^^^^^^^^^^^^^^^^^^^^^^^^^^^^^^^^^^^^^^^^^^^^
  File "C:\Users\runneradmin\.comfy-test-cache\desktop\ComfyUI\resources\ComfyUI\execution.py", line 308, in _async_map_node_over_list
    await process_inputs(input_dict, i)
  File "C:\Users\runneradmin\.comfy-test-cache\desktop\ComfyUI\resources\ComfyUI\execution.py", line 296, in process_inputs
    result = f(**inputs)
             ^^^^^^^^^^^
  File "C:\Users\runneradmin\Documents\ComfyUI\.venv\Lib\site-packages\comfy_env\isolation\metadata.py", line 536, in proxy
    result = worker.call_method(
             ^^^^^^^^^^^^^^^^^^^
  File "C:\Users\runneradmin\Documents\ComfyUI\.venv\Lib\site-packages\comfy_env\isolation\workers\subprocess.py", line 674, in call_method
    raise WorkerError(
comfy_env.isolation.workers.base.WorkerError: [Errno 2] No such file or directory: 'C:\\Users\\runneradmin\\.comfy-test-cache\\desktop\\ComfyUI\\resources\\ComfyUI\\temp\\roi_selector_2114778206784.glb'

Worker traceback:
Traceback (most recent call last):
  File "C:\Users\RUNNER~1\AppData\Local\Temp\comfyui_pvenv_rw03fpfq\persistent_worker.py", line 1762, in main
    result = method(**inputs)
             ^^^^^^^^^^^^^^^^
  File "C:\Users\runneradmin\.comfy-test-cache\desktop\ComfyUI\resources\ComfyUI\comfy_api\latest\_io.py", line 1826, in EXECUTE_NORMALIZED
    to_return = cls.execute(*args, **kwargs)
                ^^^^^^^^^^^^^^^^^^^^^^^^^^^^
  File "C:\Users\runneradmin\Documents\ComfyUI\custom_nodes\comfyui-cadabra\nodes\cad_roi_selector_node.py", line 191, in execute
    cls._export_glb_with_colors(vertices_array, faces_array, colors_array, glb_filepath)
  File "C:\Users\runneradmin\Documents\ComfyUI\custom_nodes\comfyui-cadabra\nodes\cad_roi_selector_node.py", line 316, in _export_glb_with_colors
    gltf.save(filepath)
  File "C:\Users\runneradmin\Documents\ComfyUI\.ce\.pixi\envs\cadabra-nodes\Lib\site-packages\pygltflib\__init__.py", line 1112, in save
    return self.save_binary(fname)
           ^^^^^^^^^^^^^^^^^^^^^^^
  File "C:\Users\runneradmin\Documents\ComfyUI\.ce\.pixi\envs\cadabra-nodes\Lib\site-packages\pygltflib\__init__.py", line 1098, in save_binary
    with open(fname, 'wb') as f:
         ^^^^^^^^^^^^^^^^^
FileNotFoundError: [Errno 2] No such file or directory: 'C:\\Users\\runneradmin\\.comfy-test-cache\\desktop\\ComfyUI\\resources\\ComfyUI\\temp\\roi_selector_2114778206784.glb'



[2026-05-10 03:39:19.190] [info]  Prompt executed in 12.43 seconds

