[2026-05-18 18:46:08.695] [info]  setup plugin alembic.autogenerate.schemas

[2026-05-18 18:46:08.698] [info]  setup plugin alembic.autogenerate.tables
setup plugin alembic.autogenerate.types
setup plugin alembic.autogenerate.constraints
setup plugin alembic.autogenerate.defaults
setup plugin alembic.autogenerate.comments

[2026-05-18 18:46:09.151] [info]  Adding extra search path custom_nodes C:\Users\stduser\Documents\ComfyUI\custom_nodes
Adding extra search path download_model_base C:\Users\stduser\Documents\ComfyUI\models

[2026-05-18 18:46:09.153] [info]  Adding extra search path custom_nodes C:\Users\stduser\.comfy-test-cache\desktop\ComfyUI\resources\ComfyUI\custom_nodes
Setting output directory to: C:\Users\stduser\Documents\ComfyUI\output
Setting input directory to: C:\Users\stduser\Documents\ComfyUI\input
Setting user directory to: C:\Users\stduser\Documents\ComfyUI\user

[2026-05-18 18:46:10.727] [info]  [START] Security scan
[DONE] Security scan
** ComfyUI startup time:
[2026-05-18 18:46:10.728] [info]   2026-05-18 18:46:10.727
** Platform: Windows
** Python version: 3.12.11 (main, Aug 18 2025, 19:17:54) [MSC v.1944 64 bit (AMD64)]
** Python executable: C:\Users\stduser\Documents\ComfyUI\.venv\Scripts\python.exe
** ComfyUI Path: C:\Users\stduser\.comfy-test-cache\desktop\ComfyUI\resources\ComfyUI
** ComfyUI Base Folder Path: C:\Users\stduser\.comfy-test-cache\desktop\ComfyUI\resources\ComfyUI

[2026-05-18 18:46:10.731] [info]  ** User directory: C:\Users\stduser\Documents\ComfyUI\user
[2026-05-18 18:46:10.732] [info]  
** ComfyUI-Manager config path: C:\Users\stduser\Documents\ComfyUI\user\__manager\config.ini
** Log path: C:\Users\stduser\Documents\ComfyUI\user\comfyui.log

[2026-05-18 18:46:11.931] [info]  [ComfyUI-Manager] Skipped fixing the 'comfyui-frontend-package' dependency because the ComfyUI is outdated.

[2026-05-18 18:46:11.933] [info]  [PRE] ComfyUI-Manager

[2026-05-18 18:46:12.278] [error] [comfy-env] comfyui-cadabra: 1 isolation env(s):
[2026-05-18 18:46:12.279] [error] 
[comfy-env]   nodes -> C:\Users\stduser\Documents\ComfyUI\custom_nodes\comfyui-cadabra\nodes
[comfy-env] Workspace: C:\Users\stduser\AppData\Local\Programs\comfy-env
[2026-05-18 18:46:12.281] [error] 
[comfy-env]     env: C:\Users\stduser\AppData\Local\Programs\comfy-env\.pixi\envs\cadabra-nodes  [OK]

[2026-05-18 18:46:12.282] [error] [comfy-env] prestartup complete
[2026-05-18 18:46:12.283] [error] 

[2026-05-18 18:46:12.316] [error] [comfy-env] ComfyUI-GeometryPack: 1 isolation env(s):

[2026-05-18 18:46:12.317] [error] [comfy-env]   nodes -> C:\Users\stduser\Documents\ComfyUI\custom_nodes\ComfyUI-GeometryPack\nodes
[comfy-env]     env: C:\Users\stduser\AppData\Local\Programs\comfy-env\.pixi\envs\geometrypack-nodes  [OK]

[2026-05-18 18:46:12.319] [error] [comfy-env] prestartup complete

[2026-05-18 18:46:15.304] [info]  Found comfy_kitchen backend triton: {'available': False, 'disabled': True, 'unavailable_reason': "ImportError: No module named 'triton'", 'capabilities': []}

[2026-05-18 18:46:15.306] [info]  Found comfy_kitchen backend eager: {'available': True, 'disabled': False, 'unavailable_reason': None, 'capabilities': ['apply_rope', 'apply_rope1', 'dequantize_mxfp8', 'dequantize_nvfp4', 'dequantize_per_tensor_fp8', 'quantize_mxfp8', 'quantize_nvfp4', 'quantize_per_tensor_fp8', 'scaled_mm_mxfp8', 'scaled_mm_nvfp4']}
Found comfy_kitchen backend cuda: {'available': False, 'disabled': True, 'unavailable_reason': 'CUDA not available on this system', 'capabilities': []}

[2026-05-18 18:46:15.312] [info]  Checkpoint files will always be loaded safely.

[2026-05-18 18:46:15.328] [info]  Total VRAM 16379 MB, total RAM 16379 MB

[2026-05-18 18:46:15.330] [info]  pytorch version: 2.10.0+cpu
Set vram state to: DISABLED
Device: cpu

[2026-05-18 18:46:15.630] [info]  Using sub quadratic optimization for attention, if you have memory or speed issues try using: --use-split-cross-attention

[2026-05-18 18:46:18.466] [info]  Python version: 3.12.11 (main, Aug 18 2025, 19:17:54) [MSC v.1944 64 bit (AMD64)]
ComfyUI version: 0.21.1

[2026-05-18 18:46:18.467] [info]  comfy-aimdo version: 0.3.0

[2026-05-18 18:46:18.468] [info]  comfy-kitchen version: 0.2.8

[2026-05-18 18:46:18.471] [info]  [Prompt Server] web root: C:\Users\stduser\.comfy-test-cache\desktop\ComfyUI\resources\ComfyUI\web_custom_versions\desktop_app

[2026-05-18 18:46:18.473] [info]  Asset seeder disabled

[2026-05-18 18:46:18.475] [info]  [START] ComfyUI-Manager

[2026-05-18 18:46:18.656] [info]  [ComfyUI-Manager] Using GitPython backend

[2026-05-18 18:46:18.718] [info]  [ComfyUI-Manager] network_mode: public

[2026-05-18 18:46:18.728] [info]  [ComfyUI-Manager] The matrix sharing feature has been disabled because the `matrix-nio` dependency is not installed.
	To use this feature, please run the following command:
	C:\Users\stduser\Documents\ComfyUI\.venv\Scripts\python.exe -m pip install matrix-nio


[2026-05-18 18:46:20.617] [error] [comfy-env] Version: 0.3.89
[2026-05-18 18:46:20.619] [error] 

[2026-05-18 18:46:20.983] [info]  [comfy-env] Removed stale temp dir: C:\Users\stduser\AppData\Local\Temp\comfyui_pvenv_7n8gml17

[2026-05-18 18:46:20.999] [info]  [comfy-env] Removed stale temp dir: C:\Users\stduser\AppData\Local\Temp\comfyui_pvenv_mla5l9um
[2026-05-18 18:46:21.001] [info]  

[2026-05-18 18:46:21.302] [error] [comfy-env] register_nodes: comfyui-cadabra
[2026-05-18 18:46:21.303] [error] 

[2026-05-18 18:46:21.306] [error] [comfy-env] ComfyUI source dir: C:\Users\stduser\.comfy-test-cache\desktop\ComfyUI\resources\ComfyUI
[2026-05-18 18:46:21.307] [error] 

[2026-05-18 18:46:21.309] [error] [comfy-env] Scanning nodes metadata (isolation root)...
[2026-05-18 18:46:21.310] [error] 

[2026-05-18 18:46:21.315] [error] [comfy-env] Cache hit for nodes: 39 nodes
[2026-05-18 18:46:21.316] [error] 
[comfy-env] Scanned nodes root: 39 nodes (0.0s)

[2026-05-18 18:46:21.318] [error] [comfy-env] Imported nodes root: 39 nodes (isolation)
[2026-05-18 18:46:21.319] [error] 
[comfy-env] Registered 39 total nodes
[2026-05-18 18:46:21.320] [error] 

[2026-05-18 18:46:21.323] [info]  loading...

[2026-05-18 18:46:21.324] [info]  calling register_nodes

[2026-05-18 18:46:21.337] [error] [comfy-env] Version: 0.3.89
[2026-05-18 18:46:21.338] [error] 

[2026-05-18 18:46:21.379] [error] [comfy-env] register_nodes: ComfyUI-GeometryPack
[2026-05-18 18:46:21.380] [error] 

[2026-05-18 18:46:21.393] [error] [comfy-env] ComfyUI source dir: C:\Users\stduser\.comfy-test-cache\desktop\ComfyUI\resources\ComfyUI
[2026-05-18 18:46:21.395] [error] 

[2026-05-18 18:46:21.397] [error] [comfy-env] Scanning nodes metadata (isolation root)...
[2026-05-18 18:46:21.399] [error] 

[2026-05-18 18:46:21.427] [error] [comfy-env] Cache hit for nodes: 125 nodes
[2026-05-18 18:46:21.429] [error] 
[comfy-env] Scanned nodes root: 125 nodes (0.0s)

[2026-05-18 18:46:21.436] [error] [comfy-env] Imported nodes root: 125 nodes (isolation)
[2026-05-18 18:46:21.438] [error] 
[comfy-env] Registered 125 total nodes
[2026-05-18 18:46:21.439] [error] 

[2026-05-18 18:46:21.469] [info]  ComfyUI-Multiband loaded: 15 nodes registered

[2026-05-18 18:46:21.472] [info]  
Import times for custom nodes:

[2026-05-18 18:46:21.473] [info]     0.0 seconds: C:\Users\stduser\.comfy-test-cache\desktop\ComfyUI\resources\ComfyUI\custom_nodes\websocket_image_save.py
   0.0 seconds: C:\Users\stduser\Documents\ComfyUI\custom_nodes\ComfyUI-Multiband
   0.1 seconds: C:\Users\stduser\Documents\ComfyUI\custom_nodes\ComfyUI-GeometryPack
   0.7 seconds: C:\Users\stduser\Documents\ComfyUI\custom_nodes\comfyui-cadabra


[2026-05-18 18:46:21.478] [info]  Context impl SQLiteImpl.

[2026-05-18 18:46:21.480] [info]  Will assume non-transactional DDL.

[2026-05-18 18:46:21.488] [error] Failed to initialize database. Please ensure you have installed the latest requirements. If the error persists, please report this as in future the database will be required: Could not acquire lock on database 'C:/Users/stduser/Documents/ComfyUI/user/comfyui.db'. Another ComfyUI process may already be using it. Use --database-url to specify a separate database file.

[2026-05-18 18:46:21.585] [info]  Starting server


[2026-05-18 18:46:21.587] [info]  To see the GUI go to: http://127.0.0.1:8001

[2026-05-18 18:46:23.860] [info]  [ComfyUI-Manager] The ComfyRegistry cache update is still in progress, so an outdated cache is being used.

[2026-05-18 18:46:24.034] [info]  FETCH DATA from: C:\Users\stduser\Documents\ComfyUI\.venv\Lib\site-packages\comfyui_manager\custom-node-list.json
[2026-05-18 18:46:24.067] [info]   [DONE]
[2026-05-18 18:46:24.068] [info]  

[2026-05-18 18:46:26.928] [info]  [ComfyUI-Manager] The ComfyRegistry cache update is still in progress, so an outdated cache is being used.

[2026-05-18 18:46:27.077] [info]  FETCH DATA from: C:\Users\stduser\Documents\ComfyUI\.venv\Lib\site-packages\comfyui_manager\custom-node-list.json
[2026-05-18 18:46:27.119] [info]   [DONE]

[2026-05-18 18:46:49.935] [info]  got prompt

[2026-05-18 18:46:49.941] [info]  WARNING: _path_exists: path should be string, bytes, os.PathLike or integer, not NoneType

[2026-05-18 18:46:49.951] [info]  [comfyui-cadabra] python: C:\Users\stduser\AppData\Local\Programs\comfy-env\.pixi\envs\cadabra-nodes\python.exe
[2026-05-18 18:46:49.953] [info]  
[comfyui-cadabra] sys_path sent to worker: ['C:\\Users\\stduser\\.comfy-test-cache\\desktop\\ComfyUI\\resources\\ComfyUI', 'C:\\Users\\stduser\\Documents\\ComfyUI\\custom_nodes\\comfyui-cadabra', 'C:\\Users\\stduser\\AppData\\Local\\Programs\\comfy-env\\.pixi\\envs\\cadabra-nodes\\Lib\\site-packages', 'C:\\Users\\stduser\\Documents\\ComfyUI\\custom_nodes\\comfyui-cadabra']
[2026-05-18 18:46:49.954] [info]  

[2026-05-18 18:46:52.504] [error] [worker:comfyui-cadabra] ERROR: Failed to import comfy_kitchen, Error: No module named 'comfy_kitchen', fp8 and fp4 support will not be available.

[2026-05-18 18:46:56.061] [error] [18:46:56] [CADabra] Starting: STEP ReadFile(file=wc.STEP)

[2026-05-18 18:46:56.063] [error] [worker:comfyui-cadabra] INFO: Starting: STEP ReadFile(file=wc.STEP)

[2026-05-18 18:46:56.116] [error] [18:46:56] [CADabra] Completed: STEP ReadFile(file=wc.STEP) in 0.05s

[2026-05-18 18:46:56.118] [error] [worker:comfyui-cadabra] INFO: Completed: STEP ReadFile(file=wc.STEP) in 0.05s

[2026-05-18 18:46:56.122] [error] [18:46:56] [CADabra] Starting: STEP TransferRoots(file=wc.STEP)

[2026-05-18 18:46:56.124] [error] [worker:comfyui-cadabra] INFO: Starting: STEP TransferRoots(file=wc.STEP)

[2026-05-18 18:46:56.503] [error] [18:46:56] [CADabra] Completed: STEP TransferRoots(file=wc.STEP) in 0.38s

[2026-05-18 18:46:56.505] [error] [worker:comfyui-cadabra] INFO: Completed: STEP TransferRoots(file=wc.STEP) in 0.38s

[2026-05-18 18:46:56.576] [error] [comfyui-cadabra] Health check: ping (timeout=5.0s)...
[2026-05-18 18:46:56.578] [error] 

[2026-05-18 18:46:56.581] [error] [comfyui-cadabra] Health check: ok

[2026-05-18 18:46:56.659] [error] [18:46:56] [CADabra] Starting: BRepMesh(linear_deflection=0.1, angular_deflection=0.5)

[2026-05-18 18:46:56.660] [error] [worker:comfyui-cadabra] INFO: Starting: BRepMesh(linear_deflection=0.1, angular_deflection=0.5)

[2026-05-18 18:46:57.311] [error] [18:46:57] [CADabra] Completed: BRepMesh(linear_deflection=0.1, angular_deflection=0.5) in 0.65s

[2026-05-18 18:46:57.312] [error] [worker:comfyui-cadabra] INFO: Completed: BRepMesh(linear_deflection=0.1, angular_deflection=0.5) in 0.65s

[2026-05-18 18:46:58.055] [error] [comfyui-cadabra] Health check: ping (timeout=5.0s)...

[2026-05-18 18:46:58.061] [error] [comfyui-cadabra] Health check: ok

[2026-05-18 18:46:58.179] [error] [comfyui-cadabra] Health check: ping (timeout=5.0s)...

[2026-05-18 18:46:58.184] [error] [comfyui-cadabra] Health check: ok

[2026-05-18 18:46:58.332] [error] [comfyui-cadabra] Health check: ping (timeout=5.0s)...

[2026-05-18 18:46:58.354] [error] [comfyui-cadabra] Health check: ok

[2026-05-18 18:46:58.507] [error] [comfyui-cadabra] Health check: ping (timeout=5.0s)...
[2026-05-18 18:46:58.509] [error] 

[2026-05-18 18:46:58.510] [error] [comfyui-cadabra] Health check: ok

[2026-05-18 18:48:05.264] [info]  FETCH ComfyRegistry Data [DONE]

[2026-05-18 18:48:11.479] [info]  [ComfyUI-Manager] default cache updated: https://api.comfy.org/nodes

[2026-05-18 18:48:12.197] [info]  FETCH DATA from: C:\Users\stduser\Documents\ComfyUI\user\__manager\cache\1514988643_custom-node-list.json
[2026-05-18 18:48:12.467] [info]   [DONE]
[2026-05-18 18:48:12.475] [info]  

[2026-05-18 18:48:14.301] [info]  [ComfyUI-Manager] All startup tasks have been completed.

[2026-05-18 18:48:23.797] [info]  PreviewMultibandImage: Batch=1, Channels=13, Names=['height', 'normal_x', 'normal_y', 'normal_z', 'position_x', 'position_y', 'position_z', 'face_id', 'curv_gauss', 'curv_mean', 'curv_min', 'curv_max', 'hit_mask']
[2026-05-18 18:48:23.813] [info]  

[2026-05-18 18:48:27.229] [info]  Prompt executed in 97.29 seconds

