[2026-05-12 15:43:16.143] [info]  setup plugin alembic.autogenerate.schemas
setup plugin alembic.autogenerate.tables

[2026-05-12 15:43:16.146] [info]  setup plugin alembic.autogenerate.types
setup plugin alembic.autogenerate.constraints
setup plugin alembic.autogenerate.defaults
setup plugin alembic.autogenerate.comments

[2026-05-12 15:43:16.582] [info]  Adding extra search path custom_nodes C:\Users\runneradmin\Documents\ComfyUI\custom_nodes
Adding extra search path download_model_base C:\Users\runneradmin\Documents\ComfyUI\models
Adding extra search path custom_nodes C:\Users\runneradmin\.comfy-test-cache\desktop\ComfyUI\resources\ComfyUI\custom_nodes

[2026-05-12 15:43:16.584] [info]  Setting output directory to: C:\Users\runneradmin\Documents\ComfyUI\output
Setting input directory to: C:\Users\runneradmin\Documents\ComfyUI\input
Setting user directory to: C:\Users\runneradmin\Documents\ComfyUI\user

[2026-05-12 15:43:18.065] [info]  [START] Security scan
[DONE] Security scan
** ComfyUI startup time: 2026-05-12 15:43:18.066
[2026-05-12 15:43:18.066] [info]  
** Platform: Windows
** Python version: 3.12.11 (main, Aug 18 2025, 19:17:54) [MSC v.1944 64 bit (AMD64)]
** Python executable: C:\Users\runneradmin\Documents\ComfyUI\.venv\Scripts\python.exe
** ComfyUI Path: C:\Users\runneradmin\.comfy-test-cache\desktop\ComfyUI\resources\ComfyUI
** ComfyUI Base Folder Path: C:\Users\runneradmin\.comfy-test-cache\desktop\ComfyUI\resources\ComfyUI

[2026-05-12 15:43:18.069] [info]  ** User directory:
[2026-05-12 15:43:18.070] [info]   C:\Users\runneradmin\Documents\ComfyUI\user
** ComfyUI-Manager config path: C:\Users\runneradmin\Documents\ComfyUI\user\__manager\config.ini
** Log path: C:\Users\runneradmin\Documents\ComfyUI\user\comfyui.log

[2026-05-12 15:43:19.183] [info]  [ComfyUI-Manager] Skipped fixing the 'comfyui-frontend-package' dependency because the ComfyUI is outdated.

[2026-05-12 15:43:19.185] [info]  [PRE] ComfyUI-Manager

[2026-05-12 15:43:19.504] [error] [comfy-env] comfyui-cadabra: 1 isolation env(s):
[2026-05-12 15:43:19.506] [error] 
[comfy-env]   nodes -> C:\Users\runneradmin\Documents\ComfyUI\custom_nodes\comfyui-cadabra\nodes
[comfy-env] prestartup complete

[2026-05-12 15:43:19.539] [error] [comfy-env] ComfyUI-GeometryPack: 1 isolation env(s):
[2026-05-12 15:43:19.540] [error] 
[comfy-env]   nodes -> C:\Users\runneradmin\Documents\ComfyUI\custom_nodes\ComfyUI-GeometryPack\nodes
[comfy-env] prestartup complete

[2026-05-12 15:43:22.351] [info]  Found comfy_kitchen backend triton: {'available': False, 'disabled': True, 'unavailable_reason': "ImportError: No module named 'triton'", 'capabilities': []}
Found comfy_kitchen backend eager: {'available': True, 'disabled': False, 'unavailable_reason': None, 'capabilities': ['apply_rope', 'apply_rope1', 'dequantize_mxfp8', 'dequantize_nvfp4', 'dequantize_per_tensor_fp8', 'quantize_mxfp8', 'quantize_nvfp4', 'quantize_per_tensor_fp8', 'scaled_mm_mxfp8', 'scaled_mm_nvfp4']}

[2026-05-12 15:43:22.353] [info]  Found comfy_kitchen backend cuda: {'available': False, 'disabled': True, 'unavailable_reason': 'CUDA not available on this system', 'capabilities': []}

[2026-05-12 15:43:22.359] [info]  Checkpoint files will always be loaded safely.

[2026-05-12 15:43:22.386] [info]  Total VRAM 16383 MB, total RAM 16383 MB

[2026-05-12 15:43:22.388] [info]  pytorch version: 2.10.0+cpu

[2026-05-12 15:43:22.391] [info]  Set vram state to: DISABLED

[2026-05-12 15:43:22.396] [info]  Device: cpu

[2026-05-12 15:43:22.674] [info]  Using sub quadratic optimization for attention, if you have memory or speed issues try using: --use-split-cross-attention

[2026-05-12 15:43:25.274] [info]  Python version: 3.12.11 (main, Aug 18 2025, 19:17:54) [MSC v.1944 64 bit (AMD64)]
ComfyUI version: 0.21.0

[2026-05-12 15:43:25.277] [info]  comfy-aimdo version: 0.3.0
comfy-kitchen version: 0.2.8

[2026-05-12 15:43:25.280] [info]  [Prompt Server] web root: C:\Users\runneradmin\.comfy-test-cache\desktop\ComfyUI\resources\ComfyUI\web_custom_versions\desktop_app

[2026-05-12 15:43:25.282] [info]  Asset seeder disabled

[2026-05-12 15:43:25.283] [info]  [START] ComfyUI-Manager

[2026-05-12 15:43:25.408] [info]  [ComfyUI-Manager] Using GitPython backend

[2026-05-12 15:43:25.472] [info]  [ComfyUI-Manager] network_mode: public

[2026-05-12 15:43:25.477] [info]  [ComfyUI-Manager] The matrix sharing feature has been disabled because the `matrix-nio` dependency is not installed.
	To use this feature, please run the following command:
	C:\Users\runneradmin\Documents\ComfyUI\.venv\Scripts\python.exe -m pip install matrix-nio


[2026-05-12 15:43:27.204] [error] [comfy-env] Version: 0.3.84
[2026-05-12 15:43:27.206] [error] 

[2026-05-12 15:43:29.954] [error] [comfy-env] register_nodes: comfyui-cadabra
[2026-05-12 15:43:29.957] [error] 
[comfy-env] ComfyUI source dir: C:\Users\runneradmin\.comfy-test-cache\desktop\ComfyUI\resources\ComfyUI
[2026-05-12 15:43:29.958] [error] 

[2026-05-12 15:43:29.960] [error] [comfy-env] Scanning nodes metadata (isolation root)...
[2026-05-12 15:43:29.962] [error] 

[2026-05-12 15:43:29.965] [error] [comfy-env] Cache hit for nodes: 39 nodes
[2026-05-12 15:43:29.967] [error] 
[comfy-env] Scanned nodes root: 39 nodes (0.0s)

[2026-05-12 15:43:29.968] [error] [comfy-env] Imported nodes root: 39 nodes (isolation)
[2026-05-12 15:43:29.969] [error] 

[2026-05-12 15:43:29.970] [error] [comfy-env] Registered 39 total nodes

[2026-05-12 15:43:29.974] [info]  loading...

[2026-05-12 15:43:29.975] [info]  calling register_nodes

[2026-05-12 15:43:29.977] [error] [comfy-env] Version: 0.3.84
[2026-05-12 15:43:29.979] [error] 

[2026-05-12 15:43:30.028] [error] [comfy-env] register_nodes: ComfyUI-GeometryPack
[2026-05-12 15:43:30.030] [error] 

[2026-05-12 15:43:30.044] [error] [comfy-env] ComfyUI source dir: C:\Users\runneradmin\.comfy-test-cache\desktop\ComfyUI\resources\ComfyUI
[2026-05-12 15:43:30.045] [error] 

[2026-05-12 15:43:30.048] [error] [comfy-env] Scanning nodes metadata (isolation root)...
[2026-05-12 15:43:30.049] [error] 

[2026-05-12 15:43:30.085] [error] [comfy-env] Cache hit for nodes: 125 nodes
[2026-05-12 15:43:30.087] [error] 
[comfy-env] Scanned nodes root: 125 nodes (0.0s)
[2026-05-12 15:43:30.089] [error] 

[2026-05-12 15:43:30.093] [error] [comfy-env] Imported nodes root: 125 nodes (isolation)
[2026-05-12 15:43:30.095] [error] 

[2026-05-12 15:43:30.096] [error] [comfy-env] Registered 125 total nodes

[2026-05-12 15:43:30.319] [info]  ComfyUI-Multiband loaded: 15 nodes registered

[2026-05-12 15:43:30.322] [info]  
Import times for custom nodes:

[2026-05-12 15:43:30.323] [info]     0.0 seconds: C:\Users\runneradmin\.comfy-test-cache\desktop\ComfyUI\resources\ComfyUI\custom_nodes\websocket_image_save.py
   0.1 seconds: C:\Users\runneradmin\Documents\ComfyUI\custom_nodes\ComfyUI-GeometryPack
   0.2 seconds: C:\Users\runneradmin\Documents\ComfyUI\custom_nodes\ComfyUI-Multiband
   2.8 seconds: C:\Users\runneradmin\Documents\ComfyUI\custom_nodes\comfyui-cadabra


[2026-05-12 15:43:30.327] [info]  Context impl SQLiteImpl.

[2026-05-12 15:43:30.328] [info]  Will assume non-transactional DDL.

[2026-05-12 15:43:30.335] [error] Failed to initialize database. Please ensure you have installed the latest requirements. If the error persists, please report this as in future the database will be required: Could not acquire lock on database 'C:/Users/runneradmin/Documents/ComfyUI/user/comfyui.db'. Another ComfyUI process may already be using it. Use --database-url to specify a separate database file.

[2026-05-12 15:43:30.422] [info]  Starting server


[2026-05-12 15:43:30.423] [info]  To see the GUI go to: http://127.0.0.1:8001

[2026-05-12 15:43:32.119] [info]  [ComfyUI-Manager] The ComfyRegistry cache update is still in progress, so an outdated cache is being used.

[2026-05-12 15:43:32.224] [info]  FETCH DATA from: C:\Users\runneradmin\Documents\ComfyUI\.venv\Lib\site-packages\comfyui_manager\custom-node-list.json
[2026-05-12 15:43:32.250] [info]   [DONE]

[2026-05-12 15:43:36.060] [info]  [ComfyUI-Manager] The ComfyRegistry cache update is still in progress, so an outdated cache is being used.

[2026-05-12 15:43:36.177] [info]  FETCH DATA from: C:\Users\runneradmin\Documents\ComfyUI\.venv\Lib\site-packages\comfyui_manager\custom-node-list.json
[2026-05-12 15:43:36.203] [info]   [DONE]

[2026-05-12 15:43:59.926] [info]  got prompt

[2026-05-12 15:43:59.938] [info]  [comfyui-cadabra] python: C:\ce\.pixi\envs\cadabra-nodes\python.exe
[2026-05-12 15:43:59.939] [info]  

[2026-05-12 15:43:59.941] [info]  [comfyui-cadabra] sys_path sent to worker: ['C:\\Users\\runneradmin\\.comfy-test-cache\\desktop\\ComfyUI\\resources\\ComfyUI', 'C:\\Users\\runneradmin\\Documents\\ComfyUI\\custom_nodes\\comfyui-cadabra', 'C:\\ce\\.pixi\\envs\\cadabra-nodes\\Lib\\site-packages', 'C:\\Users\\runneradmin\\Documents\\ComfyUI\\custom_nodes\\comfyui-cadabra']

[2026-05-12 15:44:03.202] [error] [worker:comfyui-cadabra] ERROR: Failed to import comfy_kitchen, Error: No module named 'comfy_kitchen', fp8 and fp4 support will not be available.

[2026-05-12 15:44:07.423] [error] [15:44:07] [CADabra] Starting: STEP ReadFile(file=spiral_wind_turbine.stp)

[2026-05-12 15:44:07.425] [error] [worker:comfyui-cadabra] INFO: Starting: STEP ReadFile(file=spiral_wind_turbine.stp)

[2026-05-12 15:44:07.560] [error] [15:44:07] [CADabra] Completed: STEP ReadFile(file=spiral_wind_turbine.stp) in 0.14s

[2026-05-12 15:44:07.562] [error] [worker:comfyui-cadabra] INFO: Completed: STEP ReadFile(file=spiral_wind_turbine.stp) in 0.14s

[2026-05-12 15:44:07.569] [error] [15:44:07] [CADabra] Starting: STEP TransferRoots(file=spiral_wind_turbine.stp)

[2026-05-12 15:44:07.571] [error] [worker:comfyui-cadabra] INFO: Starting: STEP TransferRoots(file=spiral_wind_turbine.stp)

[2026-05-12 15:44:07.830] [error] [15:44:07] [CADabra] Completed: STEP TransferRoots(file=spiral_wind_turbine.stp) in 0.26s

[2026-05-12 15:44:07.832] [error] [worker:comfyui-cadabra] INFO: Completed: STEP TransferRoots(file=spiral_wind_turbine.stp) in 0.26s

[2026-05-12 15:44:07.962] [error] [comfyui-cadabra] Health check: ping (timeout=5.0s)...
[2026-05-12 15:44:07.964] [error] 

[2026-05-12 15:44:07.987] [error] [comfyui-cadabra] Health check: ok

[2026-05-12 15:44:08.217] [error] [15:44:08] [CADabra] Starting: BRepMesh(linear_deflection=0.1, angular_deflection=0.5)
[worker:comfyui-cadabra] INFO: Starting: BRepMesh(linear_deflection=0.1, angular_deflection=0.5)

[2026-05-12 15:44:08.309] [error] [15:44:08] [CADabra] Completed: BRepMesh(linear_deflection=0.1, angular_deflection=0.5) in 0.10s

[2026-05-12 15:44:08.310] [error] [worker:comfyui-cadabra] INFO: Completed: BRepMesh(linear_deflection=0.1, angular_deflection=0.5) in 0.10s

[2026-05-12 15:44:08.478] [error] [comfyui-cadabra] Health check: ping (timeout=5.0s)...
[2026-05-12 15:44:08.480] [error] 

[2026-05-12 15:44:08.501] [error] [comfyui-cadabra] Health check: ok

[2026-05-12 15:44:09.107] [error] [comfyui-cadabra] Health check: ping (timeout=5.0s)...
[comfyui-cadabra] Health check: ok

[2026-05-12 15:44:09.614] [error] [comfyui-cadabra] Health check: ping (timeout=5.0s)...
[2026-05-12 15:44:09.616] [error] 

[2026-05-12 15:44:09.623] [error] [comfyui-cadabra] Health check: ok

[2026-05-12 15:44:21.812] [error] [comfyui-cadabra] Health check: ping (timeout=5.0s)...
[2026-05-12 15:44:21.814] [error] 

[2026-05-12 15:44:21.832] [error] [comfyui-cadabra] Health check: ok

[2026-05-12 15:44:22.214] [error] [15:44:22] [CADabra] Starting: BRepMesh(linear_deflection=0.1, angular_deflection=0.5)

[2026-05-12 15:44:22.216] [error] [worker:comfyui-cadabra] INFO: Starting: BRepMesh(linear_deflection=0.1, angular_deflection=0.5)

[2026-05-12 15:44:22.380] [error] [15:44:22] [CADabra] Completed: BRepMesh(linear_deflection=0.1, angular_deflection=0.5) in 0.17s

[2026-05-12 15:44:22.399] [error] [worker:comfyui-cadabra] INFO: Completed: BRepMesh(linear_deflection=0.1, angular_deflection=0.5) in 0.17s

[2026-05-12 15:44:22.770] [info]  Prompt executed in 22.84 seconds

