[2026-05-10 22:31:28.420] [info]  setup plugin alembic.autogenerate.schemas
setup plugin alembic.autogenerate.tables

[2026-05-10 22:31:28.422] [info]  setup plugin alembic.autogenerate.types
setup plugin alembic.autogenerate.constraints
setup plugin alembic.autogenerate.defaults
setup plugin alembic.autogenerate.comments

[2026-05-10 22:31:28.961] [info]  Adding extra search path custom_nodes C:\Users\runneradmin\Documents\ComfyUI\custom_nodes
Adding extra search path download_model_base C:\Users\runneradmin\Documents\ComfyUI\models

[2026-05-10 22:31:28.963] [info]  Adding extra search path custom_nodes C:\Users\runneradmin\.comfy-test-cache\desktop\ComfyUI\resources\ComfyUI\custom_nodes
Setting output directory to: C:\Users\runneradmin\Documents\ComfyUI\output
Setting input directory to: C:\Users\runneradmin\Documents\ComfyUI\input
Setting user directory to: C:\Users\runneradmin\Documents\ComfyUI\user

[2026-05-10 22:31:30.722] [info]  [START] Security scan
[DONE] Security scan
** ComfyUI startup time: 2026-05-10 22:31:30.720
** Platform: Windows
** Python version: 3.12.11 (main, Aug 18 2025, 19:17:54) [MSC v.1944 64 bit (AMD64)]
** Python executable: 
[2026-05-10 22:31:30.724] [info]  C:\Users\runneradmin\Documents\ComfyUI\.venv\Scripts\python.exe
** ComfyUI Path: C:\Users\runneradmin\.comfy-test-cache\desktop\ComfyUI\resources\ComfyUI
** ComfyUI Base Folder Path: C:\Users\runneradmin\.comfy-test-cache\desktop\ComfyUI\resources\ComfyUI

[2026-05-10 22:31:30.725] [info]  ** User directory: C:\Users\runneradmin\Documents\ComfyUI\user
** ComfyUI-Manager config path:
[2026-05-10 22:31:30.726] [info]   C:\Users\runneradmin\Documents\ComfyUI\user\__manager\config.ini
** Log path: C:\Users\runneradmin\Documents\ComfyUI\user\comfyui.log

[2026-05-10 22:31:32.007] [info]  [ComfyUI-Manager] Skipped fixing the 'comfyui-frontend-package' dependency because the ComfyUI is outdated.

[2026-05-10 22:31:32.009] [info]  [PRE] ComfyUI-Manager

[2026-05-10 22:31:32.436] [error] [comfy-env] comfyui-cadabra: 1 isolation env(s):
[2026-05-10 22:31:32.441] [error] 
[comfy-env]   nodes -> C:\Users\runneradmin\Documents\ComfyUI\custom_nodes\comfyui-cadabra\nodes

[2026-05-10 22:31:32.443] [error] [comfy-env] prestartup complete

[2026-05-10 22:31:32.490] [error] [comfy-env] ComfyUI-GeometryPack: 1 isolation env(s):
[2026-05-10 22:31:32.491] [error] 
[comfy-env]   nodes -> C:\Users\runneradmin\Documents\ComfyUI\custom_nodes\ComfyUI-GeometryPack\nodes
[comfy-env] prestartup complete

[2026-05-10 22:31:35.940] [info]  Found comfy_kitchen backend cuda: {'available': False, 'disabled': True, 'unavailable_reason': 'CUDA not available on this system', 'capabilities': []}

[2026-05-10 22:31:35.941] [info]  Found comfy_kitchen backend triton: {'available': False, 'disabled': True, 'unavailable_reason': "ImportError: No module named 'triton'", 'capabilities': []}
Found comfy_kitchen backend eager: {'available': True, 'disabled': False, 'unavailable_reason': None, 'capabilities': ['apply_rope', 'apply_rope1', 'dequantize_mxfp8', 'dequantize_nvfp4', 'dequantize_per_tensor_fp8', 'quantize_mxfp8', 'quantize_nvfp4', 'quantize_per_tensor_fp8', 'scaled_mm_mxfp8', 'scaled_mm_nvfp4']}

[2026-05-10 22:31:35.949] [info]  Checkpoint files will always be loaded safely.

[2026-05-10 22:31:35.993] [info]  Total VRAM 16379 MB, total RAM 16379 MB

[2026-05-10 22:31:35.995] [info]  pytorch version: 2.10.0+cpu
Set vram state to: DISABLED
Device: cpu

[2026-05-10 22:31:36.333] [info]  Using sub quadratic optimization for attention, if you have memory or speed issues try using: --use-split-cross-attention

[2026-05-10 22:31:39.391] [info]  Python version: 3.12.11 (main, Aug 18 2025, 19:17:54) [MSC v.1944 64 bit (AMD64)]

[2026-05-10 22:31:39.393] [info]  ComfyUI version: 0.20.1
comfy-aimdo version: 0.2.14

[2026-05-10 22:31:39.394] [info]  comfy-kitchen version: 0.2.8

[2026-05-10 22:31:39.396] [info]  [Prompt Server] web root: C:\Users\runneradmin\.comfy-test-cache\desktop\ComfyUI\resources\ComfyUI\web_custom_versions\desktop_app

[2026-05-10 22:31:39.398] [info]  Asset seeder disabled

[2026-05-10 22:31:39.400] [info]  [START] ComfyUI-Manager

[2026-05-10 22:31:39.554] [info]  [ComfyUI-Manager] Using GitPython backend

[2026-05-10 22:31:39.641] [info]  [ComfyUI-Manager] network_mode: public

[2026-05-10 22:31:39.647] [info]  [ComfyUI-Manager] The matrix sharing feature has been disabled because the `matrix-nio` dependency is not installed.
	To use this feature, please run the following command:
	C:\Users\runneradmin\Documents\ComfyUI\.venv\Scripts\python.exe -m pip install matrix-nio


[2026-05-10 22:31:41.662] [error] [comfy-env] Version: 0.3.82
[2026-05-10 22:31:41.665] [error] 

[2026-05-10 22:31:44.192] [info]  [comfy-env] Removed stale temp dir: C:\Users\RUNNER~1\AppData\Local\Temp\comfyui_pvenv_kk821z84

[2026-05-10 22:31:45.643] [error] [comfy-env] register_nodes: comfyui-cadabra
[2026-05-10 22:31:45.645] [error] 

[2026-05-10 22:31:45.647] [error] [comfy-env] ComfyUI source dir: C:\Users\runneradmin\.comfy-test-cache\desktop\ComfyUI\resources\ComfyUI
[2026-05-10 22:31:45.648] [error] 

[2026-05-10 22:31:45.651] [error] [comfy-env] Scanning nodes metadata (isolation root)...
[2026-05-10 22:31:45.652] [error] 

[2026-05-10 22:31:45.657] [error] [comfy-env] Cache hit for nodes: 39 nodes
[2026-05-10 22:31:45.658] [error] 
[comfy-env] Scanned nodes root: 39 nodes (0.0s)
[2026-05-10 22:31:45.672] [error] 

[2026-05-10 22:31:45.737] [error] [comfy-env] Imported nodes root: 39 nodes (isolation)
[comfy-env] Registered 39 total nodes
[comfy-env] Version: 0.3.82

[2026-05-10 22:31:45.738] [info]  loading...
calling register_nodes

[2026-05-10 22:31:45.763] [error] [comfy-env] register_nodes: ComfyUI-GeometryPack
[2026-05-10 22:31:45.765] [error] 

[2026-05-10 22:31:45.793] [error] [comfy-env] ComfyUI source dir: C:\Users\runneradmin\.comfy-test-cache\desktop\ComfyUI\resources\ComfyUI
[2026-05-10 22:31:45.794] [error] 

[2026-05-10 22:31:45.802] [error] [comfy-env] Scanning nodes metadata (isolation root)...
[2026-05-10 22:31:45.823] [error] 

[2026-05-10 22:31:45.865] [error] [comfy-env] Cache hit for nodes: 125 nodes
[2026-05-10 22:31:45.867] [error] 
[comfy-env] Scanned nodes root: 125 nodes (0.1s)

[2026-05-10 22:31:45.870] [error] [comfy-env] Imported nodes root: 125 nodes (isolation)
[2026-05-10 22:31:45.871] [error] 
[comfy-env] Registered 125 total nodes
[2026-05-10 22:31:45.872] [error] 

[2026-05-10 22:31:45.903] [info]  ComfyUI-Multiband loaded: 15 nodes registered

[2026-05-10 22:31:45.906] [info]  
Import times for custom nodes:

[2026-05-10 22:31:45.909] [info]     0.0 seconds: C:\Users\runneradmin\.comfy-test-cache\desktop\ComfyUI\resources\ComfyUI\custom_nodes\websocket_image_save.py
   0.0 seconds: C:\Users\runneradmin\Documents\ComfyUI\custom_nodes\ComfyUI-Multiband
   0.2 seconds: C:\Users\runneradmin\Documents\ComfyUI\custom_nodes\ComfyUI-GeometryPack
   4.1 seconds: C:\Users\runneradmin\Documents\ComfyUI\custom_nodes\comfyui-cadabra


[2026-05-10 22:31:45.917] [info]  Context impl SQLiteImpl.

[2026-05-10 22:31:45.918] [info]  Will assume non-transactional DDL.

[2026-05-10 22:31:45.927] [error] Failed to initialize database. Please ensure you have installed the latest requirements. If the error persists, please report this as in future the database will be required: Could not acquire lock on database 'C:/Users/runneradmin/Documents/ComfyUI/user/comfyui.db'. Another ComfyUI process may already be using it. Use --database-url to specify a separate database file.

[2026-05-10 22:31:46.030] [info]  Starting server


[2026-05-10 22:31:46.031] [info]  To see the GUI go to: http://127.0.0.1:8001

[2026-05-10 22:31:48.610] [info]  [ComfyUI-Manager] The ComfyRegistry cache update is still in progress, so an outdated cache is being used.

[2026-05-10 22:31:48.755] [info]  FETCH DATA from: C:\Users\runneradmin\Documents\ComfyUI\.venv\Lib\site-packages\comfyui_manager\custom-node-list.json
[2026-05-10 22:31:48.783] [info]   [DONE]
[2026-05-10 22:31:48.784] [info]  

[2026-05-10 22:31:53.576] [info]  [ComfyUI-Manager] The ComfyRegistry cache update is still in progress, so an outdated cache is being used.

[2026-05-10 22:31:53.774] [info]  FETCH DATA from: C:\Users\runneradmin\Documents\ComfyUI\.venv\Lib\site-packages\comfyui_manager\custom-node-list.json
[2026-05-10 22:31:53.801] [info]   [DONE]

[2026-05-10 22:32:14.611] [info]  got prompt

[2026-05-10 22:32:14.635] [info]  [comfyui-cadabra] python: C:\ce\.pixi\envs\cadabra-nodes\python.exe
[2026-05-10 22:32:14.642] [info]  
[comfyui-cadabra] sys_path sent to worker: ['C:\\Users\\runneradmin\\.comfy-test-cache\\desktop\\ComfyUI\\resources\\ComfyUI', 'C:\\Users\\runneradmin\\Documents\\ComfyUI\\custom_nodes\\comfyui-cadabra', 'C:\\ce\\.pixi\\envs\\cadabra-nodes\\Lib\\site-packages', 'C:\\Users\\runneradmin\\Documents\\ComfyUI\\custom_nodes\\comfyui-cadabra']

[2026-05-10 22:32:17.700] [error] [worker:comfyui-cadabra] ERROR: Failed to import comfy_kitchen, Error: No module named 'comfy_kitchen', fp8 and fp4 support will not be available.

[2026-05-10 22:32:21.273] [error] [comfyui-cadabra] Health check: ping (timeout=5.0s)...
[2026-05-10 22:32:21.275] [error] 

[2026-05-10 22:32:21.277] [error] [comfyui-cadabra] Health check: ok

[2026-05-10 22:32:21.425] [error] [22:32:21] [CADabra] Starting: BRepMesh(linear_deflection=0.1, angular_deflection=0.5)
[worker:comfyui-cadabra] INFO: Starting: BRepMesh(linear_deflection=0.1, angular_deflection=0.5)

[2026-05-10 22:32:21.492] [error] [22:32:21] [CADabra] Completed: BRepMesh(linear_deflection=0.1, angular_deflection=0.5) in 0.10s

[2026-05-10 22:32:21.493] [error] [worker:comfyui-cadabra] INFO: Completed: BRepMesh(linear_deflection=0.1, angular_deflection=0.5) in 0.10s

[2026-05-10 22:32:21.613] [error] [comfyui-cadabra] Health check: ping (timeout=5.0s)...
[2026-05-10 22:32:21.615] [error] 

[2026-05-10 22:32:21.620] [error] [comfyui-cadabra] Health check: ok

[2026-05-10 22:32:21.694] [error] [22:32:21] [CADabra] Starting: BRepMesh(linear_deflection=0.1, angular_deflection=0.5, relative=False, parallel=False, min_size=0.0)

[2026-05-10 22:32:21.696] [error] [worker:comfyui-cadabra] INFO: Starting: BRepMesh(linear_deflection=0.1, angular_deflection=0.5, relative=False, parallel=False, min_size=0.0)

[2026-05-10 22:32:21.809] [error] [22:32:21] [CADabra] Completed: BRepMesh(linear_deflection=0.1, angular_deflection=0.5, relative=False, parallel=False, min_size=0.0) in 0.11s

[2026-05-10 22:32:21.813] [error] [worker:comfyui-cadabra] INFO: Completed: BRepMesh(linear_deflection=0.1, angular_deflection=0.5, relative=False, parallel=False, min_size=0.0) in 0.11s

[2026-05-10 22:32:33.791] [info]  [ComfyUI-GeometryPack] python: C:\ce\.pixi\envs\geometrypack-nodes\python.exe

[2026-05-10 22:32:33.792] [info]  [ComfyUI-GeometryPack] sys_path sent to worker: ['C:\\Users\\runneradmin\\.comfy-test-cache\\desktop\\ComfyUI\\resources\\ComfyUI', 'C:\\Users\\runneradmin\\Documents\\ComfyUI\\custom_nodes\\ComfyUI-GeometryPack', 'C:\\ce\\.pixi\\envs\\geometrypack-nodes\\Lib\\site-packages', 'C:\\Users\\runneradmin\\Documents\\ComfyUI\\custom_nodes\\ComfyUI-GeometryPack']

[2026-05-10 22:32:51.746] [error] [worker:ComfyUI-GeometryPack] ERROR: Failed to import comfy_kitchen, Error: No module named 'comfy_kitchen', fp8 and fp4 support will not be available.

[2026-05-10 22:33:05.133] [error] [worker:ComfyUI-GeometryPack] INFO: Layout: side_by_side, Mode: fields

[2026-05-10 22:33:05.163] [error] [worker:ComfyUI-GeometryPack] INFO: Mesh 1: Mesh - 2754 vertices, 5508 faces

[2026-05-10 22:33:05.185] [error] [worker:ComfyUI-GeometryPack] INFO: Mesh 2: Mesh - 2754 vertices, 5508 faces

[2026-05-10 22:33:05.207] [error] [worker:ComfyUI-GeometryPack] INFO: Mesh 1 fields: ['face.cad_face_id']

[2026-05-10 22:33:05.248] [error] [worker:ComfyUI-GeometryPack] INFO: Mesh 2 fields: ['face.cad_face_id']

[2026-05-10 22:33:05.269] [error] [worker:ComfyUI-GeometryPack] INFO: Common fields: ['face.cad_face_id']

[2026-05-10 22:33:05.290] [error] [worker:ComfyUI-GeometryPack] INFO: Mesh 1 visual: kind=None, texture=False, vertex_colors=False

[2026-05-10 22:33:05.312] [error] [worker:ComfyUI-GeometryPack] INFO: Mesh 2 visual: kind=None, texture=False, vertex_colors=False

[2026-05-10 22:33:05.352] [error] [worker:ComfyUI-GeometryPack] INFO: Exporting mesh to VTP: C:\Users\runneradmin\Documents\ComfyUI\output\preview_dual_1_7ca528ca.vtp

[2026-05-10 22:33:05.462] [error] [worker:ComfyUI-GeometryPack] INFO: Adding normals field (2754 vertices)

[2026-05-10 22:33:05.522] [error] [worker:ComfyUI-GeometryPack] INFO: Adding face field: cad_face_id

[2026-05-10 22:33:05.628] [error] [worker:ComfyUI-GeometryPack] INFO: Export complete: 2754 vertices, 5508 faces

[2026-05-10 22:33:05.670] [error] [worker:ComfyUI-GeometryPack] INFO: Exported VTP with fields: C:\Users\runneradmin\Documents\ComfyUI\output\preview_dual_1_7ca528ca.vtp

[2026-05-10 22:33:05.680] [error] [worker:ComfyUI-GeometryPack] INFO: Exporting mesh to VTP: C:\Users\runneradmin\Documents\ComfyUI\output\preview_dual_2_7ca528ca.vtp
[2026-05-10 22:33:05.681] [error] 

[2026-05-10 22:33:05.849] [error] [worker:ComfyUI-GeometryPack] INFO: Adding normals field (2754 vertices)

[2026-05-10 22:33:05.895] [error] [worker:ComfyUI-GeometryPack] INFO: Adding face field: cad_face_id

[2026-05-10 22:33:06.153] [error] [worker:ComfyUI-GeometryPack] INFO: Export complete: 2754 vertices, 5508 faces

[2026-05-10 22:33:06.175] [error] [worker:ComfyUI-GeometryPack] INFO: Exported VTP with fields: C:\Users\runneradmin\Documents\ComfyUI\output\preview_dual_2_7ca528ca.vtp

[2026-05-10 22:33:06.265] [error] [worker:ComfyUI-GeometryPack] INFO: Preview ready

[2026-05-10 22:33:06.333] [info]  Prompt executed in 51.72 seconds

