[2026-05-10 22:28:53.698] [info]  setup plugin alembic.autogenerate.schemas
setup plugin alembic.autogenerate.tables

[2026-05-10 22:28:53.701] [info]  setup plugin alembic.autogenerate.types
setup plugin alembic.autogenerate.constraints
setup plugin alembic.autogenerate.defaults
setup plugin alembic.autogenerate.comments

[2026-05-10 22:28:54.197] [info]  Adding extra search path custom_nodes C:\Users\runneradmin\Documents\ComfyUI\custom_nodes
Adding extra search path download_model_base C:\Users\runneradmin\Documents\ComfyUI\models
Adding extra search path custom_nodes C:\Users\runneradmin\.comfy-test-cache\desktop\ComfyUI\resources\ComfyUI\custom_nodes

[2026-05-10 22:28:54.200] [info]  Setting output directory to: C:\Users\runneradmin\Documents\ComfyUI\output
Setting input directory to: C:\Users\runneradmin\Documents\ComfyUI\input
Setting user directory to: C:\Users\runneradmin\Documents\ComfyUI\user

[2026-05-10 22:28:55.736] [info]  [START] Security scan
[DONE] Security scan
** ComfyUI startup time: 2026-05-10 22:28:55.736
[2026-05-10 22:28:55.738] [info]  
** Platform: Windows
** Python version: 3.12.11 (main, Aug 18 2025, 19:17:54) [MSC v.1944 64 bit (AMD64)]
** Python executable: C:\Users\runneradmin\Documents\ComfyUI\.venv\Scripts\python.exe
** ComfyUI Path: C:\Users\runneradmin\.comfy-test-cache\desktop\ComfyUI\resources\ComfyUI
** ComfyUI Base Folder Path: C:\Users\runneradmin\.comfy-test-cache\desktop\ComfyUI\resources\ComfyUI

[2026-05-10 22:28:55.739] [info]  ** User directory: C:\Users\runneradmin\Documents\ComfyUI\user
** ComfyUI-Manager config path: C:\Users\runneradmin\Documents\ComfyUI\user\__manager\config.ini
** Log path: C:\Users\runneradmin\Documents\ComfyUI\user\comfyui.log

[2026-05-10 22:28:56.914] [info]  [ComfyUI-Manager] Skipped fixing the 'comfyui-frontend-package' dependency because the ComfyUI is outdated.

[2026-05-10 22:28:56.916] [info]  [PRE] ComfyUI-Manager

[2026-05-10 22:28:57.257] [error] [comfy-env] comfyui-cadabra: 1 isolation env(s):
[2026-05-10 22:28:57.259] [error] 
[comfy-env]   nodes -> C:\Users\runneradmin\Documents\ComfyUI\custom_nodes\comfyui-cadabra\nodes
[comfy-env] prestartup complete

[2026-05-10 22:28:57.293] [error] [comfy-env] ComfyUI-GeometryPack: 1 isolation env(s):
[2026-05-10 22:28:57.294] [error] 
[comfy-env]   nodes -> C:\Users\runneradmin\Documents\ComfyUI\custom_nodes\ComfyUI-GeometryPack\nodes
[comfy-env] prestartup complete

[2026-05-10 22:29:00.220] [info]  Found comfy_kitchen backend cuda: {'available': False, 'disabled': True, 'unavailable_reason': 'CUDA not available on this system', 'capabilities': []}

[2026-05-10 22:29:00.222] [info]  Found comfy_kitchen backend triton: {'available': False, 'disabled': True, 'unavailable_reason': "ImportError: No module named 'triton'", 'capabilities': []}
Found comfy_kitchen backend eager: {'available': True, 'disabled': False, 'unavailable_reason': None, 'capabilities': ['apply_rope', 'apply_rope1', 'dequantize_mxfp8', 'dequantize_nvfp4', 'dequantize_per_tensor_fp8', 'quantize_mxfp8', 'quantize_nvfp4', 'quantize_per_tensor_fp8', 'scaled_mm_mxfp8', 'scaled_mm_nvfp4']}

[2026-05-10 22:29:00.229] [info]  Checkpoint files will always be loaded safely.

[2026-05-10 22:29:00.250] [info]  Total VRAM 16379 MB, total RAM 16379 MB

[2026-05-10 22:29:00.275] [info]  pytorch version: 2.10.0+cpu

[2026-05-10 22:29:00.277] [info]  Set vram state to: DISABLED

[2026-05-10 22:29:00.279] [info]  Device: cpu

[2026-05-10 22:29:00.611] [info]  Using sub quadratic optimization for attention, if you have memory or speed issues try using: --use-split-cross-attention

[2026-05-10 22:29:03.353] [info]  Python version: 3.12.11 (main, Aug 18 2025, 19:17:54) [MSC v.1944 64 bit (AMD64)]

[2026-05-10 22:29:03.355] [info]  ComfyUI version: 0.20.1
comfy-aimdo version: 0.2.14

[2026-05-10 22:29:03.357] [info]  comfy-kitchen version: 0.2.8

[2026-05-10 22:29:03.360] [info]  [Prompt Server] web root: C:\Users\runneradmin\.comfy-test-cache\desktop\ComfyUI\resources\ComfyUI\web_custom_versions\desktop_app

[2026-05-10 22:29:03.361] [info]  Asset seeder disabled

[2026-05-10 22:29:03.362] [info]  [START] ComfyUI-Manager

[2026-05-10 22:29:03.520] [info]  [ComfyUI-Manager] Using GitPython backend

[2026-05-10 22:29:03.591] [info]  [ComfyUI-Manager] network_mode: public

[2026-05-10 22:29:03.598] [info]  [ComfyUI-Manager] The matrix sharing feature has been disabled because the `matrix-nio` dependency is not installed.
	To use this feature, please run the following command:
	C:\Users\runneradmin\Documents\ComfyUI\.venv\Scripts\python.exe -m pip install matrix-nio


[2026-05-10 22:29:05.582] [error] [comfy-env] Version: 0.3.82
[2026-05-10 22:29:05.584] [error] 

[2026-05-10 22:29:07.998] [info]  [comfy-env] Removed stale temp dir: C:\Users\RUNNER~1\AppData\Local\Temp\comfyui_pvenv_k28uuwl6

[2026-05-10 22:29:09.332] [error] [comfy-env] register_nodes: comfyui-cadabra
[2026-05-10 22:29:09.333] [error] 

[2026-05-10 22:29:09.335] [error] [comfy-env] ComfyUI source dir: C:\Users\runneradmin\.comfy-test-cache\desktop\ComfyUI\resources\ComfyUI
[2026-05-10 22:29:09.337] [error] 

[2026-05-10 22:29:09.339] [error] [comfy-env] Scanning nodes metadata (isolation root)...
[2026-05-10 22:29:09.340] [error] 

[2026-05-10 22:29:09.344] [error] [comfy-env] Cache hit for nodes: 39 nodes
[2026-05-10 22:29:09.346] [error] 
[comfy-env] Scanned nodes root: 39 nodes (0.0s)

[2026-05-10 22:29:09.347] [error] [comfy-env] Imported nodes root: 39 nodes (isolation)

[2026-05-10 22:29:09.348] [error] [comfy-env] Registered 39 total nodes

[2026-05-10 22:29:09.353] [info]  loading...

[2026-05-10 22:29:09.354] [info]  calling register_nodes

[2026-05-10 22:29:09.356] [error] [comfy-env] Version: 0.3.82
[2026-05-10 22:29:09.357] [error] 

[2026-05-10 22:29:09.388] [error] [comfy-env] register_nodes: ComfyUI-GeometryPack
[2026-05-10 22:29:09.389] [error] 

[2026-05-10 22:29:09.406] [error] [comfy-env] ComfyUI source dir: C:\Users\runneradmin\.comfy-test-cache\desktop\ComfyUI\resources\ComfyUI
[2026-05-10 22:29:09.407] [error] 

[2026-05-10 22:29:09.469] [error] [comfy-env] Scanning nodes metadata (isolation root)...

[2026-05-10 22:29:09.471] [error] [comfy-env] Cache hit for nodes: 125 nodes
[2026-05-10 22:29:09.472] [error] 
[comfy-env] Scanned nodes root: 125 nodes (0.1s)

[2026-05-10 22:29:09.477] [error] [comfy-env] Imported nodes root: 125 nodes (isolation)
[2026-05-10 22:29:09.478] [error] 

[2026-05-10 22:29:09.480] [error] [comfy-env] Registered 125 total nodes
[2026-05-10 22:29:09.481] [error] 

[2026-05-10 22:29:09.507] [info]  ComfyUI-Multiband loaded: 15 nodes registered

[2026-05-10 22:29:09.510] [info]  
Import times for custom nodes:

[2026-05-10 22:29:09.512] [info]     0.0 seconds: C:\Users\runneradmin\.comfy-test-cache\desktop\ComfyUI\resources\ComfyUI\custom_nodes\websocket_image_save.py
   0.0 seconds: C:\Users\runneradmin\Documents\ComfyUI\custom_nodes\ComfyUI-Multiband
   0.1 seconds: C:\Users\runneradmin\Documents\ComfyUI\custom_nodes\ComfyUI-GeometryPack
   3.8 seconds: C:\Users\runneradmin\Documents\ComfyUI\custom_nodes\comfyui-cadabra


[2026-05-10 22:29:09.516] [info]  Context impl SQLiteImpl.

[2026-05-10 22:29:09.517] [info]  Will assume non-transactional DDL.

[2026-05-10 22:29:09.526] [error] Failed to initialize database. Please ensure you have installed the latest requirements. If the error persists, please report this as in future the database will be required: Could not acquire lock on database 'C:/Users/runneradmin/Documents/ComfyUI/user/comfyui.db'. Another ComfyUI process may already be using it. Use --database-url to specify a separate database file.

[2026-05-10 22:29:09.799] [info]  Starting server


[2026-05-10 22:29:09.800] [info]  To see the GUI go to: http://127.0.0.1:8001

[2026-05-10 22:29:12.103] [info]  [ComfyUI-Manager] The ComfyRegistry cache update is still in progress, so an outdated cache is being used.

[2026-05-10 22:29:12.261] [info]  FETCH DATA from: C:\Users\runneradmin\Documents\ComfyUI\.venv\Lib\site-packages\comfyui_manager\custom-node-list.json
[2026-05-10 22:29:12.300] [info]   [DONE]
[2026-05-10 22:29:12.302] [info]  

[2026-05-10 22:29:15.372] [info]  [ComfyUI-Manager] The ComfyRegistry cache update is still in progress, so an outdated cache is being used.

[2026-05-10 22:29:15.496] [info]  FETCH DATA from: C:\Users\runneradmin\Documents\ComfyUI\.venv\Lib\site-packages\comfyui_manager\custom-node-list.json
[2026-05-10 22:29:15.519] [info]   [DONE]

[2026-05-10 22:29:35.881] [info]  got prompt

[2026-05-10 22:29:35.902] [info]  [comfyui-cadabra] python: C:\ce\.pixi\envs\cadabra-nodes\python.exe
[2026-05-10 22:29:35.904] [info]  

[2026-05-10 22:29:35.906] [info]  [comfyui-cadabra] sys_path sent to worker: ['C:\\Users\\runneradmin\\.comfy-test-cache\\desktop\\ComfyUI\\resources\\ComfyUI', 'C:\\Users\\runneradmin\\Documents\\ComfyUI\\custom_nodes\\comfyui-cadabra', 'C:\\ce\\.pixi\\envs\\cadabra-nodes\\Lib\\site-packages', 'C:\\Users\\runneradmin\\Documents\\ComfyUI\\custom_nodes\\comfyui-cadabra']
[2026-05-10 22:29:35.907] [info]  

[2026-05-10 22:29:38.832] [error] [worker:comfyui-cadabra] ERROR: Failed to import comfy_kitchen, Error: No module named 'comfy_kitchen', fp8 and fp4 support will not be available.

[2026-05-10 22:29:42.776] [error] [comfyui-cadabra] Health check: ping (timeout=5.0s)...
[comfyui-cadabra] Health check: ok

[2026-05-10 22:29:42.919] [error] [22:29:42] [CADabra] Starting: BRepMesh(linear_deflection=0.1, angular_deflection=0.5)

[2026-05-10 22:29:42.921] [error] [worker:comfyui-cadabra] INFO: Starting: BRepMesh(linear_deflection=0.1, angular_deflection=0.5)

[2026-05-10 22:29:46.851] [error] [22:29:46] [CADabra] Completed: BRepMesh(linear_deflection=0.1, angular_deflection=0.5) in 3.93s

[2026-05-10 22:29:46.852] [error] [worker:comfyui-cadabra] INFO: Completed: BRepMesh(linear_deflection=0.1, angular_deflection=0.5) in 3.93s

[2026-05-10 22:29:52.193] [error] [comfyui-cadabra] Health check: ping (timeout=5.0s)...
[2026-05-10 22:29:52.194] [error] 

[2026-05-10 22:29:52.204] [error] [comfyui-cadabra] Health check: ok

[2026-05-10 22:29:52.848] [error] Error   : Gmsh has not been initialized
Error   : Gmsh has not been initialized

[2026-05-10 22:29:53.634] [info]  Prompt executed in 17.75 seconds

