[2026-05-10 22:27:30.570] [info]  setup plugin alembic.autogenerate.schemas

[2026-05-10 22:27:30.573] [info]  setup plugin alembic.autogenerate.tables
setup plugin alembic.autogenerate.types
setup plugin alembic.autogenerate.constraints
setup plugin alembic.autogenerate.defaults
setup plugin alembic.autogenerate.comments

[2026-05-10 22:27:30.981] [info]  Adding extra search path custom_nodes C:\Users\runneradmin\Documents\ComfyUI\custom_nodes
Adding extra search path download_model_base C:\Users\runneradmin\Documents\ComfyUI\models
Adding extra search path custom_nodes C:\Users\runneradmin\.comfy-test-cache\desktop\ComfyUI\resources\ComfyUI\custom_nodes

[2026-05-10 22:27:30.983] [info]  Setting output directory to: C:\Users\runneradmin\Documents\ComfyUI\output
Setting input directory to: C:\Users\runneradmin\Documents\ComfyUI\input
Setting user directory to: C:\Users\runneradmin\Documents\ComfyUI\user

[2026-05-10 22:27:32.428] [info]  [START] Security scan
[DONE] Security scan
** ComfyUI startup time: 2026-05-10 22:27:32.428

[2026-05-10 22:27:32.429] [info]  ** Platform: Windows
** Python version: 3.12.11 (main, Aug 18 2025, 19:17:54) [MSC v.1944 64 bit (AMD64)]
** Python executable: C:\Users\runneradmin\Documents\ComfyUI\.venv\Scripts\python.exe
** ComfyUI Path: C:\Users\runneradmin\.comfy-test-cache\desktop\ComfyUI\resources\ComfyUI
** ComfyUI Base Folder Path: C:\Users\runneradmin\.comfy-test-cache\desktop\ComfyUI\resources\ComfyUI

[2026-05-10 22:27:32.431] [info]  ** User directory:
[2026-05-10 22:27:32.432] [info]   C:\Users\runneradmin\Documents\ComfyUI\user
** ComfyUI-Manager config path: C:\Users\runneradmin\Documents\ComfyUI\user\__manager\config.ini
** Log path: C:\Users\runneradmin\Documents\ComfyUI\user\comfyui.log

[2026-05-10 22:27:33.525] [info]  [ComfyUI-Manager] Skipped fixing the 'comfyui-frontend-package' dependency because the ComfyUI is outdated.

[2026-05-10 22:27:33.527] [info]  [PRE] ComfyUI-Manager

[2026-05-10 22:27:33.828] [error] [comfy-env] comfyui-cadabra: 1 isolation env(s):
[2026-05-10 22:27:33.829] [error] 
[comfy-env]   nodes -> C:\Users\runneradmin\Documents\ComfyUI\custom_nodes\comfyui-cadabra\nodes
[comfy-env] prestartup complete

[2026-05-10 22:27:33.868] [error] [comfy-env] ComfyUI-GeometryPack: 1 isolation env(s):
[2026-05-10 22:27:33.869] [error] 
[comfy-env]   nodes -> C:\Users\runneradmin\Documents\ComfyUI\custom_nodes\ComfyUI-GeometryPack\nodes
[comfy-env] prestartup complete

[2026-05-10 22:27:36.603] [info]  Found comfy_kitchen backend eager: {'available': True, 'disabled': False, 'unavailable_reason': None, 'capabilities': ['apply_rope', 'apply_rope1', 'dequantize_mxfp8', 'dequantize_nvfp4', 'dequantize_per_tensor_fp8', 'quantize_mxfp8', 'quantize_nvfp4', 'quantize_per_tensor_fp8', 'scaled_mm_mxfp8', 'scaled_mm_nvfp4']}

[2026-05-10 22:27:36.605] [info]  Found comfy_kitchen backend triton: {'available': False, 'disabled': True, 'unavailable_reason': "ImportError: No module named 'triton'", 'capabilities': []}
Found comfy_kitchen backend cuda: {'available': False, 'disabled': True, 'unavailable_reason': 'CUDA not available on this system', 'capabilities': []}

[2026-05-10 22:27:36.613] [info]  Checkpoint files will always be loaded safely.

[2026-05-10 22:27:36.643] [info]  Total VRAM 16379 MB, total RAM 16379 MB

[2026-05-10 22:27:36.645] [info]  pytorch version: 2.10.0+cpu

[2026-05-10 22:27:36.649] [info]  Set vram state to: DISABLED

[2026-05-10 22:27:36.651] [info]  Device: cpu

[2026-05-10 22:27:36.936] [info]  Using sub quadratic optimization for attention, if you have memory or speed issues try using: --use-split-cross-attention

[2026-05-10 22:27:39.370] [info]  Python version: 3.12.11 (main, Aug 18 2025, 19:17:54) [MSC v.1944 64 bit (AMD64)]

[2026-05-10 22:27:39.372] [info]  ComfyUI version: 0.20.1
comfy-aimdo version: 0.2.14

[2026-05-10 22:27:39.373] [info]  comfy-kitchen version: 0.2.8

[2026-05-10 22:27:39.376] [info]  [Prompt Server] web root: C:\Users\runneradmin\.comfy-test-cache\desktop\ComfyUI\resources\ComfyUI\web_custom_versions\desktop_app

[2026-05-10 22:27:39.378] [info]  Asset seeder disabled

[2026-05-10 22:27:39.379] [info]  [START] ComfyUI-Manager

[2026-05-10 22:27:39.500] [info]  [ComfyUI-Manager] Using GitPython backend

[2026-05-10 22:27:39.562] [info]  [ComfyUI-Manager] network_mode: public

[2026-05-10 22:27:39.568] [info]  [ComfyUI-Manager] The matrix sharing feature has been disabled because the `matrix-nio` dependency is not installed.
	To use this feature, please run the following command:
	C:\Users\runneradmin\Documents\ComfyUI\.venv\Scripts\python.exe -m pip install matrix-nio


[2026-05-10 22:27:41.188] [error] [comfy-env] Version: 0.3.82

[2026-05-10 22:27:43.894] [error] [comfy-env] register_nodes: comfyui-cadabra
[2026-05-10 22:27:43.898] [error] 
[comfy-env] ComfyUI source dir: C:\Users\runneradmin\.comfy-test-cache\desktop\ComfyUI\resources\ComfyUI

[2026-05-10 22:27:43.901] [error] [comfy-env] Scanning nodes metadata (isolation root)...
[2026-05-10 22:27:43.902] [error] 

[2026-05-10 22:27:43.907] [error] [comfy-env] Cache hit for nodes: 39 nodes
[2026-05-10 22:27:43.909] [error] 
[comfy-env] Scanned nodes root: 39 nodes (0.0s)
[2026-05-10 22:27:43.910] [error] 

[2026-05-10 22:27:43.911] [error] [comfy-env] Imported nodes root: 39 nodes (isolation)
[2026-05-10 22:27:43.913] [error] 

[2026-05-10 22:27:43.914] [error] [comfy-env] Registered 39 total nodes
[2026-05-10 22:27:43.915] [error] 

[2026-05-10 22:27:43.919] [info]  loading...

[2026-05-10 22:27:43.920] [info]  calling register_nodes

[2026-05-10 22:27:43.921] [error] [comfy-env] Version: 0.3.82
[2026-05-10 22:27:43.922] [error] 

[2026-05-10 22:27:43.949] [error] [comfy-env] register_nodes: ComfyUI-GeometryPack
[2026-05-10 22:27:43.951] [error] 

[2026-05-10 22:27:43.978] [error] [comfy-env] ComfyUI source dir: C:\Users\runneradmin\.comfy-test-cache\desktop\ComfyUI\resources\ComfyUI
[2026-05-10 22:27:43.980] [error] 

[2026-05-10 22:27:43.986] [error] [comfy-env] Scanning nodes metadata (isolation root)...
[2026-05-10 22:27:43.987] [error] 

[2026-05-10 22:27:44.021] [error] [comfy-env] Cache hit for nodes: 125 nodes
[2026-05-10 22:27:44.022] [error] 
[comfy-env] Scanned nodes root: 125 nodes (0.0s)
[2026-05-10 22:27:44.024] [error] 

[2026-05-10 22:27:44.028] [error] [comfy-env] Imported nodes root: 125 nodes (isolation)
[2026-05-10 22:27:44.029] [error] 

[2026-05-10 22:27:44.030] [error] [comfy-env] Registered 125 total nodes

[2026-05-10 22:27:44.069] [info]  ComfyUI-Multiband loaded: 15 nodes registered
[2026-05-10 22:27:44.072] [info]  

[2026-05-10 22:27:44.078] [info]  
Import times for custom nodes:

[2026-05-10 22:27:44.079] [info]     0.0 seconds: C:\Users\runneradmin\.comfy-test-cache\desktop\ComfyUI\resources\ComfyUI\custom_nodes\websocket_image_save.py
   0.0 seconds: C:\Users\runneradmin\Documents\ComfyUI\custom_nodes\ComfyUI-Multiband
   0.1 seconds: C:\Users\runneradmin\Documents\ComfyUI\custom_nodes\ComfyUI-GeometryPack
   2.7 seconds: C:\Users\runneradmin\Documents\ComfyUI\custom_nodes\comfyui-cadabra


[2026-05-10 22:27:44.083] [info]  Context impl SQLiteImpl.

[2026-05-10 22:27:44.084] [info]  Will assume non-transactional DDL.

[2026-05-10 22:27:44.095] [error] Failed to initialize database. Please ensure you have installed the latest requirements. If the error persists, please report this as in future the database will be required: Could not acquire lock on database 'C:/Users/runneradmin/Documents/ComfyUI/user/comfyui.db'. Another ComfyUI process may already be using it. Use --database-url to specify a separate database file.

[2026-05-10 22:27:44.174] [info]  Starting server


[2026-05-10 22:27:44.175] [info]  To see the GUI go to: http://127.0.0.1:8001

[2026-05-10 22:27:46.349] [info]  [ComfyUI-Manager] The ComfyRegistry cache update is still in progress, so an outdated cache is being used.

[2026-05-10 22:27:46.477] [info]  FETCH DATA from: C:\Users\runneradmin\Documents\ComfyUI\.venv\Lib\site-packages\comfyui_manager\custom-node-list.json
[2026-05-10 22:27:46.503] [info]   [DONE]

[2026-05-10 22:27:50.417] [info]  [ComfyUI-Manager] The ComfyRegistry cache update is still in progress, so an outdated cache is being used.

[2026-05-10 22:27:50.528] [info]  FETCH DATA from: C:\Users\runneradmin\Documents\ComfyUI\.venv\Lib\site-packages\comfyui_manager\custom-node-list.json
[2026-05-10 22:27:50.553] [info]   [DONE]
[2026-05-10 22:27:50.555] [info]  

[2026-05-10 22:28:13.117] [info]  got prompt

[2026-05-10 22:28:13.129] [info]  [comfyui-cadabra] python: C:\ce\.pixi\envs\cadabra-nodes\python.exe

[2026-05-10 22:28:13.133] [info]  [comfyui-cadabra] sys_path sent to worker: ['C:\\Users\\runneradmin\\.comfy-test-cache\\desktop\\ComfyUI\\resources\\ComfyUI', 'C:\\Users\\runneradmin\\Documents\\ComfyUI\\custom_nodes\\comfyui-cadabra', 'C:\\ce\\.pixi\\envs\\cadabra-nodes\\Lib\\site-packages', 'C:\\Users\\runneradmin\\Documents\\ComfyUI\\custom_nodes\\comfyui-cadabra']

[2026-05-10 22:28:16.039] [error] [worker:comfyui-cadabra] ERROR: Failed to import comfy_kitchen, Error: No module named 'comfy_kitchen', fp8 and fp4 support will not be available.

[2026-05-10 22:28:20.103] [error] [22:28:20] [CADabra] Starting: STEP ReadFile(file=spiral_wind_turbine.stp)

[2026-05-10 22:28:20.105] [error] [worker:comfyui-cadabra] INFO: Starting: STEP ReadFile(file=spiral_wind_turbine.stp)

[2026-05-10 22:28:20.136] [error] [22:28:20] [CADabra] Completed: STEP ReadFile(file=spiral_wind_turbine.stp) in 0.03s

[2026-05-10 22:28:20.137] [error] [worker:comfyui-cadabra] INFO: Completed: STEP ReadFile(file=spiral_wind_turbine.stp) in 0.03s

[2026-05-10 22:28:20.145] [error] [22:28:20] [CADabra] Starting: STEP TransferRoots(file=spiral_wind_turbine.stp)

[2026-05-10 22:28:20.146] [error] [worker:comfyui-cadabra] INFO: Starting: STEP TransferRoots(file=spiral_wind_turbine.stp)

[2026-05-10 22:28:20.271] [error] [22:28:20] [CADabra] Completed: STEP TransferRoots(file=spiral_wind_turbine.stp) in 0.13s

[2026-05-10 22:28:20.272] [error] [worker:comfyui-cadabra] INFO: Completed: STEP TransferRoots(file=spiral_wind_turbine.stp) in 0.13s

[2026-05-10 22:28:20.344] [error] [comfyui-cadabra] Health check: ping (timeout=5.0s)...

[2026-05-10 22:28:20.353] [error] [comfyui-cadabra] Health check: ok

[2026-05-10 22:28:20.429] [error] [22:28:20] [CADabra] Starting: BRepMesh(linear_deflection=0.1, angular_deflection=0.5)

[2026-05-10 22:28:20.430] [error] [worker:comfyui-cadabra] INFO: Starting: BRepMesh(linear_deflection=0.1, angular_deflection=0.5)

[2026-05-10 22:28:20.536] [error] [22:28:20] [CADabra] Completed: BRepMesh(linear_deflection=0.1, angular_deflection=0.5) in 0.11s

[2026-05-10 22:28:20.537] [error] [worker:comfyui-cadabra] INFO: Completed: BRepMesh(linear_deflection=0.1, angular_deflection=0.5) in 0.11s

[2026-05-10 22:28:20.672] [error] [comfyui-cadabra] Health check: ping (timeout=5.0s)...

[2026-05-10 22:28:20.682] [error] [comfyui-cadabra] Health check: ok
[2026-05-10 22:28:20.684] [error] 

[2026-05-10 22:28:20.849] [error] [comfyui-cadabra] Health check: ping (timeout=5.0s)...

[2026-05-10 22:28:20.856] [error] [comfyui-cadabra] Health check: ok

[2026-05-10 22:28:21.029] [error] [comfyui-cadabra] Health check: ping (timeout=5.0s)...

[2026-05-10 22:28:21.036] [error] [comfyui-cadabra] Health check: ok

[2026-05-10 22:28:34.914] [error] [comfyui-cadabra] Health check: ping (timeout=5.0s)...

[2026-05-10 22:28:34.920] [error] [comfyui-cadabra] Health check: ok
[2026-05-10 22:28:34.924] [error] 

[2026-05-10 22:28:35.308] [error] [22:28:35] [CADabra] Starting: BRepMesh(linear_deflection=0.1, angular_deflection=0.5)

[2026-05-10 22:28:35.328] [error] [worker:comfyui-cadabra] INFO: Starting: BRepMesh(linear_deflection=0.1, angular_deflection=0.5)

[2026-05-10 22:28:35.605] [error] [22:28:35] [CADabra] Completed: BRepMesh(linear_deflection=0.1, angular_deflection=0.5) in 0.30s

[2026-05-10 22:28:35.624] [error] [worker:comfyui-cadabra] INFO: Completed: BRepMesh(linear_deflection=0.1, angular_deflection=0.5) in 0.30s

[2026-05-10 22:28:35.823] [info]  Prompt executed in 22.70 seconds

