[2026-05-11 09:34:27.526] [info]  setup plugin alembic.autogenerate.schemas

[2026-05-11 09:34:27.529] [info]  setup plugin alembic.autogenerate.tables
setup plugin alembic.autogenerate.types
setup plugin alembic.autogenerate.constraints
setup plugin alembic.autogenerate.defaults
setup plugin alembic.autogenerate.comments

[2026-05-11 09:34:28.038] [info]  Adding extra search path custom_nodes C:\Users\runneradmin\Documents\ComfyUI\custom_nodes
Adding extra search path download_model_base C:\Users\runneradmin\Documents\ComfyUI\models

[2026-05-11 09:34:28.039] [info]  Adding extra search path custom_nodes C:\Users\runneradmin\.comfy-test-cache\desktop\ComfyUI\resources\ComfyUI\custom_nodes
Setting output directory to: C:\Users\runneradmin\Documents\ComfyUI\output
Setting input directory to: C:\Users\runneradmin\Documents\ComfyUI\input
Setting user directory to: C:\Users\runneradmin\Documents\ComfyUI\user

[2026-05-11 09:34:29.754] [info]  [START] Security scan
[DONE] Security scan
** ComfyUI startup time: 
[2026-05-11 09:34:29.755] [info]  2026-05-11 09:34:29.754
** Platform: Windows
** Python version: 3.12.11 (main, Aug 18 2025, 19:17:54) [MSC v.1944 64 bit (AMD64)]
** Python executable: C:\Users\runneradmin\Documents\ComfyUI\.venv\Scripts\python.exe
** ComfyUI Path: C:\Users\runneradmin\.comfy-test-cache\desktop\ComfyUI\resources\ComfyUI
** ComfyUI Base Folder Path: C:\Users\runneradmin\.comfy-test-cache\desktop\ComfyUI\resources\ComfyUI

[2026-05-11 09:34:29.757] [info]  ** User directory:
[2026-05-11 09:34:29.758] [info]   C:\Users\runneradmin\Documents\ComfyUI\user
** ComfyUI-Manager config path: C:\Users\runneradmin\Documents\ComfyUI\user\__manager\config.ini
** Log path: C:\Users\runneradmin\Documents\ComfyUI\user\comfyui.log

[2026-05-11 09:34:31.031] [info]  [ComfyUI-Manager] Skipped fixing the 'comfyui-frontend-package' dependency because the ComfyUI is outdated.

[2026-05-11 09:34:31.032] [info]  [PRE] ComfyUI-Manager

[2026-05-11 09:34:31.444] [error] [comfy-env] comfyui-cadabra: 1 isolation env(s):
[2026-05-11 09:34:31.445] [error] 
[comfy-env]   nodes -> C:\Users\runneradmin\Documents\ComfyUI\custom_nodes\comfyui-cadabra\nodes
[comfy-env] prestartup complete

[2026-05-11 09:34:31.485] [error] [comfy-env] ComfyUI-GeometryPack: 1 isolation env(s):
[2026-05-11 09:34:31.487] [error] 
[comfy-env]   nodes -> C:\Users\runneradmin\Documents\ComfyUI\custom_nodes\ComfyUI-GeometryPack\nodes

[2026-05-11 09:34:31.488] [error] [comfy-env] prestartup complete

[2026-05-11 09:34:34.699] [info]  Found comfy_kitchen backend eager: {'available': True, 'disabled': False, 'unavailable_reason': None, 'capabilities': ['apply_rope', 'apply_rope1', 'dequantize_mxfp8', 'dequantize_nvfp4', 'dequantize_per_tensor_fp8', 'quantize_mxfp8', 'quantize_nvfp4', 'quantize_per_tensor_fp8', 'scaled_mm_mxfp8', 'scaled_mm_nvfp4']}

[2026-05-11 09:34:34.701] [info]  Found comfy_kitchen backend cuda: {'available': False, 'disabled': True, 'unavailable_reason': 'CUDA not available on this system', 'capabilities': []}
Found comfy_kitchen backend triton: {'available': False, 'disabled': True, 'unavailable_reason': "ImportError: No module named 'triton'", 'capabilities': []}

[2026-05-11 09:34:34.711] [info]  Checkpoint files will always be loaded safely.

[2026-05-11 09:34:34.754] [info]  Total VRAM 16379 MB, total RAM 16379 MB

[2026-05-11 09:34:34.757] [info]  pytorch version: 2.10.0+cpu
Set vram state to: DISABLED
Device: cpu

[2026-05-11 09:34:35.111] [info]  Using sub quadratic optimization for attention, if you have memory or speed issues try using: --use-split-cross-attention

[2026-05-11 09:34:38.177] [info]  Python version: 3.12.11 (main, Aug 18 2025, 19:17:54) [MSC v.1944 64 bit (AMD64)]

[2026-05-11 09:34:38.179] [info]  ComfyUI version: 0.20.1
comfy-aimdo version: 0.2.14

[2026-05-11 09:34:38.181] [info]  comfy-kitchen version: 0.2.8

[2026-05-11 09:34:38.183] [info]  [Prompt Server] web root: C:\Users\runneradmin\.comfy-test-cache\desktop\ComfyUI\resources\ComfyUI\web_custom_versions\desktop_app

[2026-05-11 09:34:38.185] [info]  Asset seeder disabled

[2026-05-11 09:34:38.186] [info]  [START] ComfyUI-Manager

[2026-05-11 09:34:38.344] [info]  [ComfyUI-Manager] Using GitPython backend
[2026-05-11 09:34:38.346] [info]  

[2026-05-11 09:34:38.449] [info]  [ComfyUI-Manager] network_mode: public

[2026-05-11 09:34:38.456] [info]  [ComfyUI-Manager] The matrix sharing feature has been disabled because the `matrix-nio` dependency is not installed.
	To use this feature, please run the following command:
	C:\Users\runneradmin\Documents\ComfyUI\.venv\Scripts\python.exe -m pip install matrix-nio


[2026-05-11 09:34:40.379] [error] [comfy-env] Version: 0.3.83
[2026-05-11 09:34:40.382] [error] 

[2026-05-11 09:34:43.241] [error] [comfy-env] register_nodes: comfyui-cadabra
[2026-05-11 09:34:43.242] [error] 

[2026-05-11 09:34:43.245] [error] [comfy-env] ComfyUI source dir: C:\Users\runneradmin\.comfy-test-cache\desktop\ComfyUI\resources\ComfyUI
[2026-05-11 09:34:43.246] [error] 

[2026-05-11 09:34:43.249] [error] [comfy-env] Scanning nodes metadata (isolation root)...
[2026-05-11 09:34:43.251] [error] 

[2026-05-11 09:34:43.264] [error] [comfy-env] Cache hit for nodes: 39 nodes
[2026-05-11 09:34:43.266] [error] 
[comfy-env] Scanned nodes root: 39 nodes (0.0s)
[2026-05-11 09:34:43.267] [error] 

[2026-05-11 09:34:43.274] [error] [comfy-env] Imported nodes root: 39 nodes (isolation)
[2026-05-11 09:34:43.276] [error] 

[2026-05-11 09:34:43.279] [error] [comfy-env] Registered 39 total nodes
[2026-05-11 09:34:43.281] [error] 

[2026-05-11 09:34:43.302] [info]  loading...

[2026-05-11 09:34:43.304] [info]  calling register_nodes

[2026-05-11 09:34:43.310] [error] [comfy-env] Version: 0.3.83
[2026-05-11 09:34:43.311] [error] 

[2026-05-11 09:34:43.349] [error] [comfy-env] register_nodes: ComfyUI-GeometryPack
[2026-05-11 09:34:43.350] [error] 

[2026-05-11 09:34:43.369] [error] [comfy-env] ComfyUI source dir: C:\Users\runneradmin\.comfy-test-cache\desktop\ComfyUI\resources\ComfyUI
[2026-05-11 09:34:43.371] [error] 

[2026-05-11 09:34:43.375] [error] [comfy-env] Scanning nodes metadata (isolation root)...
[2026-05-11 09:34:43.376] [error] 

[2026-05-11 09:34:43.434] [error] [comfy-env] Cache hit for nodes: 125 nodes
[2026-05-11 09:34:43.436] [error] 
[comfy-env] Scanned nodes root: 125 nodes (0.1s)

[2026-05-11 09:34:43.674] [error] [comfy-env] Imported nodes root: 125 nodes (isolation)
[2026-05-11 09:34:43.676] [error] 
[comfy-env] Registered 125 total nodes

[2026-05-11 09:34:43.703] [info]  ComfyUI-Multiband loaded: 15 nodes registered

[2026-05-11 09:34:43.708] [info]  
Import times for custom nodes:

[2026-05-11 09:34:43.709] [info]     0.0 seconds: C:\Users\runneradmin\.comfy-test-cache\desktop\ComfyUI\resources\ComfyUI\custom_nodes\websocket_image_save.py
   0.0 seconds: C:\Users\runneradmin\Documents\ComfyUI\custom_nodes\ComfyUI-Multiband

[2026-05-11 09:34:43.711] [info]     0.4 seconds: C:\Users\runneradmin\Documents\ComfyUI\custom_nodes\ComfyUI-GeometryPack
   2.9 seconds: C:\Users\runneradmin\Documents\ComfyUI\custom_nodes\comfyui-cadabra


[2026-05-11 09:34:43.717] [info]  Context impl SQLiteImpl.

[2026-05-11 09:34:43.718] [info]  Will assume non-transactional DDL.

[2026-05-11 09:34:43.725] [error] Failed to initialize database. Please ensure you have installed the latest requirements. If the error persists, please report this as in future the database will be required: Could not acquire lock on database 'C:/Users/runneradmin/Documents/ComfyUI/user/comfyui.db'. Another ComfyUI process may already be using it. Use --database-url to specify a separate database file.

[2026-05-11 09:34:43.841] [info]  Starting server


[2026-05-11 09:34:43.843] [info]  To see the GUI go to: http://127.0.0.1:8001

[2026-05-11 09:34:47.191] [info]  [ComfyUI-Manager] The ComfyRegistry cache update is still in progress, so an outdated cache is being used.

[2026-05-11 09:34:47.402] [info]  FETCH DATA from: C:\Users\runneradmin\Documents\ComfyUI\.venv\Lib\site-packages\comfyui_manager\custom-node-list.json
[2026-05-11 09:34:47.446] [info]   [DONE]

[2026-05-11 09:34:51.209] [info]  [ComfyUI-Manager] The ComfyRegistry cache update is still in progress, so an outdated cache is being used.

[2026-05-11 09:34:51.349] [info]  FETCH DATA from: C:\Users\runneradmin\Documents\ComfyUI\.venv\Lib\site-packages\comfyui_manager\custom-node-list.json
[2026-05-11 09:34:51.375] [info]   [DONE]

[2026-05-11 09:35:13.633] [info]  got prompt

[2026-05-11 09:35:13.659] [info]  [comfyui-cadabra] python: C:\ce\.pixi\envs\cadabra-nodes\python.exe
[2026-05-11 09:35:13.661] [info]  

[2026-05-11 09:35:13.662] [info]  [comfyui-cadabra] sys_path sent to worker: ['C:\\Users\\runneradmin\\.comfy-test-cache\\desktop\\ComfyUI\\resources\\ComfyUI', 'C:\\Users\\runneradmin\\Documents\\ComfyUI\\custom_nodes\\comfyui-cadabra', 'C:\\ce\\.pixi\\envs\\cadabra-nodes\\Lib\\site-packages', 'C:\\Users\\runneradmin\\Documents\\ComfyUI\\custom_nodes\\comfyui-cadabra']
[2026-05-11 09:35:13.663] [info]  

[2026-05-11 09:35:16.868] [error] [worker:comfyui-cadabra] ERROR: Failed to import comfy_kitchen, Error: No module named 'comfy_kitchen', fp8 and fp4 support will not be available.

[2026-05-11 09:35:21.115] [error] [09:35:21] [CADabra] Starting: STEP ReadFile(file=spiral_wind_turbine.stp)

[2026-05-11 09:35:21.117] [error] [worker:comfyui-cadabra] INFO: Starting: STEP ReadFile(file=spiral_wind_turbine.stp)

[2026-05-11 09:35:21.158] [error] [09:35:21] [CADabra] Completed: STEP ReadFile(file=spiral_wind_turbine.stp) in 0.04s

[2026-05-11 09:35:21.160] [error] [worker:comfyui-cadabra] INFO: Completed: STEP ReadFile(file=spiral_wind_turbine.stp) in 0.04s

[2026-05-11 09:35:21.166] [error] [09:35:21] [CADabra] Starting: STEP TransferRoots(file=spiral_wind_turbine.stp)

[2026-05-11 09:35:21.167] [error] [worker:comfyui-cadabra] INFO: Starting: STEP TransferRoots(file=spiral_wind_turbine.stp)

[2026-05-11 09:35:21.281] [error] [09:35:21] [CADabra] Completed: STEP TransferRoots(file=spiral_wind_turbine.stp) in 0.12s

[2026-05-11 09:35:21.287] [error] [worker:comfyui-cadabra] INFO: Completed: STEP TransferRoots(file=spiral_wind_turbine.stp) in 0.12s

[2026-05-11 09:35:21.335] [error] [comfyui-cadabra] Health check: ping (timeout=5.0s)...

[2026-05-11 09:35:21.340] [error] [comfyui-cadabra] Health check: ok
[2026-05-11 09:35:21.341] [error] 

[2026-05-11 09:35:21.403] [error] [09:35:21] [CADabra] Starting: BRepMesh(linear_deflection=0.1, angular_deflection=0.5)

[2026-05-11 09:35:21.405] [error] [worker:comfyui-cadabra] INFO: Starting: BRepMesh(linear_deflection=0.1, angular_deflection=0.5)

[2026-05-11 09:35:21.524] [error] [09:35:21] [CADabra] Completed: BRepMesh(linear_deflection=0.1, angular_deflection=0.5) in 0.12s

[2026-05-11 09:35:21.526] [error] [worker:comfyui-cadabra] INFO: Completed: BRepMesh(linear_deflection=0.1, angular_deflection=0.5) in 0.12s

[2026-05-11 09:35:21.660] [error] [comfyui-cadabra] Health check: ping (timeout=5.0s)...
[2026-05-11 09:35:21.662] [error] 

[2026-05-11 09:35:21.668] [error] [comfyui-cadabra] Health check: ok

[2026-05-11 09:35:21.832] [error] [comfyui-cadabra] Health check: ping (timeout=5.0s)...

[2026-05-11 09:35:21.844] [error] [comfyui-cadabra] Health check: ok
[2026-05-11 09:35:21.846] [error] 

[2026-05-11 09:35:22.036] [error] [comfyui-cadabra] Health check: ping (timeout=5.0s)...

[2026-05-11 09:35:22.071] [error] [comfyui-cadabra] Health check: ok

[2026-05-11 09:35:47.539] [error] [comfyui-cadabra] Health check: ping (timeout=5.0s)...

[2026-05-11 09:35:47.563] [error] [comfyui-cadabra] Health check: ok

[2026-05-11 09:35:48.160] [error] [09:35:48] [CADabra] Starting: BRepMesh(linear_deflection=0.1, angular_deflection=0.5)

[2026-05-11 09:35:48.182] [error] [worker:comfyui-cadabra] INFO: Starting: BRepMesh(linear_deflection=0.1, angular_deflection=0.5)

[2026-05-11 09:35:48.568] [error] [09:35:48] [CADabra] Completed: BRepMesh(linear_deflection=0.1, angular_deflection=0.5) in 0.42s

[2026-05-11 09:35:48.580] [error] [worker:comfyui-cadabra] INFO: Completed: BRepMesh(linear_deflection=0.1, angular_deflection=0.5) in 0.42s

[2026-05-11 09:35:49.122] [info]  Prompt executed in 35.37 seconds

