[2026-05-10 03:21:39.839] [info]  setup plugin alembic.autogenerate.schemas
setup plugin alembic.autogenerate.tables

[2026-05-10 03:21:39.842] [info]  setup plugin alembic.autogenerate.types
setup plugin alembic.autogenerate.constraints
setup plugin alembic.autogenerate.defaults
setup plugin alembic.autogenerate.comments

[2026-05-10 03:21:40.311] [info]  Adding extra search path custom_nodes C:\Users\runneradmin\Documents\ComfyUI\custom_nodes
Adding extra search path download_model_base C:\Users\runneradmin\Documents\ComfyUI\models

[2026-05-10 03:21:40.313] [info]  Adding extra search path custom_nodes C:\Users\runneradmin\.comfy-test-cache\desktop\ComfyUI\resources\ComfyUI\custom_nodes
Setting output directory to: C:\Users\runneradmin\Documents\ComfyUI\output
Setting input directory to: C:\Users\runneradmin\Documents\ComfyUI\input
Setting user directory to: C:\Users\runneradmin\Documents\ComfyUI\user

[2026-05-10 03:21:41.945] [info]  [START] Security scan
[DONE] Security scan
** ComfyUI startup time: 
[2026-05-10 03:21:41.947] [info]  2026-05-10 03:21:41.944
** Platform: Windows
** Python version: 3.12.11 (main, Aug 18 2025, 19:17:54) [MSC v.1944 64 bit (AMD64)]
** Python executable: C:\Users\runneradmin\Documents\ComfyUI\.venv\Scripts\python.exe
** ComfyUI Path: C:\Users\runneradmin\.comfy-test-cache\desktop\ComfyUI\resources\ComfyUI
** ComfyUI Base Folder Path: C:\Users\runneradmin\.comfy-test-cache\desktop\ComfyUI\resources\ComfyUI

[2026-05-10 03:21:41.948] [info]  ** User directory: C:\Users\runneradmin\Documents\ComfyUI\user
** ComfyUI-Manager config path: C:\Users\runneradmin\Documents\ComfyUI\user\__manager\config.ini
** Log path: 
[2026-05-10 03:21:41.949] [info]  C:\Users\runneradmin\Documents\ComfyUI\user\comfyui.log

[2026-05-10 03:21:43.118] [info]  [ComfyUI-Manager] Skipped fixing the 'comfyui-frontend-package' dependency because the ComfyUI is outdated.

[2026-05-10 03:21:43.120] [info]  [PRE] ComfyUI-Manager

[2026-05-10 03:21:43.461] [error] [comfy-env] comfyui-cadabra: 1 isolation env(s):
[2026-05-10 03:21:43.463] [error] 
[comfy-env]   nodes -> C:\Users\runneradmin\Documents\ComfyUI\custom_nodes\comfyui-cadabra\nodes
[comfy-env] prestartup complete

[2026-05-10 03:21:43.500] [error] [comfy-env] ComfyUI-GeometryPack: 1 isolation env(s):
[2026-05-10 03:21:43.502] [error] 
[comfy-env]   nodes -> C:\Users\runneradmin\Documents\ComfyUI\custom_nodes\ComfyUI-GeometryPack\nodes
[comfy-env] prestartup complete

[2026-05-10 03:21:46.494] [info]  Found comfy_kitchen backend eager: {'available': True, 'disabled': False, 'unavailable_reason': None, 'capabilities': ['apply_rope', 'apply_rope1', 'dequantize_mxfp8', 'dequantize_nvfp4', 'dequantize_per_tensor_fp8', 'quantize_mxfp8', 'quantize_nvfp4', 'quantize_per_tensor_fp8', 'scaled_mm_mxfp8', 'scaled_mm_nvfp4']}

[2026-05-10 03:21:46.495] [info]  Found comfy_kitchen backend triton: {'available': False, 'disabled': True, 'unavailable_reason': "ImportError: No module named 'triton'", 'capabilities': []}
Found comfy_kitchen backend cuda: {'available': False, 'disabled': True, 'unavailable_reason': 'CUDA not available on this system', 'capabilities': []}

[2026-05-10 03:21:46.502] [info]  Checkpoint files will always be loaded safely.

[2026-05-10 03:21:46.544] [info]  Total VRAM 16379 MB, total RAM 16379 MB

[2026-05-10 03:21:46.545] [info]  pytorch version: 2.10.0+cpu
Set vram state to: DISABLED
Device: cpu

[2026-05-10 03:21:46.870] [info]  Using sub quadratic optimization for attention, if you have memory or speed issues try using: --use-split-cross-attention

[2026-05-10 03:21:49.751] [info]  Python version: 3.12.11 (main, Aug 18 2025, 19:17:54) [MSC v.1944 64 bit (AMD64)]

[2026-05-10 03:21:49.752] [info]  ComfyUI version: 0.20.1

[2026-05-10 03:21:49.753] [info]  comfy-aimdo version: 0.2.14

[2026-05-10 03:21:49.757] [info]  comfy-kitchen version: 0.2.8

[2026-05-10 03:21:49.759] [info]  [Prompt Server] web root: C:\Users\runneradmin\.comfy-test-cache\desktop\ComfyUI\resources\ComfyUI\web_custom_versions\desktop_app

[2026-05-10 03:21:49.761] [info]  Asset seeder disabled

[2026-05-10 03:21:49.762] [info]  [START] ComfyUI-Manager

[2026-05-10 03:21:49.897] [info]  [ComfyUI-Manager] Using GitPython backend

[2026-05-10 03:21:49.966] [info]  [ComfyUI-Manager] network_mode: public

[2026-05-10 03:21:49.971] [info]  [ComfyUI-Manager] The matrix sharing feature has been disabled because the `matrix-nio` dependency is not installed.
	To use this feature, please run the following command:
	C:\Users\runneradmin\Documents\ComfyUI\.venv\Scripts\python.exe -m pip install matrix-nio


[2026-05-10 03:21:51.816] [error] [comfy-env] Version: 0.3.78
[2026-05-10 03:21:51.818] [error] 

[2026-05-10 03:21:55.287] [info]  [comfy-env] Removed stale temp dir: C:\Users\RUNNER~1\AppData\Local\Temp\comfyui_pvenv__tyk4bfu

[2026-05-10 03:21:55.653] [error] [comfy-env] register_nodes: comfyui-cadabra
[2026-05-10 03:21:55.655] [error] 

[2026-05-10 03:21:55.657] [error] [comfy-env] ComfyUI source dir: C:\Users\runneradmin\.comfy-test-cache\desktop\ComfyUI\resources\ComfyUI
[2026-05-10 03:21:55.658] [error] 

[2026-05-10 03:21:55.662] [error] [comfy-env] Scanning nodes metadata (isolation root)...
[2026-05-10 03:21:55.663] [error] 

[2026-05-10 03:21:55.671] [error] [comfy-env] Cache hit for nodes: 39 nodes
[2026-05-10 03:21:55.672] [error] 
[comfy-env] Scanned nodes root: 39 nodes (0.0s)

[2026-05-10 03:21:55.673] [error] [comfy-env] Imported nodes root: 39 nodes (isolation)
[2026-05-10 03:21:55.675] [error] 

[2026-05-10 03:21:55.676] [error] [comfy-env] Registered 39 total nodes
[2026-05-10 03:21:55.677] [error] 

[2026-05-10 03:21:55.685] [info]  loading...

[2026-05-10 03:21:55.686] [info]  calling register_nodes

[2026-05-10 03:21:55.687] [error] [comfy-env] Version: 0.3.78
[2026-05-10 03:21:55.688] [error] 

[2026-05-10 03:21:55.720] [error] [comfy-env] register_nodes: ComfyUI-GeometryPack
[2026-05-10 03:21:55.721] [error] 

[2026-05-10 03:21:55.744] [error] [comfy-env] ComfyUI source dir: C:\Users\runneradmin\.comfy-test-cache\desktop\ComfyUI\resources\ComfyUI
[2026-05-10 03:21:55.746] [error] 

[2026-05-10 03:21:55.750] [error] [comfy-env] Scanning nodes metadata (isolation root)...
[2026-05-10 03:21:55.751] [error] 

[2026-05-10 03:21:55.808] [error] [comfy-env] Cache hit for nodes: 125 nodes
[2026-05-10 03:21:55.810] [error] 
[comfy-env] Scanned nodes root: 125 nodes (0.1s)

[2026-05-10 03:21:55.812] [error] [comfy-env] Imported nodes root: 125 nodes (isolation)
[2026-05-10 03:21:55.813] [error] 
[comfy-env] Registered 125 total nodes
[2026-05-10 03:21:55.815] [error] 

[2026-05-10 03:21:55.844] [info]  ComfyUI-Multiband loaded: 15 nodes registered

[2026-05-10 03:21:55.848] [info]  
Import times for custom nodes:

[2026-05-10 03:21:55.849] [info]     0.0 seconds: C:\Users\runneradmin\.comfy-test-cache\desktop\ComfyUI\resources\ComfyUI\custom_nodes\websocket_image_save.py

[2026-05-10 03:21:55.850] [info]     0.0 seconds: C:\Users\runneradmin\Documents\ComfyUI\custom_nodes\ComfyUI-Multiband
   0.1 seconds: C:\Users\runneradmin\Documents\ComfyUI\custom_nodes\ComfyUI-GeometryPack
   3.9 seconds: C:\Users\runneradmin\Documents\ComfyUI\custom_nodes\comfyui-cadabra

[2026-05-10 03:21:55.852] [info]  

[2026-05-10 03:21:55.859] [info]  Context impl SQLiteImpl.

[2026-05-10 03:21:55.860] [info]  Will assume non-transactional DDL.

[2026-05-10 03:21:55.867] [error] Failed to initialize database. Please ensure you have installed the latest requirements. If the error persists, please report this as in future the database will be required: Could not acquire lock on database 'C:/Users/runneradmin/Documents/ComfyUI/user/comfyui.db'. Another ComfyUI process may already be using it. Use --database-url to specify a separate database file.

[2026-05-10 03:21:56.247] [info]  Starting server


[2026-05-10 03:21:56.249] [info]  To see the GUI go to: http://127.0.0.1:8001

[2026-05-10 03:21:59.878] [info]  [ComfyUI-Manager] The ComfyRegistry cache update is still in progress, so an outdated cache is being used.

[2026-05-10 03:22:00.185] [info]  FETCH DATA from: C:\Users\runneradmin\Documents\ComfyUI\.venv\Lib\site-packages\comfyui_manager\custom-node-list.json
[2026-05-10 03:22:00.245] [info]   [DONE]
[2026-05-10 03:22:00.248] [info]  

[2026-05-10 03:22:02.338] [info]  [ComfyUI-Manager] The ComfyRegistry cache update is still in progress, so an outdated cache is being used.

[2026-05-10 03:22:02.514] [info]  FETCH DATA from: C:\Users\runneradmin\Documents\ComfyUI\.venv\Lib\site-packages\comfyui_manager\custom-node-list.json
[2026-05-10 03:22:02.540] [info]   [DONE]

[2026-05-10 03:22:24.839] [info]  got prompt

[2026-05-10 03:22:24.861] [info]  [comfyui-cadabra] python: C:\Users\runneradmin\Documents\ComfyUI\.ce\.pixi\envs\cadabra-nodes\python.exe
[2026-05-10 03:22:24.864] [info]  
[comfyui-cadabra] sys_path sent to worker: ['C:\\Users\\runneradmin\\.comfy-test-cache\\desktop\\ComfyUI\\resources\\ComfyUI', 'C:\\Users\\runneradmin\\Documents\\ComfyUI\\custom_nodes\\comfyui-cadabra', 'C:\\Users\\runneradmin\\Documents\\ComfyUI\\.ce\\.pixi\\envs\\cadabra-nodes\\Lib\\site-packages', 'C:\\Users\\runneradmin\\Documents\\ComfyUI\\custom_nodes\\comfyui-cadabra']

[2026-05-10 03:22:33.588] [error] [comfyui-cadabra] Health check: ping (timeout=5.0s)...
[2026-05-10 03:22:33.590] [error] 

[2026-05-10 03:22:33.822] [error] [comfyui-cadabra] Health check: ok

[2026-05-10 03:22:35.225] [error] [03:22:35] [CADabra] Starting: CAD Edge Analysis(edges=158)

[2026-05-10 03:22:35.227] [error] [worker:comfyui-cadabra] INFO: Starting: CAD Edge Analysis(edges=158)

[2026-05-10 03:22:35.285] [error] [03:22:35] [CADabra] Completed: CAD Edge Analysis(edges=158) in 0.06s

[2026-05-10 03:22:35.286] [error] [worker:comfyui-cadabra] INFO: Completed: CAD Edge Analysis(edges=158) in 0.06s

[2026-05-10 03:22:35.825] [error] [comfyui-cadabra] Health check: ping (timeout=5.0s)...
[2026-05-10 03:22:35.826] [error] 

[2026-05-10 03:22:35.903] [error] [comfyui-cadabra] Health check: ok

[2026-05-10 03:22:37.455] [error] [comfyui-cadabra] Health check: ping (timeout=5.0s)...
[2026-05-10 03:22:37.457] [error] 

[2026-05-10 03:22:37.501] [error] [comfyui-cadabra] Health check: ok

[2026-05-10 03:22:38.398] [info]  Prompt executed in 13.56 seconds

