[2026-05-12 15:49:39.388] [info]  Using uv at C:\Users\runneradmin\.comfy-test-cache\desktop\ComfyUI\resources\uv\win\uv.exe
[2026-05-12 15:49:39.388] [info]  Install state: installed
[2026-05-12 15:49:39.389] [info]  Validating installation. Recorded state: [installed]
[2026-05-12 15:49:39.394] [info]  Running uv command directly: pip install --dry-run -r C:\Users\runneradmin\.comfy-test-cache\desktop\ComfyUI\resources\ComfyUI\requirements.txt
[2026-05-12 15:49:39.394] [info]  Running uv child process: uv pip install --dry-run -r C:\Users\runneradmin\.comfy-test-cache\desktop\ComfyUI\resources\ComfyUI\requirements.txt
[2026-05-12 15:49:39.395] [info]  Running command: C:\Users\runneradmin\.comfy-test-cache\desktop\ComfyUI\resources\uv\win\uv.exe pip install --dry-run -r C:\Users\runneradmin\.comfy-test-cache\desktop\ComfyUI\resources\ComfyUI\requirements.txt in C:\Users\runneradmin\Documents\ComfyUI
[2026-05-12 15:49:39.739] [info]  Running uv command directly: pip install --dry-run -r C:\Users\runneradmin\.comfy-test-cache\desktop\ComfyUI\resources\ComfyUI\manager_requirements.txt
[2026-05-12 15:49:39.739] [info]  Running uv child process: uv pip install --dry-run -r C:\Users\runneradmin\.comfy-test-cache\desktop\ComfyUI\resources\ComfyUI\manager_requirements.txt
[2026-05-12 15:49:39.740] [info]  Running command: C:\Users\runneradmin\.comfy-test-cache\desktop\ComfyUI\resources\uv\win\uv.exe pip install --dry-run -r C:\Users\runneradmin\.comfy-test-cache\desktop\ComfyUI\resources\ComfyUI\manager_requirements.txt in C:\Users\runneradmin\Documents\ComfyUI
[2026-05-12 15:49:40.234] [info]  Validation result: isValid:true, state:installed {"inProgress":false,"installState":"installed","basePath":"OK","venvDirectory":"OK","pythonInterpreter":"OK","uv":"OK","pythonPackages":"OK","git":"OK","vcRedist":"OK"}
[2026-05-12 15:49:42.003] [info]  Server start
[2026-05-12 15:49:42.032] [info]  Running command: C:\Users\runneradmin\Documents\ComfyUI\.venv\Scripts\python.exe C:\Users\runneradmin\.comfy-test-cache\desktop\ComfyUI\resources\ComfyUI\main.py --user-directory C:\Users\runneradmin\Documents\ComfyUI\user --input-directory C:\Users\runneradmin\Documents\ComfyUI\input --output-directory C:\Users\runneradmin\Documents\ComfyUI\output --front-end-root C:\Users\runneradmin\.comfy-test-cache\desktop\ComfyUI\resources\ComfyUI\web_custom_versions\desktop_app --base-directory C:\Users\runneradmin\Documents\ComfyUI --database-url sqlite:///C:/Users/runneradmin/Documents/ComfyUI/user/comfyui.db --extra-model-paths-config C:\Users\runneradmin\AppData\Roaming\ComfyUI\extra_models_config.yaml --log-stdout --listen 127.0.0.1 --port 8001 --enable-manager --cpu in C:\Users\runneradmin\Documents\ComfyUI
[2026-05-12 15:49:42.125] [info]  Received renderer-ready message!
[2026-05-12 15:49:42.126] [info]  Sending queued message {"channel":"validation-update","data":{"inProgress":false,"installState":"installed","basePath":"OK","venvDirectory":"OK","pythonInterpreter":"OK","uv":"OK","pythonPackages":"OK","git":"OK","vcRedist":"OK"}}
[2026-05-12 15:49:42.127] [info]  Sending queued message {"channel":"validation-update","data":{"inProgress":false,"installState":"installed","basePath":"OK","venvDirectory":"OK","pythonInterpreter":"OK","uv":"OK","pythonPackages":"OK","git":"OK","vcRedist":"OK"}}
[2026-05-12 15:49:42.127] [info]  Sending queued message {"channel":"validation-update","data":{"inProgress":false,"installState":"installed","basePath":"OK","venvDirectory":"OK","pythonInterpreter":"OK","uv":"OK","pythonPackages":"OK","git":"OK","vcRedist":"OK"}}
[2026-05-12 15:49:42.128] [info]  Sending queued message {"channel":"validation-update","data":{"inProgress":false,"installState":"installed","basePath":"OK","venvDirectory":"OK","pythonInterpreter":"OK","uv":"OK","pythonPackages":"OK","git":"OK","vcRedist":"OK"}}
[2026-05-12 15:49:42.128] [info]  Sending queued message {"channel":"validation-update","data":{"inProgress":false,"installState":"installed","basePath":"OK","venvDirectory":"OK","pythonInterpreter":"OK","uv":"OK","pythonPackages":"OK","git":"OK","vcRedist":"OK"}}
[2026-05-12 15:49:42.129] [info]  Sending queued message {"channel":"validation-update","data":{"inProgress":false,"installState":"installed","basePath":"OK","venvDirectory":"OK","pythonInterpreter":"OK","uv":"OK","pythonPackages":"OK","git":"OK","vcRedist":"OK"}}
[2026-05-12 15:49:42.130] [info]  Sending queued message {"channel":"validation-update","data":{"inProgress":false,"installState":"installed","basePath":"OK","venvDirectory":"OK","pythonInterpreter":"OK","uv":"OK","pythonPackages":"OK","git":"OK","vcRedist":"OK"}}
[2026-05-12 15:49:42.131] [info]  Sending queued message {"channel":"validation-update","data":{"inProgress":false,"installState":"installed","basePath":"OK","venvDirectory":"OK","pythonInterpreter":"OK","uv":"OK","pythonPackages":"OK","git":"OK","vcRedist":"OK"}}
[2026-05-12 15:49:42.131] [info]  Sending queued message {"channel":"validation-update","data":{"inProgress":false,"installState":"installed","basePath":"OK","venvDirectory":"OK","pythonInterpreter":"OK","uv":"OK","pythonPackages":"OK","git":"OK","vcRedist":"OK"}}
[2026-05-12 15:49:42.132] [info]  Sending queued message {"channel":"validation-update","data":{"inProgress":false,"installState":"installed","basePath":"OK","venvDirectory":"OK","pythonInterpreter":"OK","uv":"OK","pythonPackages":"OK","git":"OK","vcRedist":"OK"}}
[2026-05-12 15:49:42.132] [info]  Sending queued message {"channel":"loading-progress","data":{"status":"starting-server"}}
[2026-05-12 15:49:59.063] [info]  Python server is ready
[2026-05-12 15:50:12.001] [error] @todesktop/runtime: alwaysResolve: Promise timed out after 30000ms
[2026-05-12 15:50:12.233] [info]  @todesktop/runtime: Checking for update
[2026-05-12 15:50:12.233] [info]  @todesktop/runtime: AutoUpdater: checking-for-update
[2026-05-12 15:50:12.548] [info]  @todesktop/runtime: Update for version 0.9.0 is not available (latest version: 0.9.0, downgrade is allowed).
[2026-05-12 15:50:12.549] [info]  @todesktop/runtime: AutoUpdater: update-not-available {"version":"0.9.0","files":[{"url":"ComfyUI Setup 0.9.0 - Build 260511b0i6pk3th-x64.exe","sha512":"fqtJBir/YlvBBM3jD+uNAimq+Hmbe+/qm9sJK03S3sy1VvDIEdvGFkTzq0w1e6R+XGFaYP9yGNy2cQ4TKSs4vA==","size":139578264}],"path":"ComfyUI Setup 0.9.0 - Build 260511b0i6pk3th-x64.exe","sha512":"fqtJBir/YlvBBM3jD+uNAimq+Hmbe+/qm9sJK03S3sy1VvDIEdvGFkTzq0w1e6R+XGFaYP9yGNy2cQ4TKSs4vA==","releaseDate":"2026-05-11T19:28:43.424Z"}
[2026-05-12 15:53:40.868] [info]  Starting app v0.9.0
