[2026-05-18 18:48:40.898] [info]  Using uv at C:\Users\stduser\.comfy-test-cache\desktop\ComfyUI\resources\uv\win\uv.exe
[2026-05-18 18:48:40.899] [info]  Install state: installed
[2026-05-18 18:48:40.900] [info]  Validating installation. Recorded state: [installed]
[2026-05-18 18:48:40.903] [info]  Running uv command directly: pip install --dry-run -r C:\Users\stduser\.comfy-test-cache\desktop\ComfyUI\resources\ComfyUI\requirements.txt
[2026-05-18 18:48:40.904] [info]  Running uv child process: uv pip install --dry-run -r C:\Users\stduser\.comfy-test-cache\desktop\ComfyUI\resources\ComfyUI\requirements.txt
[2026-05-18 18:48:40.904] [info]  Running command: C:\Users\stduser\.comfy-test-cache\desktop\ComfyUI\resources\uv\win\uv.exe pip install --dry-run -r C:\Users\stduser\.comfy-test-cache\desktop\ComfyUI\resources\ComfyUI\requirements.txt in C:\Users\stduser\Documents\ComfyUI
[2026-05-18 18:48:41.309] [info]  Running uv command directly: pip install --dry-run -r C:\Users\stduser\.comfy-test-cache\desktop\ComfyUI\resources\ComfyUI\manager_requirements.txt
[2026-05-18 18:48:41.310] [info]  Running uv child process: uv pip install --dry-run -r C:\Users\stduser\.comfy-test-cache\desktop\ComfyUI\resources\ComfyUI\manager_requirements.txt
[2026-05-18 18:48:41.311] [info]  Running command: C:\Users\stduser\.comfy-test-cache\desktop\ComfyUI\resources\uv\win\uv.exe pip install --dry-run -r C:\Users\stduser\.comfy-test-cache\desktop\ComfyUI\resources\ComfyUI\manager_requirements.txt in C:\Users\stduser\Documents\ComfyUI
[2026-05-18 18:48:42.020] [info]  Validation result: isValid:true, state:installed {"inProgress":false,"installState":"installed","basePath":"OK","venvDirectory":"OK","pythonInterpreter":"OK","uv":"OK","pythonPackages":"OK","git":"OK","vcRedist":"OK"}
[2026-05-18 18:48:43.945] [info]  Server start
[2026-05-18 18:48:43.977] [info]  Running command: C:\Users\stduser\Documents\ComfyUI\.venv\Scripts\python.exe C:\Users\stduser\.comfy-test-cache\desktop\ComfyUI\resources\ComfyUI\main.py --user-directory C:\Users\stduser\Documents\ComfyUI\user --input-directory C:\Users\stduser\Documents\ComfyUI\input --output-directory C:\Users\stduser\Documents\ComfyUI\output --front-end-root C:\Users\stduser\.comfy-test-cache\desktop\ComfyUI\resources\ComfyUI\web_custom_versions\desktop_app --base-directory C:\Users\stduser\Documents\ComfyUI --database-url sqlite:///C:/Users/stduser/Documents/ComfyUI/user/comfyui.db --extra-model-paths-config C:\Users\stduser\AppData\Roaming\ComfyUI\extra_models_config.yaml --log-stdout --listen 127.0.0.1 --port 8001 --enable-manager --cpu in C:\Users\stduser\Documents\ComfyUI
[2026-05-18 18:48:44.075] [info]  Received renderer-ready message!
[2026-05-18 18:48:44.076] [info]  Sending queued message {"channel":"validation-update","data":{"inProgress":false,"installState":"installed","basePath":"OK","venvDirectory":"OK","pythonInterpreter":"OK","uv":"OK","pythonPackages":"OK","git":"OK","vcRedist":"OK"}}
[2026-05-18 18:48:44.077] [info]  Sending queued message {"channel":"validation-update","data":{"inProgress":false,"installState":"installed","basePath":"OK","venvDirectory":"OK","pythonInterpreter":"OK","uv":"OK","pythonPackages":"OK","git":"OK","vcRedist":"OK"}}
[2026-05-18 18:48:44.077] [info]  Sending queued message {"channel":"validation-update","data":{"inProgress":false,"installState":"installed","basePath":"OK","venvDirectory":"OK","pythonInterpreter":"OK","uv":"OK","pythonPackages":"OK","git":"OK","vcRedist":"OK"}}
[2026-05-18 18:48:44.078] [info]  Sending queued message {"channel":"validation-update","data":{"inProgress":false,"installState":"installed","basePath":"OK","venvDirectory":"OK","pythonInterpreter":"OK","uv":"OK","pythonPackages":"OK","git":"OK","vcRedist":"OK"}}
[2026-05-18 18:48:44.078] [info]  Sending queued message {"channel":"validation-update","data":{"inProgress":false,"installState":"installed","basePath":"OK","venvDirectory":"OK","pythonInterpreter":"OK","uv":"OK","pythonPackages":"OK","git":"OK","vcRedist":"OK"}}
[2026-05-18 18:48:44.079] [info]  Sending queued message {"channel":"validation-update","data":{"inProgress":false,"installState":"installed","basePath":"OK","venvDirectory":"OK","pythonInterpreter":"OK","uv":"OK","pythonPackages":"OK","git":"OK","vcRedist":"OK"}}
[2026-05-18 18:48:44.080] [info]  Sending queued message {"channel":"validation-update","data":{"inProgress":false,"installState":"installed","basePath":"OK","venvDirectory":"OK","pythonInterpreter":"OK","uv":"OK","pythonPackages":"OK","git":"OK","vcRedist":"OK"}}
[2026-05-18 18:48:44.081] [info]  Sending queued message {"channel":"validation-update","data":{"inProgress":false,"installState":"installed","basePath":"OK","venvDirectory":"OK","pythonInterpreter":"OK","uv":"OK","pythonPackages":"OK","git":"OK","vcRedist":"OK"}}
[2026-05-18 18:48:44.082] [info]  Sending queued message {"channel":"validation-update","data":{"inProgress":false,"installState":"installed","basePath":"OK","venvDirectory":"OK","pythonInterpreter":"OK","uv":"OK","pythonPackages":"OK","git":"OK","vcRedist":"OK"}}
[2026-05-18 18:48:44.082] [info]  Sending queued message {"channel":"validation-update","data":{"inProgress":false,"installState":"installed","basePath":"OK","venvDirectory":"OK","pythonInterpreter":"OK","uv":"OK","pythonPackages":"OK","git":"OK","vcRedist":"OK"}}
[2026-05-18 18:48:44.083] [info]  Sending queued message {"channel":"loading-progress","data":{"status":"starting-server"}}
[2026-05-18 18:48:57.009] [info]  Python server is ready
[2026-05-18 18:49:13.941] [error] @todesktop/runtime: alwaysResolve: Promise timed out after 30000ms
[2026-05-18 18:49:14.115] [info]  @todesktop/runtime: Checking for update
[2026-05-18 18:49:14.115] [info]  @todesktop/runtime: AutoUpdater: checking-for-update
[2026-05-18 18:49:14.526] [info]  @todesktop/runtime: Update for version 0.9.1 is not available (latest version: 0.9.1, downgrade is allowed).
[2026-05-18 18:49:14.527] [info]  @todesktop/runtime: AutoUpdater: update-not-available {"version":"0.9.1","files":[{"url":"ComfyUI Setup 0.9.1 - Build 260514248i6bhdm-x64.exe","sha512":"gVe0kSd+kRtUTGBZuLPjSdepKKPoW2seuHskltNq6ksKo525zf/Nl61P25mGb8elnX2N/DsXEpw8qcofY8rZEw==","size":139597872}],"path":"ComfyUI Setup 0.9.1 - Build 260514248i6bhdm-x64.exe","sha512":"gVe0kSd+kRtUTGBZuLPjSdepKKPoW2seuHskltNq6ksKo525zf/Nl61P25mGb8elnX2N/DsXEpw8qcofY8rZEw==","releaseDate":"2026-05-14T00:40:07.713Z"}
[2026-05-18 18:49:44.604] [info]  Starting app v0.9.1
