[2026-05-18 18:41:39.743] [info]  Using uv at C:\Users\stduser\.comfy-test-cache\desktop\ComfyUI\resources\uv\win\uv.exe
[2026-05-18 18:41:39.744] [info]  Install state: installed
[2026-05-18 18:41:39.745] [info]  Validating installation. Recorded state: [installed]
[2026-05-18 18:41:39.749] [info]  Running uv command directly: pip install --dry-run -r C:\Users\stduser\.comfy-test-cache\desktop\ComfyUI\resources\ComfyUI\requirements.txt
[2026-05-18 18:41:39.750] [info]  Running uv child process: uv pip install --dry-run -r C:\Users\stduser\.comfy-test-cache\desktop\ComfyUI\resources\ComfyUI\requirements.txt
[2026-05-18 18:41:39.751] [info]  Running command: C:\Users\stduser\.comfy-test-cache\desktop\ComfyUI\resources\uv\win\uv.exe pip install --dry-run -r C:\Users\stduser\.comfy-test-cache\desktop\ComfyUI\resources\ComfyUI\requirements.txt in C:\Users\stduser\Documents\ComfyUI
[2026-05-18 18:41:40.217] [info]  Running uv command directly: pip install --dry-run -r C:\Users\stduser\.comfy-test-cache\desktop\ComfyUI\resources\ComfyUI\manager_requirements.txt
[2026-05-18 18:41:40.218] [info]  Running uv child process: uv pip install --dry-run -r C:\Users\stduser\.comfy-test-cache\desktop\ComfyUI\resources\ComfyUI\manager_requirements.txt
[2026-05-18 18:41:40.219] [info]  Running command: C:\Users\stduser\.comfy-test-cache\desktop\ComfyUI\resources\uv\win\uv.exe pip install --dry-run -r C:\Users\stduser\.comfy-test-cache\desktop\ComfyUI\resources\ComfyUI\manager_requirements.txt in C:\Users\stduser\Documents\ComfyUI
[2026-05-18 18:41:40.869] [info]  Validation result: isValid:true, state:installed {"inProgress":false,"installState":"installed","basePath":"OK","venvDirectory":"OK","pythonInterpreter":"OK","uv":"OK","pythonPackages":"OK","git":"OK","vcRedist":"OK"}
[2026-05-18 18:41:43.148] [info]  Server start
[2026-05-18 18:41:43.179] [info]  Running command: C:\Users\stduser\Documents\ComfyUI\.venv\Scripts\python.exe C:\Users\stduser\.comfy-test-cache\desktop\ComfyUI\resources\ComfyUI\main.py --user-directory C:\Users\stduser\Documents\ComfyUI\user --input-directory C:\Users\stduser\Documents\ComfyUI\input --output-directory C:\Users\stduser\Documents\ComfyUI\output --front-end-root C:\Users\stduser\.comfy-test-cache\desktop\ComfyUI\resources\ComfyUI\web_custom_versions\desktop_app --base-directory C:\Users\stduser\Documents\ComfyUI --database-url sqlite:///C:/Users/stduser/Documents/ComfyUI/user/comfyui.db --extra-model-paths-config C:\Users\stduser\AppData\Roaming\ComfyUI\extra_models_config.yaml --log-stdout --listen 127.0.0.1 --port 8001 --enable-manager --cpu in C:\Users\stduser\Documents\ComfyUI
[2026-05-18 18:41:43.274] [info]  Received renderer-ready message!
[2026-05-18 18:41:43.275] [info]  Sending queued message {"channel":"validation-update","data":{"inProgress":false,"installState":"installed","basePath":"OK","venvDirectory":"OK","pythonInterpreter":"OK","uv":"OK","pythonPackages":"OK","git":"OK","vcRedist":"OK"}}
[2026-05-18 18:41:43.276] [info]  Sending queued message {"channel":"validation-update","data":{"inProgress":false,"installState":"installed","basePath":"OK","venvDirectory":"OK","pythonInterpreter":"OK","uv":"OK","pythonPackages":"OK","git":"OK","vcRedist":"OK"}}
[2026-05-18 18:41:43.276] [info]  Sending queued message {"channel":"validation-update","data":{"inProgress":false,"installState":"installed","basePath":"OK","venvDirectory":"OK","pythonInterpreter":"OK","uv":"OK","pythonPackages":"OK","git":"OK","vcRedist":"OK"}}
[2026-05-18 18:41:43.277] [info]  Sending queued message {"channel":"validation-update","data":{"inProgress":false,"installState":"installed","basePath":"OK","venvDirectory":"OK","pythonInterpreter":"OK","uv":"OK","pythonPackages":"OK","git":"OK","vcRedist":"OK"}}
[2026-05-18 18:41:43.277] [info]  Sending queued message {"channel":"validation-update","data":{"inProgress":false,"installState":"installed","basePath":"OK","venvDirectory":"OK","pythonInterpreter":"OK","uv":"OK","pythonPackages":"OK","git":"OK","vcRedist":"OK"}}
[2026-05-18 18:41:43.278] [info]  Sending queued message {"channel":"validation-update","data":{"inProgress":false,"installState":"installed","basePath":"OK","venvDirectory":"OK","pythonInterpreter":"OK","uv":"OK","pythonPackages":"OK","git":"OK","vcRedist":"OK"}}
[2026-05-18 18:41:43.279] [info]  Sending queued message {"channel":"validation-update","data":{"inProgress":false,"installState":"installed","basePath":"OK","venvDirectory":"OK","pythonInterpreter":"OK","uv":"OK","pythonPackages":"OK","git":"OK","vcRedist":"OK"}}
[2026-05-18 18:41:43.280] [info]  Sending queued message {"channel":"validation-update","data":{"inProgress":false,"installState":"installed","basePath":"OK","venvDirectory":"OK","pythonInterpreter":"OK","uv":"OK","pythonPackages":"OK","git":"OK","vcRedist":"OK"}}
[2026-05-18 18:41:43.280] [info]  Sending queued message {"channel":"validation-update","data":{"inProgress":false,"installState":"installed","basePath":"OK","venvDirectory":"OK","pythonInterpreter":"OK","uv":"OK","pythonPackages":"OK","git":"OK","vcRedist":"OK"}}
[2026-05-18 18:41:43.281] [info]  Sending queued message {"channel":"validation-update","data":{"inProgress":false,"installState":"installed","basePath":"OK","venvDirectory":"OK","pythonInterpreter":"OK","uv":"OK","pythonPackages":"OK","git":"OK","vcRedist":"OK"}}
[2026-05-18 18:41:43.281] [info]  Sending queued message {"channel":"loading-progress","data":{"status":"starting-server"}}
[2026-05-18 18:41:57.211] [info]  Python server is ready
[2026-05-18 18:42:13.146] [error] @todesktop/runtime: alwaysResolve: Promise timed out after 30000ms
[2026-05-18 18:42:13.270] [info]  @todesktop/runtime: Checking for update
[2026-05-18 18:42:13.271] [info]  @todesktop/runtime: AutoUpdater: checking-for-update
[2026-05-18 18:42:13.731] [info]  @todesktop/runtime: Update for version 0.9.1 is not available (latest version: 0.9.1, downgrade is allowed).
[2026-05-18 18:42:13.732] [info]  @todesktop/runtime: AutoUpdater: update-not-available {"version":"0.9.1","files":[{"url":"ComfyUI Setup 0.9.1 - Build 260514248i6bhdm-x64.exe","sha512":"gVe0kSd+kRtUTGBZuLPjSdepKKPoW2seuHskltNq6ksKo525zf/Nl61P25mGb8elnX2N/DsXEpw8qcofY8rZEw==","size":139597872}],"path":"ComfyUI Setup 0.9.1 - Build 260514248i6bhdm-x64.exe","sha512":"gVe0kSd+kRtUTGBZuLPjSdepKKPoW2seuHskltNq6ksKo525zf/Nl61P25mGb8elnX2N/DsXEpw8qcofY8rZEw==","releaseDate":"2026-05-14T00:40:07.713Z"}
[2026-05-18 18:42:59.279] [info]  Starting app v0.9.1
