[2026-05-10 03:21:35.365] [info]  Using uv at C:\Users\runneradmin\.comfy-test-cache\desktop\ComfyUI\resources\uv\win\uv.exe
[2026-05-10 03:21:35.365] [info]  Install state: installed
[2026-05-10 03:21:35.366] [info]  Validating installation. Recorded state: [installed]
[2026-05-10 03:21:35.369] [info]  Running uv command directly: pip install --dry-run -r C:\Users\runneradmin\.comfy-test-cache\desktop\ComfyUI\resources\ComfyUI\requirements.txt
[2026-05-10 03:21:35.370] [info]  Running uv child process: uv pip install --dry-run -r C:\Users\runneradmin\.comfy-test-cache\desktop\ComfyUI\resources\ComfyUI\requirements.txt
[2026-05-10 03:21:35.370] [info]  Running command: C:\Users\runneradmin\.comfy-test-cache\desktop\ComfyUI\resources\uv\win\uv.exe pip install --dry-run -r C:\Users\runneradmin\.comfy-test-cache\desktop\ComfyUI\resources\ComfyUI\requirements.txt in C:\Users\runneradmin\Documents\ComfyUI
[2026-05-10 03:21:35.956] [info]  Running uv command directly: pip install --dry-run -r C:\Users\runneradmin\.comfy-test-cache\desktop\ComfyUI\resources\ComfyUI\manager_requirements.txt
[2026-05-10 03:21:35.957] [info]  Running uv child process: uv pip install --dry-run -r C:\Users\runneradmin\.comfy-test-cache\desktop\ComfyUI\resources\ComfyUI\manager_requirements.txt
[2026-05-10 03:21:35.957] [info]  Running command: C:\Users\runneradmin\.comfy-test-cache\desktop\ComfyUI\resources\uv\win\uv.exe pip install --dry-run -r C:\Users\runneradmin\.comfy-test-cache\desktop\ComfyUI\resources\ComfyUI\manager_requirements.txt in C:\Users\runneradmin\Documents\ComfyUI
[2026-05-10 03:21:36.747] [info]  Validation result: isValid:true, state:installed {"inProgress":false,"installState":"installed","basePath":"OK","venvDirectory":"OK","pythonInterpreter":"OK","uv":"OK","pythonPackages":"OK","git":"OK","vcRedist":"OK"}
[2026-05-10 03:21:39.069] [info]  Server start
[2026-05-10 03:21:39.103] [info]  Running command: C:\Users\runneradmin\Documents\ComfyUI\.venv\Scripts\python.exe C:\Users\runneradmin\.comfy-test-cache\desktop\ComfyUI\resources\ComfyUI\main.py --user-directory C:\Users\runneradmin\Documents\ComfyUI\user --input-directory C:\Users\runneradmin\Documents\ComfyUI\input --output-directory C:\Users\runneradmin\Documents\ComfyUI\output --front-end-root C:\Users\runneradmin\.comfy-test-cache\desktop\ComfyUI\resources\ComfyUI\web_custom_versions\desktop_app --base-directory C:\Users\runneradmin\Documents\ComfyUI --database-url sqlite:///C:/Users/runneradmin/Documents/ComfyUI/user/comfyui.db --extra-model-paths-config C:\Users\runneradmin\AppData\Roaming\ComfyUI\extra_models_config.yaml --log-stdout --listen 127.0.0.1 --port 8001 --enable-manager --cpu in C:\Users\runneradmin\Documents\ComfyUI
[2026-05-10 03:21:39.190] [info]  Received renderer-ready message!
[2026-05-10 03:21:39.190] [info]  Sending queued message {"channel":"validation-update","data":{"inProgress":false,"installState":"installed","basePath":"OK","venvDirectory":"OK","pythonInterpreter":"OK","uv":"OK","pythonPackages":"OK","git":"OK","vcRedist":"OK"}}
[2026-05-10 03:21:39.191] [info]  Sending queued message {"channel":"validation-update","data":{"inProgress":false,"installState":"installed","basePath":"OK","venvDirectory":"OK","pythonInterpreter":"OK","uv":"OK","pythonPackages":"OK","git":"OK","vcRedist":"OK"}}
[2026-05-10 03:21:39.192] [info]  Sending queued message {"channel":"validation-update","data":{"inProgress":false,"installState":"installed","basePath":"OK","venvDirectory":"OK","pythonInterpreter":"OK","uv":"OK","pythonPackages":"OK","git":"OK","vcRedist":"OK"}}
[2026-05-10 03:21:39.192] [info]  Sending queued message {"channel":"validation-update","data":{"inProgress":false,"installState":"installed","basePath":"OK","venvDirectory":"OK","pythonInterpreter":"OK","uv":"OK","pythonPackages":"OK","git":"OK","vcRedist":"OK"}}
[2026-05-10 03:21:39.193] [info]  Sending queued message {"channel":"validation-update","data":{"inProgress":false,"installState":"installed","basePath":"OK","venvDirectory":"OK","pythonInterpreter":"OK","uv":"OK","pythonPackages":"OK","git":"OK","vcRedist":"OK"}}
[2026-05-10 03:21:39.193] [info]  Sending queued message {"channel":"validation-update","data":{"inProgress":false,"installState":"installed","basePath":"OK","venvDirectory":"OK","pythonInterpreter":"OK","uv":"OK","pythonPackages":"OK","git":"OK","vcRedist":"OK"}}
[2026-05-10 03:21:39.195] [info]  Sending queued message {"channel":"validation-update","data":{"inProgress":false,"installState":"installed","basePath":"OK","venvDirectory":"OK","pythonInterpreter":"OK","uv":"OK","pythonPackages":"OK","git":"OK","vcRedist":"OK"}}
[2026-05-10 03:21:39.195] [info]  Sending queued message {"channel":"validation-update","data":{"inProgress":false,"installState":"installed","basePath":"OK","venvDirectory":"OK","pythonInterpreter":"OK","uv":"OK","pythonPackages":"OK","git":"OK","vcRedist":"OK"}}
[2026-05-10 03:21:39.196] [info]  Sending queued message {"channel":"validation-update","data":{"inProgress":false,"installState":"installed","basePath":"OK","venvDirectory":"OK","pythonInterpreter":"OK","uv":"OK","pythonPackages":"OK","git":"OK","vcRedist":"OK"}}
[2026-05-10 03:21:39.196] [info]  Sending queued message {"channel":"validation-update","data":{"inProgress":false,"installState":"installed","basePath":"OK","venvDirectory":"OK","pythonInterpreter":"OK","uv":"OK","pythonPackages":"OK","git":"OK","vcRedist":"OK"}}
[2026-05-10 03:21:39.197] [info]  Sending queued message {"channel":"loading-progress","data":{"status":"starting-server"}}
[2026-05-10 03:21:57.157] [info]  Python server is ready
[2026-05-10 03:22:09.065] [error] @todesktop/runtime: alwaysResolve: Promise timed out after 30000ms
[2026-05-10 03:22:09.219] [info]  @todesktop/runtime: Checking for update
[2026-05-10 03:22:09.219] [info]  @todesktop/runtime: AutoUpdater: checking-for-update
[2026-05-10 03:22:09.873] [info]  @todesktop/runtime: Update for version 0.8.36 is not available (latest version: 0.8.36, downgrade is allowed).
[2026-05-10 03:22:09.874] [info]  @todesktop/runtime: AutoUpdater: update-not-available {"version":"0.8.36","files":[{"url":"ComfyUI Setup 0.8.36 - Build 260427msvfsz37n-x64.exe","sha512":"RVR9kwG+VrRVIsHCPJB7N8l3FRBSMKfIbFU/9fSfPEGV1uHB7wnRu9ydbvK6ZzjqJwkFauXsyks/FN4MwDsXjA==","size":139212624}],"path":"ComfyUI Setup 0.8.36 - Build 260427msvfsz37n-x64.exe","sha512":"RVR9kwG+VrRVIsHCPJB7N8l3FRBSMKfIbFU/9fSfPEGV1uHB7wnRu9ydbvK6ZzjqJwkFauXsyks/FN4MwDsXjA==","releaseDate":"2026-04-27T21:14:15.783Z"}
[2026-05-10 03:22:49.656] [info]  Starting app v0.8.36
