[2026-05-19 11:49:12.669] [SRV] [2026-05-19 11:49:12.669] [info]  setup plugin alembic.autogenerate.schemas
[2026-05-19 11:49:12.669] [SRV] setup plugin alembic.autogenerate.tables
[2026-05-19 11:49:12.669] [SRV] 
[2026-05-19 11:49:12.671] [SRV] [2026-05-19 11:49:12.671] [info]  setup plugin alembic.autogenerate.types
[2026-05-19 11:49:12.671] [SRV] setup plugin alembic.autogenerate.constraints
[2026-05-19 11:49:12.671] [SRV] setup plugin alembic.autogenerate.defaults
[2026-05-19 11:49:12.671] [SRV] setup plugin alembic.autogenerate.comments
[2026-05-19 11:49:12.671] [SRV] 
[2026-05-19 11:49:13.138] [SRV] [2026-05-19 11:49:13.138] [info]  Adding extra search path custom_nodes C:\Users\stduser\Documents\ComfyUI\custom_nodes
[2026-05-19 11:49:13.138] [SRV] Adding extra search path download_model_base C:\Users\stduser\Documents\ComfyUI\models
[2026-05-19 11:49:13.138] [SRV] 
[2026-05-19 11:49:13.139] [SRV] [2026-05-19 11:49:13.139] [info]  Adding extra search path custom_nodes C:\Users\stduser\.comfy-test-cache\desktop\ComfyUI\resources\ComfyUI\custom_nodes
[2026-05-19 11:49:13.139] [SRV] Setting output directory to: C:\Users\stduser\Documents\ComfyUI\output
[2026-05-19 11:49:13.139] [SRV] Setting input directory to: C:\Users\stduser\Documents\ComfyUI\input
[2026-05-19 11:49:13.139] [SRV] Setting user directory to: C:\Users\stduser\Documents\ComfyUI\user
[2026-05-19 11:49:13.139] [SRV] 
[2026-05-19 11:49:14.692] [SRV] [2026-05-19 11:49:14.692] [info]  [START] Security scan
[2026-05-19 11:49:14.692] [SRV] [DONE] Security scan
[2026-05-19 11:49:14.692] [SRV] ** ComfyUI startup time:
[2026-05-19 11:49:14.693] [SRV] [2026-05-19 11:49:14.693] [info]   2026-05-19 11:49:14.692
[2026-05-19 11:49:14.693] [SRV] ** Platform: Windows
[2026-05-19 11:49:14.693] [SRV] ** Python version: 3.12.11 (main, Aug 18 2025, 19:17:54) [MSC v.1944 64 bit (AMD64)]
[2026-05-19 11:49:14.693] [SRV] ** Python executable: C:\Users\stduser\Documents\ComfyUI\.venv\Scripts\python.exe
[2026-05-19 11:49:14.693] [SRV] ** ComfyUI Path: C:\Users\stduser\.comfy-test-cache\desktop\ComfyUI\resources\ComfyUI
[2026-05-19 11:49:14.693] [SRV] ** ComfyUI Base Folder Path: C:\Users\stduser\.comfy-test-cache\desktop\ComfyUI\resources\ComfyUI
[2026-05-19 11:49:14.693] [SRV] 
[2026-05-19 11:49:14.695] [SRV] [2026-05-19 11:49:14.695] [info]  ** User directory: 
[2026-05-19 11:49:14.696] [SRV] [2026-05-19 11:49:14.696] [info]  C:\Users\stduser\Documents\ComfyUI\user
[2026-05-19 11:49:14.696] [SRV] ** ComfyUI-Manager config path: C:\Users\stduser\Documents\ComfyUI\user\__manager\config.ini
[2026-05-19 11:49:14.696] [SRV] ** Log path: C:\Users\stduser\Documents\ComfyUI\user\comfyui.log
[2026-05-19 11:49:14.696] [SRV] 
[2026-05-19 11:49:15.874] [SRV] [2026-05-19 11:49:15.874] [info]  [ComfyUI-Manager] Skipped fixing the 'comfyui-frontend-package' dependency because the ComfyUI is outdated.
[2026-05-19 11:49:15.874] [SRV] 
[2026-05-19 11:49:15.875] [SRV] [2026-05-19 11:49:15.875] [info]  [PRE] ComfyUI-Manager
[2026-05-19 11:49:15.875] [SRV] 
[2026-05-19 11:49:16.263] [SRV] [2026-05-19 11:49:16.263] [error] [comfy-env] comfyui-cadabra: 1 isolation env(s):
[2026-05-19 11:49:16.265] [SRV] [2026-05-19 11:49:16.265] [error] 
[2026-05-19 11:49:16.265] [SRV] [comfy-env]   nodes -> C:\Users\stduser\Documents\ComfyUI\custom_nodes\comfyui-cadabra\nodes
[2026-05-19 11:49:16.265] [SRV] 
[2026-05-19 11:49:16.266] [SRV] [2026-05-19 11:49:16.266] [error] [comfy-env] Workspace: C:\Users\stduser\AppData\Local\Programs\comfy-env
[2026-05-19 11:49:16.266] [SRV] 
[2026-05-19 11:49:16.267] [SRV] [2026-05-19 11:49:16.267] [error] [comfy-env]     env: C:\Users\stduser\AppData\Local\Programs\comfy-env\.pixi\envs\cadabra-nodes  [OK]
[2026-05-19 11:49:16.267] [SRV] 
[2026-05-19 11:49:16.269] [SRV] [2026-05-19 11:49:16.269] [error] [comfy-env] prestartup complete
[2026-05-19 11:49:16.269] [SRV] 
[2026-05-19 11:49:16.308] [SRV] [2026-05-19 11:49:16.308] [error] [comfy-env] ComfyUI-GeometryPack: 1 isolation env(s):
[2026-05-19 11:49:16.310] [SRV] [2026-05-19 11:49:16.310] [error] 
[2026-05-19 11:49:16.310] [SRV] [comfy-env]   nodes -> C:\Users\stduser\Documents\ComfyUI\custom_nodes\ComfyUI-GeometryPack\nodes
[2026-05-19 11:49:16.310] [SRV] 
[2026-05-19 11:49:16.311] [SRV] [2026-05-19 11:49:16.311] [error] [comfy-env]     env: C:\Users\stduser\AppData\Local\Programs\comfy-env\.pixi\envs\geometrypack-nodes  [OK]
[2026-05-19 11:49:16.311] [SRV] [comfy-env] prestartup complete
[2026-05-19 11:49:16.312] [SRV] [2026-05-19 11:49:16.312] [error] 
[2026-05-19 11:49:16.312] [SRV] 
[2026-05-19 11:49:19.205] [SRV] [2026-05-19 11:49:19.205] [info]  Found comfy_kitchen backend triton: {'available': False, 'disabled': True, 'unavailable_reason': "ImportError: No module named 'triton'", 'capabilities': []}
[2026-05-19 11:49:19.205] [SRV] 
[2026-05-19 11:49:19.207] [SRV] [2026-05-19 11:49:19.207] [info]  Found comfy_kitchen backend eager: {'available': True, 'disabled': False, 'unavailable_reason': None, 'capabilities': ['apply_rope', 'apply_rope1', 'dequantize_mxfp8', 'dequantize_nvfp4', 'dequantize_per_tensor_fp8', 'quantize_mxfp8', 'quantize_nvfp4', 'quantize_per_tensor_fp8', 'scaled_mm_mxfp8', 'scaled_mm_nvfp4']}
[2026-05-19 11:49:19.207] [SRV] Found comfy_kitchen backend cuda: {'available': False, 'disabled': True, 'unavailable_reason': 'CUDA not available on this system', 'capabilities': []}
[2026-05-19 11:49:19.207] [SRV] 
[2026-05-19 11:49:19.214] [SRV] [2026-05-19 11:49:19.214] [info]  Checkpoint files will always be loaded safely.
[2026-05-19 11:49:19.214] [SRV] 
[2026-05-19 11:49:19.231] [SRV] [2026-05-19 11:49:19.231] [info]  Total VRAM 16379 MB, total RAM 16379 MB
[2026-05-19 11:49:19.231] [SRV] 
[2026-05-19 11:49:19.233] [SRV] [2026-05-19 11:49:19.233] [info]  pytorch version: 2.10.0+cpu
[2026-05-19 11:49:19.233] [SRV] 
[2026-05-19 11:49:19.234] [SRV] [2026-05-19 11:49:19.234] [info]  Set vram state to: DISABLED
[2026-05-19 11:49:19.234] [SRV] Device: cpu
[2026-05-19 11:49:19.234] [SRV] 
[2026-05-19 11:49:19.562] [SRV] [2026-05-19 11:49:19.562] [info]  Using sub quadratic optimization for attention, if you have memory or speed issues try using: --use-split-cross-attention
[2026-05-19 11:49:19.562] [SRV] 
[2026-05-19 11:49:22.380] [SRV] [2026-05-19 11:49:22.380] [info]  Python version: 3.12.11 (main, Aug 18 2025, 19:17:54) [MSC v.1944 64 bit (AMD64)]
[2026-05-19 11:49:22.380] [SRV] 
[2026-05-19 11:49:22.381] [SRV] [2026-05-19 11:49:22.381] [info]  ComfyUI version: 0.21.1
[2026-05-19 11:49:22.381] [SRV] comfy-aimdo version: 0.3.0
[2026-05-19 11:49:22.381] [SRV] 
[2026-05-19 11:49:22.383] [SRV] [2026-05-19 11:49:22.383] [info]  comfy-kitchen version: 0.2.8
[2026-05-19 11:49:22.383] [SRV] 
[2026-05-19 11:49:22.386] [SRV] [2026-05-19 11:49:22.386] [info]  [Prompt Server] web root: C:\Users\stduser\.comfy-test-cache\desktop\ComfyUI\resources\ComfyUI\web_custom_versions\desktop_app
[2026-05-19 11:49:22.386] [SRV] 
[2026-05-19 11:49:22.389] [SRV] [2026-05-19 11:49:22.389] [info]  Asset seeder disabled
[2026-05-19 11:49:22.389] [SRV] [START] ComfyUI-Manager
[2026-05-19 11:49:22.389] [SRV] 
[2026-05-19 11:49:22.559] [SRV] [2026-05-19 11:49:22.559] [info]  [ComfyUI-Manager] Using GitPython backend
[2026-05-19 11:49:22.559] [SRV] 
[2026-05-19 11:49:22.628] [SRV] [2026-05-19 11:49:22.628] [info]  [ComfyUI-Manager] network_mode: public
[2026-05-19 11:49:22.628] [SRV] 
[2026-05-19 11:49:22.635] [SRV] [2026-05-19 11:49:22.635] [info]  [ComfyUI-Manager] The matrix sharing feature has been disabled because the `matrix-nio` dependency is not installed.
[2026-05-19 11:49:22.635] [SRV] 	To use this feature, please run the following command:
[2026-05-19 11:49:22.635] [SRV] 	C:\Users\stduser\Documents\ComfyUI\.venv\Scripts\python.exe -m pip install matrix-nio
[2026-05-19 11:49:22.635] [SRV] 
[2026-05-19 11:49:22.635] [SRV] 
[2026-05-19 11:49:24.545] [SRV] [2026-05-19 11:49:24.545] [error] [comfy-env] Version: 0.3.89
[2026-05-19 11:49:24.547] [SRV] [2026-05-19 11:49:24.547] [error] 
[2026-05-19 11:49:24.547] [SRV] 
[2026-05-19 11:49:24.897] [SRV] [2026-05-19 11:49:24.897] [info]  [comfy-env] Removed stale temp dir: C:\Users\stduser\AppData\Local\Temp\comfyui_pvenv_x0idq1a5
[2026-05-19 11:49:24.897] [SRV] 
[2026-05-19 11:49:25.303] [SRV] [2026-05-19 11:49:25.303] [error] [comfy-env] register_nodes: comfyui-cadabra
[2026-05-19 11:49:25.304] [SRV] [2026-05-19 11:49:25.304] [error] 
[2026-05-19 11:49:25.304] [SRV] 
[2026-05-19 11:49:25.307] [SRV] [2026-05-19 11:49:25.307] [error] [comfy-env] ComfyUI source dir: C:\Users\stduser\.comfy-test-cache\desktop\ComfyUI\resources\ComfyUI
[2026-05-19 11:49:25.308] [SRV] [2026-05-19 11:49:25.308] [error] 
[2026-05-19 11:49:25.308] [SRV] 
[2026-05-19 11:49:25.310] [SRV] [2026-05-19 11:49:25.310] [error] [comfy-env] Scanning nodes metadata (isolation root)...
[2026-05-19 11:49:25.311] [SRV] [2026-05-19 11:49:25.311] [error] 
[2026-05-19 11:49:25.311] [SRV] 
[2026-05-19 11:49:25.318] [SRV] [2026-05-19 11:49:25.318] [error] [comfy-env] Cache hit for nodes: 39 nodes
[2026-05-19 11:49:25.319] [SRV] [2026-05-19 11:49:25.319] [error] 
[2026-05-19 11:49:25.319] [SRV] [comfy-env] Scanned nodes root: 39 nodes (0.0s)
[2026-05-19 11:49:25.320] [SRV] [2026-05-19 11:49:25.320] [error] 
[2026-05-19 11:49:25.320] [SRV] 
[2026-05-19 11:49:25.322] [SRV] [2026-05-19 11:49:25.322] [error] [comfy-env] Imported nodes root: 39 nodes (isolation)
[2026-05-19 11:49:25.324] [SRV] [2026-05-19 11:49:25.324] [error] 
[2026-05-19 11:49:25.324] [SRV] 
[2026-05-19 11:49:25.325] [SRV] [2026-05-19 11:49:25.325] [error] [comfy-env] Registered 39 total nodes
[2026-05-19 11:49:25.327] [SRV] [2026-05-19 11:49:25.327] [error] 
[2026-05-19 11:49:25.327] [SRV] 
[2026-05-19 11:49:25.330] [SRV] [2026-05-19 11:49:25.330] [info]  loading...
[2026-05-19 11:49:25.330] [SRV] 
[2026-05-19 11:49:25.332] [SRV] [2026-05-19 11:49:25.332] [info]  calling register_nodes
[2026-05-19 11:49:25.332] [SRV] 
[2026-05-19 11:49:25.333] [SRV] [2026-05-19 11:49:25.333] [error] [comfy-env] Version: 0.3.89
[2026-05-19 11:49:25.334] [SRV] [2026-05-19 11:49:25.334] [error] 
[2026-05-19 11:49:25.334] [SRV] 
[2026-05-19 11:49:25.358] [SRV] [2026-05-19 11:49:25.358] [error] [comfy-env] register_nodes: ComfyUI-GeometryPack
[2026-05-19 11:49:25.360] [SRV] [2026-05-19 11:49:25.360] [error] 
[2026-05-19 11:49:25.360] [SRV] 
[2026-05-19 11:49:25.385] [SRV] [2026-05-19 11:49:25.385] [error] [comfy-env] ComfyUI source dir: C:\Users\stduser\.comfy-test-cache\desktop\ComfyUI\resources\ComfyUI
[2026-05-19 11:49:25.387] [SRV] [2026-05-19 11:49:25.387] [error] 
[2026-05-19 11:49:25.387] [SRV] 
[2026-05-19 11:49:25.390] [SRV] [2026-05-19 11:49:25.390] [error] [comfy-env] Scanning nodes metadata (isolation root)...
[2026-05-19 11:49:25.391] [SRV] [2026-05-19 11:49:25.391] [error] 
[2026-05-19 11:49:25.391] [SRV] 
[2026-05-19 11:49:25.439] [SRV] [2026-05-19 11:49:25.439] [error] [comfy-env] Cache hit for nodes: 125 nodes
[2026-05-19 11:49:25.441] [SRV] [2026-05-19 11:49:25.441] [error] 
[2026-05-19 11:49:25.441] [SRV] [comfy-env] Scanned nodes root: 125 nodes (0.0s)
[2026-05-19 11:49:25.443] [SRV] [2026-05-19 11:49:25.443] [error] 
[2026-05-19 11:49:25.443] [SRV] 
[2026-05-19 11:49:25.445] [SRV] [2026-05-19 11:49:25.445] [error] [comfy-env] Imported nodes root: 125 nodes (isolation)
[2026-05-19 11:49:25.446] [SRV] [2026-05-19 11:49:25.446] [error] 
[2026-05-19 11:49:25.446] [SRV] [comfy-env] Registered 125 total nodes
[2026-05-19 11:49:25.448] [SRV] [2026-05-19 11:49:25.448] [error] 
[2026-05-19 11:49:25.448] [SRV] 
[2026-05-19 11:49:25.473] [SRV] [2026-05-19 11:49:25.473] [info]  ComfyUI-Multiband loaded: 15 nodes registered
[2026-05-19 11:49:25.475] [SRV] [2026-05-19 11:49:25.475] [info]  
[2026-05-19 11:49:25.475] [SRV] 
[2026-05-19 11:49:25.482] [SRV] [2026-05-19 11:49:25.482] [info]  
[2026-05-19 11:49:25.482] [SRV] Import times for custom nodes:
[2026-05-19 11:49:25.482] [SRV] 
[2026-05-19 11:49:25.483] [SRV] [2026-05-19 11:49:25.483] [info]     0.0 seconds: C:\Users\stduser\.comfy-test-cache\desktop\ComfyUI\resources\ComfyUI\custom_nodes\websocket_image_save.py
[2026-05-19 11:49:25.483] [SRV]    0.0 seconds: C:\Users\stduser\Documents\ComfyUI\custom_nodes\ComfyUI-Multiband
[2026-05-19 11:49:25.483] [SRV]    0.1 seconds: C:\Users\stduser\Documents\ComfyUI\custom_nodes\ComfyUI-GeometryPack
[2026-05-19 11:49:25.483] [SRV]    0.8 seconds: C:\Users\stduser\Documents\ComfyUI\custom_nodes\comfyui-cadabra
[2026-05-19 11:49:25.483] [SRV] 
[2026-05-19 11:49:25.483] [SRV] 
[2026-05-19 11:49:25.489] [SRV] [2026-05-19 11:49:25.489] [info]  Context impl SQLiteImpl.
[2026-05-19 11:49:25.489] [SRV] 
[2026-05-19 11:49:25.490] [SRV] [2026-05-19 11:49:25.490] [info]  Will assume non-transactional DDL.
[2026-05-19 11:49:25.490] [SRV] 
[2026-05-19 11:49:25.498] [SRV] [2026-05-19 11:49:25.498] [error] Failed to initialize database. Please ensure you have installed the latest requirements. If the error persists, please report this as in future the database will be required: Could not acquire lock on database 'C:/Users/stduser/Documents/ComfyUI/user/comfyui.db'. Another ComfyUI process may already be using it. Use --database-url to specify a separate database file.
[2026-05-19 11:49:25.498] [SRV] 
[2026-05-19 11:49:25.840] [SRV] [2026-05-19 11:49:25.840] [info]  Starting server
[2026-05-19 11:49:25.840] [SRV] 
[2026-05-19 11:49:25.840] [SRV] 
[2026-05-19 11:49:25.841] [SRV] [2026-05-19 11:49:25.841] [info]  To see the GUI go to: http://127.0.0.1:8001
[2026-05-19 11:49:25.841] [SRV] 
[2026-05-19 11:49:28.109] [SRV] [2026-05-19 11:49:28.109] [info]  [ComfyUI-Manager] The ComfyRegistry cache update is still in progress, so an outdated cache is being used.
[2026-05-19 11:49:28.109] [SRV] 
[2026-05-19 11:49:28.260] [SRV] [2026-05-19 11:49:28.260] [info]  FETCH DATA from: C:\Users\stduser\Documents\ComfyUI\.venv\Lib\site-packages\comfyui_manager\custom-node-list.json
[2026-05-19 11:49:28.288] [SRV] [2026-05-19 11:49:28.288] [info]   [DONE]
[2026-05-19 11:49:28.288] [SRV] 
[2026-05-19 11:49:30.518] [SRV] [2026-05-19 11:49:30.518] [error] Exception in callback _ProactorBasePipeTransport._call_connection_lost(None)
[2026-05-19 11:49:30.518] [SRV] handle: <Handle _ProactorBasePipeTransport._call_connection_lost(None)>
[2026-05-19 11:49:30.518] [SRV] Traceback (most recent call last):
[2026-05-19 11:49:30.518] [SRV]   File "C:\Users\stduser\AppData\Roaming\uv\python\cpython-3.12.11-windows-x86_64-none\Lib\asyncio\events.py", line 88, in _run
[2026-05-19 11:49:30.518] [SRV]     self._context.run(self._callback, *self._args)
[2026-05-19 11:49:30.518] [SRV]   File "C:\Users\stduser\AppData\Roaming\uv\python\cpython-3.12.11-windows-x86_64-none\Lib\asyncio\proactor_events.py", line 165, in _call_connection_lost
[2026-05-19 11:49:30.518] [SRV]     self._sock.shutdown(socket.SHUT_RDWR)
[2026-05-19 11:49:30.518] [SRV] ConnectionResetError: [WinError 10054] An existing connection was forcibly closed by the remote host
[2026-05-19 11:49:30.518] [SRV] 
[2026-05-19 11:49:32.290] [SRV] [2026-05-19 11:49:32.290] [info]  [ComfyUI-Manager] The ComfyRegistry cache update is still in progress, so an outdated cache is being used.
[2026-05-19 11:49:32.290] [SRV] 
[2026-05-19 11:49:32.442] [SRV] [2026-05-19 11:49:32.442] [info]  FETCH DATA from: C:\Users\stduser\Documents\ComfyUI\.venv\Lib\site-packages\comfyui_manager\custom-node-list.json
[2026-05-19 11:49:32.474] [SRV] [2026-05-19 11:49:32.474] [info]   [DONE]
[2026-05-19 11:49:32.474] [SRV] 
[2026-05-19 11:49:52.919] [SRV] [2026-05-19 11:49:52.919] [info]  got prompt
[2026-05-19 11:49:52.919] [SRV] 
[2026-05-19 11:49:52.940] [SRV] [2026-05-19 11:49:52.940] [info]  [comfyui-cadabra] python: C:\Users\stduser\AppData\Local\Programs\comfy-env\.pixi\envs\cadabra-nodes\python.exe
[2026-05-19 11:49:52.941] [SRV] [2026-05-19 11:49:52.941] [info]  
[2026-05-19 11:49:52.941] [SRV] [comfyui-cadabra] sys_path sent to worker: ['C:\\Users\\stduser\\.comfy-test-cache\\desktop\\ComfyUI\\resources\\ComfyUI', 'C:\\Users\\stduser\\Documents\\ComfyUI\\custom_nodes\\comfyui-cadabra', 'C:\\Users\\stduser\\AppData\\Local\\Programs\\comfy-env\\.pixi\\envs\\cadabra-nodes\\Lib\\site-packages', 'C:\\Users\\stduser\\Documents\\ComfyUI\\custom_nodes\\comfyui-cadabra']
[2026-05-19 11:49:52.941] [SRV] 
[2026-05-19 11:49:56.164] [SRV] [2026-05-19 11:49:56.164] [error] [worker:comfyui-cadabra] ERROR: Failed to import comfy_kitchen, Error: No module named 'comfy_kitchen', fp8 and fp4 support will not be available.
[2026-05-19 11:49:56.164] [SRV] 
[2026-05-19 11:50:00.739] [SRV] [2026-05-19 11:50:00.739] [error] [comfyui-cadabra] Health check: ping (timeout=5.0s)...
[2026-05-19 11:50:00.739] [SRV] 
[2026-05-19 11:50:00.761] [SRV] [2026-05-19 11:50:00.761] [error] [comfyui-cadabra] Health check: ok
[2026-05-19 11:50:00.762] [SRV] [2026-05-19 11:50:00.762] [error] 
[2026-05-19 11:50:00.762] [SRV] 
[2026-05-19 11:50:01.361] [SRV] [2026-05-19 11:50:01.361] [error] [11:50:01] [CADabra] Starting: CAD Face Analysis(faces=236)
[2026-05-19 11:50:01.361] [SRV] 
[2026-05-19 11:50:01.364] [SRV] [2026-05-19 11:50:01.364] [error] [worker:comfyui-cadabra] INFO: Starting: CAD Face Analysis(faces=236)
[2026-05-19 11:50:01.364] [SRV] 
[2026-05-19 11:50:01.591] [SRV] [2026-05-19 11:50:01.591] [error] [11:50:01] [CADabra] Completed: CAD Face Analysis(faces=236) in 0.23s
[2026-05-19 11:50:01.591] [SRV] 
[2026-05-19 11:50:01.592] [SRV] [2026-05-19 11:50:01.592] [error] [worker:comfyui-cadabra] INFO: Completed: CAD Face Analysis(faces=236) in 0.23s
[2026-05-19 11:50:01.592] [SRV] 
[2026-05-19 11:50:01.634] [SRV] [2026-05-19 11:50:01.634] [error] [11:50:01] [CADabra] Starting: CAD Adjacency Graph(faces=236)
[2026-05-19 11:50:01.634] [SRV] 
[2026-05-19 11:50:01.635] [SRV] [2026-05-19 11:50:01.635] [error] [worker:comfyui-cadabra] INFO: Starting: CAD Adjacency Graph(faces=236)
[2026-05-19 11:50:01.635] [SRV] 
[2026-05-19 11:50:01.671] [SRV] [2026-05-19 11:50:01.671] [error] [11:50:01] [CADabra] Completed: CAD Adjacency Graph(faces=236) in 0.04s
[2026-05-19 11:50:01.671] [SRV] 
[2026-05-19 11:50:01.672] [SRV] [2026-05-19 11:50:01.672] [error] [worker:comfyui-cadabra] INFO: Completed: CAD Adjacency Graph(faces=236) in 0.04s
[2026-05-19 11:50:01.672] [SRV] 
[2026-05-19 11:50:10.130] [SRV] [2026-05-19 11:50:10.130] [error] [comfyui-cadabra] Health check: ping (timeout=5.0s)...
[2026-05-19 11:50:10.131] [SRV] [2026-05-19 11:50:10.131] [error] 
[2026-05-19 11:50:10.131] [SRV] 
[2026-05-19 11:50:10.141] [SRV] [2026-05-19 11:50:10.141] [error] [comfyui-cadabra] Health check: ok
[2026-05-19 11:50:10.142] [SRV] [2026-05-19 11:50:10.142] [error] 
[2026-05-19 11:50:10.142] [SRV] 
[2026-05-19 11:50:11.284] [SRV] [2026-05-19 11:50:11.284] [error] [comfyui-cadabra] Health check: ping (timeout=5.0s)...
[2026-05-19 11:50:11.284] [SRV] 
[2026-05-19 11:50:11.366] [SRV] [2026-05-19 11:50:11.366] [error] [comfyui-cadabra] Health check: ok
[2026-05-19 11:50:11.367] [SRV] [2026-05-19 11:50:11.367] [error] 
[2026-05-19 11:50:11.367] [SRV] 
[2026-05-19 11:50:12.122] [SRV] [2026-05-19 11:50:12.122] [error] [11:50:12] [CADabra] Starting: CAD Edge Analysis(edges=1122)
[2026-05-19 11:50:12.122] [SRV] 
[2026-05-19 11:50:12.124] [SRV] [2026-05-19 11:50:12.124] [error] [worker:comfyui-cadabra] INFO: Starting: CAD Edge Analysis(edges=1122)
[2026-05-19 11:50:12.124] [SRV] 
[2026-05-19 11:50:12.441] [SRV] [2026-05-19 11:50:12.441] [error] [11:50:12] [CADabra] Completed: CAD Edge Analysis(edges=1122) in 0.32s
[2026-05-19 11:50:12.441] [SRV] 
[2026-05-19 11:50:12.443] [SRV] [2026-05-19 11:50:12.443] [error] [worker:comfyui-cadabra] INFO: Completed: CAD Edge Analysis(edges=1122) in 0.32s
[2026-05-19 11:50:12.443] [SRV] 
[2026-05-19 11:50:13.465] [SRV] [2026-05-19 11:50:13.465] [error] [comfyui-cadabra] Health check: ping (timeout=5.0s)...
[2026-05-19 11:50:13.465] [SRV] 
[2026-05-19 11:50:13.538] [SRV] [2026-05-19 11:50:13.538] [error] [comfyui-cadabra] Health check: ok
[2026-05-19 11:50:13.538] [SRV] 
[2026-05-19 11:50:16.111] [SRV] [2026-05-19 11:50:16.111] [error] [comfyui-cadabra] Health check: ping (timeout=5.0s)...
[2026-05-19 11:50:16.111] [SRV] 
[2026-05-19 11:50:16.150] [SRV] [2026-05-19 11:50:16.150] [error] [comfyui-cadabra] Health check: ok
[2026-05-19 11:50:16.150] [SRV] 
[2026-05-19 11:50:18.600] [SRV] [2026-05-19 11:50:18.600] [info]  Prompt executed in 25.67 seconds
[2026-05-19 11:50:18.600] [SRV] 
[2026-05-19 11:51:23.118] [SRV] [2026-05-19 11:51:23.118] [info]  FETCH ComfyRegistry Data [DONE]
[2026-05-19 11:51:23.118] [SRV] 
[2026-05-19 11:52:39.925] [SRV] [2026-05-19 11:52:39.925] [info]  [ComfyUI-Manager] default cache updated: https://api.comfy.org/nodes
[2026-05-19 11:52:39.925] [SRV] 
[2026-05-19 11:52:53.449] [SRV] [2026-05-19 11:52:53.449] [info]  FETCH DATA from: C:\Users\stduser\Documents\ComfyUI\user\__manager\cache\1514988643_custom-node-list.json
[2026-05-19 11:52:55.693] [SRV] [2026-05-19 11:52:55.693] [info]   [DONE]
[2026-05-19 11:52:55.743] [SRV] [2026-05-19 11:52:55.743] [info]  
[2026-05-19 11:52:55.743] [SRV] 
[2026-05-19 11:53:11.883] [SRV] [2026-05-19 11:53:11.883] [info]  [ComfyUI-Manager] All startup tasks have been completed.
[2026-05-19 11:53:11.883] [SRV] 