  [ComfyUI] [32m[INFO][0m Using RAM pressure cache.
Capturing execution frames: cad_manipulation.json
  [ComfyUI] [32m[INFO][0m Using RAM pressure cache.
  Frame 1 saved (frame_000.jpg, t=0.0s)
  Validating workflow...
  [ComfyUI] [32m[INFO][0m === /validate endpoint called ===
  [ComfyUI] [32m[INFO][0m Received JSON with keys: ['prompt']
  [ComfyUI] [32m[INFO][0m Prompt has 7 nodes
  [ComfyUI] [32m[INFO][0m   Node 1: CAD_Load
  [ComfyUI] [32m[INFO][0m     Inputs: {"filename": "cad/spiral_wind_turbine.stp", "upload_progress": "", "\u2b06 upload / drop CAD": null}
  [ComfyUI] [32m[INFO][0m   Node 2: CADSplitComponents
  [ComfyUI] [32m[INFO][0m     Inputs: {"report_panel": "false", "cad_model": ["1", 0]}
  [ComfyUI] [32m[INFO][0m   Node 3: CADExtractFaces
  Queuing workflow for execution...
  [ComfyUI] [32m[INFO][0m     Inputs: {"face_numbers": "", "cad_model": ["2", 0]}
  [ComfyUI] [32m[INFO][0m   Node 5: PreviewCADOCC
  [ComfyUI] [32m[INFO][0m     Inputs: {"linear_deflection": 0.1, "angular_deflection": 0.5, "preview_occ": "", "cad_model": ["9", 0]}
  [ComfyUI] [32m[INFO][0m   Node 6: PreviewAny
  [ComfyUI] [32m[INFO][0m     Inputs: {"source": ["2", 3]}
  [ComfyUI] [32m[INFO][0m   Node 7: PreviewCADOCC
  [ComfyUI] [32m[INFO][0m     Inputs: {"linear_deflection": 0.1, "angular_deflection": 0.5, "preview_occ": "", "cad_model": ["1", 0]}
  [ComfyUI] [32m[INFO][0m   Node 9: CADProjectFaces2D
  [ComfyUI] [32m[INFO][0m     Inputs: {"plane": "XY", "plane_origin_x": 0, "plane_origin_y": 0, "plane_origin_z": 0, "plane_normal_x": 0, "plane_normal_y": 0, "plane_normal_z": 1, "cad_model": ["3", 0]}
  [ComfyUI] [32m[INFO][0m Generated prompt_id: 8baffd9b-ea55-4307-a587-bc83d247ad75
  [ComfyUI] [32m[INFO][0m Calling execution.validate_prompt()...
  [ComfyUI] [32m[INFO][0m Validation result: valid=True
  [ComfyUI] [32m[INFO][0m === Validation PASSED ===
  [ComfyUI] [32m[INFO][0m got prompt
  [ComfyUI] [comfy-env] Running CAD_Load: filename: 'cad/spiral_wind_turbine.stp'
  [ComfyUI] [SubprocessWorker] call_method: nodes.cad_nodes.CAD_Load.EXECUTE_NORMALIZED
  [ComfyUI] [SubprocessWorker] acquired lock, ensuring started...
  [ComfyUI] [ComfyUI-CADabra] Health check: ping (timeout=5.0s)...
  [ComfyUI] [ComfyUI-CADabra] Health check: ok
  [ComfyUI] [SubprocessWorker] worker started/confirmed
  [ComfyUI] [SubprocessWorker] serializing kwargs to shm...
  [ComfyUI] [SubprocessWorker] created 0 shm blocks
  [ComfyUI] [SubprocessWorker] sending request via socket...
  [ComfyUI] [SubprocessWorker] call_id=25 sending call_method
  [ComfyUI] [14:20:17] [CADabra]  Loading CAD file: spiral_wind_turbine.stp
  [ComfyUI] [worker:ComfyUI-CADabra] INFO:  Loading CAD file: spiral_wind_turbine.stp
  [ComfyUI] [14:20:17] [CADabra] Starting: STEP ReadFile(file=spiral_wind_turbine.stp)
  [ComfyUI] [worker:ComfyUI-CADabra] INFO: Starting: STEP ReadFile(file=spiral_wind_turbine.stp)
  [ComfyUI] [14:20:17] [CADabra] Completed: STEP ReadFile(file=spiral_wind_turbine.stp) in 0.02s
  [ComfyUI] [14:20:17] [CADabra] Starting: STEP TransferRoots(file=spiral_wind_turbine.stp)
  [ComfyUI] [worker:ComfyUI-CADabra] INFO: Completed: STEP ReadFile(file=spiral_wind_turbine.stp) in 0.02s
  [ComfyUI] [worker:ComfyUI-CADabra] INFO: Starting: STEP TransferRoots(file=spiral_wind_turbine.stp)
  [ComfyUI] [14:20:17] [CADabra] Completed: STEP TransferRoots(file=spiral_wind_turbine.stp) in 0.10s
  [ComfyUI] [worker:ComfyUI-CADabra] INFO: Completed: STEP TransferRoots(file=spiral_wind_turbine.stp) in 0.10s
  [ComfyUI] [14:20:17] [CADabra]  Cached to BREP: spiral_wind_turbine.stp
  [ComfyUI] [worker:ComfyUI-CADabra] INFO:  Cached to BREP: spiral_wind_turbine.stp
  [ComfyUI] [14:20:17] [CADabra]  Ready: spiral_wind_turbine.stp
  [ComfyUI] [worker:ComfyUI-CADabra] INFO:  Ready: spiral_wind_turbine.stp
  [ComfyUI] [SubprocessWorker] got response: ok
  [ComfyUI] [comfy-env] CAD_Load done (0.14s): result: NodeOutput
  [ComfyUI] [comfy-env] Running PreviewCADOCC: linear_deflection: 0.1, angular_deflection: 0.5, cad_model: dict
  [ComfyUI] [SubprocessWorker] call_method: nodes.cad_nodes.PreviewCADOCC.EXECUTE_NORMALIZED
  [ComfyUI] [SubprocessWorker] acquired lock, ensuring started...
  [ComfyUI] [ComfyUI-CADabra] Health check: ping (timeout=5.0s)...
  [ComfyUI] [ComfyUI-CADabra] Health check: ok
  [ComfyUI] [SubprocessWorker] worker started/confirmed
  [ComfyUI] [SubprocessWorker] serializing kwargs to shm...
  [ComfyUI] [SubprocessWorker] created 0 shm blocks
  [ComfyUI] [SubprocessWorker] sending request via socket...
  [ComfyUI] [SubprocessWorker] call_id=26 sending call_method
  [ComfyUI] [14:20:17] [CADabra]  Tessellating (linear: 0.1, angular: 0.5)
  [ComfyUI] [worker:ComfyUI-CADabra] INFO:  Tessellating (linear: 0.1, angular: 0.5)
  [ComfyUI] [14:20:17] [CADabra] Starting: BRepMesh(linear_deflection=0.1, angular_deflection=0.5)
  [ComfyUI] [worker:ComfyUI-CADabra] INFO: Starting: BRepMesh(linear_deflection=0.1, angular_deflection=0.5)
  [ComfyUI] [14:20:17] [CADabra] Completed: BRepMesh(linear_deflection=0.1, angular_deflection=0.5) in 0.08s
  [ComfyUI] [worker:ComfyUI-CADabra] INFO: Completed: BRepMesh(linear_deflection=0.1, angular_deflection=0.5) in 0.08s
  [ComfyUI] [14:20:17] [CADabra]  Mesh: 3369 vertices, 5474 triangles
  [ComfyUI] [worker:ComfyUI-CADabra] INFO:  Mesh: 3369 vertices, 5474 triangles
  [ComfyUI] [14:20:17] [CADabra]  Exported VTP: preview_445114ac.vtp (281,575 bytes)
  [ComfyUI] [worker:ComfyUI-CADabra] INFO:  Exported VTP: preview_445114ac.vtp (281,575 bytes)
  [ComfyUI] [14:20:17] [CADabra]  Entities: 1 volumes, 29 faces, 158 edges
  [ComfyUI] [worker:ComfyUI-CADabra] INFO:  Entities: 1 volumes, 29 faces, 158 edges
  [ComfyUI] [14:20:17] [CADabra]  Face types: {'BSpline': 15, 'Cylinder': 8, 'Plane': 3, 'Cone': 3}
  [ComfyUI] [worker:ComfyUI-CADabra] INFO:  Face types: {'BSpline': 15, 'Cylinder': 8, 'Plane': 3, 'Cone': 3}
  [ComfyUI] [14:20:17] [CADabra]  Edge types: {'BSpline': 124, 'Circle': 34}
  [ComfyUI] [worker:ComfyUI-CADabra] INFO:  Edge types: {'BSpline': 124, 'Circle': 34}
  [ComfyUI] [SubprocessWorker] got response: ok
  [ComfyUI] [comfy-env] PreviewCADOCC done (0.18s): result: NodeOutput
  [ComfyUI] [comfy-env] Running CADSplitComponents: cad_model: dict
  [ComfyUI] [SubprocessWorker] call_method: nodes.cad_utility_nodes.CADSplitComponents.EXECUTE_NORMALIZED
  [ComfyUI] [SubprocessWorker] acquired lock, ensuring started...
  [ComfyUI] [ComfyUI-CADabra] Health check: ping (timeout=5.0s)...
  [ComfyUI] [ComfyUI-CADabra] Health check: ok
  [ComfyUI] [SubprocessWorker] worker started/confirmed
  [ComfyUI] [SubprocessWorker] serializing kwargs to shm...
  [ComfyUI] [SubprocessWorker] created 0 shm blocks
  [ComfyUI] [SubprocessWorker] sending request via socket...
  [ComfyUI] [SubprocessWorker] call_id=27 sending call_method
  [ComfyUI] [SubprocessWorker] got response: ok
  [ComfyUI] [comfy-env] CADSplitComponents done (0.03s): result: NodeOutput
  [ComfyUI] [comfy-env] Running CADExtractFaces: face_numbers: '', cad_model: dict
  [ComfyUI] [SubprocessWorker] call_method: nodes.cad_utility_nodes.CADExtractFaces.EXECUTE_NORMALIZED
  [ComfyUI] [SubprocessWorker] acquired lock, ensuring started...
  [ComfyUI] [ComfyUI-CADabra] Health check: ping (timeout=5.0s)...
  [ComfyUI] [ComfyUI-CADabra] Health check: ok
  [ComfyUI] [SubprocessWorker] worker started/confirmed
  [ComfyUI] [SubprocessWorker] serializing kwargs to shm...
  [ComfyUI] [SubprocessWorker] created 0 shm blocks
  [ComfyUI] [SubprocessWorker] sending request via socket...
  [ComfyUI] [SubprocessWorker] call_id=28 sending call_method
  [ComfyUI] [SubprocessWorker] got response: ok
  [ComfyUI] [comfy-env] CADExtractFaces done (0.03s): result: NodeOutput
  [ComfyUI] [comfy-env] Running CADProjectFaces2D: plane: 'XY', plane_origin_x: 0.0, plane_origin_y: 0.0, plane_origin_z: 0.0, plane_normal_x: 0.0, plane_normal_y: 0.0, plane_normal_z: 1.0, cad_model: dict
  [ComfyUI] [SubprocessWorker] call_method: nodes.cad_project_faces.CADProjectFaces2D.EXECUTE_NORMALIZED
  [ComfyUI] [SubprocessWorker] acquired lock, ensuring started...
  [ComfyUI] [ComfyUI-CADabra] Health check: ping (timeout=5.0s)...
  [ComfyUI] [ComfyUI-CADabra] Health check: ok
  [ComfyUI] [SubprocessWorker] worker started/confirmed
  [ComfyUI] [SubprocessWorker] serializing kwargs to shm...
  [ComfyUI] [SubprocessWorker] created 0 shm blocks
  [ComfyUI] [SubprocessWorker] sending request via socket...
  [ComfyUI] [SubprocessWorker] call_id=29 sending call_method
  Node executed (1 total), capturing...
  Frame 2 saved (frame_001.jpg, t=0.8s)
  [capture-node] freeze=5ms shot=169ms unfreeze=9ms saved=True
  Node executed (2 total), capturing...
  Frame 3 saved (frame_002.jpg, t=1.3s)
  [capture-node] freeze=5ms shot=114ms unfreeze=3ms saved=True
  [ComfyUI] [SubprocessWorker] got response: ok
  [ComfyUI] [comfy-env] CADProjectFaces2D done (3.07s): result: NodeOutput
  [ComfyUI] [comfy-env] Running PreviewCADOCC: linear_deflection: 0.1, angular_deflection: 0.5, cad_model: dict
  [ComfyUI] [SubprocessWorker] call_method: nodes.cad_nodes.PreviewCADOCC.EXECUTE_NORMALIZED
  [ComfyUI] [SubprocessWorker] acquired lock, ensuring started...
  [ComfyUI] [ComfyUI-CADabra] Health check: ping (timeout=5.0s)...
  [ComfyUI] [ComfyUI-CADabra] Health check: ok
  [ComfyUI] [SubprocessWorker] worker started/confirmed
  [ComfyUI] [SubprocessWorker] serializing kwargs to shm...
  [ComfyUI] [SubprocessWorker] created 0 shm blocks
  [ComfyUI] [SubprocessWorker] sending request via socket...
  [ComfyUI] [SubprocessWorker] call_id=30 sending call_method
  [ComfyUI] [14:20:21] [CADabra]  Tessellating (linear: 0.1, angular: 0.5)
  [ComfyUI] [worker:ComfyUI-CADabra] INFO:  Tessellating (linear: 0.1, angular: 0.5)
  [ComfyUI] [14:20:21] [CADabra] Starting: BRepMesh(linear_deflection=0.1, angular_deflection=0.5)
  [ComfyUI] [worker:ComfyUI-CADabra] INFO: Starting: BRepMesh(linear_deflection=0.1, angular_deflection=0.5)
  [ComfyUI] [14:20:21] [CADabra] Completed: BRepMesh(linear_deflection=0.1, angular_deflection=0.5) in 0.13s
  [ComfyUI] [worker:ComfyUI-CADabra] INFO: Completed: BRepMesh(linear_deflection=0.1, angular_deflection=0.5) in 0.13s
  [ComfyUI] [14:20:21] [CADabra]  Mesh: 984 vertices, 935 triangles
  [ComfyUI] [worker:ComfyUI-CADabra] INFO:  Mesh: 984 vertices, 935 triangles
  [ComfyUI] [14:20:21] [CADabra]  Exported VTP: preview_0da1530b.vtp (54,959 bytes)
  [ComfyUI] [worker:ComfyUI-CADabra] INFO:  Exported VTP: preview_0da1530b.vtp (54,959 bytes)
  [ComfyUI] [14:20:21] [CADabra]  Entities: 0 volumes, 29 faces, 152 edges
  [ComfyUI] [worker:ComfyUI-CADabra] INFO:  Entities: 0 volumes, 29 faces, 152 edges
  [ComfyUI] [14:20:21] [CADabra]  Face types: {'Plane': 29}
  [ComfyUI] [worker:ComfyUI-CADabra] INFO:  Face types: {'Plane': 29}
  [ComfyUI] [14:20:21] [CADabra]  Edge types: {'BSpline': 123, 'Circle': 29}
  [ComfyUI] [worker:ComfyUI-CADabra] INFO:  Edge types: {'BSpline': 123, 'Circle': 29}
  [ComfyUI] [SubprocessWorker] got response: ok
  [ComfyUI] [comfy-env] PreviewCADOCC done (0.21s): result: NodeOutput
  [ComfyUI] [32m[INFO][0m [32mPrompt executed in 3.69 seconds[0m
  Node executed (3 total), capturing...
  Frame 4 saved (frame_003.jpg, t=4.2s)
  [capture-node] freeze=3ms shot=130ms unfreeze=0ms saved=True
  Execution complete (t=4.2s)
  Captured 4 unique frames over 4.33s
  [debug] iframes: 2
  [debug]   iframe[0]: src=http://127.0.0.1:41883/extensions/ComfyUI-CADabra/viewer_cad_analysis.html?v=178, canvas=374x498, rafFrozen=True
  [debug]   iframe[1]: src=http://127.0.0.1:41883/extensions/ComfyUI-CADabra/viewer_cad_analysis.html?v=178, canvas=274x498, rafFrozen=True
  [timing] trigger_3d_previews: 0.0s
  Saved high-quality screenshot: cad_manipulation_executed.png
  [timing] final_screenshot: 0.3s
    Captured 5 video frames