  [ComfyUI] [32m[INFO][0m Using RAM pressure cache.
Capturing execution frames: cad_curvature.json
  [ComfyUI] [32m[INFO][0m Using RAM pressure cache.
  Frame 1 saved (frame_000.jpg, t=0.0s)
  Validating workflow...
  [ComfyUI] [32m[INFO][0m === /validate endpoint called ===
  [ComfyUI] [32m[INFO][0m Received JSON with keys: ['prompt']
  [ComfyUI] [32m[INFO][0m Prompt has 3 nodes
  [ComfyUI] [32m[INFO][0m   Node 1: CADCurvature
  [ComfyUI] [32m[INFO][0m     Inputs: {"linear_deflection": 0.1, "angular_deflection": 0.5, "clamp_percentile": 1, "report_panel": "false", "cad_model": ["2", 0]}
  [ComfyUI] [32m[INFO][0m   Node 2: CAD_Load
  [ComfyUI] [32m[INFO][0m     Inputs: {"filename": "cad/bellow_pipe.igs", "upload_progress": "", "\u2b06 upload / drop CAD": null}
  [ComfyUI] [32m[INFO][0m   Node 3: GeomPackPreviewMeshVTK
  [ComfyUI] [32m[INFO][0m     Inputs: {"mode": "fields", "preview_vtk": "{\"show_edges\":false,\"camera_state\":\"{\\\"position\\\":[267.26856544618295,617.9505428937902,405.1677269875274],\\\"focalPoint\\\":[0,0,125],\\\"viewUp\\\":[0.03
  [ComfyUI] [32m[INFO][0m Generated prompt_id: 2c0d8664-172e-4a5d-819f-f1d309db799b
  [ComfyUI] [32m[INFO][0m Calling execution.validate_prompt()...
  [ComfyUI] [32m[INFO][0m Validation result: valid=True
  [ComfyUI] [32m[INFO][0m === Validation PASSED ===
  Queuing workflow for execution...
  [ComfyUI] [32m[INFO][0m got prompt
  [ComfyUI] [comfy-env] Running CAD_Load: filename: 'cad/bellow_pipe.igs'
  [ComfyUI] [SubprocessWorker] call_method: nodes.cad_nodes.CAD_Load.EXECUTE_NORMALIZED
  [ComfyUI] [SubprocessWorker] acquired lock, ensuring started...
  [ComfyUI] [ComfyUI-CADabra] Health check: ping (timeout=5.0s)...
  [ComfyUI] [ComfyUI-CADabra] Health check: ok
  [ComfyUI] [SubprocessWorker] worker started/confirmed
  [ComfyUI] [SubprocessWorker] serializing kwargs to shm...
  [ComfyUI] [SubprocessWorker] created 0 shm blocks
  [ComfyUI] [SubprocessWorker] sending request via socket...
  [ComfyUI] [SubprocessWorker] call_id=7 sending call_method
  [ComfyUI] [14:18:40] [CADabra]  Using cache: bellow_pipe.igs
  [ComfyUI] [worker:ComfyUI-CADabra] INFO:  Using cache: bellow_pipe.igs
  [ComfyUI] [14:18:40] [CADabra]  Ready: bellow_pipe.igs
  [ComfyUI] [worker:ComfyUI-CADabra] INFO:  Ready: bellow_pipe.igs
  [ComfyUI] [SubprocessWorker] got response: ok
  [ComfyUI] [comfy-env] CAD_Load done (0.05s): result: NodeOutput
  [ComfyUI] [comfy-env] Running CADCurvature: linear_deflection: 0.1, angular_deflection: 0.5, clamp_percentile: 1.0, cad_model: dict
  [ComfyUI] [SubprocessWorker] call_method: nodes.cad_curvature_viewer_node.CADCurvature.EXECUTE_NORMALIZED
  [ComfyUI] [SubprocessWorker] acquired lock, ensuring started...
  [ComfyUI] [ComfyUI-CADabra] Health check: ping (timeout=5.0s)...
  [ComfyUI] [ComfyUI-CADabra] Health check: ok
  [ComfyUI] [SubprocessWorker] worker started/confirmed
  [ComfyUI] [SubprocessWorker] serializing kwargs to shm...
  [ComfyUI] [SubprocessWorker] created 0 shm blocks
  [ComfyUI] [SubprocessWorker] sending request via socket...
  [ComfyUI] [SubprocessWorker] call_id=8 sending call_method
  [ComfyUI] [14:18:40] [CADabra] [CADCurvature] Processing 236 faces
  [ComfyUI] [worker:ComfyUI-CADabra] INFO: [CADCurvature] Processing 236 faces
  [ComfyUI] [14:18:40] [CADabra] [CADCurvature] Tessellating with deflection=0.1
  [ComfyUI] [worker:ComfyUI-CADabra] INFO: [CADCurvature] Tessellating with deflection=0.1
  Frame 2 saved (frame_001.jpg, t=2.3s)
  [capture-periodic] freeze=3ms shot=190ms unfreeze=13ms saved=True
  Frame 3 saved (frame_002.jpg, t=4.6s)
  [capture-periodic] freeze=5ms shot=148ms unfreeze=6ms saved=True
  [capture-loop] iter=50 t=6.6s state={'complete': False, 'error': None, 'executedCount': 0, 'wsState': 1} eval_ms=5 ram=3.7/7.0GB (61%) swap=0.0/0.0GB (0%) cpu=96% browser_rss=0.83GB
  [ComfyUI] [14:18:51] [CADabra] [CADCurvature] Processed 186234 vertices, 335434 triangles
  [ComfyUI] [14:18:51] [CADabra] [CADCurvature] Undefined curvature at 0 vertices
  [ComfyUI] [worker:ComfyUI-CADabra] INFO: [CADCurvature] Processed 186234 vertices, 335434 triangles
  [ComfyUI] [worker:ComfyUI-CADabra] INFO: [CADCurvature] Undefined curvature at 0 vertices
  [ComfyUI] [14:18:51] [CADabra] [CADCurvature] Output TRIMESH with vertex_attributes: ['gaussian', 'mean', 'min_curvature', 'max_curvature', 'face_id']
  [ComfyUI] [worker:ComfyUI-CADabra] INFO: [CADCurvature] Output TRIMESH with vertex_attributes: ['gaussian', 'mean', 'min_curvature', 'max_curvature', 'face_id']
  [ComfyUI] [SubprocessWorker] got response: ok
  [capture-loop] iter=100 t=12.9s state={'complete': False, 'error': None, 'executedCount': 0, 'wsState': 1} eval_ms=4 ram=3.7/7.0GB (61%) swap=0.0/0.0GB (0%) cpu=96% browser_rss=0.74GB
  [ComfyUI] [comfy-env] CADCurvature done (14.31s): result: NodeOutput
  [ComfyUI] [comfy-env] Running GeomPackPreviewMeshVTK: mode: 'fields', trimesh: Trimesh
  [ComfyUI] [comfy-env] SubprocessWorker: /Users/runner/.ce/envs/geometrypack-nodes/.pixi/envs/default/bin/python
  [ComfyUI] [comfy-env] env_vars: {'KMP_DUPLICATE_LIB_OK': 'TRUE', 'OMP_NUM_THREADS': '1', 'COMFYUI_BASE': '/Users/runner/work/comfy-ci/comfy-ci/test_workspaces/CADabra-1413/ComfyUI'}
  [ComfyUI] [SubprocessWorker] call_method: nodes.visualization.preview_mesh_vtk.PreviewMeshVTKNode.EXECUTE_NORMALIZED
  [ComfyUI] [SubprocessWorker] acquired lock, ensuring started...
  [ComfyUI] [ComfyUI-GeometryPack] python: /Users/runner/.ce/envs/geometrypack-nodes/.pixi/envs/default/bin/python
  [ComfyUI] [ComfyUI-GeometryPack] sys_path sent to worker: ['/Users/runner/work/comfy-ci/comfy-ci/test_workspaces/CADabra-1413/ComfyUI', '/Users/runner/work/comfy-ci/comfy-ci/test_workspaces/CADabra-1413/ComfyUI/custom_nodes/ComfyUI-GeometryPack', '/Users/runner/.ce/envs/geometrypack-nodes/.pixi/envs/default/lib/python3.11/site-packages', '/Users/runner/work/comfy-ci/comfy-ci/test_workspaces/CADabra-1413/ComfyUI/custom_nodes/ComfyUI-GeometryPack']
  [ComfyUI] [SubprocessWorker] is_pixi=True, python=/Users/runner/.ce/envs/geometrypack-nodes/.pixi/envs/default/bin/python
  [ComfyUI] [SubprocessWorker] launching cmd=['/Users/runner/.pixi/bin/pixi', 'run', '--as-is', '--manifest-path', '/Users/runner/.ce/envs/geometrypack-nodes/pixi.toml', '-e', 'default', 'python', '/var/folders/df/djsxfhc17x95674wsm_g8s980000gn/T/comfyui_pvenv_r3wpr7d7/persistent_worker.py', 'unix:///var/folders/df/djsxfhc17x95674wsm_g8s980000gn/T/comfy_worker_9d3e83bd3edc.sock']...
  [ComfyUI] [SubprocessWorker] socket_addr=unix:///var/folders/df/djsxfhc17x95674wsm_g8s980000gn/T/comfy_worker_9d3e83bd3edc.sock exists=True
  Frame 4 saved (frame_003.jpg, t=16.0s)
  [capture-periodic] freeze=5ms shot=178ms unfreeze=6ms saved=True
  [ComfyUI] [worker:ComfyUI-GeometryPack] ERROR: Failed to import comfy_kitchen, Error: No module named 'comfy_kitchen', fp8 and fp4 support will not be available.
  [ComfyUI] [worker:ComfyUI-GeometryPack] WARNING: comfy_kitchen does not support stochastic FP8 rounding, please update comfy_kitchen.
  Frame 5 saved (frame_004.jpg, t=18.3s)
  [capture-periodic] freeze=6ms shot=140ms unfreeze=5ms saved=True
  [ComfyUI] [SubprocessWorker] worker started/confirmed
  [ComfyUI] [SubprocessWorker] serializing kwargs to shm...
  [ComfyUI] [SubprocessWorker] created 1 shm blocks
  [ComfyUI] [SubprocessWorker] sending request via socket...
  [ComfyUI] [SubprocessWorker] call_id=1 sending call_method
  [capture-loop] iter=150 t=19.2s state={'complete': False, 'error': None, 'executedCount': 0, 'wsState': 1} eval_ms=4 ram=3.7/7.0GB (62%) swap=0.0/0.0GB (0%) cpu=60% browser_rss=0.73GB
  [ComfyUI] [worker:ComfyUI-GeometryPack] INFO: Preparing preview: Mesh - 186234 vertices, 335434 faces
  [ComfyUI] [worker:ComfyUI-GeometryPack] INFO: Mode: fields
  [ComfyUI] [worker:ComfyUI-GeometryPack] INFO: Visual data - has_visual: True, kind: None, texture: False, vertex_colors: False
  [ComfyUI] [worker:ComfyUI-GeometryPack] INFO: Using fields mode - VTP export
  [ComfyUI] [worker:ComfyUI-GeometryPack] INFO: Exporting mesh to VTP: /Users/runner/work/comfy-ci/comfy-ci/test_workspaces/CADabra-1413/ComfyUI/output/preview_vtk_b076fd0c.vtp
  [ComfyUI] [worker:ComfyUI-GeometryPack] INFO: Adding normals field (186234 vertices)
  [ComfyUI] [worker:ComfyUI-GeometryPack] INFO: Adding scalar field: gaussian (components: 1)
  [ComfyUI] [worker:ComfyUI-GeometryPack] INFO: Adding scalar field: mean (components: 1)
  [ComfyUI] [worker:ComfyUI-GeometryPack] INFO: Adding scalar field: min_curvature (components: 1)
  [ComfyUI] [worker:ComfyUI-GeometryPack] INFO: Adding scalar field: max_curvature (components: 1)
  [ComfyUI] [worker:ComfyUI-GeometryPack] INFO: Adding scalar field: face_id (components: 1)
  Frame 6 saved (frame_005.jpg, t=25.6s)
  [capture-periodic] freeze=238ms shot=1260ms unfreeze=12ms saved=True
  [ComfyUI] [worker:ComfyUI-GeometryPack] INFO: Export complete: 186234 vertices, 335434 faces
  [ComfyUI] [worker:ComfyUI-GeometryPack] INFO: Exported VTP to: /Users/runner/work/comfy-ci/comfy-ci/test_workspaces/CADabra-1413/ComfyUI/output/preview_vtk_b076fd0c.vtp
  [capture-loop] iter=200 t=27.8s state={'complete': False, 'error': None, 'executedCount': 0, 'wsState': 1} eval_ms=6 ram=3.7/7.0GB (63%) swap=0.0/0.0GB (0%) cpu=83% browser_rss=0.63GB
  [ComfyUI] [worker:ComfyUI-GeometryPack] INFO: Vertex attributes: ['gaussian', 'mean', 'min_curvature', 'max_curvature', 'face_id']
  [ComfyUI] [worker:ComfyUI-GeometryPack] INFO: Fields mode info: watertight=False, volume=None, area=550738.4474291827, fields=['gaussian', 'mean', 'min_curvature', 'max_curvature', 'face_id']
  [ComfyUI] [SubprocessWorker] got response: ok
  [ComfyUI] [comfy-env] GeomPackPreviewMeshVTK done (13.25s): result: NodeOutput
  [ComfyUI] [32m[INFO][0m [32mPrompt executed in 27.69 seconds[0m
  Node executed (1 total), capturing...
  Frame 7 saved (frame_006.jpg, t=28.3s)
  [capture-node] freeze=6ms shot=149ms unfreeze=13ms saved=True
  Execution complete (t=28.7s)
  Captured 7 unique frames over 28.66s
  [debug] iframes: 1
  [debug]   iframe[0]: src=http://127.0.0.1:41883/extensions/ComfyUI-GeometryPack/viewer_vtk.html?v=1785507, canvas=488x318, rafFrozen=False
  [timing] trigger_3d_previews: 0.0s
  Saved high-quality screenshot: cad_curvature_executed.png
  [timing] final_screenshot: 2.3s
    Captured 8 video frames