  [ComfyUI] [32m[INFO][0m Using RAM pressure cache.
Capturing execution frames: cad_fix_degenerate_faces.json
  [ComfyUI] [32m[INFO][0m Using RAM pressure cache.
  Frame 1 saved (frame_000.jpg, t=0.0s)
  Validating workflow...
  [ComfyUI] [32m[INFO][0m === /validate endpoint called ===
  [ComfyUI] [32m[INFO][0m Received JSON with keys: ['prompt']
  [ComfyUI] [32m[INFO][0m Prompt has 7 nodes
  [ComfyUI] [32m[INFO][0m   Node 2: CADFixDegenerateFaces
  [ComfyUI] [32m[INFO][0m     Inputs: {"iterations": 5, "max_degree": 8, "sew_tolerance": 0.001, "execution_mode": "single_core", "report_panel": "false", "cad_model": ["5", 0]}
  [ComfyUI] [32m[INFO][0m   Node 3: CADDetectFreeEdges
  [ComfyUI] [32m[INFO][0m     Inputs: {"cad_model": ["5", 0]}
  [ComfyUI] [32m[INFO][0m   Node 5: CAD_Load
  [ComfyUI] [32m[INFO][0m     Inputs: {"filename": "cad/S23_phone.STEP", "upload_progress": "", "\u2b06 upload / drop CAD": null}
  [ComfyUI] [32m[INFO][0m   Node 6: PreviewAny
  [ComfyUI] [32m[INFO][0m     Inputs: {"source": ["3", 2]}
  [ComfyUI] [32m[INFO][0m   Node 7: PreviewAny
  [ComfyUI] [32m[INFO][0m     Inputs: {"source": ["9", 2]}
  [ComfyUI] [32m[INFO][0m   Node 8: PreviewCADOCC
  [ComfyUI] [32m[INFO][0m     Inputs: {"linear_deflection": 0.1, "angular_deflection": 0.5, "preview_occ": "", "cad_model": ["2", 0]}
  [ComfyUI] [32m[INFO][0m   Node 9: CADDetectDegenerateFaces
  [ComfyUI] [32m[INFO][0m     Inputs: {"cad_model": ["5", 0]}
  [ComfyUI] [32m[INFO][0m Generated prompt_id: 2d526c04-3ca0-46fa-ac8e-14907795e80e
  [ComfyUI] [32m[INFO][0m Calling execution.validate_prompt()...
  [ComfyUI] [32m[INFO][0m Validation result: valid=True
  [ComfyUI] [32m[INFO][0m === Validation PASSED ===
  Queuing workflow for execution...
  [ComfyUI] [32m[INFO][0m got prompt
  [ComfyUI] [comfy-env] Running CAD_Load: filename: 'cad/S23_phone.STEP'
  [ComfyUI] [SubprocessWorker] call_method: nodes.cad_nodes.CAD_Load.EXECUTE_NORMALIZED
  [ComfyUI] [SubprocessWorker] acquired lock, ensuring started...
  [ComfyUI] [ComfyUI-CADabra] Health check: ping (timeout=5.0s)...
  [ComfyUI] [ComfyUI-CADabra] Health check: failed
  [ComfyUI] [ComfyUI-CADabra] Socket unhealthy, restarting worker...
  [ComfyUI] [ComfyUI-CADabra] python: /Users/runner/.ce/envs/cadabra-nodes/.pixi/envs/default/bin/python
  [ComfyUI] [ComfyUI-CADabra] sys_path sent to worker: ['/Users/runner/work/comfy-ci/comfy-ci/test_workspaces/CADabra-1413/ComfyUI', '/Users/runner/work/comfy-ci/comfy-ci/test_workspaces/CADabra-1413/ComfyUI/custom_nodes/ComfyUI-CADabra', '/Users/runner/.ce/envs/cadabra-nodes/.pixi/envs/default/lib/python3.1/site-packages', '/Users/runner/work/comfy-ci/comfy-ci/test_workspaces/CADabra-1413/ComfyUI/custom_nodes/ComfyUI-CADabra']
  [ComfyUI] [SubprocessWorker] is_pixi=True, python=/Users/runner/.ce/envs/cadabra-nodes/.pixi/envs/default/bin/python
  [ComfyUI] [SubprocessWorker] launching cmd=['/Users/runner/.pixi/bin/pixi', 'run', '--as-is', '--manifest-path', '/Users/runner/.ce/envs/cadabra-nodes/pixi.toml', '-e', 'default', 'python', '/var/folders/df/djsxfhc17x95674wsm_g8s980000gn/T/comfyui_pvenv_2ok3irew/persistent_worker.py', 'unix:///var/folders/df/djsxfhc17x95674wsm_g8s980000gn/T/comfy_worker_e18e80fad671.sock']...
  [ComfyUI] [SubprocessWorker] socket_addr=unix:///var/folders/df/djsxfhc17x95674wsm_g8s980000gn/T/comfy_worker_e18e80fad671.sock exists=True
  [ComfyUI] Traceback (most recent call last):
  [ComfyUI]   File "/var/folders/df/djsxfhc17x95674wsm_g8s980000gn/T/comfyui_pvenv_2ok3irew/persistent_worker.py", line 1812, in <module>
  [ComfyUI]     main()
  [ComfyUI]   File "/var/folders/df/djsxfhc17x95674wsm_g8s980000gn/T/comfyui_pvenv_2ok3irew/persistent_worker.py", line 1672, in main
  [ComfyUI]     transport.send({"status": "pong", "call_id": _current_call_id})
  [ComfyUI]   File "/var/folders/df/djsxfhc17x95674wsm_g8s980000gn/T/comfyui_pvenv_2ok3irew/persistent_worker.py", line 1075, in send
  [ComfyUI]     self._sock.sendall(msg)
  [ComfyUI] BrokenPipeError: [Errno 32] Broken pipe
  Frame 2 saved (frame_001.jpg, t=2.3s)
  [capture-periodic] freeze=8ms shot=216ms unfreeze=9ms saved=True
  [ComfyUI] /Users/runner/.ce/envs/cadabra-nodes/.pixi/envs/default/lib/python3.12/multiprocessing/resource_tracker.py:279: UserWarning: resource_tracker: There appear to be 1 leaked shared_memory objects to clean up at shutdown
  [ComfyUI]   warnings.warn('resource_tracker: There appear to be %d '
  [ComfyUI] /Users/runner/.ce/envs/cadabra-nodes/.pixi/envs/default/lib/python3.12/multiprocessing/resource_tracker.py:292: UserWarning: resource_tracker: '/psm_8c30494a': [Errno 2] No such file or directory: '/psm_8c30494a'
  [ComfyUI]   warnings.warn('resource_tracker: %r: %s' % (name, e))
  [ComfyUI] [SubprocessWorker] worker started/confirmed
  [ComfyUI] [SubprocessWorker] serializing kwargs to shm...
  [ComfyUI] [SubprocessWorker] created 0 shm blocks
  [ComfyUI] [SubprocessWorker] sending request via socket...
  [ComfyUI] [SubprocessWorker] call_id=9 sending call_method
  Frame 3 saved (frame_002.jpg, t=4.7s)
  [capture-periodic] freeze=6ms shot=202ms unfreeze=8ms saved=True
  [capture-loop] iter=50 t=6.6s state={'complete': False, 'error': None, 'executedCount': 0, 'wsState': 1} eval_ms=10 ram=3.3/7.0GB (57%) swap=0.0/0.0GB (0%) cpu=92% browser_rss=0.86GB
  [capture-loop] iter=100 t=12.9s state={'complete': False, 'error': None, 'executedCount': 0, 'wsState': 1} eval_ms=3 ram=3.5/7.0GB (60%) swap=0.0/0.0GB (0%) cpu=78% browser_rss=0.79GB
  [ComfyUI] [14:19:40] [CADabra]  Loading CAD file: S23_phone.STEP
  [ComfyUI] [worker:ComfyUI-CADabra] INFO:  Loading CAD file: S23_phone.STEP
  [ComfyUI] [14:19:42] [CADabra] Starting: STEP ReadFile(file=S23_phone.STEP)
  [ComfyUI] [worker:ComfyUI-CADabra] INFO: Starting: STEP ReadFile(file=S23_phone.STEP)
  [ComfyUI] [14:19:42] [CADabra] Completed: STEP ReadFile(file=S23_phone.STEP) in 0.04s
  [ComfyUI] [worker:ComfyUI-CADabra] INFO: Completed: STEP ReadFile(file=S23_phone.STEP) in 0.04s
  [ComfyUI] [14:19:42] [CADabra] Starting: STEP TransferRoots(file=S23_phone.STEP)
  [ComfyUI] [worker:ComfyUI-CADabra] INFO: Starting: STEP TransferRoots(file=S23_phone.STEP)
  [ComfyUI] [14:19:42] [CADabra] Completed: STEP TransferRoots(file=S23_phone.STEP) in 0.11s
  [ComfyUI] [worker:ComfyUI-CADabra] INFO: Completed: STEP TransferRoots(file=S23_phone.STEP) in 0.11s
  [ComfyUI] [14:19:42] [CADabra]  Cached to BREP: S23_phone.STEP
  [ComfyUI] [worker:ComfyUI-CADabra] INFO:  Cached to BREP: S23_phone.STEP
  [ComfyUI] [14:19:42] [CADabra]  Ready: S23_phone.STEP
  [ComfyUI] [worker:ComfyUI-CADabra] INFO:  Ready: S23_phone.STEP
  [ComfyUI] [SubprocessWorker] got response: ok
  [ComfyUI] [comfy-env] CAD_Load done (18.54s): result: NodeOutput
  [capture-loop] iter=150 t=18.8s state={'complete': False, 'error': None, 'executedCount': 0, 'wsState': 1} eval_ms=6 ram=3.7/7.0GB (62%) swap=0.0/0.0GB (0%) cpu=65% browser_rss=0.80GB
  [ComfyUI] [comfy-env] Running CADFixDegenerateFaces: iterations: list[1], max_degree: list[1], sew_tolerance: list[1], cad_model: list[1], execution_mode: dict
  [ComfyUI] [SubprocessWorker] call_method: nodes.cad_utility_nodes.CADFixDegenerateFaces.EXECUTE_NORMALIZED
  [ComfyUI] [SubprocessWorker] acquired lock, ensuring started...
  [ComfyUI] [ComfyUI-CADabra] Health check: ping (timeout=5.0s)...
  [ComfyUI] [ComfyUI-CADabra] Health check: ok
  [ComfyUI] [SubprocessWorker] worker started/confirmed
  [ComfyUI] [SubprocessWorker] serializing kwargs to shm...
  [ComfyUI] [SubprocessWorker] created 0 shm blocks
  [ComfyUI] [SubprocessWorker] sending request via socket...
  [ComfyUI] [SubprocessWorker] call_id=10 sending call_method
  [ComfyUI] [SubprocessWorker] got response: ok
  [ComfyUI] [comfy-env] CADFixDegenerateFaces done (0.07s): result: NodeOutput
  [ComfyUI] [comfy-env] Running PreviewCADOCC: linear_deflection: 0.1, angular_deflection: 0.5, cad_model: dict
  [ComfyUI] [SubprocessWorker] call_method: nodes.cad_nodes.PreviewCADOCC.EXECUTE_NORMALIZED
  [ComfyUI] [SubprocessWorker] acquired lock, ensuring started...
  [ComfyUI] [ComfyUI-CADabra] Health check: ping (timeout=5.0s)...
  [ComfyUI] [ComfyUI-CADabra] Health check: ok
  [ComfyUI] [SubprocessWorker] worker started/confirmed
  [ComfyUI] [SubprocessWorker] serializing kwargs to shm...
  [ComfyUI] [SubprocessWorker] created 0 shm blocks
  [ComfyUI] [SubprocessWorker] sending request via socket...
  [ComfyUI] [SubprocessWorker] call_id=11 sending call_method
  [ComfyUI] [14:19:42] [CADabra]  Tessellating (linear: 0.1, angular: 0.5)
  [ComfyUI] [worker:ComfyUI-CADabra] INFO:  Tessellating (linear: 0.1, angular: 0.5)
  [ComfyUI] [14:19:42] [CADabra] Starting: BRepMesh(linear_deflection=0.1, angular_deflection=0.5)
  [ComfyUI] [worker:ComfyUI-CADabra] INFO: Starting: BRepMesh(linear_deflection=0.1, angular_deflection=0.5)
  [ComfyUI] [14:19:42] [CADabra] Completed: BRepMesh(linear_deflection=0.1, angular_deflection=0.5) in 0.23s
  [ComfyUI] [worker:ComfyUI-CADabra] INFO: Completed: BRepMesh(linear_deflection=0.1, angular_deflection=0.5) in 0.23s
  [ComfyUI] [14:19:42] [CADabra]  Mesh: 6298 vertices, 7802 triangles
  [ComfyUI] [worker:ComfyUI-CADabra] INFO:  Mesh: 6298 vertices, 7802 triangles
  [ComfyUI] [14:19:43] [CADabra]  Exported VTP: preview_6c8d9fd3.vtp (447,379 bytes)
  [ComfyUI] [worker:ComfyUI-CADabra] INFO:  Exported VTP: preview_6c8d9fd3.vtp (447,379 bytes)
  [ComfyUI] [14:19:43] [CADabra]  Entities: 0 volumes, 176 faces, 822 edges
  [ComfyUI] [worker:ComfyUI-CADabra] INFO:  Entities: 0 volumes, 176 faces, 822 edges
  [ComfyUI] [14:19:43] [CADabra]  Face types: {'Cylinder': 84, 'Torus': 24, 'Plane': 68}
  [ComfyUI] [worker:ComfyUI-CADabra] INFO:  Face types: {'Cylinder': 84, 'Torus': 24, 'Plane': 68}
  [ComfyUI] [14:19:43] [CADabra]  Edge types: {'Line': 366, 'Circle': 416, 'BSpline': 40}
  [ComfyUI] [worker:ComfyUI-CADabra] INFO:  Edge types: {'Line': 366, 'Circle': 416, 'BSpline': 40}
  [ComfyUI] [SubprocessWorker] got response: ok
  [ComfyUI] [comfy-env] PreviewCADOCC done (0.61s): result: NodeOutput
  [ComfyUI] [comfy-env] Running CADDetectFreeEdges: cad_model: dict
  [ComfyUI] [SubprocessWorker] call_method: nodes.cad_inspect_nodes.CADDetectFreeEdges.EXECUTE_NORMALIZED
  [ComfyUI] [SubprocessWorker] acquired lock, ensuring started...
  [ComfyUI] [ComfyUI-CADabra] Health check: ping (timeout=5.0s)...
  [ComfyUI] [ComfyUI-CADabra] Health check: ok
  [ComfyUI] [SubprocessWorker] worker started/confirmed
  [ComfyUI] [SubprocessWorker] serializing kwargs to shm...
  [ComfyUI] [SubprocessWorker] created 0 shm blocks
  [ComfyUI] [SubprocessWorker] sending request via socket...
  [ComfyUI] [SubprocessWorker] call_id=12 sending call_method
  [ComfyUI] [14:19:43] [CADabra] [CADDetectFreeEdges] S23_phone.STEP: 24 free edges
  [ComfyUI] [worker:ComfyUI-CADabra] INFO: [CADDetectFreeEdges] S23_phone.STEP: 24 free edges
  [ComfyUI] [SubprocessWorker] got response: ok
  [ComfyUI] [comfy-env] CADDetectFreeEdges done (0.08s): result: NodeOutput
  [ComfyUI] [comfy-env] Running CADDetectDegenerateFaces: cad_model: list[1]
  [ComfyUI] [SubprocessWorker] call_method: nodes.cad_utility_nodes.CADDetectDegenerateFaces.EXECUTE_NORMALIZED
  [ComfyUI] [SubprocessWorker] acquired lock, ensuring started...
  [ComfyUI] [ComfyUI-CADabra] Health check: ping (timeout=5.0s)...
  [ComfyUI] [ComfyUI-CADabra] Health check: ok
  [ComfyUI] [SubprocessWorker] worker started/confirmed
  [ComfyUI] [SubprocessWorker] serializing kwargs to shm...
  [ComfyUI] [SubprocessWorker] created 0 shm blocks
  [ComfyUI] [SubprocessWorker] sending request via socket...
  [ComfyUI] [SubprocessWorker] call_id=13 sending call_method
  [ComfyUI] [SubprocessWorker] got response: ok
  [ComfyUI] [comfy-env] CADDetectDegenerateFaces done (0.22s): result: NodeOutput
  [ComfyUI] [32m[INFO][0m [32mPrompt executed in 19.61 seconds[0m
  Node executed (1 total), capturing...
  Frame 4 saved (frame_003.jpg, t=20.3s)
  [capture-node] freeze=203ms shot=276ms unfreeze=10ms saved=True
  Node executed (5 total), capturing...
  Frame 5 saved (frame_004.jpg, t=21.3s)
  [capture-node] freeze=6ms shot=124ms unfreeze=0ms saved=True
  Execution complete (t=21.3s)
  Captured 5 unique frames over 21.5s
  [debug] iframes: 1
  [debug]   iframe[0]: src=http://127.0.0.1:41883/extensions/ComfyUI-CADabra/viewer_cad_analysis.html?v=178, canvas=244x498, rafFrozen=True
  [timing] trigger_3d_previews: 0.0s
  Saved high-quality screenshot: cad_fix_degenerate_faces_executed.png
  [timing] final_screenshot: 0.3s
    Captured 6 video frames