  [ComfyUI] [32m[INFO][0m Using RAM pressure cache.
Capturing execution frames: cad_quality_metrics.json
  [ComfyUI] [32m[INFO][0m Using RAM pressure cache.
  Frame 1 saved (frame_000.jpg, t=0.0s)
  Validating workflow...
  [ComfyUI] [32m[INFO][0m === /validate endpoint called ===
  [ComfyUI] [32m[INFO][0m Received JSON with keys: ['prompt']
  [ComfyUI] [32m[INFO][0m Prompt has 4 nodes
  [ComfyUI] [32m[INFO][0m   Node 1: CAD_Load
  [ComfyUI] [32m[INFO][0m     Inputs: {"filename": "cad/bellow_pipe.igs", "upload_progress": "", "\u2b06 upload / drop CAD": null}
  [ComfyUI] [32m[INFO][0m   Node 2: CAD_Quality_Metrics
  [ComfyUI] [32m[INFO][0m     Inputs: {"check_watertightness": true, "check_degeneracy": true, "check_boundaries": true, "area_tolerance": 1e-06, "report_panel": "false", "cad_model": ["1", 0]}
  [ComfyUI] [32m[INFO][0m   Node 4: PreviewCADOCC
  [ComfyUI] [32m[INFO][0m     Inputs: {"linear_deflection": 0.1, "angular_deflection": 0.5, "preview_occ": "", "cad_model": ["1", 0]}
  [ComfyUI] [32m[INFO][0m   Node 5: PreviewAny
  Queuing workflow for execution...
  [ComfyUI] [32m[INFO][0m     Inputs: {"source": ["2", 1]}
  [ComfyUI] [32m[INFO][0m Generated prompt_id: ddba42bf-e8a4-406d-8473-25e528b0c83e
  [ComfyUI] [32m[INFO][0m Calling execution.validate_prompt()...
  [ComfyUI] [32m[INFO][0m Validation result: valid=True
  [ComfyUI] [32m[INFO][0m === Validation PASSED ===
  [ComfyUI] [32m[INFO][0m got prompt
  [ComfyUI] [comfy-env] Running CAD_Load: filename: 'cad/bellow_pipe.igs'
  [ComfyUI] [SubprocessWorker] call_method: nodes.cad_nodes.CAD_Load.EXECUTE_NORMALIZED
  [ComfyUI] [SubprocessWorker] acquired lock, ensuring started...
  [ComfyUI] [ComfyUI-CADabra] Health check: ping (timeout=5.0s)...
  [ComfyUI] [ComfyUI-CADabra] Health check: failed
  [ComfyUI] [ComfyUI-CADabra] Socket unhealthy, restarting worker...
  [ComfyUI] [ComfyUI-CADabra] python: /Users/runner/.ce/envs/cadabra-nodes/.pixi/envs/default/bin/python
  [ComfyUI] [ComfyUI-CADabra] sys_path sent to worker: ['/Users/runner/work/comfy-ci/comfy-ci/test_workspaces/CADabra-1413/ComfyUI', '/Users/runner/work/comfy-ci/comfy-ci/test_workspaces/CADabra-1413/ComfyUI/custom_nodes/ComfyUI-CADabra', '/Users/runner/.ce/envs/cadabra-nodes/.pixi/envs/default/lib/python3.1/site-packages', '/Users/runner/work/comfy-ci/comfy-ci/test_workspaces/CADabra-1413/ComfyUI/custom_nodes/ComfyUI-CADabra']
  [ComfyUI] [SubprocessWorker] is_pixi=True, python=/Users/runner/.ce/envs/cadabra-nodes/.pixi/envs/default/bin/python
  [ComfyUI] [SubprocessWorker] launching cmd=['/Users/runner/.pixi/bin/pixi', 'run', '--as-is', '--manifest-path', '/Users/runner/.ce/envs/cadabra-nodes/pixi.toml', '-e', 'default', 'python', '/var/folders/df/djsxfhc17x95674wsm_g8s980000gn/T/comfyui_pvenv_2ok3irew/persistent_worker.py', 'unix:///var/folders/df/djsxfhc17x95674wsm_g8s980000gn/T/comfy_worker_349117796de6.sock']...
  [ComfyUI] [SubprocessWorker] socket_addr=unix:///var/folders/df/djsxfhc17x95674wsm_g8s980000gn/T/comfy_worker_349117796de6.sock exists=True
  Frame 2 saved (frame_001.jpg, t=2.4s)
  [capture-periodic] freeze=14ms shot=185ms unfreeze=6ms saved=True
  [ComfyUI] [SubprocessWorker] worker started/confirmed
  [ComfyUI] [SubprocessWorker] serializing kwargs to shm...
  [ComfyUI] [SubprocessWorker] created 0 shm blocks
  [ComfyUI] [SubprocessWorker] sending request via socket...
  [ComfyUI] [SubprocessWorker] call_id=31 sending call_method
  Frame 3 saved (frame_002.jpg, t=4.6s)
  [capture-periodic] freeze=4ms shot=112ms unfreeze=3ms saved=True
  [capture-loop] iter=50 t=6.5s state={'complete': False, 'error': None, 'executedCount': 0, 'wsState': 1} eval_ms=8 ram=3.4/7.0GB (59%) swap=0.0/0.0GB (0%) cpu=86% browser_rss=0.83GB
  [capture-loop] iter=100 t=12.6s state={'complete': False, 'error': None, 'executedCount': 0, 'wsState': 1} eval_ms=3 ram=3.5/7.0GB (61%) swap=0.0/0.0GB (0%) cpu=64% browser_rss=0.84GB
  [ComfyUI] [14:20:46] [CADabra]  Using cache: bellow_pipe.igs
  [ComfyUI] [14:20:46] [CADabra]  Ready: bellow_pipe.igs
  [ComfyUI] [worker:ComfyUI-CADabra] INFO:  Using cache: bellow_pipe.igs
  [ComfyUI] [worker:ComfyUI-CADabra] INFO:  Ready: bellow_pipe.igs
  [ComfyUI] [SubprocessWorker] got response: ok
  [ComfyUI] [comfy-env] CAD_Load done (16.02s): result: NodeOutput
  [ComfyUI] [comfy-env] Running PreviewCADOCC: linear_deflection: 0.1, angular_deflection: 0.5, cad_model: dict
  [ComfyUI] [SubprocessWorker] call_method: nodes.cad_nodes.PreviewCADOCC.EXECUTE_NORMALIZED
  [ComfyUI] [SubprocessWorker] acquired lock, ensuring started...
  [ComfyUI] [ComfyUI-CADabra] Health check: ping (timeout=5.0s)...
  [ComfyUI] [ComfyUI-CADabra] Health check: ok
  [ComfyUI] [SubprocessWorker] worker started/confirmed
  [ComfyUI] [SubprocessWorker] serializing kwargs to shm...
  [ComfyUI] [SubprocessWorker] created 0 shm blocks
  [ComfyUI] [SubprocessWorker] sending request via socket...
  [ComfyUI] [SubprocessWorker] call_id=32 sending call_method
  [ComfyUI] [14:20:46] [CADabra]  Tessellating (linear: 0.1, angular: 0.5)
  [ComfyUI] [14:20:46] [CADabra] Starting: BRepMesh(linear_deflection=0.1, angular_deflection=0.5)
  [ComfyUI] [worker:ComfyUI-CADabra] INFO:  Tessellating (linear: 0.1, angular: 0.5)
  [ComfyUI] [worker:ComfyUI-CADabra] INFO: Starting: BRepMesh(linear_deflection=0.1, angular_deflection=0.5)
  Frame 4 saved (frame_003.jpg, t=17.7s)
  [capture-periodic] freeze=2ms shot=141ms unfreeze=6ms saved=True
  [capture-loop] iter=150 t=18.7s state={'complete': False, 'error': None, 'executedCount': 0, 'wsState': 1} eval_ms=3 ram=3.6/7.0GB (62%) swap=0.0/0.0GB (0%) cpu=87% browser_rss=0.84GB
  [ComfyUI] [14:20:49] [CADabra] Completed: BRepMesh(linear_deflection=0.1, angular_deflection=0.5) in 3.07s
  [ComfyUI] [worker:ComfyUI-CADabra] INFO: Completed: BRepMesh(linear_deflection=0.1, angular_deflection=0.5) in 3.07s
  [ComfyUI] [14:20:52] [CADabra]  Mesh: 186234 vertices, 335434 triangles
  [ComfyUI] [worker:ComfyUI-CADabra] INFO:  Mesh: 186234 vertices, 335434 triangles
  [capture-loop] iter=200 t=24.7s state={'complete': False, 'error': None, 'executedCount': 0, 'wsState': 1} eval_ms=3 ram=3.7/7.0GB (62%) swap=0.0/0.0GB (0%) cpu=99% browser_rss=0.78GB
  [ComfyUI] [14:20:55] [CADabra]  Exported VTP: preview_6fa85592.vtp (19,162,106 bytes)
  [ComfyUI] [worker:ComfyUI-CADabra] INFO:  Exported VTP: preview_6fa85592.vtp (19,162,106 bytes)
  [ComfyUI] [14:20:55] [CADabra]  Entities: 1 volumes, 236 faces, 1122 edges
  [ComfyUI] [14:20:55] [CADabra]  Face types: {'BSpline': 236}
  [ComfyUI] [worker:ComfyUI-CADabra] INFO:  Entities: 1 volumes, 236 faces, 1122 edges
  [ComfyUI] [14:20:55] [CADabra]  Edge types: {'BSpline': 1122}
  [ComfyUI] [worker:ComfyUI-CADabra] INFO:  Face types: {'BSpline': 236}
  [ComfyUI] [worker:ComfyUI-CADabra] INFO:  Edge types: {'BSpline': 1122}
  [ComfyUI] [SubprocessWorker] got response: ok
  [ComfyUI] [comfy-env] PreviewCADOCC done (9.07s): result: NodeOutput
  [ComfyUI] [comfy-env] Running CAD_Quality_Metrics: check_watertightness: True, check_degeneracy: True, check_boundaries: True, area_tolerance: 1e-06, cad_model: dict
  [ComfyUI] [SubprocessWorker] call_method: nodes.cad_nodes.CAD_Quality_Metrics.EXECUTE_NORMALIZED
  [ComfyUI] [SubprocessWorker] acquired lock, ensuring started...
  [ComfyUI] [ComfyUI-CADabra] Health check: ping (timeout=5.0s)...
  [ComfyUI] [ComfyUI-CADabra] Health check: ok
  [ComfyUI] [SubprocessWorker] worker started/confirmed
  [ComfyUI] [SubprocessWorker] serializing kwargs to shm...
  [ComfyUI] [SubprocessWorker] created 0 shm blocks
  [ComfyUI] [SubprocessWorker] sending request via socket...
  [ComfyUI] [SubprocessWorker] call_id=33 sending call_method
  Node executed (1 total), capturing...
  [ComfyUI] Error   : Gmsh has not been initialized
  [ComfyUI] Error   : Gmsh has not been initialized
  [ComfyUI] [SubprocessWorker] got response: error
  [ComfyUI] [1m[31m[ERROR][0m !!! Exception during processing !!! Quality analysis failed: Could not get last error
  [ComfyUI] 
  [ComfyUI] Worker traceback:
  [ComfyUI] Traceback (most recent call last):
  [ComfyUI]   File "/Users/runner/work/comfy-ci/comfy-ci/test_workspaces/CADabra-1413/ComfyUI/custom_nodes/ComfyUI-CADabra/nodes/cad_nodes.py", line 1936, in execute
  [ComfyUI]     entities = gmsh.model.getEntities()
  [ComfyUI]                ^^^^^^^^^^^^^^^^^^^^^^^^
  [ComfyUI]   File "/Users/runner/.ce/envs/cadabra-nodes/.pixi/envs/default/lib/python3.1/site-packages/gmsh.py", line 750, in getEntities
  [ComfyUI]     raise Exception(logger.getLastError())
  [ComfyUI]                     ^^^^^^^^^^^^^^^^^^^^^
  [ComfyUI]   File "/Users/runner/.ce/envs/cadabra-nodes/.pixi/envs/default/lib/python3.1/site-packages/gmsh.py", line 11259, in getLastError
  [ComfyUI]     raise Exception('Could not get last error')
  [ComfyUI] Exception: Could not get last error
  [ComfyUI] 
  [ComfyUI] During handling of the above exception, another exception occurred:
  [ComfyUI] 
  [ComfyUI] Traceback (most recent call last):
  [ComfyUI]   File "/var/folders/df/djsxfhc17x95674wsm_g8s980000gn/T/comfyui_pvenv_2ok3irew/persistent_worker.py", line 1767, in main
  [ComfyUI]     result = method(**inputs)
  [ComfyUI]              ^^^^^^^^^^^^^^^^
  [ComfyUI]   File "/Users/runner/work/comfy-ci/comfy-ci/test_workspaces/CADabra-1413/ComfyUI/comfy_api/latest/_io.py", line 1935, in EXECUTE_NORMALIZED
  [ComfyUI]     to_return = cls.execute(*args, **kwargs)
  [ComfyUI]                 ^^^^^^^^^^^^^^^^^^^^^^^^^^^^
  [ComfyUI]   File "/Users/runner/work/comfy-ci/comfy-ci/test_workspaces/CADabra-1413/ComfyUI/custom_nodes/ComfyUI-CADabra/nodes/cad_nodes.py", line 2194, in execute
  [ComfyUI]     raise RuntimeError(f"Quality analysis failed: {str(e)}")
  [ComfyUI] RuntimeError: Quality analysis failed: Could not get last error
  [ComfyUI] 
  [ComfyUI] [1m[31m[ERROR][0m Traceback (most recent call last):
  [ComfyUI]   File "/Users/runner/work/comfy-ci/comfy-ci/test_workspaces/CADabra-1413/ComfyUI/execution.py", line 545, in execute
  [ComfyUI]     output_data, output_ui, has_subgraph, has_pending_tasks = await get_output_data(prompt_id, unique_id, obj, input_data_all, execution_block_cb=execution_block_cb, pre_execute_cb=pre_execute_cb, v3_data=v3_data)
  [ComfyUI]                                                               ^^^^^^^^^^^^^^^^^^^^^^^^^^^^^^^^^^^^^^^^^^^^^^^^^^^^^^^^^^^^^^^^^^^^^^^^^^^^^^^^^^^^^^^^^^^^^^^^^^^^^^^^^^^^^^^^^^^^^^^^^^^^^^^^^^^^^^^^^^^^^^^^^^^^^^^
  [ComfyUI]   File "/Users/runner/work/comfy-ci/comfy-ci/test_workspaces/CADabra-1413/ComfyUI/execution.py", line 344, in get_output_data
  [ComfyUI]     return_values = await _async_map_node_over_list(prompt_id, unique_id, obj, input_data_all, obj.FUNCTION, allow_interrupt=True, execution_block_cb=execution_block_cb, pre_execute_cb=pre_execute_cb, v3_data=v3_data)
  [ComfyUI]                     ^^^^^^^^^^^^^^^^^^^^^^^^^^^^^^^^^^^^^^^^^^^^^^^^^^^^^^^^^^^^^^^^^^^^^^^^^^^^^^^^^^^^^^^^^^^^^^^^^^^^^^^^^^^^^^^^^^^^^^^^^^^^^^^^^^^^^^^^^^^^^^^^^^^^^^^^^^^^^^^^^^^^^^^^^^^^^^^^^^^^^^^^^^^^^^^^^^^^^
  [ComfyUI]   File "/Users/runner/work/comfy-ci/comfy-ci/test_workspaces/CADabra-1413/ComfyUI/execution.py", line 318, in _async_map_node_over_list
  [ComfyUI]     await process_inputs(input_dict, i)
  [ComfyUI]   File "/Users/runner/work/comfy-ci/comfy-ci/test_workspaces/CADabra-1413/ComfyUI/execution.py", line 306, in process_inputs
  [ComfyUI]     result = f(**inputs)
  [ComfyUI]              ^^^^^^^^^^^
  [ComfyUI]   File "/Users/runner/work/comfy-ci/comfy-ci/test_workspaces/CADabra-1413/ComfyUI/comfy_api/internal/__init__.py", line 149, in wrapped_func
  [ComfyUI]     return method(locked_class, **inputs)
  [ComfyUI]            ^^^^^^^^^^^^^^^^^^^^^^^^^^^^^^
  [ComfyUI]   File "/Users/runner/work/comfy-ci/comfy-ci/test_workspaces/CADabra-1413/venv/lib/python3.11/site-packages/comfy_env/isolation/metadata.py", line 710, in proxy
  [ComfyUI]     result = worker.call_method(
  [ComfyUI]              ^^^^^^^^^^^^^^^^^^^
  [ComfyUI]   File "/Users/runner/work/comfy-ci/comfy-ci/test_workspaces/CADabra-1413/venv/lib/python3.11/site-packages/comfy_env/isolation/workers/subprocess.py", line 674, in call_method
  [ComfyUI]     raise WorkerError(
  [ComfyUI] comfy_env.isolation.workers.base.WorkerError: Quality analysis failed: Could not get last error
  [ComfyUI] 
  [ComfyUI] Worker traceback:
  [ComfyUI] Traceback (most recent call last):
  [ComfyUI]   File "/Users/runner/work/comfy-ci/comfy-ci/test_workspaces/CADabra-1413/ComfyUI/custom_nodes/ComfyUI-CADabra/nodes/cad_nodes.py", line 1936, in execute
  [ComfyUI]     entities = gmsh.model.getEntities()
  [ComfyUI]                ^^^^^^^^^^^^^^^^^^^^^^^^
  [ComfyUI]   File "/Users/runner/.ce/envs/cadabra-nodes/.pixi/envs/default/lib/python3.1/site-packages/gmsh.py", line 750, in getEntities
  [ComfyUI]     raise Exception(logger.getLastError())
  [ComfyUI]                     ^^^^^^^^^^^^^^^^^^^^^
  [ComfyUI]   File "/Users/runner/.ce/envs/cadabra-nodes/.pixi/envs/default/lib/python3.1/site-packages/gmsh.py", line 11259, in getLastError
  [ComfyUI]     raise Exception('Could not get last error')
  [ComfyUI] Exception: Could not get last error
  [ComfyUI] 
  [ComfyUI] During handling of the above exception, another exception occurred:
  [ComfyUI] 
  [ComfyUI] Traceback (most recent call last):
  [ComfyUI]   File "/var/folders/df/djsxfhc17x95674wsm_g8s980000gn/T/comfyui_pvenv_2ok3irew/persistent_worker.py", line 1767, in main
  [ComfyUI]     result = method(**inputs)
  [ComfyUI]              ^^^^^^^^^^^^^^^^
  [ComfyUI]   File "/Users/runner/work/comfy-ci/comfy-ci/test_workspaces/CADabra-1413/ComfyUI/comfy_api/latest/_io.py", line 1935, in EXECUTE_NORMALIZED
  [ComfyUI]     to_return = cls.execute(*args, **kwargs)
  [ComfyUI]                 ^^^^^^^^^^^^^^^^^^^^^^^^^^^^
  [ComfyUI]   File "/Users/runner/work/comfy-ci/comfy-ci/test_workspaces/CADabra-1413/ComfyUI/custom_nodes/ComfyUI-CADabra/nodes/cad_nodes.py", line 2194, in execute
  [ComfyUI]     raise RuntimeError(f"Quality analysis failed: {str(e)}")
  [ComfyUI] RuntimeError: Quality analysis failed: Could not get last error
  [ComfyUI] 
  [ComfyUI] 
  [ComfyUI] [32m[INFO][0m [32mPrompt executed in 26.05 seconds[0m
  Frame 5 saved (frame_004.jpg, t=25.6s)
  [capture-node] freeze=2537ms shot=266ms unfreeze=6ms saved=True
  Execution complete (t=28.6s)
  Execution error: {'prompt_id': '1a298460-f3b8-471e-8484-c782d871c2fe', 'node_id': '2', 'node_type': 'CAD_Quality_Metrics', 'executed': ['4', '1'], 'exception_message': 'Quality analysis failed: Could not get last error\n\nWorker traceback:\nTraceback (most recent call last):\n  File "/Users/runner/work/comfy-ci/comfy-ci/test_workspaces/CADabra-1413/ComfyUI/custom_nodes/ComfyUI-CADabra/nodes/cad_nodes.py", line 1936, in execute\n    entities = gmsh.model.getEntities()\n               ^^^^^^^^^^^^^^^^^^^^^^^^\n  File "/Users/runner/.ce/envs/cadabra-nodes/.pixi/envs/default/lib/python3.1/site-packages/gmsh.py", line 750, in getEntities\n    raise Exception(logger.getLastError())\n                    ^^^^^^^^^^^^^^^^^^^^^\n  File "/Users/runner/.ce/envs/cadabra-nodes/.pixi/envs/default/lib/python3.1/site-packages/gmsh.py", line 11259, in getLastError\n    raise Exception(\'Could not get last error\')\nException: Could not get last error\n\nDuring handling of the above exception, another exception occurred:\n\nTraceback (most recent call last):\n  File "/var/folders/df/djsxfhc17x95674wsm_g8s980000gn/T/comfyui_pvenv_2ok3irew/persistent_worker.py", line 1767, in main\n    result = method(**inputs)\n             ^^^^^^^^^^^^^^^^\n  File "/Users/runner/work/comfy-ci/comfy-ci/test_workspaces/CADabra-1413/ComfyUI/comfy_api/latest/_io.py", line 1935, in EXECUTE_NORMALIZED\n    to_return = cls.execute(*args, **kwargs)\n                ^^^^^^^^^^^^^^^^^^^^^^^^^^^^\n  File "/Users/runner/work/comfy-ci/comfy-ci/test_workspaces/CADabra-1413/ComfyUI/custom_nodes/ComfyUI-CADabra/nodes/cad_nodes.py", line 2194, in execute\n    raise RuntimeError(f"Quality analysis failed: {str(e)}")\nRuntimeError: Quality analysis failed: Could not get last error\n\n', 'exception_type': 'comfy_env.isolation.workers.base.WorkerError', 'traceback': ['  File "/Users/runner/work/comfy-ci/comfy-ci/test_workspaces/CADabra-1413/ComfyUI/execution.py", line 545, in execute\n    output_data, output_ui, has_subgraph, has_pending_tasks = await get_output_data(prompt_id, unique_id, obj, input_data_all, execution_block_cb=execution_block_cb, pre_execute_cb=pre_execute_cb, v3_data=v3_data)\n                                                              ^^^^^^^^^^^^^^^^^^^^^^^^^^^^^^^^^^^^^^^^^^^^^^^^^^^^^^^^^^^^^^^^^^^^^^^^^^^^^^^^^^^^^^^^^^^^^^^^^^^^^^^^^^^^^^^^^^^^^^^^^^^^^^^^^^^^^^^^^^^^^^^^^^^^^^^\n', '  File "/Users/runner/work/comfy-ci/comfy-ci/test_workspaces/CADabra-1413/ComfyUI/execution.py", line 344, in get_output_data\n    return_values = await _async_map_node_over_list(prompt_id, unique_id, obj, input_data_all, obj.FUNCTION, allow_interrupt=True, execution_block_cb=execution_block_cb, pre_execute_cb=pre_execute_cb, v3_data=v3_data)\n                    ^^^^^^^^^^^^^^^^^^^^^^^^^^^^^^^^^^^^^^^^^^^^^^^^^^^^^^^^^^^^^^^^^^^^^^^^^^^^^^^^^^^^^^^^^^^^^^^^^^^^^^^^^^^^^^^^^^^^^^^^^^^^^^^^^^^^^^^^^^^^^^^^^^^^^^^^^^^^^^^^^^^^^^^^^^^^^^^^^^^^^^^^^^^^^^^^^^^^^\n', '  File "/Users/runner/work/comfy-ci/comfy-ci/test_workspaces/CADabra-1413/ComfyUI/execution.py", line 318, in _async_map_node_over_list\n    await process_inputs(input_dict, i)\n', '  File "/Users/runner/work/comfy-ci/comfy-ci/test_workspaces/CADabra-1413/ComfyUI/execution.py", line 306, in process_inputs\n    result = f(**inputs)\n             ^^^^^^^^^^^\n', '  File "/Users/runner/work/comfy-ci/comfy-ci/test_workspaces/CADabra-1413/ComfyUI/comfy_api/internal/__init__.py", line 149, in wrapped_func\n    return method(locked_class, **inputs)\n           ^^^^^^^^^^^^^^^^^^^^^^^^^^^^^^\n', '  File "/Users/runner/work/comfy-ci/comfy-ci/test_workspaces/CADabra-1413/venv/lib/python3.11/site-packages/comfy_env/isolation/metadata.py", line 710, in proxy\n    result = worker.call_method(\n             ^^^^^^^^^^^^^^^^^^^\n', '  File "/Users/runner/work/comfy-ci/comfy-ci/test_workspaces/CADabra-1413/venv/lib/python3.11/site-packages/comfy_env/isolation/workers/subprocess.py", line 674, in call_method\n    raise WorkerError(\n'], 'current_inputs': {'check_watertightness': [True], 'check_degeneracy': [True], 'check_boundaries': [True], 'area_tolerance': [1e-06], 'cad_model': ["{'brep_path': '/Users/runner/work/comfy-ci/comfy-ci/test_workspaces/CADabra-1413/ComfyUI/input/cad/.brep_cache/efa5b7edaef05c9ea946cc6bf553de72.brep', 'file_path': '/Users/runner/work/comfy-ci/comfy-ci/test_workspaces/CADabra-1413/ComfyUI/input/cad/bellow_pipe.igs', 'format': '.igs', 'metadata': {'resolution': 0.01, 'unit_flag': 2, 'units': 'millimeters', 'author': 'ASUS', 'filename': 'bellow pipe', 'company': '', 'iges_version': 11, 'drafting_standard': 0}}"]}, 'current_outputs': ['2', '4', '1', '5'], 'timestamp': 1785507656845}
    Status: FAILED
    Error: Workflow execution failed: {'prompt_id': '1a298460-f3b8-471e-8484-c782d871c2fe', 'node_id': '2', 'node_type': 'CAD_Quality_Metrics', 'executed': ['4', '1'], 'exception_message': 'Quality analysis failed: Could not get last error\n\nWorker traceback:\nTraceback (most recent call last):\n  File "/Users/runner/work/comfy-ci/comfy-ci/test_workspaces/CADabra-1413/ComfyUI/custom_nodes/ComfyUI-CADabra/nodes/cad_nodes.py", line 1936, in execute\n    entities = gmsh.model.getEntities()\n               ^^^^^^^^^^^^^^^^^^^^^^^^\n  File "/Users/runner/.ce/envs/cadabra-nodes/.pixi/envs/default/lib/python3.1/site-packages/gmsh.py", line 750, in getEntities\n    raise Exception(logger.getLastError())\n                    ^^^^^^^^^^^^^^^^^^^^^\n  File "/Users/runner/.ce/envs/cadabra-nodes/.pixi/envs/default/lib/python3.1/site-packages/gmsh.py", line 11259, in getLastError\n    raise Exception(\'Could not get last error\')\nException: Could not get last error\n\nDuring handling of the above exception, another exception occurred:\n\nTraceback (most recent call last):\n  File "/var/folders/df/djsxfhc17x95674wsm_g8s980000gn/T/comfyui_pvenv_2ok3irew/persistent_worker.py", line 1767, in main\n    result = method(**inputs)\n             ^^^^^^^^^^^^^^^^\n  File "/Users/runner/work/comfy-ci/comfy-ci/test_workspaces/CADabra-1413/ComfyUI/comfy_api/latest/_io.py", line 1935, in EXECUTE_NORMALIZED\n    to_return = cls.execute(*args, **kwargs)\n                ^^^^^^^^^^^^^^^^^^^^^^^^^^^^\n  File "/Users/runner/work/comfy-ci/comfy-ci/test_workspaces/CADabra-1413/ComfyUI/custom_nodes/ComfyUI-CADabra/nodes/cad_nodes.py", line 2194, in execute\n    raise RuntimeError(f"Quality analysis failed: {str(e)}")\nRuntimeError: Quality analysis failed: Could not get last error\n\n', 'exception_type': 'comfy_env.isolation.workers.base.WorkerError', 'traceback': ['  File "/Users/runner/work/comfy-ci/comfy-ci/test_workspaces/CADabra-1413/ComfyUI/execution.py", line 545, in execute\n    output_data, output_ui, has_subgraph, has_pending_tasks = await get_output_data(prompt_id, unique_id, obj, input_data_all, execution_block_cb=execution_block_cb, pre_execute_cb=pre_execute_cb, v3_data=v3_data)\n                                                              ^^^^^^^^^^^^^^^^^^^^^^^^^^^^^^^^^^^^^^^^^^^^^^^^^^^^^^^^^^^^^^^^^^^^^^^^^^^^^^^^^^^^^^^^^^^^^^^^^^^^^^^^^^^^^^^^^^^^^^^^^^^^^^^^^^^^^^^^^^^^^^^^^^^^^^^\n', '  File "/Users/runner/work/comfy-ci/comfy-ci/test_workspaces/CADabra-1413/ComfyUI/execution.py", line 344, in get_output_data\n    return_values = await _async_map_node_over_list(prompt_id, unique_id, obj, input_data_all, obj.FUNCTION, allow_interrupt=True, execution_block_cb=execution_block_cb, pre_execute_cb=pre_execute_cb, v3_data=v3_data)\n                    ^^^^^^^^^^^^^^^^^^^^^^^^^^^^^^^^^^^^^^^^^^^^^^^^^^^^^^^^^^^^^^^^^^^^^^^^^^^^^^^^^^^^^^^^^^^^^^^^^^^^^^^^^^^^^^^^^^^^^^^^^^^^^^^^^^^^^^^^^^^^^^^^^^^^^^^^^^^^^^^^^^^^^^^^^^^^^^^^^^^^^^^^^^^^^^^^^^^^^\n', '  File "/Users/runner/work/comfy-ci/comfy-ci/test_workspaces/CADabra-1413/ComfyUI/execution.py", line 318, in _async_map_node_over_list\n    await process_inputs(input_dict, i)\n', '  File "/Users/runner/work/comfy-ci/comfy-ci/test_workspaces/CADabra-1413/ComfyUI/execution.py", line 306, in process_inputs\n    result = f(**inputs)\n             ^^^^^^^^^^^\n', '  File "/Users/runner/work/comfy-ci/comfy-ci/test_workspaces/CADabra-1413/ComfyUI/comfy_api/internal/__init__.py", line 149, in wrapped_func\n    return method(locked_class, **inputs)\n           ^^^^^^^^^^^^^^^^^^^^^^^^^^^^^^\n', '  File "/Users/runner/work/comfy-ci/comfy-ci/test_workspaces/CADabra-1413/venv/lib/python3.11/site-packages/comfy_env/isolation/metadata.py", line 710, in proxy\n    result = worker.call_method(\n             ^^^^^^^^^^^^^^^^^^^\n', '  File "/Users/runner/work/comfy-ci/comfy-ci/test_workspaces/CADabra-1413/venv/lib/python3.11/site-packages/comfy_env/isolation/workers/subprocess.py", line 674, in call_method\n    raise WorkerError(\n'], 'current_inputs': {'check_watertightness': [True], 'check_degeneracy': [True], 'check_boundaries': [True], 'area_tolerance': [1e-06], 'cad_model': ["{'brep_path': '/Users/runner/work/comfy-ci/comfy-ci/test_workspaces/CADabra-1413/ComfyUI/input/cad/.brep_cache/efa5b7edaef05c9ea946cc6bf553de72.brep', 'file_path': '/Users/runner/work/comfy-ci/comfy-ci/test_workspaces/CADabra-1413/ComfyUI/input/cad/bellow_pipe.igs', 'format': '.igs', 'metadata': {'resolution': 0.01, 'unit_flag': 2, 'units': 'millimeters', 'author': 'ASUS', 'filename': 'bellow pipe', 'company': '', 'iges_version': 11, 'drafting_standard': 0}}"]}, 'current_outputs': ['2', '4', '1', '5'], 'timestamp': 1785507656845}
    Details: Workflow: /private/var/folders/df/djsxfhc17x95674wsm_g8s980000gn/T/comfy-test-run-wnlva0kr/ComfyUI-CADabra/workflows/cad_quality_metrics.json
Node error: CAD_Quality_Metrics