Capturing execution frames: mesh_face_seg.json
  [ComfyUI] [32m[INFO][0m Using RAM pressure cache.
  [ComfyUI] [32m[INFO][0m Using RAM pressure cache.
  Frame 1 saved (frame_000.jpg, t=0.0s)
  Validating workflow...
  [ComfyUI] [32m[INFO][0m === /validate endpoint called ===
  [ComfyUI] [32m[INFO][0m Received JSON with keys: ['prompt']
  [ComfyUI] [32m[INFO][0m Prompt has 3 nodes
  [ComfyUI] [32m[INFO][0m   Node 3: MeshFaceSegmentation
  [ComfyUI] [32m[INFO][0m     Inputs: {"method": "cluster_normals", "facets_angle_threshold": 0.1, "cluster_num_segments": 10, "region_grow_normal_threshold": 0.95, "region_grow_min_faces": 10, "mesh": ["9", 0]}
  [ComfyUI] [32m[INFO][0m   Node 6: GeomPackPreviewMeshVTK
  [ComfyUI] [32m[INFO][0m     Inputs: {"mode": "fields", "preview_vtk": "{\"show_edges\":false,\"camera_state\":\"{\\\"position\\\":[2.545314595852611,-1.412026682908065,-1.6503656193710248],\\\"focalPoint\\\":[0,0,0],\\\"viewUp\\\":[0.25
  [ComfyUI] [32m[INFO][0m   Node 9: GeomPackLoadMesh
  [ComfyUI] [32m[INFO][0m     Inputs: {"file_path": "3d/cube.stl"}
  [ComfyUI] [32m[INFO][0m Generated prompt_id: 7b7a75ad-3c80-4e1a-98c1-8d82bca11f18
  [ComfyUI] [32m[INFO][0m Calling execution.validate_prompt()...
  [ComfyUI] [32m[INFO][0m Validation result: valid=True
  [ComfyUI] [32m[INFO][0m === Validation PASSED ===
  Queuing workflow for execution...
  [ComfyUI] [32m[INFO][0m got prompt
  [ComfyUI] [comfy-env] Running GeomPackLoadMesh: file_path: '3d/cube.stl'
  [ComfyUI] [SubprocessWorker] call_method: nodes.io.load_mesh.LoadMesh.EXECUTE_NORMALIZED
  [ComfyUI] [ComfyUI-GeometryPack] python: /Users/runner/.ce/envs/geometrypack-nodes/.pixi/envs/default/bin/python
  [ComfyUI] [ComfyUI-GeometryPack] sys_path sent to worker: ['/Users/runner/work/comfy-ci/comfy-ci/test_workspaces/CADabra-1413/ComfyUI', '/Users/runner/work/comfy-ci/comfy-ci/test_workspaces/CADabra-1413/ComfyUI/custom_nodes/ComfyUI-GeometryPack', '/Users/runner/.ce/envs/geometrypack-nodes/.pixi/envs/default/lib/python3.11/site-packages', '/Users/runner/work/comfy-ci/comfy-ci/test_workspaces/CADabra-1413/ComfyUI/custom_nodes/ComfyUI-GeometryPack']
  [ComfyUI] [SubprocessWorker] acquired lock, ensuring started...
  [ComfyUI] [ComfyUI-GeometryPack] Health check: ping (timeout=5.0s)...
  [ComfyUI] [ComfyUI-GeometryPack] Health check: failed
  [ComfyUI] [SubprocessWorker] is_pixi=True, python=/Users/runner/.ce/envs/geometrypack-nodes/.pixi/envs/default/bin/python
  [ComfyUI] [ComfyUI-GeometryPack] Socket unhealthy, restarting worker...
  [ComfyUI] [SubprocessWorker] launching cmd=['/Users/runner/.pixi/bin/pixi', 'run', '--as-is', '--manifest-path', '/Users/runner/.ce/envs/geometrypack-nodes/pixi.toml', '-e', 'default', 'python', '/var/folders/df/djsxfhc17x95674wsm_g8s980000gn/T/comfyui_pvenv_r3wpr7d7/persistent_worker.py', 'unix:///var/folders/df/djsxfhc17x95674wsm_g8s980000gn/T/comfy_worker_6f7d573d376d.sock']...
  [ComfyUI] [SubprocessWorker] socket_addr=unix:///var/folders/df/djsxfhc17x95674wsm_g8s980000gn/T/comfy_worker_6f7d573d376d.sock exists=True
  [ComfyUI] Traceback (most recent call last):
  [ComfyUI]   File "/var/folders/df/djsxfhc17x95674wsm_g8s980000gn/T/comfyui_pvenv_r3wpr7d7/persistent_worker.py", line 1812, in <module>
  [ComfyUI]     main()
  [ComfyUI]   File "/var/folders/df/djsxfhc17x95674wsm_g8s980000gn/T/comfyui_pvenv_r3wpr7d7/persistent_worker.py", line 1672, in main
  [ComfyUI]     transport.send({"status": "pong", "call_id": _current_call_id})
  [ComfyUI]   File "/var/folders/df/djsxfhc17x95674wsm_g8s980000gn/T/comfyui_pvenv_r3wpr7d7/persistent_worker.py", line 1075, in send
  [ComfyUI]     self._sock.sendall(msg)
  [ComfyUI] BrokenPipeError: [Errno 32] Broken pipe
  Frame 2 saved (frame_001.jpg, t=2.4s)
  [capture-periodic] freeze=28ms shot=312ms unfreeze=6ms saved=True
  Frame 3 saved (frame_002.jpg, t=4.9s)
  [capture-periodic] freeze=3ms shot=393ms unfreeze=28ms saved=True
  [capture-loop] iter=50 t=9.1s state={'complete': False, 'error': None, 'executedCount': 0, 'wsState': 1} eval_ms=6 ram=3.4/7.0GB (66%) swap=0.0/0.0GB (0%) cpu=88% browser_rss=0.65GB
  [ComfyUI] [worker:ComfyUI-GeometryPack] ERROR: Failed to import comfy_kitchen, Error: No module named 'comfy_kitchen', fp8 and fp4 support will not be available.
  [ComfyUI] [worker:ComfyUI-GeometryPack] WARNING: comfy_kitchen does not support stochastic FP8 rounding, please update comfy_kitchen.
  [ComfyUI] [SubprocessWorker] worker started/confirmed
  [ComfyUI] [SubprocessWorker] serializing kwargs to shm...
  [ComfyUI] [SubprocessWorker] created 0 shm blocks
  [ComfyUI] [SubprocessWorker] sending request via socket...
  [ComfyUI] [SubprocessWorker] call_id=2 sending call_method
  [capture-loop] iter=100 t=16.3s state={'complete': False, 'error': None, 'executedCount': 0, 'wsState': 1} eval_ms=4 ram=3.3/7.0GB (68%) swap=0.0/0.0GB (0%) cpu=84% browser_rss=0.51GB
  [ComfyUI] [worker:ComfyUI-GeometryPack] INFO: Found mesh in input folder: 3d/cube.stl
  [ComfyUI] [worker:ComfyUI-GeometryPack] INFO: Loading: /Users/runner/work/comfy-ci/comfy-ci/test_workspaces/CADabra-1413/ComfyUI/input/3d/cube.stl
  [ComfyUI] [worker:ComfyUI-GeometryPack] INFO: Initial mesh: 98 vertices, 192 faces
  [ComfyUI] [worker:ComfyUI-GeometryPack] INFO: Successfully loaded: 98 vertices, 192 faces
  [ComfyUI] [worker:ComfyUI-GeometryPack] INFO: Loaded: 98 vertices, 192 faces
  [ComfyUI] [SubprocessWorker] got response: ok
  [ComfyUI] [comfy-env] GeomPackLoadMesh done (17.35s): result: NodeOutput
  [ComfyUI] [comfy-env] Running MeshFaceSegmentation: method: 'cluster_normals', facets_angle_threshold: 0.1, cluster_num_segments: 10, region_grow_normal_threshold: 0.95, region_grow_min_faces: 10, mesh: Trimesh
  [ComfyUI] [comfy-env] SubprocessWorker: /Users/runner/.ce/envs/cadabra-nodes/.pixi/envs/default/bin/python
  [ComfyUI] [comfy-env] env_vars: {'COMFYUI_BASE': '/Users/runner/work/comfy-ci/comfy-ci/test_workspaces/CADabra-1413/ComfyUI'}
  [ComfyUI] [SubprocessWorker] call_method: nodes.mesh_recon_nodes.MeshFaceSegmentationNode.EXECUTE_NORMALIZED
  [ComfyUI] [SubprocessWorker] acquired lock, ensuring started...
  [ComfyUI] [ComfyUI-CADabra] python: /Users/runner/.ce/envs/cadabra-nodes/.pixi/envs/default/bin/python
  [ComfyUI] [ComfyUI-CADabra] sys_path sent to worker: ['/Users/runner/work/comfy-ci/comfy-ci/test_workspaces/CADabra-1413/ComfyUI', '/Users/runner/work/comfy-ci/comfy-ci/test_workspaces/CADabra-1413/ComfyUI/custom_nodes/ComfyUI-CADabra', '/Users/runner/.ce/envs/cadabra-nodes/.pixi/envs/default/lib/python3.1/site-packages', '/Users/runner/work/comfy-ci/comfy-ci/test_workspaces/CADabra-1413/ComfyUI/custom_nodes/ComfyUI-CADabra']
  [ComfyUI] [SubprocessWorker] is_pixi=True, python=/Users/runner/.ce/envs/cadabra-nodes/.pixi/envs/default/bin/python
  [ComfyUI] [SubprocessWorker] launching cmd=['/Users/runner/.pixi/bin/pixi', 'run', '--as-is', '--manifest-path', '/Users/runner/.ce/envs/cadabra-nodes/pixi.toml', '-e', 'default', 'python', '/var/folders/df/djsxfhc17x95674wsm_g8s980000gn/T/comfyui_pvenv_68yqgye5/persistent_worker.py', 'unix:///var/folders/df/djsxfhc17x95674wsm_g8s980000gn/T/comfy_worker_9c80bf706d87.sock']...
  [ComfyUI] [SubprocessWorker] socket_addr=unix:///var/folders/df/djsxfhc17x95674wsm_g8s980000gn/T/comfy_worker_9c80bf706d87.sock exists=True
  Frame 4 saved (frame_003.jpg, t=19.3s)
  [capture-periodic] freeze=6ms shot=168ms unfreeze=5ms saved=True
  Frame 5 saved (frame_004.jpg, t=21.7s)
  [capture-periodic] freeze=17ms shot=175ms unfreeze=5ms saved=True
  [capture-loop] iter=150 t=23.1s state={'complete': False, 'error': None, 'executedCount': 0, 'wsState': 1} eval_ms=5 ram=3.3/7.0GB (68%) swap=0.0/0.0GB (0%) cpu=76% browser_rss=0.46GB
  [ComfyUI] [SubprocessWorker] worker started/confirmed
  [ComfyUI] [SubprocessWorker] serializing kwargs to shm...
  [ComfyUI] [SubprocessWorker] created 1 shm blocks
  [ComfyUI] [SubprocessWorker] sending request via socket...
  [ComfyUI] [SubprocessWorker] call_id=1 sending call_method
  Frame 6 saved (frame_005.jpg, t=28.4s)
  [capture-periodic] freeze=6ms shot=186ms unfreeze=10ms saved=True
  [capture-loop] iter=200 t=29.4s state={'complete': False, 'error': None, 'executedCount': 0, 'wsState': 1} eval_ms=14 ram=2.9/7.0GB (61%) swap=0.0/0.0GB (0%) cpu=68% browser_rss=0.45GB
  [capture-loop] iter=250 t=36.0s state={'complete': False, 'error': None, 'executedCount': 0, 'wsState': 1} eval_ms=4 ram=3.1/7.0GB (64%) swap=0.0/0.0GB (0%) cpu=76% browser_rss=0.46GB
  Frame 7 saved (frame_006.jpg, t=37.5s)
  [capture-periodic] freeze=5ms shot=154ms unfreeze=8ms saved=True
  [ComfyUI] /Users/runner/.ce/envs/cadabra-nodes/.pixi/envs/default/lib/python3.1/site-packages/sklearn/base.py:1403: ConvergenceWarning: Number of distinct clusters (6) found smaller than n_clusters (10). Possibly due to duplicate points in X.
  [ComfyUI]   return fit_method(estimator, *args, **kwargs)
  [ComfyUI] [SubprocessWorker] got response: ok
  [ComfyUI] [comfy-env] MeshFaceSegmentation done (20.99s): result: NodeOutput
  [ComfyUI] [comfy-env] Running GeomPackPreviewMeshVTK: mode: 'fields', trimesh: Trimesh
  [ComfyUI] [SubprocessWorker] call_method: nodes.visualization.preview_mesh_vtk.PreviewMeshVTKNode.EXECUTE_NORMALIZED
  [ComfyUI] [SubprocessWorker] acquired lock, ensuring started...
  [ComfyUI] [ComfyUI-GeometryPack] Health check: ping (timeout=5.0s)...
  [ComfyUI] [ComfyUI-GeometryPack] Health check: ok
  [ComfyUI] [SubprocessWorker] worker started/confirmed
  [ComfyUI] [SubprocessWorker] serializing kwargs to shm...
  [ComfyUI] [SubprocessWorker] created 1 shm blocks
  [ComfyUI] [SubprocessWorker] sending request via socket...
  [ComfyUI] [SubprocessWorker] call_id=3 sending call_method
  [ComfyUI] [worker:ComfyUI-GeometryPack] INFO: Preparing preview: Mesh - 98 vertices, 192 faces
  [ComfyUI] [worker:ComfyUI-GeometryPack] INFO: Mode: fields
  [ComfyUI] [worker:ComfyUI-GeometryPack] INFO: Visual data - has_visual: True, kind: None, texture: False, vertex_colors: False
  [ComfyUI] [worker:ComfyUI-GeometryPack] INFO: Using fields mode - VTP export
  [ComfyUI] [worker:ComfyUI-GeometryPack] INFO: Exporting mesh to VTP: /Users/runner/work/comfy-ci/comfy-ci/test_workspaces/CADabra-1413/ComfyUI/output/preview_vtk_b1fb4b8c.vtp
  [ComfyUI] [worker:ComfyUI-GeometryPack] INFO: Adding normals field (98 vertices)
  [ComfyUI] [worker:ComfyUI-GeometryPack] INFO: Adding face field: stl
  [ComfyUI] [worker:ComfyUI-GeometryPack] INFO: Adding face field: segment_id
  [ComfyUI] [worker:ComfyUI-GeometryPack] INFO: Export complete: 98 vertices, 192 faces
  [ComfyUI] [worker:ComfyUI-GeometryPack] INFO: Exported VTP to: /Users/runner/work/comfy-ci/comfy-ci/test_workspaces/CADabra-1413/ComfyUI/output/preview_vtk_b1fb4b8c.vtp
  [ComfyUI] [worker:ComfyUI-GeometryPack] INFO: Face attributes: ['stl', 'segment_id']
  [ComfyUI] [worker:ComfyUI-GeometryPack] INFO: Fields mode info: watertight=True, volume=1.0, area=6.0, fields=['face.stl', 'face.segment_id']
  [ComfyUI] [SubprocessWorker] got response: ok
  [ComfyUI] [comfy-env] GeomPackPreviewMeshVTK done (0.07s): result: NodeOutput
  [ComfyUI] [32m[INFO][0m [32mPrompt executed in 38.51 seconds[0m
  Node executed (1 total), capturing...
  Frame 8 saved (frame_007.jpg, t=39.1s)
  [capture-node] freeze=5ms shot=176ms unfreeze=0ms saved=True
  Execution complete (t=39.1s)
  Captured 8 unique frames over 39.36s
  [debug] iframes: 1
  [debug]   iframe[0]: src=http://127.0.0.1:41883/extensions/ComfyUI-GeometryPack/viewer_vtk.html?v=1785507, canvas=488x318, rafFrozen=True
  [timing] trigger_3d_previews: 0.0s
  Saved high-quality screenshot: mesh_face_seg_executed.png
  [timing] final_screenshot: 0.2s
    Captured 9 video frames