  [ComfyUI] [32m[INFO][0m Using RAM pressure cache.
Capturing execution frames: overlapping_faces.json
  [ComfyUI] [32m[INFO][0m Using RAM pressure cache.
  Frame 1 saved (frame_000.jpg, t=0.0s)
  Validating workflow...
  [ComfyUI] [32m[INFO][0m === /validate endpoint called ===
  [ComfyUI] [32m[INFO][0m Received JSON with keys: ['prompt']
  [ComfyUI] [32m[INFO][0m Prompt has 7 nodes
  [ComfyUI] [32m[INFO][0m   Node 1: CAD_Load
  [ComfyUI] [32m[INFO][0m     Inputs: {"filename": "cad/fan_enclosure.stp", "upload_progress": "", "\u2b06 upload / drop CAD": null}
  [ComfyUI] [32m[INFO][0m   Node 7: PreviewAny
  [ComfyUI] [32m[INFO][0m     Inputs: {"source": ["14", 2]}
  [ComfyUI] [32m[INFO][0m   Node 10: CADAnalysisViewer
  [ComfyUI] [32m[INFO][0m     Inputs: {"index": 0, "vtp_filepath": ["11", 1], "json_filepath": ["11", 2], "visualization_mode": "normal", "analysis_viewer": "{\"camera_state\":\"{\\\"position\\\":[-13.34947988181263,58.88419272094807,-20.
  [ComfyUI] [32m[INFO][0m   Node 11: CADFaceAnalysis
  [ComfyUI] [32m[INFO][0m     Inputs: {"linear_deflection": 0.1, "angular_deflection": 0.5, "tolerance": 1, "extract_control_points": true, "report_panel": "true", "cad_model": ["14", 0]}
  [ComfyUI] [32m[INFO][0m   Node 12: CADExtractFaces
  [ComfyUI] [32m[INFO][0m     Inputs: {"face_numbers": "11,557", "cad_model": ["11", 0]}
  [ComfyUI] [32m[INFO][0m   Node 13: PreviewCADOCC
  [ComfyUI] [32m[INFO][0m     Inputs: {"linear_deflection": 0.1, "angular_deflection": 0.5, "preview_occ": "", "cad_model": ["12", 0]}
  [ComfyUI] [32m[INFO][0m   Node 14: CADCheckOverlappingFaces
  [ComfyUI] [32m[INFO][0m     Inputs: {"method": "boolean_common", "tolerance": 0.01, "area_fraction_threshold": 0.3, "ignore_opposite_normals": false, "time_budget_seconds": 60, "report_panel": "false", "cad_model": ["1", 0]}
  [ComfyUI] [32m[INFO][0m Generated prompt_id: 1f4ee77f-a361-49ad-85c8-fbf073450fc0
  [ComfyUI] [32m[INFO][0m Calling execution.validate_prompt()...
  [ComfyUI] [32m[INFO][0m Validation result: valid=True
  [ComfyUI] [32m[INFO][0m === Validation PASSED ===
  Queuing workflow for execution...
  [ComfyUI] [32m[INFO][0m got prompt
  [ComfyUI] [comfy-env] Running CAD_Load: filename: 'cad/fan_enclosure.stp'
  [ComfyUI] [SubprocessWorker] call_method: nodes.cad_nodes.CAD_Load.EXECUTE_NORMALIZED
  [ComfyUI] [SubprocessWorker] acquired lock, ensuring started...
  [ComfyUI] [ComfyUI-CADabra] Health check: ping (timeout=5.0s)...
  [ComfyUI] [ComfyUI-CADabra] Health check: ok
  [ComfyUI] [SubprocessWorker] worker started/confirmed
  [ComfyUI] [SubprocessWorker] serializing kwargs to shm...
  [ComfyUI] [SubprocessWorker] created 0 shm blocks
  [ComfyUI] [SubprocessWorker] sending request via socket...
  [ComfyUI] [SubprocessWorker] call_id=2 sending call_method
  [ComfyUI] [14:24:02] [CADabra]  Using cache: fan_enclosure.stp
  [ComfyUI] [14:24:02] [CADabra]  Ready: fan_enclosure.stp
  [ComfyUI] [worker:ComfyUI-CADabra] INFO:  Using cache: fan_enclosure.stp
  [ComfyUI] [worker:ComfyUI-CADabra] INFO:  Ready: fan_enclosure.stp
  [ComfyUI] [SubprocessWorker] got response: ok
  [ComfyUI] [comfy-env] CAD_Load done (0.03s): result: NodeOutput
  [ComfyUI] [comfy-env] Running CADCheckOverlappingFaces: method: 'boolean_common', tolerance: 0.01, area_fraction_threshold: 0.3, ignore_opposite_normals: False, time_budget_seconds: 60.0, cad_model: dict
  [ComfyUI] [SubprocessWorker] call_method: nodes.cad_utility_nodes.CADCheckOverlappingFaces.EXECUTE_NORMALIZED
  [ComfyUI] [SubprocessWorker] acquired lock, ensuring started...
  [ComfyUI] [ComfyUI-CADabra] Health check: ping (timeout=5.0s)...
  [ComfyUI] [ComfyUI-CADabra] Health check: ok
  [ComfyUI] [SubprocessWorker] worker started/confirmed
  [ComfyUI] [SubprocessWorker] serializing kwargs to shm...
  [ComfyUI] [SubprocessWorker] created 0 shm blocks
  [ComfyUI] [SubprocessWorker] sending request via socket...
  [ComfyUI] [SubprocessWorker] call_id=3 sending call_method
  Frame 2 saved (frame_001.jpg, t=2.3s)
  [capture-periodic] freeze=3ms shot=151ms unfreeze=12ms saved=True
  Frame 3 saved (frame_002.jpg, t=4.6s)
  [capture-periodic] freeze=3ms shot=189ms unfreeze=9ms saved=True
  [capture-loop] iter=50 t=6.3s state={'complete': False, 'error': None, 'executedCount': 0, 'wsState': 1} eval_ms=4 ram=3.5/7.0GB (64%) swap=0.0/0.0GB (0%) cpu=67% browser_rss=0.78GB
  [capture-loop] iter=100 t=12.3s state={'complete': False, 'error': None, 'executedCount': 0, 'wsState': 1} eval_ms=5 ram=3.6/7.0GB (64%) swap=0.0/0.0GB (0%) cpu=88% browser_rss=0.78GB
  [capture-loop] iter=150 t=18.4s state={'complete': False, 'error': None, 'executedCount': 0, 'wsState': 1} eval_ms=5 ram=3.6/7.0GB (64%) swap=0.0/0.0GB (0%) cpu=75% browser_rss=0.78GB
  [capture-loop] iter=200 t=24.7s state={'complete': False, 'error': None, 'executedCount': 0, 'wsState': 1} eval_ms=11 ram=3.5/7.0GB (64%) swap=0.0/0.0GB (0%) cpu=81% browser_rss=0.71GB
  [ComfyUI] [worker:ComfyUI-CADabra]
  [ComfyUI] === WATCHDOG TICK 1 ===
  [ComfyUI] [worker:ComfyUI-CADabra] Current thread 0x000000016cc43000 (most recent call first):
  [ComfyUI]   File "/var/folders/df/djsxfhc17x95674wsm_g8s980000gn/T/comfyui_pvenv_68yqgye5/persistent_worker.py", line 52 in _watchdog
  [ComfyUI]   File "/Users/runner/.ce/envs/cadabra-nodes/.pixi/envs/default/lib/python3.12/threading.py", line 1012 in run
  [ComfyUI]   File "/Users/runner/.ce/envs/cadabra-nodes/.pixi/envs/default/lib/python3.12/threading.py", line 1075 in _bootstrap_inner
  [ComfyUI]   File "/Users/runner/.ce/envs/cadabra-nodes/.pixi/envs/default/lib/python3.12/threading.py", line 1032 in _bootstrap
  [ComfyUI] 
  [ComfyUI] Thread 0x00000001f7655d80 (most recent call first):
  [ComfyUI]   File "/Users/runner/.ce/envs/cadabra-nodes/.pixi/envs/default/lib/python3.1/site-packages/OCC/Core/BRepAlgoAPI.py", line 1554 in __init__
  [ComfyUI]   File "/Users/runner/work/comfy-ci/comfy-ci/test_workspaces/CADabra-1413/ComfyUI/custom_nodes/ComfyUI-CADabra/nodes/cad_utility_nodes.py", line 1869 in _check_boolean_common
  [ComfyUI]   File "/Users/runner/work/comfy-ci/comfy-ci/test_workspaces/CADabra-1413/ComfyUI/custom_nodes/ComfyUI-CADabra/nodes/cad_utility_nodes.py", line 1136 in execute
  [ComfyUI]   File "/Users/runner/work/comfy-ci/comfy-ci/test_workspaces/CADabra-1413/ComfyUI/comfy_api/latest/_io.py", line 1935 in EXECUTE_NORMALIZED
  [ComfyUI]   File "/var/folders/df/djsxfhc17x95674wsm_g8s980000gn/T/comfyui_pvenv_68yqgye5/persistent_worker.py", line 1767 in main
  [ComfyUI]   File "/var/folders/df/djsxfhc17x95674wsm_g8s980000gn/T/comfyui_pvenv_68yqgye5/persistent_worker.py", line 1812 in <module>
  [ComfyUI] 
  [ComfyUI] [worker:ComfyUI-CADabra] === END ===
  [ComfyUI] 
  [capture-loop] iter=250 t=30.7s state={'complete': False, 'error': None, 'executedCount': 0, 'wsState': 1} eval_ms=4 ram=3.1/7.0GB (58%) swap=0.0/0.0GB (0%) cpu=71% browser_rss=0.71GB
  [ComfyUI] [SubprocessWorker] got response: ok
  [ComfyUI] [comfy-env] CADCheckOverlappingFaces done (34.53s): result: NodeOutput
  [ComfyUI] [comfy-env] Running CADFaceAnalysis: linear_deflection: list[1], angular_deflection: list[1], tolerance: list[1], extract_control_points: list[1], cad_model: list[1]
  [ComfyUI] [SubprocessWorker] call_method: nodes.cad_analysis_nodes.CADFaceAnalysis.EXECUTE_NORMALIZED
  [ComfyUI] [SubprocessWorker] acquired lock, ensuring started...
  [ComfyUI] [ComfyUI-CADabra] Health check: ping (timeout=5.0s)...
  [ComfyUI] [ComfyUI-CADabra] Health check: ok
  [ComfyUI] [SubprocessWorker] worker started/confirmed
  [ComfyUI] [SubprocessWorker] serializing kwargs to shm...
  [ComfyUI] [SubprocessWorker] created 0 shm blocks
  [ComfyUI] [SubprocessWorker] sending request via socket...
  [ComfyUI] [SubprocessWorker] call_id=4 sending call_method
  Node executed (1 total), capturing...
  [ComfyUI] [14:24:37] [CADabra] Starting: CAD Face Analysis(faces=718)
  [ComfyUI] [worker:ComfyUI-CADabra] INFO: Starting: CAD Face Analysis(faces=718)
  [ComfyUI] [14:24:37] [CADabra] Completed: CAD Face Analysis(faces=718) in 0.21s
  [ComfyUI] [worker:ComfyUI-CADabra] INFO: Completed: CAD Face Analysis(faces=718) in 0.21s
  [ComfyUI] [14:24:37] [CADabra] Starting: CAD Adjacency Graph(faces=718)
  [ComfyUI] [worker:ComfyUI-CADabra] INFO: Starting: CAD Adjacency Graph(faces=718)
  [ComfyUI] [14:24:37] [CADabra] Completed: CAD Adjacency Graph(faces=718) in 0.03s
  [ComfyUI] [worker:ComfyUI-CADabra] INFO: Completed: CAD Adjacency Graph(faces=718) in 0.03s
  Frame 4 saved (frame_003.jpg, t=35.1s)
  [capture-node] freeze=4ms shot=136ms unfreeze=6ms saved=True
  [ComfyUI] [SubprocessWorker] got response: ok
  [ComfyUI] [comfy-env] CADFaceAnalysis done (1.38s): result: NodeOutput
  [ComfyUI] [comfy-env] Running CADAnalysisViewer: index: list[1], vtp_filepath: list[1], json_filepath: list[1], visualization_mode: list[1]
  [ComfyUI] [SubprocessWorker] call_method: nodes.cad_analysis_nodes.CADAnalysisViewer.EXECUTE_NORMALIZED
  [ComfyUI] [SubprocessWorker] acquired lock, ensuring started...
  [ComfyUI] [ComfyUI-CADabra] Health check: ping (timeout=5.0s)...
  [ComfyUI] [ComfyUI-CADabra] Health check: ok
  [ComfyUI] [SubprocessWorker] worker started/confirmed
  [ComfyUI] [SubprocessWorker] serializing kwargs to shm...
  [ComfyUI] [SubprocessWorker] created 0 shm blocks
  [ComfyUI] [SubprocessWorker] sending request via socket...
  [ComfyUI] [SubprocessWorker] call_id=5 sending call_method
  Node executed (2 total), capturing...
  [ComfyUI] [SubprocessWorker] got response: ok
  [ComfyUI] [comfy-env] CADAnalysisViewer done (0.10s): result: NodeOutput
  [ComfyUI] [comfy-env] Running CADExtractFaces: face_numbers: '11,557', cad_model: dict
  [ComfyUI] [SubprocessWorker] call_method: nodes.cad_utility_nodes.CADExtractFaces.EXECUTE_NORMALIZED
  [ComfyUI] [SubprocessWorker] acquired lock, ensuring started...
  [ComfyUI] [ComfyUI-CADabra] Health check: ping (timeout=5.0s)...
  [ComfyUI] [ComfyUI-CADabra] Health check: ok
  [ComfyUI] [SubprocessWorker] worker started/confirmed
  [ComfyUI] [SubprocessWorker] serializing kwargs to shm...
  [ComfyUI] [SubprocessWorker] created 0 shm blocks
  [ComfyUI] [SubprocessWorker] sending request via socket...
  [ComfyUI] [SubprocessWorker] call_id=6 sending call_method
  [ComfyUI] [SubprocessWorker] got response: ok
  [ComfyUI] [comfy-env] CADExtractFaces done (0.15s): result: NodeOutput
  [ComfyUI] [comfy-env] Running PreviewCADOCC: linear_deflection: 0.1, angular_deflection: 0.5, cad_model: dict
  [ComfyUI] [SubprocessWorker] call_method: nodes.cad_nodes.PreviewCADOCC.EXECUTE_NORMALIZED
  [ComfyUI] [SubprocessWorker] acquired lock, ensuring started...
  [ComfyUI] [ComfyUI-CADabra] Health check: ping (timeout=5.0s)...
  [ComfyUI] [ComfyUI-CADabra] Health check: ok
  [ComfyUI] [SubprocessWorker] worker started/confirmed
  [ComfyUI] [SubprocessWorker] serializing kwargs to shm...
  [ComfyUI] [SubprocessWorker] created 0 shm blocks
  [ComfyUI] [SubprocessWorker] sending request via socket...
  [ComfyUI] [SubprocessWorker] call_id=7 sending call_method
  [ComfyUI] [14:24:38] [CADabra]  Tessellating (linear: 0.1, angular: 0.5)
  [ComfyUI] [worker:ComfyUI-CADabra] INFO:  Tessellating (linear: 0.1, angular: 0.5)
  [ComfyUI] [14:24:38] [CADabra] Starting: BRepMesh(linear_deflection=0.1, angular_deflection=0.5)
  [ComfyUI] [worker:ComfyUI-CADabra] INFO: Starting: BRepMesh(linear_deflection=0.1, angular_deflection=0.5)
  [ComfyUI] [14:24:38] [CADabra] Completed: BRepMesh(linear_deflection=0.1, angular_deflection=0.5) in 0.01s
  [ComfyUI] [worker:ComfyUI-CADabra] INFO: Completed: BRepMesh(linear_deflection=0.1, angular_deflection=0.5) in 0.01s
  [ComfyUI] [14:24:38] [CADabra]  Mesh: 134 vertices, 138 triangles
  [ComfyUI] [worker:ComfyUI-CADabra] INFO:  Mesh: 134 vertices, 138 triangles
  [ComfyUI] [14:24:38] [CADabra]  Exported VTP: preview_54eb448b.vtp (8,956 bytes)
  [ComfyUI] [14:24:38] [CADabra]  Entities: 0 volumes, 2 faces, 28 edges
  [ComfyUI] [worker:ComfyUI-CADabra] INFO:  Exported VTP: preview_54eb448b.vtp (8,956 bytes)
  [ComfyUI] [worker:ComfyUI-CADabra] INFO:  Entities: 0 volumes, 2 faces, 28 edges
  [ComfyUI] [14:24:38] [CADabra]  Face types: {'Plane': 2}
  [ComfyUI] [14:24:38] [CADabra]  Edge types: {'BSpline': 4, 'Line': 16, 'Circle': 8}
  [ComfyUI] [worker:ComfyUI-CADabra] INFO:  Face types: {'Plane': 2}
  [ComfyUI] [worker:ComfyUI-CADabra] INFO:  Edge types: {'BSpline': 4, 'Line': 16, 'Circle': 8}
  [ComfyUI] [SubprocessWorker] got response: ok
  [ComfyUI] [comfy-env] PreviewCADOCC done (0.05s): result: NodeOutput
  [ComfyUI] [32m[INFO][0m [32mPrompt executed in 36.29 seconds[0m
  Frame 5 saved (frame_004.jpg, t=36.4s)
  [capture-node] freeze=30ms shot=504ms unfreeze=3ms saved=True
  Node executed (4 total), capturing...
  Frame 6 saved (frame_005.jpg, t=37.4s)
  [capture-node] freeze=12ms shot=141ms unfreeze=0ms saved=True
  Execution complete (t=37.4s)
  Captured 6 unique frames over 37.55s
  [debug] iframes: 2
  [debug]   iframe[0]: src=http://127.0.0.1:41883/extensions/ComfyUI-CADabra/viewer_cad_analysis.html?v=178, canvas=467x290, rafFrozen=True
  [debug]   iframe[1]: src=http://127.0.0.1:41883/extensions/ComfyUI-CADabra/viewer_cad_analysis.html?v=178, canvas=244x498, rafFrozen=True
  [timing] trigger_3d_previews: 0.0s
  Saved high-quality screenshot: overlapping_faces_executed.png
  [timing] final_screenshot: 0.4s
    Captured 7 video frames