  [ComfyUI] [32m[INFO][0m Using RAM pressure cache.
Capturing execution frames: raytracing.json
  [ComfyUI] [32m[INFO][0m Using RAM pressure cache.
  Frame 1 saved (frame_000.jpg, t=0.0s)
  Validating workflow...
  [ComfyUI] [32m[INFO][0m === /validate endpoint called ===
  [ComfyUI] [32m[INFO][0m Received JSON with keys: ['prompt']
  [ComfyUI] [32m[INFO][0m Prompt has 8 nodes
  [ComfyUI] [32m[INFO][0m   Node 1: CAD_Load
  [ComfyUI] [32m[INFO][0m     Inputs: {"filename": "cad/wc.STEP", "upload_progress": "", "\u2b06 upload / drop CAD": null}
  [ComfyUI] [32m[INFO][0m   Node 12: CADTransform
  [ComfyUI] [32m[INFO][0m     Inputs: {"translate_x": 0.12109375, "translate_y": 0, "translate_z": ["14", 0], "rotate_x": 0, "rotate_y": 0, "rotate_z": 0, "scale": 1, "cad_model": ["1", 0]}
  [ComfyUI] [32m[INFO][0m   Node 13: CADBoundingBox
  [ComfyUI] [32m[INFO][0m     Inputs: {"cad_model": ["1", 0]}
  [ComfyUI] [32m[INFO][0m   Node 14: FloatMath
  [ComfyUI] [32m[INFO][0m     Inputs: {"operation": "negate", "operand": 1, "value": ["13", 4]}
  [ComfyUI] [32m[INFO][0m   Node 17: PreviewCADOCC
  [ComfyUI] [32m[INFO][0m     Inputs: {"linear_deflection": 0.1, "angular_deflection": 0.5, "preview_occ": "", "cad_model": ["1", 0]}
  [ComfyUI] [32m[INFO][0m   Node 18: CADRaytracerBVH
  [ComfyUI] [32m[INFO][0m     Inputs: {"resolution": 522, "deflection": 0.02, "backend": "embree", "output_mode": "full", "roi": "", "npz_name": "", "cad_model": ["12", 0]}
  [ComfyUI] [32m[INFO][0m   Node 19: MultibandPreview
  Queuing workflow for execution...
  [ComfyUI] [32m[INFO][0m     Inputs: {"channel_index": 0, "multiband": ["21", 0]}
  [ComfyUI] [32m[INFO][0m   Node 21: MultibandLoadFromPath
  [ComfyUI] [32m[INFO][0m     Inputs: {"file_path": ["18", 0], "normalize": false}
  [ComfyUI] [32m[INFO][0m Generated prompt_id: 101de7d9-74f4-4bda-9922-7f8cb8ab1c50
  [ComfyUI] [32m[INFO][0m Calling execution.validate_prompt()...
  [ComfyUI] [32m[INFO][0m Validation result: valid=True
  [ComfyUI] [32m[INFO][0m === Validation PASSED ===
  [ComfyUI] [32m[INFO][0m got prompt
  [ComfyUI] [1m[33m[WARNING][0m WARNING: stat: path should be string, bytes, os.PathLike or integer, not NoneType
  [ComfyUI] [comfy-env] Running CAD_Load: filename: 'cad/wc.STEP'
  [ComfyUI] [SubprocessWorker] call_method: nodes.cad_nodes.CAD_Load.EXECUTE_NORMALIZED
  [ComfyUI] [SubprocessWorker] acquired lock, ensuring started...
  [ComfyUI] [ComfyUI-CADabra] Health check: ping (timeout=5.0s)...
  [ComfyUI] [ComfyUI-CADabra] Health check: ok
  [ComfyUI] [SubprocessWorker] worker started/confirmed
  [ComfyUI] [SubprocessWorker] serializing kwargs to shm...
  [ComfyUI] [SubprocessWorker] created 0 shm blocks
  [ComfyUI] [SubprocessWorker] sending request via socket...
  [ComfyUI] [SubprocessWorker] call_id=8 sending call_method
  [ComfyUI] [14:24:50] [CADabra]  Loading CAD file: wc.STEP
  [ComfyUI] [worker:ComfyUI-CADabra] INFO:  Loading CAD file: wc.STEP
  [ComfyUI] [14:24:51] [CADabra] Starting: STEP ReadFile(file=wc.STEP)
  [ComfyUI] [worker:ComfyUI-CADabra] INFO: Starting: STEP ReadFile(file=wc.STEP)
  [ComfyUI] [14:24:51] [CADabra] Completed: STEP ReadFile(file=wc.STEP) in 0.05s
  [ComfyUI] [worker:ComfyUI-CADabra] INFO: Completed: STEP ReadFile(file=wc.STEP) in 0.05s
  [ComfyUI] [14:24:51] [CADabra] Starting: STEP TransferRoots(file=wc.STEP)
  [ComfyUI] [worker:ComfyUI-CADabra] INFO: Starting: STEP TransferRoots(file=wc.STEP)
  [ComfyUI] [14:24:52] [CADabra] Completed: STEP TransferRoots(file=wc.STEP) in 0.33s
  [ComfyUI] [worker:ComfyUI-CADabra] INFO: Completed: STEP TransferRoots(file=wc.STEP) in 0.33s
  [ComfyUI] [14:24:52] [CADabra]  Cached to BREP: wc.STEP
  [ComfyUI] [worker:ComfyUI-CADabra] INFO:  Cached to BREP: wc.STEP
  [ComfyUI] [14:24:52] [CADabra]  Ready: wc.STEP
  [ComfyUI] [worker:ComfyUI-CADabra] INFO:  Ready: wc.STEP
  [ComfyUI] [SubprocessWorker] got response: ok
  [ComfyUI] [comfy-env] CAD_Load done (1.72s): result: NodeOutput
  [ComfyUI] [comfy-env] Running PreviewCADOCC: linear_deflection: 0.1, angular_deflection: 0.5, cad_model: dict
  [ComfyUI] [SubprocessWorker] call_method: nodes.cad_nodes.PreviewCADOCC.EXECUTE_NORMALIZED
  [ComfyUI] [SubprocessWorker] acquired lock, ensuring started...
  [ComfyUI] [ComfyUI-CADabra] Health check: ping (timeout=5.0s)...
  [ComfyUI] [ComfyUI-CADabra] Health check: ok
  [ComfyUI] [SubprocessWorker] worker started/confirmed
  [ComfyUI] [SubprocessWorker] serializing kwargs to shm...
  [ComfyUI] [SubprocessWorker] created 0 shm blocks
  [ComfyUI] [SubprocessWorker] sending request via socket...
  [ComfyUI] [SubprocessWorker] call_id=9 sending call_method
  [ComfyUI] [14:24:52] [CADabra]  Tessellating (linear: 0.1, angular: 0.5)
  [ComfyUI] [worker:ComfyUI-CADabra] INFO:  Tessellating (linear: 0.1, angular: 0.5)
  [ComfyUI] [14:24:52] [CADabra] Starting: BRepMesh(linear_deflection=0.1, angular_deflection=0.5)
  [ComfyUI] [worker:ComfyUI-CADabra] INFO: Starting: BRepMesh(linear_deflection=0.1, angular_deflection=0.5)
  Frame 2 saved (frame_001.jpg, t=2.3s)
  [capture-periodic] freeze=6ms shot=177ms unfreeze=13ms saved=True
  [ComfyUI] [14:24:53] [CADabra] Completed: BRepMesh(linear_deflection=0.1, angular_deflection=0.5) in 0.64s
  [ComfyUI] [worker:ComfyUI-CADabra] INFO: Completed: BRepMesh(linear_deflection=0.1, angular_deflection=0.5) in 0.64s
  [ComfyUI] [14:24:53] [CADabra]  Mesh: 29769 vertices, 53208 triangles
  [ComfyUI] [worker:ComfyUI-CADabra] INFO:  Mesh: 29769 vertices, 53208 triangles
  [ComfyUI] [14:24:53] [CADabra]  Exported VTP: preview_e363b5cd.vtp (2,821,134 bytes)
  [ComfyUI] [worker:ComfyUI-CADabra] INFO:  Exported VTP: preview_e363b5cd.vtp (2,821,134 bytes)
  [ComfyUI] [14:24:53] [CADabra]  Entities: 4 volumes, 118 faces, 548 edges
  [ComfyUI] [worker:ComfyUI-CADabra] INFO:  Entities: 4 volumes, 118 faces, 548 edges
  [ComfyUI] [14:24:53] [CADabra]  Face types: {'Plane': 58, 'BSpline': 39, 'Cylinder': 16, 'Torus': 3, 'Cone': 2}
  [ComfyUI] [worker:ComfyUI-CADabra] INFO:  Face types: {'Plane': 58, 'BSpline': 39, 'Cylinder': 16, 'Torus': 3, 'Cone': 2}
  [ComfyUI] [14:24:53] [CADabra]  Edge types: {'Line': 242, 'BSpline': 240, 'Circle': 66}
  [ComfyUI] [worker:ComfyUI-CADabra] INFO:  Edge types: {'Line': 242, 'BSpline': 240, 'Circle': 66}
  [ComfyUI] [SubprocessWorker] got response: ok
  [ComfyUI] [comfy-env] PreviewCADOCC done (1.43s): result: NodeOutput
  [ComfyUI] [comfy-env] Running CADBoundingBox: cad_model: dict
  [ComfyUI] [SubprocessWorker] call_method: nodes.cad_transform_nodes.CADBoundingBox.EXECUTE_NORMALIZED
  [ComfyUI] [SubprocessWorker] acquired lock, ensuring started...
  [ComfyUI] [ComfyUI-CADabra] Health check: ping (timeout=5.0s)...
  [ComfyUI] [ComfyUI-CADabra] Health check: ok
  [ComfyUI] [SubprocessWorker] worker started/confirmed
  [ComfyUI] [SubprocessWorker] serializing kwargs to shm...
  [ComfyUI] [SubprocessWorker] created 0 shm blocks
  [ComfyUI] [SubprocessWorker] sending request via socket...
  [ComfyUI] [SubprocessWorker] call_id=10 sending call_method
  [ComfyUI] [SubprocessWorker] got response: ok
  [ComfyUI] [comfy-env] CADBoundingBox done (0.04s): result: NodeOutput
  [ComfyUI] [comfy-env] Running FloatMath: operation: 'negate', operand: 1.0, value: -152.39288241063343
  [ComfyUI] [SubprocessWorker] call_method: nodes.cad_transform_nodes.FloatMath.EXECUTE_NORMALIZED
  [ComfyUI] [SubprocessWorker] acquired lock, ensuring started...
  [ComfyUI] [ComfyUI-CADabra] Health check: ping (timeout=5.0s)...
  [ComfyUI] [ComfyUI-CADabra] Health check: ok
  [ComfyUI] [SubprocessWorker] worker started/confirmed
  [ComfyUI] [SubprocessWorker] serializing kwargs to shm...
  [ComfyUI] [SubprocessWorker] created 0 shm blocks
  [ComfyUI] [SubprocessWorker] sending request via socket...
  [ComfyUI] [SubprocessWorker] call_id=11 sending call_method
  [ComfyUI] [SubprocessWorker] got response: ok
  [ComfyUI] [comfy-env] FloatMath done (0.01s): result: NodeOutput
  [ComfyUI] [comfy-env] Running CADTransform: translate_x: 0.12109375, translate_y: 0.0, translate_z: 152.39288241063343, rotate_x: 0.0, rotate_y: 0.0, rotate_z: 0.0, scale: 1.0, cad_model: dict
  [ComfyUI] [SubprocessWorker] call_method: nodes.cad_transform_nodes.CADTransform.EXECUTE_NORMALIZED
  [ComfyUI] [SubprocessWorker] acquired lock, ensuring started...
  [ComfyUI] [ComfyUI-CADabra] Health check: ping (timeout=5.0s)...
  Node executed (1 total), capturing...
  [ComfyUI] [ComfyUI-CADabra] Health check: ok
  [ComfyUI] [SubprocessWorker] worker started/confirmed
  [ComfyUI] [SubprocessWorker] serializing kwargs to shm...
  [ComfyUI] [SubprocessWorker] created 0 shm blocks
  [ComfyUI] [SubprocessWorker] sending request via socket...
  [ComfyUI] [SubprocessWorker] call_id=12 sending call_method
  [ComfyUI] [SubprocessWorker] got response: ok
  [ComfyUI] [comfy-env] CADTransform done (0.06s): result: NodeOutput
  [ComfyUI] [comfy-env] Running CADRaytracerBVH: resolution: 522, deflection: 0.02, backend: 'embree', output_mode: 'full', roi: '', npz_name: '', cad_model: dict
  [ComfyUI] [SubprocessWorker] call_method: nodes.raytracer_node.CADRaytracerBVH.EXECUTE_NORMALIZED
  [ComfyUI] [SubprocessWorker] acquired lock, ensuring started...
  [ComfyUI] [ComfyUI-CADabra] Health check: ping (timeout=5.0s)...
  [ComfyUI] [ComfyUI-CADabra] Health check: ok
  [ComfyUI] [SubprocessWorker] worker started/confirmed
  [ComfyUI] [SubprocessWorker] serializing kwargs to shm...
  [ComfyUI] [SubprocessWorker] created 0 shm blocks
  [ComfyUI] [SubprocessWorker] sending request via socket...
  [ComfyUI] [SubprocessWorker] call_id=13 sending call_method
  Frame 3 saved (frame_002.jpg, t=3.6s)
  [capture-node] freeze=247ms shot=245ms unfreeze=4ms saved=True
  Frame 4 saved (frame_003.jpg, t=6.1s)
  [capture-periodic] freeze=5ms shot=172ms unfreeze=4ms saved=True
  [capture-loop] iter=50 t=6.9s state={'complete': False, 'error': None, 'executedCount': 1, 'wsState': 1} eval_ms=4 ram=3.5/7.0GB (63%) swap=0.0/0.0GB (0%) cpu=59% browser_rss=0.85GB
  [ComfyUI] [SubprocessWorker] got response: ok
  [ComfyUI] [comfy-env] CADRaytracerBVH done (5.07s): result: NodeOutput
  [ComfyUI] PreviewMultibandImage: Batch=1, Channels=16, Names=['height', 'normal_x', 'normal_y', 'normal_z', 'position_x', 'position_y', 'position_z', 'face_id', 'curv_gauss', 'curv_mean', 'curv_min', 'curv_max', 'curv_xx', 'curv_yy', 'curv_xy', 'hit_mask']
  [ComfyUI] [32m[INFO][0m [32mPrompt executed in 8.64 seconds[0m
  Node executed (2 total), capturing...
  Frame 5 saved (frame_004.jpg, t=9.1s)
  [capture-node] freeze=6ms shot=141ms unfreeze=0ms saved=True
  Execution complete (t=9.1s)
  Captured 5 unique frames over 9.26s
  [debug] iframes: 1
  [debug]   iframe[0]: src=http://127.0.0.1:41883/extensions/ComfyUI-CADabra/viewer_cad_analysis.html?v=178, canvas=244x498, rafFrozen=True
  [timing] trigger_3d_previews: 0.0s
  Saved high-quality screenshot: raytracing_executed.png
  [timing] final_screenshot: 0.3s
    Captured 6 video frames