Capturing execution frames: view_cads.json
  Frame 1 saved (frame_000.jpg, t=0.0s)
  Validating workflow...
  Queuing workflow for execution...
  Frame 2 saved (frame_001.jpg, t=2.2s)
  [capture-periodic] freeze=2ms shot=117ms unfreeze=5ms saved=True
  Frame 3 saved (frame_002.jpg, t=4.4s)
  [capture-periodic] freeze=5ms shot=136ms unfreeze=2ms saved=True
  Node executed (2 total), capturing...
  Frame 4 saved (frame_003.jpg, t=5.3s)
  [capture-node] freeze=1051ms shot=463ms unfreeze=8ms saved=True
  Node executed (5 total), capturing...
  Frame 5 saved (frame_004.jpg, t=7.2s)
  [capture-node] freeze=83ms shot=332ms unfreeze=0ms saved=True
  Execution complete (t=7.2s)
  Captured 5 unique frames over 7.69s
  [debug] iframes: 3
  [debug]   iframe[0]: src=http://127.0.0.1:8188/extensions/ComfyUI-CADabra/viewer_cad_edge_detail.html?v=1, canvas=244x386, rafFrozen=True
  [debug]   iframe[1]: src=http://127.0.0.1:8188/extensions/ComfyUI-CADabra/viewer_cad_edge.html?v=17782278, canvas=244x260, rafFrozen=True
  [debug]   iframe[2]: src=http://127.0.0.1:8188/extensions/ComfyUI-CADabra/viewer_cad_analysis.html?v=1778, canvas=244x257, rafFrozen=True
  [timing] trigger_3d_previews: 0.0s
  Saved high-quality screenshot: view_cads_executed.png
  [timing] final_screenshot: 0.2s
    Captured 6 video frames