[00:00] Crash dump logging enabled: D:\a\comfy-gpu-ci\comfy-gpu-ci\comfy-test-logs\CADabra-1123\windows-cpu\crash_dump.log
[00:00] 
[00:00] [1/3] REGISTRATION
[00:00] ----------------------------------------
[00:00] 
[DEBUG] server=None, server_url=http://127.0.0.1:8188, api=None
[00:00] 
Connecting to existing server at http://127.0.0.1:8188...
[00:00] Connecting to existing server at http://127.0.0.1:8188...
[00:00] Connected to server! (attempt 1, 0.0s)
[00:00] Checking for import errors in server logs...
[00:00] No import errors detected
[00:00] Found 880 registered nodes
[00:00] [REGISTRATION] PASSED
[00:00] 
[00:00] [2/3] INSTANTIATION
[00:00] ----------------------------------------
[00:00] 
[DEBUG] server=<comfy_test.comfyui.server.ExternalComfyUIServer object at 0x0000023F81418D70>, server_url=http://127.0.0.1:8188, api=<comfy_test.comfyui.api.ComfyUIAPI object at 0x0000023F81418EC0>
[00:00] Testing node constructors...
[00:03] All 39 node(s) instantiated successfully!
[00:03] [INSTANTIATION] PASSED
[00:03] 
[00:03] [3/3] EXECUTION
[00:03] ----------------------------------------
[00:03] 
[DEBUG] server=<comfy_test.comfyui.server.ExternalComfyUIServer object at 0x0000023F81418D70>, server_url=http://127.0.0.1:8188, api=<comfy_test.comfyui.api.ComfyUIAPI object at 0x0000023F81418EC0>
[00:03] CPU runner - will execute 8 workflow(s)
[00:03] Running 8 workflow(s) (all with videos)...
[00:04] Starting headless browser...
[00:04]   Downloading Mesa llvmpipe for Windows...
[00:13]   Copied opengl32.dll to Chromium dir
[00:13]   Copied libgallium_wgl.dll to Chromium dir
[00:13]   Using Mesa llvmpipe (desktop GL) — multithreaded CPU rendering
[00:14] Capturing execution frames: analyse_CAD.json
[00:24]   Frame 1 saved (frame_000.jpg, t=0.0s)
[00:24]   Validating workflow...
[00:24]   Queuing workflow for execution...
[00:27]   Frame 2 saved (frame_001.jpg, t=2.5s)
[00:27]   [capture-periodic] freeze=5ms shot=147ms unfreeze=5ms saved=True
[00:29]   Frame 3 saved (frame_002.jpg, t=4.7s)
[00:29]   [capture-periodic] freeze=6ms shot=149ms unfreeze=6ms saved=True
[00:31]   [capture-loop] iter=50 t=6.4s state={'complete': False, 'error': None, 'executedCount': 0, 'wsState': 1} eval_ms=6 ram=5.9/16.0GB (37%) swap=0.3/2.9GB (10%) cpu=43% browser_rss=0.73GB
[00:37]   [capture-loop] iter=100 t=13.0s state={'complete': False, 'error': None, 'executedCount': 0, 'wsState': 1} eval_ms=6 ram=6.1/16.0GB (38%) swap=0.3/2.9GB (10%) cpu=78% browser_rss=0.73GB
[00:43]   [capture-loop] iter=150 t=19.4s state={'complete': False, 'error': None, 'executedCount': 0, 'wsState': 1} eval_ms=10 ram=6.3/16.0GB (40%) swap=0.3/2.9GB (10%) cpu=88% browser_rss=0.74GB
[00:47]   Frame 4 saved (frame_003.jpg, t=22.5s)
[00:47]   [capture-periodic] freeze=5ms shot=140ms unfreeze=5ms saved=True
[00:48]   Node executed (1 total), capturing...
[00:48]   Frame 5 saved (frame_004.jpg, t=24.1s)
[00:48]   [capture-node] freeze=4ms shot=152ms unfreeze=6ms saved=True
[00:48]   Node executed (2 total), capturing...
[00:49]   Frame 6 saved (frame_005.jpg, t=24.6s)
[00:49]   [capture-node] freeze=25ms shot=209ms unfreeze=4ms saved=True
[00:50]   Node executed (3 total), capturing...
[00:50]   Frame 7 saved (frame_006.jpg, t=25.7s)
[00:50]   [capture-node] freeze=5ms shot=179ms unfreeze=12ms saved=True
[00:53]   [capture-loop] iter=200 t=28.6s state={'complete': False, 'error': None, 'executedCount': 3, 'wsState': 1} eval_ms=118 ram=6.3/16.0GB (40%) swap=0.3/2.9GB (10%) cpu=90% browser_rss=0.71GB
[01:13]   [capture-loop] iter=250 t=49.1s state={'complete': False, 'error': None, 'executedCount': 3, 'wsState': 1} eval_ms=8 ram=6.3/16.0GB (39%) swap=0.3/2.9GB (10%) cpu=100% browser_rss=0.71GB
[01:22]   [capture-loop] iter=300 t=58.4s state={'complete': False, 'error': None, 'executedCount': 3, 'wsState': 1} eval_ms=30 ram=6.3/16.0GB (39%) swap=0.3/2.9GB (10%) cpu=99% browser_rss=0.68GB
[01:32]   [capture-loop] iter=350 t=67.7s state={'complete': False, 'error': None, 'executedCount': 3, 'wsState': 1} eval_ms=49 ram=6.3/16.0GB (40%) swap=0.3/2.9GB (10%) cpu=99% browser_rss=0.69GB
[01:41]   [capture-loop] iter=400 t=76.6s state={'complete': False, 'error': None, 'executedCount': 3, 'wsState': 1} eval_ms=40 ram=6.3/16.0GB (39%) swap=0.3/2.9GB (10%) cpu=99% browser_rss=0.68GB
[01:50]   [capture-loop] iter=450 t=86.1s state={'complete': False, 'error': None, 'executedCount': 3, 'wsState': 1} eval_ms=30 ram=6.3/16.0GB (39%) swap=0.3/2.9GB (10%) cpu=99% browser_rss=0.68GB
[02:05]   Node executed (4 total), capturing...
[02:05]   Frame 8 saved (frame_007.jpg, t=100.7s)
[02:05]   [capture-node] freeze=51ms shot=145ms unfreeze=4ms saved=True
[02:06]   Node executed (5 total), capturing...
[02:06]   Frame 9 saved (frame_008.jpg, t=101.9s)
[02:06]   [capture-node] freeze=84ms shot=159ms unfreeze=0ms saved=True
[02:06]   Execution complete (t=101.9s)
[02:06]   Captured 9 unique frames over 102.16s
[02:06]   [debug] iframes: 3
[02:06]   [debug]   iframe[0]: src=http://127.0.0.1:8188/extensions/ComfyUI-CADabra/viewer_cad_edge_detail.html?v=1, canvas=244x381, rafFrozen=True
[02:06]   [debug]   iframe[1]: src=http://127.0.0.1:8188/extensions/ComfyUI-CADabra/viewer_cad_edge.html?v=17782394, canvas=244x260, rafFrozen=True
[02:06]   [debug]   iframe[2]: src=http://127.0.0.1:8188/extensions/ComfyUI-CADabra/viewer_cad_analysis.html?v=1778, canvas=480x279, rafFrozen=True
[02:06]   [timing] trigger_3d_previews: 0.0s
[02:08]   Saved high-quality screenshot: analyse_CAD_executed.png
[02:09]   [timing] final_screenshot: 0.3s
[02:09] Capturing execution frames: cad_manipulation.json
[02:17]   Frame 1 saved (frame_000.jpg, t=0.0s)
[02:17]   Validating workflow...
[02:17]   Queuing workflow for execution...
[02:17]   Node executed (1 total), capturing...
[02:18]   Frame 2 saved (frame_001.jpg, t=1.1s)
[02:18]   [capture-node] freeze=117ms shot=217ms unfreeze=10ms saved=True
[02:18]   Node executed (2 total), capturing...
[02:19]   [capture-node] freeze=73ms shot=158ms unfreeze=4ms saved=False
[02:21]   Frame 3 saved (frame_002.jpg, t=4.3s)
[02:21]   [capture-periodic] freeze=46ms shot=150ms unfreeze=5ms saved=True
[02:28]   [capture-loop] iter=50 t=11.9s state={'complete': False, 'error': None, 'executedCount': 2, 'wsState': 1} eval_ms=30 ram=6.2/16.0GB (39%) swap=0.3/2.9GB (10%) cpu=90% browser_rss=0.69GB
[02:30]   Node executed (3 total), capturing...
[02:30]   Frame 4 saved (frame_003.jpg, t=13.5s)
[02:30]   [capture-node] freeze=26ms shot=155ms unfreeze=0ms saved=True
[02:30]   Execution complete (t=13.5s)
[02:30]   Captured 4 unique frames over 13.7s
[02:30]   [debug] iframes: 2
[02:30]   [debug]   iframe[0]: src=http://127.0.0.1:8188/extensions/ComfyUI-CADabra/viewer_cad_analysis.html?v=1778, canvas=372x498, rafFrozen=True
[02:30]   [debug]   iframe[1]: src=http://127.0.0.1:8188/extensions/ComfyUI-CADabra/viewer_cad_analysis.html?v=1778, canvas=272x498, rafFrozen=True
[02:30]   [timing] trigger_3d_previews: 0.0s
[02:32]   Saved high-quality screenshot: cad_manipulation_executed.png
[02:32]   [timing] final_screenshot: 0.2s
[02:33] Capturing execution frames: cad_quality_metrics.json
[02:39]   Frame 1 saved (frame_000.jpg, t=0.0s)
[02:39]   Validating workflow...
[02:39]   Queuing workflow for execution...
[02:42]   Frame 2 saved (frame_001.jpg, t=2.2s)
[02:42]   [capture-periodic] freeze=5ms shot=123ms unfreeze=5ms saved=True
[02:44]   Frame 3 saved (frame_002.jpg, t=4.4s)
[02:44]   [capture-periodic] freeze=5ms shot=118ms unfreeze=9ms saved=True
[02:45]   [capture-loop] iter=50 t=6.0s state={'complete': False, 'error': None, 'executedCount': 0, 'wsState': 1} eval_ms=5 ram=6.3/16.0GB (40%) swap=0.3/2.9GB (10%) cpu=43% browser_rss=0.70GB
[02:48]   Node executed (1 total), capturing...
[02:52]   Frame 4 saved (frame_003.jpg, t=9.0s)
[02:52]   [capture-node] freeze=2158ms shot=559ms unfreeze=5ms saved=True
[02:52]   Node executed (2 total), capturing...
[02:53]   [capture-node] freeze=133ms shot=471ms unfreeze=0ms saved=False
[02:53]   Execution complete (t=13.1s)
[02:53]   Captured 4 unique frames over 13.66s
[02:53]   [debug] iframes: 1
[02:53]   [debug]   iframe[0]: src=http://127.0.0.1:8188/extensions/ComfyUI-CADabra/viewer_cad_analysis.html?v=1778, canvas=372x498, rafFrozen=True
[02:53]   [timing] trigger_3d_previews: 0.0s
[02:55]   Saved high-quality screenshot: cad_quality_metrics_executed.png
[02:55]   [timing] final_screenshot: 0.2s
[02:55] Capturing execution frames: edge_analysis.json
[03:02]   Frame 1 saved (frame_000.jpg, t=0.0s)
[03:02]   Validating workflow...
[03:02]   Queuing workflow for execution...
[03:03]   Node executed (1 total), capturing...
[03:03]   Frame 2 saved (frame_001.jpg, t=1.2s)
[03:03]   [capture-node] freeze=4ms shot=117ms unfreeze=3ms saved=True
[03:03]   Node executed (2 total), capturing...
[03:04]   Frame 3 saved (frame_002.jpg, t=1.7s)
[03:04]   [capture-node] freeze=7ms shot=104ms unfreeze=3ms saved=True
[03:05]   Node executed (3 total), capturing...
[03:05]   Frame 4 saved (frame_003.jpg, t=2.9s)
[03:05]   [capture-node] freeze=7ms shot=106ms unfreeze=0ms saved=True
[03:05]   Execution complete (t=2.9s)
[03:05]   Captured 4 unique frames over 3.01s
[03:05]   [debug] iframes: 2
[03:05]   [debug]   iframe[0]: src=http://127.0.0.1:8188/extensions/ComfyUI-CADabra/viewer_cad_edge_detail.html?v=1, canvas=244x381, rafFrozen=True
[03:05]   [debug]   iframe[1]: src=http://127.0.0.1:8188/extensions/ComfyUI-CADabra/viewer_cad_edge.html?v=17782395, canvas=347x269, rafFrozen=True
[03:05]   [timing] trigger_3d_previews: 0.0s
[03:07]   Saved high-quality screenshot: edge_analysis_executed.png
[03:07]   [timing] final_screenshot: 0.2s
[03:07] Capturing execution frames: mesh_CAD.json
[03:14]   Frame 1 saved (frame_000.jpg, t=0.0s)
[03:14]   Validating workflow...
[03:14]   Queuing workflow for execution...
[03:15]   Node executed (1 total), capturing...
[03:15]   Frame 2 saved (frame_001.jpg, t=0.8s)
[03:15]   [capture-node] freeze=9ms shot=152ms unfreeze=4ms saved=True
[03:20]   Frame 3 saved (frame_002.jpg, t=5.6s)
[03:20]   [capture-periodic] freeze=108ms shot=171ms unfreeze=4ms saved=True
[03:23]   [capture-loop] iter=50 t=9.3s state={'complete': False, 'error': None, 'executedCount': 1, 'wsState': 1} eval_ms=44 ram=6.2/16.0GB (39%) swap=0.3/2.9GB (10%) cpu=58% browser_rss=0.73GB
[03:24]   Node executed (2 total), capturing...
[03:24]   Frame 4 saved (frame_003.jpg, t=10.0s)
[03:24]   [capture-node] freeze=23ms shot=155ms unfreeze=5ms saved=True
[03:32]   [capture-loop] iter=100 t=18.2s state={'complete': False, 'error': None, 'executedCount': 2, 'wsState': 1} eval_ms=26 ram=6.3/16.0GB (40%) swap=0.3/2.9GB (10%) cpu=94% browser_rss=0.68GB
[03:41]   [capture-loop] iter=150 t=26.6s state={'complete': False, 'error': None, 'executedCount': 2, 'wsState': 1} eval_ms=45 ram=6.4/16.0GB (40%) swap=0.3/2.9GB (10%) cpu=95% browser_rss=0.67GB
[03:49]   [capture-loop] iter=200 t=35.2s state={'complete': False, 'error': None, 'executedCount': 2, 'wsState': 1} eval_ms=43 ram=6.4/16.0GB (40%) swap=0.3/2.9GB (10%) cpu=97% browser_rss=0.68GB
[03:53]   Node executed (3 total), capturing...
[03:53]   Frame 5 saved (frame_004.jpg, t=38.9s)
[03:53]   [capture-node] freeze=48ms shot=157ms unfreeze=8ms saved=True
[03:55]   Execution complete (t=40.6s)
[03:55]   Captured 5 unique frames over 40.67s
[03:55]   [debug] iframes: 2
[03:55]   [debug]   iframe[0]: src=http://127.0.0.1:8188/extensions/ComfyUI-CADabra/viewer_cad_analysis.html?v=1778, canvas=242x498, rafFrozen=False
[03:55]   [debug]   iframe[1]: src=http://127.0.0.1:8188/extensions/ComfyUI-GeometryPack/viewer_dual.html?v=1778239, canvas=0x0, rafFrozen=False
[03:55]   [timing] trigger_3d_previews: 0.0s
[03:57]   Saved high-quality screenshot: mesh_CAD_executed.png
[03:57]   [timing] final_screenshot: 0.3s
[03:58] Capturing execution frames: raytracing.json
[04:04]   Frame 1 saved (frame_000.jpg, t=0.0s)
[04:04]   Validating workflow...
[04:04]   Queuing workflow for execution...
[04:06]   Frame 2 saved (frame_001.jpg, t=2.2s)
[04:06]   [capture-periodic] freeze=5ms shot=123ms unfreeze=4ms saved=True
[04:08]   Frame 3 saved (frame_002.jpg, t=4.4s)
[04:08]   [capture-periodic] freeze=5ms shot=126ms unfreeze=4ms saved=True
[04:10]   [capture-loop] iter=50 t=6.1s state={'complete': False, 'error': None, 'executedCount': 0, 'wsState': 1} eval_ms=10 ram=6.1/16.0GB (38%) swap=0.4/2.9GB (15%) cpu=57% browser_rss=0.73GB
[04:14]   Node executed (1 total), capturing...
[04:15]   Frame 4 saved (frame_003.jpg, t=10.8s)
[04:15]   [capture-node] freeze=367ms shot=218ms unfreeze=5ms saved=True
[04:18]   [capture-loop] iter=100 t=14.3s state={'complete': False, 'error': None, 'executedCount': 1, 'wsState': 1} eval_ms=78 ram=6.3/16.0GB (39%) swap=0.4/2.9GB (15%) cpu=75% browser_rss=0.70GB
[04:30]   [capture-loop] iter=150 t=26.4s state={'complete': False, 'error': None, 'executedCount': 1, 'wsState': 1} eval_ms=93 ram=6.2/16.0GB (39%) swap=0.4/2.9GB (15%) cpu=97% browser_rss=0.66GB
[04:42]   [capture-loop] iter=200 t=37.9s state={'complete': False, 'error': None, 'executedCount': 1, 'wsState': 1} eval_ms=46 ram=6.2/16.0GB (39%) swap=0.4/2.9GB (15%) cpu=97% browser_rss=0.65GB
[04:53]   [capture-loop] iter=250 t=48.9s state={'complete': False, 'error': None, 'executedCount': 1, 'wsState': 1} eval_ms=79 ram=6.2/16.0GB (39%) swap=0.4/2.9GB (15%) cpu=98% browser_rss=0.65GB
[05:03]   Frame 5 saved (frame_004.jpg, t=59.2s)
[05:03]   [capture-periodic] freeze=81ms shot=193ms unfreeze=5ms saved=True
[05:03]   Node executed (2 total), capturing...
[05:04]   Frame 6 saved (frame_005.jpg, t=59.9s)
[05:04]   [capture-node] freeze=43ms shot=202ms unfreeze=0ms saved=True
[05:04]   Execution complete (t=59.9s)
[05:04]   Captured 6 unique frames over 60.15s
[05:04]   [debug] iframes: 1
[05:04]   [debug]   iframe[0]: src=http://127.0.0.1:8188/extensions/ComfyUI-CADabra/viewer_cad_analysis.html?v=1778, canvas=242x498, rafFrozen=True
[05:04]   [timing] trigger_3d_previews: 0.0s
[05:06]   Saved high-quality screenshot: raytracing_executed.png
[05:06]   [timing] final_screenshot: 0.2s
[05:07] Capturing execution frames: raytracing_roi.json
[05:13]   Frame 1 saved (frame_000.jpg, t=0.0s)
[05:13]   Validating workflow...
[05:13]   Queuing workflow for execution...
[05:15]   Frame 2 saved (frame_001.jpg, t=2.4s)
[05:15]   [capture-periodic] freeze=6ms shot=117ms unfreeze=4ms saved=True
[05:17]   Frame 3 saved (frame_002.jpg, t=4.5s)
[05:17]   [capture-periodic] freeze=5ms shot=136ms unfreeze=9ms saved=True
[05:19]   [capture-loop] iter=50 t=6.5s state={'complete': False, 'error': None, 'executedCount': 0, 'wsState': 1} eval_ms=16 ram=6.1/16.0GB (38%) swap=0.4/2.9GB (15%) cpu=66% browser_rss=0.74GB
[05:24]   Node executed (1 total), capturing...
[05:25]   Frame 4 saved (frame_003.jpg, t=11.6s)
[05:25]   [capture-node] freeze=28ms shot=213ms unfreeze=13ms saved=True
[05:25]   Node executed (2 total), capturing...
[05:25]   Frame 5 saved (frame_004.jpg, t=12.3s)
[05:25]   [capture-node] freeze=30ms shot=188ms unfreeze=4ms saved=True
[05:27]   [capture-loop] iter=100 t=14.4s state={'complete': False, 'error': None, 'executedCount': 2, 'wsState': 1} eval_ms=46 ram=6.4/16.0GB (40%) swap=0.4/2.9GB (15%) cpu=86% browser_rss=0.76GB
[05:29]   Node executed (3 total), capturing...
[05:30]   Frame 6 saved (frame_005.jpg, t=16.7s)
[05:30]   [capture-node] freeze=25ms shot=183ms unfreeze=0ms saved=True
[05:30]   Execution complete (t=16.7s)
[05:30]   Captured 6 unique frames over 16.94s
[05:30]   [debug] iframes: 2
[05:30]   [debug]   iframe[0]: src=http://127.0.0.1:8188/extensions/ComfyUI-CADabra/viewer_cad_analysis.html?v=1778, canvas=242x498, rafFrozen=True
[05:30]   [debug]   iframe[1]: src=http://127.0.0.1:8188/extensions/ComfyUI-CADabra/viewer_cad_roi.html?v=177823969, canvas=292x498, rafFrozen=True
[05:30]   [timing] trigger_3d_previews: 0.0s
[05:32]   Saved high-quality screenshot: raytracing_roi_executed.png
[05:32]   [timing] final_screenshot: 0.2s
[05:32] Capturing execution frames: view_cads.json
[05:38]   Frame 1 saved (frame_000.jpg, t=0.0s)
[05:38]   Validating workflow...
[05:38]   Queuing workflow for execution...
[05:39]   Node executed (1 total), capturing...
[05:40]   Frame 2 saved (frame_001.jpg, t=1.3s)
[05:40]   [capture-node] freeze=7ms shot=135ms unfreeze=3ms saved=True
[05:40]   Node executed (2 total), capturing...
[05:40]   Frame 3 saved (frame_002.jpg, t=1.8s)
[05:40]   [capture-node] freeze=35ms shot=149ms unfreeze=4ms saved=True
[05:40]   Node executed (3 total), capturing...
[05:41]   [capture-node] freeze=25ms shot=138ms unfreeze=5ms saved=False
[05:43]   Frame 4 saved (frame_003.jpg, t=4.6s)
[05:43]   [capture-periodic] freeze=50ms shot=149ms unfreeze=9ms saved=True
[05:53]   [capture-loop] iter=50 t=15.1s state={'complete': False, 'error': None, 'executedCount': 3, 'wsState': 1} eval_ms=40 ram=6.4/16.0GB (40%) swap=0.4/2.9GB (15%) cpu=72% browser_rss=0.77GB
[06:02]   [capture-loop] iter=100 t=24.4s state={'complete': False, 'error': None, 'executedCount': 3, 'wsState': 1} eval_ms=37 ram=6.3/16.0GB (39%) swap=0.4/2.9GB (15%) cpu=98% browser_rss=0.67GB
[06:10]   [capture-loop] iter=150 t=32.0s state={'complete': False, 'error': None, 'executedCount': 3, 'wsState': 1} eval_ms=46 ram=6.3/16.0GB (40%) swap=0.4/2.9GB (15%) cpu=94% browser_rss=0.66GB
[06:18]   [capture-loop] iter=200 t=39.6s state={'complete': False, 'error': None, 'executedCount': 3, 'wsState': 1} eval_ms=21 ram=6.3/16.0GB (40%) swap=0.4/2.9GB (15%) cpu=94% browser_rss=0.67GB
[06:20]   Node executed (4 total), capturing...
[06:21]   Frame 5 saved (frame_004.jpg, t=42.4s)
[06:21]   [capture-node] freeze=43ms shot=159ms unfreeze=5ms saved=True
[06:21]   Node executed (5 total), capturing...
[06:21]   [capture-node] freeze=24ms shot=208ms unfreeze=0ms saved=False
[06:21]   Execution complete (t=43.0s)
[06:22]   Captured 5 unique frames over 43.99s
[06:22]   [debug] iframes: 3
[06:22]   [debug]   iframe[0]: src=http://127.0.0.1:8188/extensions/ComfyUI-CADabra/viewer_cad_edge_detail.html?v=1, canvas=244x381, rafFrozen=True
[06:22]   [debug]   iframe[1]: src=http://127.0.0.1:8188/extensions/ComfyUI-CADabra/viewer_cad_edge.html?v=17782397, canvas=244x260, rafFrozen=True
[06:22]   [debug]   iframe[2]: src=http://127.0.0.1:8188/extensions/ComfyUI-CADabra/viewer_cad_analysis.html?v=1778, canvas=244x257, rafFrozen=True
[06:22]   [timing] trigger_3d_previews: 0.0s
[06:24]   Saved high-quality screenshot: view_cads_executed.png
[06:24]   [timing] final_screenshot: 0.2s
[06:25] Results saved to D:\a\comfy-gpu-ci\comfy-gpu-ci\comfy-test-logs\CADabra-1123\windows-cpu\results.json
[06:25] Saved: D:\a\comfy-gpu-ci\comfy-gpu-ci\comfy-test-logs\CADabra-1123\windows-cpu\index.html
[06:25] [EXECUTION] PASSED
[06:25] 
windows: PASSED
