  [ComfyUI] [32m[INFO][0m Using RAM pressure cache.
Capturing execution frames: cad_manipulation.json
  [ComfyUI] [32m[INFO][0m Using RAM pressure cache.
  Frame 1 saved (frame_000.jpg, t=0.0s)
  Validating workflow...
  [ComfyUI] [32m[INFO][0m === /validate endpoint called ===
  [ComfyUI] [32m[INFO][0m Received JSON with keys: ['prompt']
  [ComfyUI] [32m[INFO][0m Prompt has 7 nodes
  [ComfyUI] [32m[INFO][0m   Node 1: CAD_Load
  [ComfyUI] [32m[INFO][0m     Inputs: {"filename": "cad/spiral_wind_turbine.stp", "upload_progress": "", "\u2b06 upload / drop CAD": null}
  [ComfyUI] [32m[INFO][0m   Node 2: CADSplitComponents
  [ComfyUI] [32m[INFO][0m     Inputs: {"report_panel": "false", "cad_model": ["1", 0]}
  [ComfyUI] [32m[INFO][0m   Node 3: CADExtractFaces
  [ComfyUI] [32m[INFO][0m     Inputs: {"face_numbers": "", "cad_model": ["2", 0]}
  [ComfyUI] [32m[INFO][0m   Node 5: PreviewCADOCC
  Queuing workflow for execution...
  [ComfyUI] [32m[INFO][0m     Inputs: {"linear_deflection": 0.1, "angular_deflection": 0.5, "preview_occ": "", "cad_model": ["9", 0]}
  [ComfyUI] [32m[INFO][0m   Node 6: PreviewAny
  [ComfyUI] [32m[INFO][0m     Inputs: {"source": ["2", 3]}
  [ComfyUI] [32m[INFO][0m   Node 7: PreviewCADOCC
  [ComfyUI] [32m[INFO][0m     Inputs: {"linear_deflection": 0.1, "angular_deflection": 0.5, "preview_occ": "", "cad_model": ["1", 0]}
  [ComfyUI] [32m[INFO][0m   Node 9: CADProjectFaces2D
  [ComfyUI] [32m[INFO][0m     Inputs: {"plane": "XY", "plane_origin_x": 0, "plane_origin_y": 0, "plane_origin_z": 0, "plane_normal_x": 0, "plane_normal_y": 0, "plane_normal_z": 1, "cad_model": ["3", 0]}
  [ComfyUI] [32m[INFO][0m Generated prompt_id: a1e3adf6-3ba6-473d-927e-28fa78620114
  [ComfyUI] [32m[INFO][0m Calling execution.validate_prompt()...
  [ComfyUI] [32m[INFO][0m Validation result: valid=True
  [ComfyUI] [32m[INFO][0m === Validation PASSED ===
  [ComfyUI] [32m[INFO][0m got prompt
  [ComfyUI] [comfy-env] Running CAD_Load: filename: 'cad/spiral_wind_turbine.stp'
  [ComfyUI] [SubprocessWorker] call_method: nodes.cad_nodes.CAD_Load.EXECUTE_NORMALIZED
  [ComfyUI] [SubprocessWorker] acquired lock, ensuring started...
  [ComfyUI] [ComfyUI-CADabra] Health check: ping (timeout=5.0s)...
  [ComfyUI] [ComfyUI-CADabra] Health check: ok
  [ComfyUI] [SubprocessWorker] worker started/confirmed
  [ComfyUI] [SubprocessWorker] serializing kwargs to shm...
  [ComfyUI] [SubprocessWorker] created 0 shm blocks
  [ComfyUI] [SubprocessWorker] sending request via socket...
  [ComfyUI] [SubprocessWorker] call_id=25 sending call_method
  [ComfyUI] [14:25:37] [CADabra]  Loading CAD file: spiral_wind_turbine.stp
  [ComfyUI] [worker:ComfyUI-CADabra] INFO:  Loading CAD file: spiral_wind_turbine.stp
  [ComfyUI] [14:25:37] [CADabra] Starting: STEP ReadFile(file=spiral_wind_turbine.stp)
  [ComfyUI] [worker:ComfyUI-CADabra] INFO: Starting: STEP ReadFile(file=spiral_wind_turbine.stp)
  [ComfyUI] [14:25:37] [CADabra] Completed: STEP ReadFile(file=spiral_wind_turbine.stp) in 0.02s
  [ComfyUI] [worker:ComfyUI-CADabra] INFO: Completed: STEP ReadFile(file=spiral_wind_turbine.stp) in 0.02s
  [ComfyUI] [14:25:37] [CADabra] Starting: STEP TransferRoots(file=spiral_wind_turbine.stp)
  [ComfyUI] [worker:ComfyUI-CADabra] INFO: Starting: STEP TransferRoots(file=spiral_wind_turbine.stp)
  [ComfyUI] [14:25:37] [CADabra] Completed: STEP TransferRoots(file=spiral_wind_turbine.stp) in 0.11s
  [ComfyUI] [worker:ComfyUI-CADabra] INFO: Completed: STEP TransferRoots(file=spiral_wind_turbine.stp) in 0.11s
  [ComfyUI] [14:25:38] [CADabra]  Cached to BREP: spiral_wind_turbine.stp
  [ComfyUI] [worker:ComfyUI-CADabra] INFO:  Cached to BREP: spiral_wind_turbine.stp
  [ComfyUI] [14:25:38] [CADabra]  Ready: spiral_wind_turbine.stp
  [ComfyUI] [worker:ComfyUI-CADabra] INFO:  Ready: spiral_wind_turbine.stp
  [ComfyUI] [SubprocessWorker] got response: ok
  [ComfyUI] [comfy-env] CAD_Load done (0.26s): result: NodeOutput
  [ComfyUI] [comfy-env] Running PreviewCADOCC: linear_deflection: 0.1, angular_deflection: 0.5, cad_model: dict
  [ComfyUI] [SubprocessWorker] call_method: nodes.cad_nodes.PreviewCADOCC.EXECUTE_NORMALIZED
  [ComfyUI] [SubprocessWorker] acquired lock, ensuring started...
  [ComfyUI] [ComfyUI-CADabra] Health check: ping (timeout=5.0s)...
  [ComfyUI] [ComfyUI-CADabra] Health check: ok
  [ComfyUI] [SubprocessWorker] worker started/confirmed
  [ComfyUI] [SubprocessWorker] serializing kwargs to shm...
  [ComfyUI] [SubprocessWorker] created 0 shm blocks
  [ComfyUI] [SubprocessWorker] sending request via socket...
  [ComfyUI] [SubprocessWorker] call_id=26 sending call_method
  [ComfyUI] [14:25:38] [CADabra]  Tessellating (linear: 0.1, angular: 0.5)
  [ComfyUI] [worker:ComfyUI-CADabra] INFO:  Tessellating (linear: 0.1, angular: 0.5)
  [ComfyUI] [14:25:38] [CADabra] Starting: BRepMesh(linear_deflection=0.1, angular_deflection=0.5)
  [ComfyUI] [worker:ComfyUI-CADabra] INFO: Starting: BRepMesh(linear_deflection=0.1, angular_deflection=0.5)
  [ComfyUI] [14:25:38] [CADabra] Completed: BRepMesh(linear_deflection=0.1, angular_deflection=0.5) in 0.11s
  [ComfyUI] [worker:ComfyUI-CADabra] INFO: Completed: BRepMesh(linear_deflection=0.1, angular_deflection=0.5) in 0.11s
  [ComfyUI] [14:25:38] [CADabra]  Mesh: 3386 vertices, 5508 triangles
  [ComfyUI] [worker:ComfyUI-CADabra] INFO:  Mesh: 3386 vertices, 5508 triangles
  [ComfyUI] [14:25:38] [CADabra]  Exported VTP: preview_f1557fab.vtp (283,224 bytes)
  [ComfyUI] [worker:ComfyUI-CADabra] INFO:  Exported VTP: preview_f1557fab.vtp (283,224 bytes)
  [ComfyUI] [14:25:38] [CADabra]  Entities: 1 volumes, 29 faces, 158 edges
  [ComfyUI] [worker:ComfyUI-CADabra] INFO:  Entities: 1 volumes, 29 faces, 158 edges
  [ComfyUI] [14:25:38] [CADabra]  Face types: {'BSpline': 15, 'Cylinder': 8, 'Plane': 3, 'Cone': 3}
  [ComfyUI] [worker:ComfyUI-CADabra] INFO:  Face types: {'BSpline': 15, 'Cylinder': 8, 'Plane': 3, 'Cone': 3}
  [ComfyUI] [14:25:38] [CADabra]  Edge types: {'BSpline': 124, 'Circle': 34}
  [ComfyUI] [worker:ComfyUI-CADabra] INFO:  Edge types: {'BSpline': 124, 'Circle': 34}
  [ComfyUI] [SubprocessWorker] got response: ok
  [ComfyUI] [comfy-env] PreviewCADOCC done (0.40s): result: NodeOutput
  [ComfyUI] [comfy-env] Running CADSplitComponents: cad_model: dict
  [ComfyUI] [SubprocessWorker] call_method: nodes.cad_utility_nodes.CADSplitComponents.EXECUTE_NORMALIZED
  [ComfyUI] [SubprocessWorker] acquired lock, ensuring started...
  [ComfyUI] [ComfyUI-CADabra] Health check: ping (timeout=5.0s)...
  [ComfyUI] [ComfyUI-CADabra] Health check: ok
  [ComfyUI] [SubprocessWorker] worker started/confirmed
  [ComfyUI] [SubprocessWorker] serializing kwargs to shm...
  [ComfyUI] [SubprocessWorker] created 0 shm blocks
  [ComfyUI] [SubprocessWorker] sending request via socket...
  [ComfyUI] [SubprocessWorker] call_id=27 sending call_method
  Node executed (1 total), capturing...
  [ComfyUI] [SubprocessWorker] got response: ok
  [ComfyUI] [comfy-env] CADSplitComponents done (0.15s): result: NodeOutput
  [ComfyUI] [comfy-env] Running CADExtractFaces: face_numbers: '', cad_model: dict
  [ComfyUI] [SubprocessWorker] call_method: nodes.cad_utility_nodes.CADExtractFaces.EXECUTE_NORMALIZED
  [ComfyUI] [SubprocessWorker] acquired lock, ensuring started...
  [ComfyUI] [ComfyUI-CADabra] Health check: ping (timeout=5.0s)...
  [ComfyUI] [ComfyUI-CADabra] Health check: ok
  [ComfyUI] [SubprocessWorker] worker started/confirmed
  [ComfyUI] [SubprocessWorker] serializing kwargs to shm...
  [ComfyUI] [SubprocessWorker] created 0 shm blocks
  [ComfyUI] [SubprocessWorker] sending request via socket...
  [ComfyUI] [SubprocessWorker] call_id=28 sending call_method
  [ComfyUI] [SubprocessWorker] got response: ok
  [ComfyUI] [comfy-env] CADExtractFaces done (0.24s): result: NodeOutput
  [ComfyUI] [comfy-env] Running CADProjectFaces2D: plane: 'XY', plane_origin_x: 0.0, plane_origin_y: 0.0, plane_origin_z: 0.0, plane_normal_x: 0.0, plane_normal_y: 0.0, plane_normal_z: 1.0, cad_model: dict
  [ComfyUI] [SubprocessWorker] call_method: nodes.cad_project_faces.CADProjectFaces2D.EXECUTE_NORMALIZED
  [ComfyUI] [SubprocessWorker] acquired lock, ensuring started...
  [ComfyUI] [ComfyUI-CADabra] Health check: ping (timeout=5.0s)...
  [ComfyUI] [ComfyUI-CADabra] Health check: ok
  [ComfyUI] [SubprocessWorker] worker started/confirmed
  [ComfyUI] [SubprocessWorker] serializing kwargs to shm...
  [ComfyUI] [SubprocessWorker] created 0 shm blocks
  [ComfyUI] [SubprocessWorker] sending request via socket...
  [ComfyUI] [SubprocessWorker] call_id=29 sending call_method
  Frame 2 saved (frame_001.jpg, t=1.0s)
  [capture-node] freeze=23ms shot=241ms unfreeze=5ms saved=True
  Node executed (2 total), capturing...
  Frame 3 saved (frame_002.jpg, t=1.8s)
  [capture-node] freeze=49ms shot=166ms unfreeze=4ms saved=True
  Frame 4 saved (frame_003.jpg, t=4.2s)
  [capture-periodic] freeze=52ms shot=152ms unfreeze=5ms saved=True
  [capture-loop] iter=50 t=9.2s state={'complete': False, 'error': None, 'executedCount': 2, 'wsState': 1} eval_ms=28 ram=5.1/16.0GB (32%) swap=0.3/2.9GB (12%) cpu=58% browser_rss=0.80GB
  [ComfyUI] [SubprocessWorker] got response: ok
  [ComfyUI] [comfy-env] CADProjectFaces2D done (10.28s): result: NodeOutput
  [ComfyUI] [comfy-env] Running PreviewCADOCC: linear_deflection: 0.1, angular_deflection: 0.5, cad_model: dict
  [ComfyUI] [SubprocessWorker] call_method: nodes.cad_nodes.PreviewCADOCC.EXECUTE_NORMALIZED
  [ComfyUI] [SubprocessWorker] acquired lock, ensuring started...
  [ComfyUI] [ComfyUI-CADabra] Health check: ping (timeout=5.0s)...
  [ComfyUI] [ComfyUI-CADabra] Health check: ok
  [ComfyUI] [SubprocessWorker] worker started/confirmed
  [ComfyUI] [SubprocessWorker] serializing kwargs to shm...
  [ComfyUI] [SubprocessWorker] created 0 shm blocks
  [ComfyUI] [SubprocessWorker] sending request via socket...
  [ComfyUI] [SubprocessWorker] call_id=30 sending call_method
  [ComfyUI] [14:25:49] [CADabra]  Tessellating (linear: 0.1, angular: 0.5)
  [ComfyUI] [worker:ComfyUI-CADabra] INFO:  Tessellating (linear: 0.1, angular: 0.5)
  [ComfyUI] [14:25:49] [CADabra] Starting: BRepMesh(linear_deflection=0.1, angular_deflection=0.5)
  [ComfyUI] [worker:ComfyUI-CADabra] INFO: Starting: BRepMesh(linear_deflection=0.1, angular_deflection=0.5)
  [ComfyUI] [14:25:49] [CADabra] Completed: BRepMesh(linear_deflection=0.1, angular_deflection=0.5) in 0.15s
  [ComfyUI] [worker:ComfyUI-CADabra] INFO: Completed: BRepMesh(linear_deflection=0.1, angular_deflection=0.5) in 0.15s
  [ComfyUI] [14:25:49] [CADabra]  Mesh: 984 vertices, 935 triangles
  [ComfyUI] [worker:ComfyUI-CADabra] INFO:  Mesh: 984 vertices, 935 triangles
  [ComfyUI] [14:25:49] [CADabra]  Exported VTP: preview_3c3e6579.vtp (54,959 bytes)
  [ComfyUI] [worker:ComfyUI-CADabra] INFO:  Exported VTP: preview_3c3e6579.vtp (54,959 bytes)
  [ComfyUI] [14:25:49] [CADabra]  Entities: 0 volumes, 29 faces, 152 edges
  [ComfyUI] [worker:ComfyUI-CADabra] INFO:  Entities: 0 volumes, 29 faces, 152 edges
  [ComfyUI] [14:25:49] [CADabra]  Face types: {'Plane': 29}
  [ComfyUI] [worker:ComfyUI-CADabra] INFO:  Face types: {'Plane': 29}
  [ComfyUI] [14:25:50] [CADabra]  Edge types: {'BSpline': 123, 'Circle': 29}
  [ComfyUI] [worker:ComfyUI-CADabra] INFO:  Edge types: {'BSpline': 123, 'Circle': 29}
  [ComfyUI] [SubprocessWorker] got response: ok
  [ComfyUI] [comfy-env] PreviewCADOCC done (1.00s): result: NodeOutput
  [ComfyUI] [32m[INFO][0m [32mPrompt executed in 12.37 seconds[0m
  Frame 5 saved (frame_004.jpg, t=13.4s)
  [capture-periodic] freeze=27ms shot=162ms unfreeze=5ms saved=True
  Node executed (3 total), capturing...
  Frame 6 saved (frame_005.jpg, t=14.6s)
  [capture-node] freeze=38ms shot=151ms unfreeze=0ms saved=True
  Execution complete (t=14.6s)
  Captured 6 unique frames over 14.83s
  [debug] iframes: 2
  [debug]   iframe[0]: src=http://127.0.0.1:41895/extensions/ComfyUI-CADabra/viewer_cad_analysis.html?v=178, canvas=374x498, rafFrozen=True
  [debug]   iframe[1]: src=http://127.0.0.1:41895/extensions/ComfyUI-CADabra/viewer_cad_analysis.html?v=178, canvas=274x498, rafFrozen=True
  [timing] trigger_3d_previews: 0.0s
  Saved high-quality screenshot: cad_manipulation_executed.png
  [timing] final_screenshot: 0.2s
    Captured 7 video frames