  [ComfyUI] [32m[INFO][0m Using RAM pressure cache.
Capturing execution frames: edge_analysis.json
  [ComfyUI] [32m[INFO][0m Using RAM pressure cache.
  Frame 1 saved (frame_000.jpg, t=0.0s)
  Validating workflow...
  [ComfyUI] [32m[INFO][0m === /validate endpoint called ===
  [ComfyUI] [32m[INFO][0m Received JSON with keys: ['prompt']
  [ComfyUI] [32m[INFO][0m Prompt has 6 nodes
  [ComfyUI] [32m[INFO][0m   Node 1: CAD_Load
  [ComfyUI] [32m[INFO][0m     Inputs: {"filename": "cad/brake_shoe.igs", "upload_progress": "", "\u2b06 upload / drop CAD": null}
  [ComfyUI] [32m[INFO][0m   Node 2: CADEdgeViewer
  [ComfyUI] [32m[INFO][0m     Inputs: {"edge_json_filepath": ["3", 1], "visualization_mode": "normal", "selected_edge_id": 0, "edge_viewer": ""}
  [ComfyUI] [32m[INFO][0m   Node 3: CADEdgeAnalysis
  [ComfyUI] [32m[INFO][0m     Inputs: {"linear_deflection": 0.1, "report_panel": "false", "cad_model": ["1", 0]}
  [ComfyUI] [32m[INFO][0m   Node 5: CADEdgeDetailAnalyzer
  [ComfyUI] [32m[INFO][0m     Inputs: {"edge_json_filepath": ["2", 0], "edge_id": ["2", 1], "projection_plane": "auto", "edge_detail_viewer": ""}
  Queuing workflow for execution...
  [ComfyUI] [32m[INFO][0m   Node 6: CADEdgeViewerVTK
  [ComfyUI] [32m[INFO][0m     Inputs: {"linear_deflection": 0.1, "visualization_mode": "normal", "selected_edge_id": 828, "vtk_edge_viewer": "", "cad_model": ["1", 0]}
  [ComfyUI] [32m[INFO][0m   Node 7: CADCurvePlotter
  [ComfyUI] [32m[INFO][0m     Inputs: {"spline_data_file": ["6", 3], "edge_id": 828, "num_samples": 100, "curve_plotter": ""}
  [ComfyUI] [32m[INFO][0m Generated prompt_id: f7cc0061-694e-4566-8a7c-b10c05d0e6cf
  [ComfyUI] [32m[INFO][0m Calling execution.validate_prompt()...
  [ComfyUI] [32m[INFO][0m Validation result: valid=True
  [ComfyUI] [32m[INFO][0m === Validation PASSED ===
  [ComfyUI] [32m[INFO][0m got prompt
  [ComfyUI] [comfy-env] Running CAD_Load: filename: 'cad/brake_shoe.igs'
  [ComfyUI] [SubprocessWorker] call_method: nodes.cad_nodes.CAD_Load.EXECUTE_NORMALIZED
  [ComfyUI] [SubprocessWorker] acquired lock, ensuring started...
  [ComfyUI] [ComfyUI-CADabra] Health check: ping (timeout=5.0s)...
  [ComfyUI] [ComfyUI-CADabra] Health check: ok
  [ComfyUI] [SubprocessWorker] worker started/confirmed
  [ComfyUI] [SubprocessWorker] serializing kwargs to shm...
  [ComfyUI] [SubprocessWorker] created 0 shm blocks
  [ComfyUI] [SubprocessWorker] sending request via socket...
  [ComfyUI] [SubprocessWorker] call_id=39 sending call_method
  [ComfyUI] [14:26:34] [CADabra]  Loading CAD file: brake_shoe.igs
  [ComfyUI] [worker:ComfyUI-CADabra] INFO:  Loading CAD file: brake_shoe.igs
  [ComfyUI] [14:26:34] [CADabra] Starting: IGES ReadFile(file=brake_shoe.igs)
  [ComfyUI] [worker:ComfyUI-CADabra] INFO: Starting: IGES ReadFile(file=brake_shoe.igs)
  [ComfyUI] [14:26:34] [CADabra] Completed: IGES ReadFile(file=brake_shoe.igs) in 0.06s
  [ComfyUI] [worker:ComfyUI-CADabra] INFO: Completed: IGES ReadFile(file=brake_shoe.igs) in 0.06s
  [ComfyUI] [14:26:34] [CADabra] Starting: IGES TransferRoots(file=brake_shoe.igs)
  [ComfyUI] [worker:ComfyUI-CADabra] INFO: Starting: IGES TransferRoots(file=brake_shoe.igs)
  [ComfyUI] [14:26:36] [CADabra] Completed: IGES TransferRoots(file=brake_shoe.igs) in 1.29s
  [ComfyUI] [worker:ComfyUI-CADabra] INFO: Completed: IGES TransferRoots(file=brake_shoe.igs) in 1.29s
  [ComfyUI] [14:26:36] [CADabra]  Cached to BREP: brake_shoe.igs
  [ComfyUI] [worker:ComfyUI-CADabra] INFO:  Cached to BREP: brake_shoe.igs
  [ComfyUI] [14:26:36] [CADabra]  Ready: brake_shoe.igs
  [ComfyUI] [worker:ComfyUI-CADabra] INFO:  Ready: brake_shoe.igs
  [ComfyUI] [SubprocessWorker] got response: ok
  [ComfyUI] [comfy-env] CAD_Load done (1.67s): result: NodeOutput
  [ComfyUI] [comfy-env] Running CADEdgeViewerVTK: linear_deflection: 0.1, visualization_mode: 'normal', selected_edge_id: 828, cad_model: dict
  [ComfyUI] [SubprocessWorker] call_method: nodes.cad_edge_viewer_vtk_node.CADEdgeViewerVTK.EXECUTE_NORMALIZED
  [ComfyUI] [SubprocessWorker] acquired lock, ensuring started...
  [ComfyUI] [ComfyUI-CADabra] Health check: ping (timeout=5.0s)...
  [ComfyUI] [ComfyUI-CADabra] Health check: ok
  [ComfyUI] [SubprocessWorker] worker started/confirmed
  [ComfyUI] [SubprocessWorker] serializing kwargs to shm...
  [ComfyUI] [SubprocessWorker] created 0 shm blocks
  [ComfyUI] [SubprocessWorker] sending request via socket...
  [ComfyUI] [SubprocessWorker] call_id=40 sending call_method
  [ComfyUI] [14:26:36] [CADabra] [CADEdgeViewerVTK] Analyzing 1914 edges, 427 faces, 3828 vertices
  [ComfyUI] [worker:ComfyUI-CADabra] INFO: [CADEdgeViewerVTK] Analyzing 1914 edges, 427 faces, 3828 vertices
  [ComfyUI] [14:26:37] [CADabra] [CADEdgeViewerVTK] VTP saved: cad_edge_vtk_1785507996594.vtp (957 edges)
  [ComfyUI] [worker:ComfyUI-CADabra] INFO: [CADEdgeViewerVTK] VTP saved: cad_edge_vtk_1785507996594.vtp (957 edges)
  Frame 2 saved (frame_001.jpg, t=2.2s)
  [capture-periodic] freeze=4ms shot=200ms unfreeze=6ms saved=True
  [ComfyUI] [14:26:37] [CADabra] [CADEdgeViewerVTK] Spline data saved: cad_edge_vtk_1785507996594_spline.json (241 spline edges)
  [ComfyUI] [worker:ComfyUI-CADabra] INFO: [CADEdgeViewerVTK] Spline data saved: cad_edge_vtk_1785507996594_spline.json (241 spline edges)
  [ComfyUI] [SubprocessWorker] got response: ok
  [ComfyUI] [comfy-env] CADEdgeViewerVTK done (0.81s): result: NodeOutput
  [ComfyUI] [comfy-env] Running CADEdgeAnalysis: linear_deflection: 0.1, cad_model: dict
  [ComfyUI] [SubprocessWorker] call_method: nodes.cad_edge_analysis_nodes.CADEdgeAnalysis.EXECUTE_NORMALIZED
  [ComfyUI] [SubprocessWorker] acquired lock, ensuring started...
  [ComfyUI] [ComfyUI-CADabra] Health check: ping (timeout=5.0s)...
  [ComfyUI] [ComfyUI-CADabra] Health check: ok
  [ComfyUI] [SubprocessWorker] worker started/confirmed
  [ComfyUI] [SubprocessWorker] serializing kwargs to shm...
  [ComfyUI] [SubprocessWorker] created 0 shm blocks
  [ComfyUI] [SubprocessWorker] sending request via socket...
  [ComfyUI] [SubprocessWorker] call_id=41 sending call_method
  Node executed (1 total), capturing...
  [ComfyUI] [14:26:37] [CADabra] Starting: CAD Edge Analysis(edges=1914)
  [ComfyUI] [worker:ComfyUI-CADabra] INFO: Starting: CAD Edge Analysis(edges=1914)
  Frame 3 saved (frame_002.jpg, t=2.9s)
  [capture-node] freeze=34ms shot=195ms unfreeze=7ms saved=True
  [ComfyUI] [14:26:38] [CADabra] Completed: CAD Edge Analysis(edges=1914) in 0.63s
  [ComfyUI] [worker:ComfyUI-CADabra] INFO: Completed: CAD Edge Analysis(edges=1914) in 0.63s
  [ComfyUI] [SubprocessWorker] got response: ok
  [ComfyUI] [comfy-env] CADEdgeAnalysis done (1.49s): result: NodeOutput
  [ComfyUI] [comfy-env] Running CADEdgeViewer: edge_json_filepath: 'D:\\a\\comfy-ci\\comfy-ci\\test_workspaces\\CADabra-1413..., visualization_mode: 'normal', selected_edge_id: 0
  [ComfyUI] [SubprocessWorker] call_method: nodes.cad_edge_analysis_nodes.CADEdgeViewer.EXECUTE_NORMALIZED
  [ComfyUI] [SubprocessWorker] acquired lock, ensuring started...
  [ComfyUI] [ComfyUI-CADabra] Health check: ping (timeout=5.0s)...
  [ComfyUI] [ComfyUI-CADabra] Health check: ok
  [ComfyUI] [SubprocessWorker] worker started/confirmed
  [ComfyUI] [SubprocessWorker] serializing kwargs to shm...
  [ComfyUI] [SubprocessWorker] created 0 shm blocks
  [ComfyUI] [SubprocessWorker] sending request via socket...
  [ComfyUI] [SubprocessWorker] call_id=42 sending call_method
  Node executed (2 total), capturing...
  [ComfyUI] [SubprocessWorker] got response: ok
  [ComfyUI] [comfy-env] CADEdgeViewer done (0.21s): result: NodeOutput
  [ComfyUI] [comfy-env] Running CADCurvePlotter: spline_data_file: 'D:\\a\\comfy-ci\\comfy-ci\\test_workspaces\\CADabra-1413..., edge_id: 828, num_samples: 100
  [ComfyUI] [SubprocessWorker] call_method: nodes.cad_curve_plotter_node.CADCurvePlotter.EXECUTE_NORMALIZED
  [ComfyUI] [SubprocessWorker] acquired lock, ensuring started...
  [ComfyUI] [ComfyUI-CADabra] Health check: ping (timeout=5.0s)...
  [ComfyUI] [ComfyUI-CADabra] Health check: ok
  [ComfyUI] [SubprocessWorker] worker started/confirmed
  [ComfyUI] [SubprocessWorker] serializing kwargs to shm...
  [ComfyUI] [SubprocessWorker] created 0 shm blocks
  [ComfyUI] [SubprocessWorker] sending request via socket...
  [ComfyUI] [SubprocessWorker] call_id=43 sending call_method
  [ComfyUI] [SubprocessWorker] got response: ok
  [ComfyUI] [comfy-env] CADCurvePlotter done (0.15s): result: NodeOutput
  [ComfyUI] [comfy-env] Running CADEdgeDetailAnalyzer: edge_json_filepath: 'D:\\a\\comfy-ci\\comfy-ci\\test_workspaces\\CADabra-1413..., edge_id: 0, projection_plane: 'auto'
  [ComfyUI] [SubprocessWorker] call_method: nodes.cad_edge_analysis_nodes.CADEdgeDetailAnalyzer.EXECUTE_NORMALIZED
  [ComfyUI] [SubprocessWorker] acquired lock, ensuring started...
  [ComfyUI] [ComfyUI-CADabra] Health check: ping (timeout=5.0s)...
  [ComfyUI] [ComfyUI-CADabra] Health check: ok
  [ComfyUI] [SubprocessWorker] worker started/confirmed
  [ComfyUI] [SubprocessWorker] serializing kwargs to shm...
  [ComfyUI] [SubprocessWorker] created 0 shm blocks
  [ComfyUI] [SubprocessWorker] sending request via socket...
  [ComfyUI] [SubprocessWorker] call_id=44 sending call_method
  [ComfyUI] [SubprocessWorker] got response: ok
  [ComfyUI] [comfy-env] CADEdgeDetailAnalyzer done (0.13s): result: NodeOutput
  [ComfyUI] [32m[INFO][0m [32mPrompt executed in 4.46 seconds[0m
  Frame 4 saved (frame_003.jpg, t=4.4s)
  [capture-node] freeze=30ms shot=268ms unfreeze=10ms saved=True
  Node executed (5 total), capturing...
  Frame 5 saved (frame_004.jpg, t=5.0s)
  [capture-node] freeze=19ms shot=200ms unfreeze=0ms saved=True
  Execution complete (t=5.1s)
  Captured 5 unique frames over 5.31s
  [debug] iframes: 4
  [debug]   iframe[0]: src=http://127.0.0.1:41895/extensions/ComfyUI-CADabra/viewer_cad_edge.html?v=1785507, canvas=349x298, rafFrozen=True
  [debug]   iframe[1]: src=http://127.0.0.1:41895/extensions/ComfyUI-CADabra/viewer_cad_edge_vtk.html?v=178, canvas=248x287, rafFrozen=True
  [debug]   iframe[2]: src=http://127.0.0.1:41895/extensions/ComfyUI-CADabra/viewer_cad_curve.html?v=178550, canvas=795x340, rafFrozen=True
  [debug]   iframe[3]: src=http://127.0.0.1:41895/extensions/ComfyUI-CADabra/viewer_cad_edge_detail.html?v=, canvas=246x402, rafFrozen=True
  [timing] trigger_3d_previews: 0.0s
  Saved high-quality screenshot: edge_analysis_executed.png
  [timing] final_screenshot: 0.2s
    Captured 6 video frames