  [ComfyUI] [32m[INFO][0m Using RAM pressure cache.
Capturing execution frames: view_cads.json
  [ComfyUI] [32m[INFO][0m Using RAM pressure cache.
  Frame 1 saved (frame_000.jpg, t=0.0s)
  Validating workflow...
  [ComfyUI] [32m[INFO][0m === /validate endpoint called ===
  [ComfyUI] [32m[INFO][0m Received JSON with keys: ['prompt']
  [ComfyUI] [32m[INFO][0m Prompt has 6 nodes
  [ComfyUI] [32m[INFO][0m   Node 1: CAD_Load
  [ComfyUI] [32m[INFO][0m     Inputs: {"filename": "cad/bellow_pipe.igs", "upload_progress": "", "\u2b06 upload / drop CAD": null}
  [ComfyUI] [32m[INFO][0m   Node 4: CADFaceAnalysis
  [ComfyUI] [32m[INFO][0m     Inputs: {"linear_deflection": 0.1, "angular_deflection": 0.5, "tolerance": 1, "extract_control_points": true, "report_panel": "false", "cad_model": ["1", 0]}
  [ComfyUI] [32m[INFO][0m   Node 5: CADEdgeAnalysis
  Queuing workflow for execution...
  [ComfyUI] [32m[INFO][0m     Inputs: {"linear_deflection": 0.1, "report_panel": "false", "cad_model": ["1", 0]}
  [ComfyUI] [32m[INFO][0m   Node 6: CADEdgeDetailAnalyzer
  [ComfyUI] [32m[INFO][0m     Inputs: {"edge_json_filepath": ["7", 0], "edge_id": 0, "projection_plane": "auto", "edge_detail_viewer": ""}
  [ComfyUI] [32m[INFO][0m   Node 7: CADEdgeViewer
  [ComfyUI] [32m[INFO][0m     Inputs: {"edge_json_filepath": ["5", 1], "visualization_mode": "normal", "selected_edge_id": 0, "edge_viewer": ""}
  [ComfyUI] [32m[INFO][0m   Node 9: CADAnalysisViewer
  [ComfyUI] [32m[INFO][0m     Inputs: {"index": 0, "vtp_filepath": ["4", 1], "json_filepath": ["4", 2], "visualization_mode": "normal", "analysis_viewer": "{\"camera_state\":\"\",\"selected_face_id\":null}"}
  [ComfyUI] [32m[INFO][0m Generated prompt_id: e1f9a5b4-4376-4d9c-b15a-d703ea13fee1
  [ComfyUI] [32m[INFO][0m Calling execution.validate_prompt()...
  [ComfyUI] [32m[INFO][0m Validation result: valid=True
  [ComfyUI] [32m[INFO][0m === Validation PASSED ===
  [ComfyUI] [32m[INFO][0m got prompt
  [ComfyUI] [comfy-env] Running CAD_Load: filename: 'cad/bellow_pipe.igs'
  [ComfyUI] [SubprocessWorker] call_method: nodes.cad_nodes.CAD_Load.EXECUTE_NORMALIZED
  [ComfyUI] [SubprocessWorker] acquired lock, ensuring started...
  [ComfyUI] [ComfyUI-CADabra] Health check: ping (timeout=5.0s)...
  [ComfyUI] [ComfyUI-CADabra] Health check: ok
  [ComfyUI] [SubprocessWorker] worker started/confirmed
  [ComfyUI] [SubprocessWorker] serializing kwargs to shm...
  [ComfyUI] [SubprocessWorker] created 0 shm blocks
  [ComfyUI] [SubprocessWorker] sending request via socket...
  [ComfyUI] [SubprocessWorker] call_id=87 sending call_method
  [ComfyUI] [14:31:11] [CADabra]  Using cache: bellow_pipe.igs
  [ComfyUI] [worker:ComfyUI-CADabra] INFO:  Using cache: bellow_pipe.igs
  [ComfyUI] [14:31:11] [CADabra]  Ready: bellow_pipe.igs
  [ComfyUI] [worker:ComfyUI-CADabra] INFO:  Ready: bellow_pipe.igs
  [ComfyUI] [SubprocessWorker] got response: ok
  [ComfyUI] [comfy-env] CAD_Load done (0.11s): result: NodeOutput
  [ComfyUI] [comfy-env] Running CADEdgeAnalysis: linear_deflection: 0.1, cad_model: dict
  [ComfyUI] [SubprocessWorker] call_method: nodes.cad_edge_analysis_nodes.CADEdgeAnalysis.EXECUTE_NORMALIZED
  [ComfyUI] [SubprocessWorker] acquired lock, ensuring started...
  [ComfyUI] [ComfyUI-CADabra] Health check: ping (timeout=5.0s)...
  [ComfyUI] [ComfyUI-CADabra] Health check: ok
  [ComfyUI] [SubprocessWorker] worker started/confirmed
  [ComfyUI] [SubprocessWorker] serializing kwargs to shm...
  [ComfyUI] [SubprocessWorker] created 0 shm blocks
  [ComfyUI] [SubprocessWorker] sending request via socket...
  [ComfyUI] [SubprocessWorker] call_id=88 sending call_method
  [ComfyUI] [14:31:11] [CADabra] Starting: CAD Edge Analysis(edges=1122)
  [ComfyUI] [worker:ComfyUI-CADabra] INFO: Starting: CAD Edge Analysis(edges=1122)
  [ComfyUI] [14:31:12] [CADabra] Completed: CAD Edge Analysis(edges=1122) in 0.18s
  [ComfyUI] [worker:ComfyUI-CADabra] INFO: Completed: CAD Edge Analysis(edges=1122) in 0.18s
  [ComfyUI] [SubprocessWorker] got response: ok
  [ComfyUI] [comfy-env] CADEdgeAnalysis done (0.79s): result: NodeOutput
  [ComfyUI] [comfy-env] Running CADEdgeViewer: edge_json_filepath: 'D:\\a\\comfy-ci\\comfy-ci\\test_workspaces\\CADabra-1413..., visualization_mode: 'normal', selected_edge_id: 0
  [ComfyUI] [SubprocessWorker] call_method: nodes.cad_edge_analysis_nodes.CADEdgeViewer.EXECUTE_NORMALIZED
  [ComfyUI] [SubprocessWorker] acquired lock, ensuring started...
  [ComfyUI] [ComfyUI-CADabra] Health check: ping (timeout=5.0s)...
  [ComfyUI] [ComfyUI-CADabra] Health check: ok
  [ComfyUI] [SubprocessWorker] worker started/confirmed
  [ComfyUI] [SubprocessWorker] serializing kwargs to shm...
  [ComfyUI] [SubprocessWorker] created 0 shm blocks
  [ComfyUI] [SubprocessWorker] sending request via socket...
  [ComfyUI] [SubprocessWorker] call_id=89 sending call_method
  Node executed (1 total), capturing...
  [ComfyUI] [SubprocessWorker] got response: ok
  [ComfyUI] [comfy-env] CADEdgeViewer done (0.17s): result: NodeOutput
  [ComfyUI] [comfy-env] Running CADEdgeDetailAnalyzer: edge_json_filepath: 'D:\\a\\comfy-ci\\comfy-ci\\test_workspaces\\CADabra-1413..., edge_id: 0, projection_plane: 'auto'
  [ComfyUI] [SubprocessWorker] call_method: nodes.cad_edge_analysis_nodes.CADEdgeDetailAnalyzer.EXECUTE_NORMALIZED
  [ComfyUI] [SubprocessWorker] acquired lock, ensuring started...
  [ComfyUI] [ComfyUI-CADabra] Health check: ping (timeout=5.0s)...
  [ComfyUI] [ComfyUI-CADabra] Health check: ok
  [ComfyUI] [SubprocessWorker] worker started/confirmed
  [ComfyUI] [SubprocessWorker] serializing kwargs to shm...
  [ComfyUI] [SubprocessWorker] created 0 shm blocks
  [ComfyUI] [SubprocessWorker] sending request via socket...
  [ComfyUI] [SubprocessWorker] call_id=90 sending call_method
  [ComfyUI] [SubprocessWorker] got response: ok
  [ComfyUI] [comfy-env] CADEdgeDetailAnalyzer done (0.28s): result: NodeOutput
  [ComfyUI] [comfy-env] Running CADFaceAnalysis: linear_deflection: list[1], angular_deflection: list[1], tolerance: list[1], extract_control_points: list[1], cad_model: list[1]
  [ComfyUI] [SubprocessWorker] call_method: nodes.cad_analysis_nodes.CADFaceAnalysis.EXECUTE_NORMALIZED
  [ComfyUI] [SubprocessWorker] acquired lock, ensuring started...
  [ComfyUI] [ComfyUI-CADabra] Health check: ping (timeout=5.0s)...
  [ComfyUI] [ComfyUI-CADabra] Health check: ok
  [ComfyUI] [SubprocessWorker] worker started/confirmed
  [ComfyUI] [SubprocessWorker] serializing kwargs to shm...
  [ComfyUI] [SubprocessWorker] created 0 shm blocks
  [ComfyUI] [SubprocessWorker] sending request via socket...
  [ComfyUI] [SubprocessWorker] call_id=91 sending call_method
  Frame 2 saved (frame_001.jpg, t=1.3s)
  [capture-node] freeze=37ms shot=261ms unfreeze=19ms saved=True
  Node executed (3 total), capturing...
  [ComfyUI] [14:31:13] [CADabra] Starting: CAD Face Analysis(faces=236)
  [ComfyUI] [worker:ComfyUI-CADabra] INFO: Starting: CAD Face Analysis(faces=236)
  Frame 3 saved (frame_002.jpg, t=2.1s)
  [capture-node] freeze=31ms shot=156ms unfreeze=4ms saved=True
  [ComfyUI] [14:31:15] [CADabra] Completed: CAD Face Analysis(faces=236) in 1.62s
  [ComfyUI] [worker:ComfyUI-CADabra] INFO: Completed: CAD Face Analysis(faces=236) in 1.62s
  [ComfyUI] [14:31:15] [CADabra] Starting: CAD Adjacency Graph(faces=236)
  [ComfyUI] [worker:ComfyUI-CADabra] INFO: Starting: CAD Adjacency Graph(faces=236)
  [ComfyUI] [14:31:15] [CADabra] Completed: CAD Adjacency Graph(faces=236) in 0.09s
  [ComfyUI] [worker:ComfyUI-CADabra] INFO: Completed: CAD Adjacency Graph(faces=236) in 0.09s
  Frame 4 saved (frame_003.jpg, t=4.5s)
  [capture-periodic] freeze=32ms shot=168ms unfreeze=4ms saved=True
  [ComfyUI] [worker:ComfyUI-CADabra]
  [ComfyUI] === WATCHDOG TICK 2 ===
  [ComfyUI] [worker:ComfyUI-CADabra] Current thread 0x000026fc (most recent call first):
  [ComfyUI]   File "C:\Users\stduser\AppData\Local\Temp\comfyui_pvenv_do6vmfu_\persistent_worker.py", line 52 in _watchdog
  [ComfyUI]   File "C:\Users\stduser\AppData\Local\Programs\comfy-env\envs\cadabra-nodes\.pixi\envs\default\Lib\threading.py", line 1012 in run
  [ComfyUI]   File "C:\Users\stduser\AppData\Local\Programs\comfy-env\envs\cadabra-nodes\.pixi\envs\default\Lib\threading.py", line 1075 in _bootstrap_inner
  [ComfyUI]   File "C:\Users\stduser\AppData\Local\Programs\comfy-env\envs\cadabra-nodes\.pixi\envs\default\Lib\threading.py", line 1032 in _bootstrap
  [ComfyUI] 
  [ComfyUI] Thread 0x00002530 (most recent call first):
  [ComfyUI]   File "C:\Users\stduser\AppData\Local\Programs\comfy-env\envs\cadabra-nodes\.pixi\envs\default\Lib\json\__init__.py", line 180 in dump
  [ComfyUI]   File "D:\a\comfy-ci\comfy-ci\test_workspaces\CADabra-1413\ComfyUI\custom_nodes\ComfyUI-CADabra\nodes\cad_analysis_nodes.py", line 274 in _analyze_single
  [ComfyUI]   File "D:\a\comfy-ci\comfy-ci\test_workspaces\CADabra-1413\ComfyUI\custom_nodes\ComfyUI-CADabra\nodes\cad_analysis_nodes.py", line 135 in execute
  [ComfyUI]   File "D:\a\comfy-ci\comfy-ci\test_workspaces\CADabra-1413\ComfyUI\comfy_api\latest\_io.py", line 1935 in EXECUTE_NORMALIZED
  [ComfyUI]   File "C:\Users\stduser\AppData\Local\Temp\comfyui_pvenv_do6vmfu_\persistent_worker.py", line 1767 in main
  [ComfyUI]   File "C:\Users\stduser\AppData\Local\Temp\comfyui_pvenv_do6vmfu_\persistent_worker.py", line 1812 in <module>
  [ComfyUI] 
  [ComfyUI] [worker:ComfyUI-CADabra] === END ===
  [ComfyUI] 
  [capture-loop] iter=50 t=14.0s state={'complete': False, 'error': None, 'executedCount': 3, 'wsState': 1} eval_ms=255 ram=4.8/16.0GB (30%) swap=0.5/2.9GB (17%) cpu=62% browser_rss=0.66GB
  [capture-loop] iter=100 t=22.1s state={'complete': False, 'error': None, 'executedCount': 3, 'wsState': 1} eval_ms=26 ram=4.9/16.0GB (30%) swap=0.5/2.9GB (17%) cpu=97% browser_rss=0.66GB
  [capture-loop] iter=150 t=29.7s state={'complete': False, 'error': None, 'executedCount': 3, 'wsState': 1} eval_ms=15 ram=4.9/16.0GB (30%) swap=0.5/2.9GB (17%) cpu=96% browser_rss=0.65GB
  [capture-loop] iter=200 t=37.4s state={'complete': False, 'error': None, 'executedCount': 3, 'wsState': 1} eval_ms=23 ram=4.7/16.0GB (29%) swap=0.7/2.9GB (24%) cpu=95% browser_rss=0.65GB
  [ComfyUI] [SubprocessWorker] got response: ok
  [ComfyUI] [comfy-env] CADFaceAnalysis done (40.69s): result: NodeOutput
  [ComfyUI] [comfy-env] Running CADAnalysisViewer: index: list[1], vtp_filepath: list[1], json_filepath: list[1], visualization_mode: list[1]
  [ComfyUI] [SubprocessWorker] call_method: nodes.cad_analysis_nodes.CADAnalysisViewer.EXECUTE_NORMALIZED
  [ComfyUI] [SubprocessWorker] acquired lock, ensuring started...
  [ComfyUI] [ComfyUI-CADabra] Health check: ping (timeout=5.0s)...
  [ComfyUI] [ComfyUI-CADabra] Health check: ok
  [ComfyUI] [SubprocessWorker] worker started/confirmed
  [ComfyUI] [SubprocessWorker] serializing kwargs to shm...
  [ComfyUI] [SubprocessWorker] created 0 shm blocks
  [ComfyUI] [SubprocessWorker] sending request via socket...
  [ComfyUI] [SubprocessWorker] call_id=92 sending call_method
  Node executed (4 total), capturing...
  [ComfyUI] [SubprocessWorker] got response: ok
  [ComfyUI] [comfy-env] CADAnalysisViewer done (0.36s): result: NodeOutput
  [ComfyUI] [32m[INFO][0m [32mPrompt executed in 42.42 seconds[0m
  Frame 5 saved (frame_004.jpg, t=42.5s)
  [capture-node] freeze=32ms shot=160ms unfreeze=8ms saved=True
  Node executed (5 total), capturing...
  Frame 6 saved (frame_005.jpg, t=43.1s)
  [capture-node] freeze=30ms shot=155ms unfreeze=0ms saved=True
  Execution complete (t=43.1s)
  Captured 6 unique frames over 43.37s
  [debug] iframes: 3
  [debug]   iframe[0]: src=http://127.0.0.1:41895/extensions/ComfyUI-CADabra/viewer_cad_edge_detail.html?v=, canvas=246x402, rafFrozen=True
  [debug]   iframe[1]: src=http://127.0.0.1:41895/extensions/ComfyUI-CADabra/viewer_cad_edge.html?v=1785508, canvas=246x289, rafFrozen=True
  [debug]   iframe[2]: src=http://127.0.0.1:41895/extensions/ComfyUI-CADabra/viewer_cad_analysis.html?v=178, canvas=246x278, rafFrozen=True
  [timing] trigger_3d_previews: 0.0s
  Saved high-quality screenshot: view_cads_executed.png
  [timing] final_screenshot: 0.2s
    Captured 7 video frames