setup plugin alembic.autogenerate.schemas
setup plugin alembic.autogenerate.tables
setup plugin alembic.autogenerate.types
setup plugin alembic.autogenerate.constraints
setup plugin alembic.autogenerate.defaults
setup plugin alembic.autogenerate.comments
[comfy-env] ComfyUI-CADabra: 1 isolation env(s):
[comfy-env]   nodes -> D:\a\comfy-gpu-ci\comfy-gpu-ci\ComfyUI\custom_nodes\ComfyUI-CADabra\nodes
[comfy-env] prestartup complete
[comfy-env] ComfyUI-GeometryPack: 3 isolation env(s):
[comfy-env]   blender -> D:\a\comfy-gpu-ci\comfy-gpu-ci\ComfyUI\custom_nodes\ComfyUI-GeometryPack\nodes\blender
[comfy-env]   gpu -> D:\a\comfy-gpu-ci\comfy-gpu-ci\ComfyUI\custom_nodes\ComfyUI-GeometryPack\nodes\gpu
[comfy-env]   main -> D:\a\comfy-gpu-ci\comfy-gpu-ci\ComfyUI\custom_nodes\ComfyUI-GeometryPack\nodes\main
[comfy-env] prestartup complete

Prestartup times for custom nodes:
   0.1 seconds: D:\a\comfy-gpu-ci\comfy-gpu-ci\ComfyUI\custom_nodes\ComfyUI-GeometryPack
   0.4 seconds: D:\a\comfy-gpu-ci\comfy-gpu-ci\ComfyUI\custom_nodes\ComfyUI-CADabra

Found comfy_kitchen backend triton: {'available': False, 'disabled': True, 'unavailable_reason': "ImportError: No module named 'triton'", 'capabilities': []}
Found comfy_kitchen backend cuda: {'available': False, 'disabled': True, 'unavailable_reason': 'CUDA not available on this system', 'capabilities': []}
Found comfy_kitchen backend eager: {'available': True, 'disabled': False, 'unavailable_reason': None, 'capabilities': ['apply_rope', 'apply_rope1', 'dequantize_mxfp8', 'dequantize_nvfp4', 'dequantize_per_tensor_fp8', 'quantize_mxfp8', 'quantize_nvfp4', 'quantize_per_tensor_fp8', 'scaled_mm_mxfp8', 'scaled_mm_nvfp4']}
Checkpoint files will always be loaded safely.
Total VRAM 16379 MB, total RAM 16379 MB
pytorch version: 2.11.0+cpu
Set vram state to: DISABLED
Device: cpu
Using sub quadratic optimization for attention, if you have memory or speed issues try using: --use-split-cross-attention
Python version: 3.13.13 (tags/v3.13.13:01104ce, Apr  7 2026, 19:25:48) [MSC v.1944 64 bit (AMD64)]
ComfyUI version: 0.20.1
comfy-aimdo version: 0.3.0
comfy-kitchen version: 0.2.8
ComfyUI frontend version: 1.43.17
[Prompt Server] web root: D:\a\comfy-gpu-ci\comfy-gpu-ci\.venv\Lib\site-packages\comfyui_frontend_package\static
Asset seeder disabled
[comfy-env] Version: 0.3.75
[comfy-env] register_nodes: ComfyUI-CADabra
[comfy-env] ComfyUI source dir: D:\a\comfy-gpu-ci\comfy-gpu-ci\ComfyUI
[comfy-env] Found 1 isolation env(s)
[comfy-env] Scanning nodes metadata (isolation root)...
[comfy-env] cadabra-nodes: Library/bin has 624 DLLs
[comfy-env] Metadata scan: C:\Users\runneradmin\.pixi\bin\pixi.exe run --as-is --manifest-path D:\a\comfy-gpu-ci\comfy-gpu-ci\ComfyUI\.ce\pixi.toml -e cadabra-nodes python C:\Users\RUNNER~1\AppData\Local\Temp\comfy_meta_rtnk37sp.py D:\a\comfy-gpu-ci\comfy-gpu-ci\ComfyUI\custom_nodes\ComfyUI-CADabra nodes
[comfy-env] Scan env PATH for nodes:
[comfy-env]   [0] D:\a\comfy-gpu-ci\comfy-gpu-ci\ComfyUI\.ce\.pixi\envs\cadabra-nodes
[comfy-env]   [1] D:\a\comfy-gpu-ci\comfy-gpu-ci\ComfyUI\.ce\.pixi\envs\cadabra-nodes\Library\bin
[comfy-env]   [2] D:\a\comfy-gpu-ci\comfy-gpu-ci\ComfyUI\.ce\.pixi\envs\cadabra-nodes\Scripts
[comfy-env]   [3] D:\a\comfy-gpu-ci\comfy-gpu-ci\ComfyUI\.ce\.pixi\envs\cadabra-nodes\Lib\site-packages\bpy
[comfy-env]   [4] C:\Windows\System32
[comfy-env]   [5] C:\Windows
[comfy-env]   [6] C:\Windows\System32\Wbem
[comfy-env] Metadata scan stderr for nodes:
[comfy-env]   [meta-scan] importing nodes from D:\a\comfy-gpu-ci\comfy-gpu-ci\ComfyUI\custom_nodes\ComfyUI-CADabra
[comfy-env]   [meta-scan] import OK
[comfy-env] Scanned nodes: 39 nodes (17.3s)
[comfy-env] Scanned nodes root: 39 nodes (17.3s)
[comfy-env] Imported nodes root: 39 nodes (isolation)
[comfy-env] Registered 39 total nodes
loading...
calling register_nodes
[comfy-env] Version: 0.3.75
[comfy-env] register_nodes: ComfyUI-GeometryPack
[comfy-env] ComfyUI source dir: D:\a\comfy-gpu-ci\comfy-gpu-ci\ComfyUI
[comfy-env] Found 3 isolation env(s)
[comfy-env] Importing nodes (root)...
[comfy-env] Imported nodes root: 0 nodes
[comfy-env] Scanning blender metadata...
[comfy-env] Scanning gpu metadata...
[comfy-env] Scanning main metadata...
[comfy-env] geometrypack-gpu: Library/bin has 235 DLLs
[comfy-env] Metadata scan: C:\Users\runneradmin\.pixi\bin\pixi.exe run --as-is --manifest-path D:\a\comfy-gpu-ci\comfy-gpu-ci\ComfyUI\.ce\pixi.toml -e geometrypack-gpu python C:\Users\RUNNER~1\AppData\Local\Temp\comfy_meta_pmode6fy.py D:\a\comfy-gpu-ci\comfy-gpu-ci\ComfyUI\custom_nodes\ComfyUI-GeometryPack nodes.gpu
[comfy-env] Scan env PATH for nodes.gpu:
[comfy-env]   [0] D:\a\comfy-gpu-ci\comfy-gpu-ci\ComfyUI\.ce\.pixi\envs\geometrypack-gpu
[comfy-env]   [1] D:\a\comfy-gpu-ci\comfy-gpu-ci\ComfyUI\.ce\.pixi\envs\geometrypack-gpu\Library\bin
[comfy-env]   [2] D:\a\comfy-gpu-ci\comfy-gpu-ci\ComfyUI\.ce\.pixi\envs\geometrypack-gpu\Scripts
[comfy-env]   [3] D:\a\comfy-gpu-ci\comfy-gpu-ci\ComfyUI\.ce\.pixi\envs\geometrypack-gpu\Lib\site-packages\bpy
[comfy-env]   [4] C:\Windows\System32
[comfy-env]   [5] C:\Windows
[comfy-env]   [6] C:\Windows\System32\Wbem
[comfy-env] geometrypack-blender: Library/bin has 234 DLLs
[comfy-env] Metadata scan: C:\Users\runneradmin\.pixi\bin\pixi.exe run --as-is --manifest-path D:\a\comfy-gpu-ci\comfy-gpu-ci\ComfyUI\.ce\pixi.toml -e geometrypack-blender python C:\Users\RUNNER~1\AppData\Local\Temp\comfy_meta_dfz32jxk.py D:\a\comfy-gpu-ci\comfy-gpu-ci\ComfyUI\custom_nodes\ComfyUI-GeometryPack nodes.blender
[comfy-env] Scan env PATH for nodes.blender:
[comfy-env]   [0] D:\a\comfy-gpu-ci\comfy-gpu-ci\ComfyUI\.ce\.pixi\envs\geometrypack-blender
[comfy-env]   [1] D:\a\comfy-gpu-ci\comfy-gpu-ci\ComfyUI\.ce\.pixi\envs\geometrypack-blender\Library\bin
[comfy-env]   [2] D:\a\comfy-gpu-ci\comfy-gpu-ci\ComfyUI\.ce\.pixi\envs\geometrypack-blender\Scripts
[comfy-env]   [3] D:\a\comfy-gpu-ci\comfy-gpu-ci\ComfyUI\.ce\.pixi\envs\geometrypack-blender\Lib\site-packages\bpy
[comfy-env]   [4] C:\Windows\System32
[comfy-env]   [5] C:\Windows
[comfy-env]   [6] C:\Windows\System32\Wbem
[comfy-env] geometrypack-main: Library/bin has 610 DLLs
[comfy-env] Metadata scan: C:\Users\runneradmin\.pixi\bin\pixi.exe run --as-is --manifest-path D:\a\comfy-gpu-ci\comfy-gpu-ci\ComfyUI\.ce\pixi.toml -e geometrypack-main python C:\Users\RUNNER~1\AppData\Local\Temp\comfy_meta_pfaim4i8.py D:\a\comfy-gpu-ci\comfy-gpu-ci\ComfyUI\custom_nodes\ComfyUI-GeometryPack nodes.main
[comfy-env] Scan env PATH for nodes.main:
[comfy-env]   [0] D:\a\comfy-gpu-ci\comfy-gpu-ci\ComfyUI\.ce\.pixi\envs\geometrypack-main
[comfy-env]   [1] D:\a\comfy-gpu-ci\comfy-gpu-ci\ComfyUI\.ce\.pixi\envs\geometrypack-main\Library\bin
[comfy-env]   [2] D:\a\comfy-gpu-ci\comfy-gpu-ci\ComfyUI\.ce\.pixi\envs\geometrypack-main\Scripts
[comfy-env]   [3] D:\a\comfy-gpu-ci\comfy-gpu-ci\ComfyUI\.ce\.pixi\envs\geometrypack-main\Lib\site-packages\bpy
[comfy-env]   [4] C:\Windows\System32
[comfy-env]   [5] C:\Windows
[comfy-env]   [6] C:\Windows\System32\Wbem
[comfy-env] Metadata scan stderr for nodes.gpu:
[comfy-env]   [meta-scan] importing nodes.gpu from D:\a\comfy-gpu-ci\comfy-gpu-ci\ComfyUI\custom_nodes\ComfyUI-GeometryPack
[comfy-env]   [meta-scan] import OK
[comfy-env] Scanned nodes.gpu: 3 nodes (16.9s)
[comfy-env] Scanned gpu: 3 nodes (16.9s)
[comfy-env] Registered 3 isolation nodes from gpu
[comfy-env] Metadata scan stderr for nodes.blender:
[comfy-env]   [meta-scan] importing nodes.blender from D:\a\comfy-gpu-ci\comfy-gpu-ci\ComfyUI\custom_nodes\ComfyUI-GeometryPack
[comfy-env]   [meta-scan] import OK
[comfy-env] Scanned nodes.blender: 12 nodes (19.5s)
[comfy-env] Scanned blender: 12 nodes (19.5s)
[comfy-env] Registered 12 isolation nodes from blender
[comfy-env] Metadata scan stderr for nodes.main:
[comfy-env]   [meta-scan] importing nodes.main from D:\a\comfy-gpu-ci\comfy-gpu-ci\ComfyUI\custom_nodes\ComfyUI-GeometryPack
[comfy-env]   [meta-scan] import OK
[comfy-env] Scanned nodes.main: 110 nodes (22.2s)
[comfy-env] Scanned main: 110 nodes (22.3s)
[comfy-env] Registered 110 isolation nodes from main
[comfy-env] Registered 125 total nodes
ComfyUI-Multiband loaded: 15 nodes registered

Import times for custom nodes:
   0.0 seconds: D:\a\comfy-gpu-ci\comfy-gpu-ci\ComfyUI\custom_nodes\websocket_image_save.py
   0.0 seconds: D:\a\comfy-gpu-ci\comfy-gpu-ci\ComfyUI\custom_nodes\ComfyUI-validate-endpoint
   0.0 seconds: D:\a\comfy-gpu-ci\comfy-gpu-ci\ComfyUI\custom_nodes\ComfyUI-Multiband
  19.1 seconds: D:\a\comfy-gpu-ci\comfy-gpu-ci\ComfyUI\custom_nodes\ComfyUI-CADabra
  22.3 seconds: D:\a\comfy-gpu-ci\comfy-gpu-ci\ComfyUI\custom_nodes\ComfyUI-GeometryPack

Context impl SQLiteImpl.
Will assume non-transactional DDL.
Starting server

To see the GUI go to: http://127.0.0.1:8188
=== /validate endpoint called ===
Received JSON with keys: ['prompt']
Prompt has 6 nodes
  Node 1: CAD_Load
    Inputs: {"filename": "bellow_pipe.igs"}
  Node 4: CADFaceAnalysis
    Inputs: {"linear_deflection": 0.1, "angular_deflection": 0.5, "tolerance": 1, "extract_control_points": true, "report_panel": "false", "cad_model": ["1", 0]}
  Node 5: CADEdgeAnalysis
    Inputs: {"linear_deflection": 0.1, "report_panel": "false", "cad_model": ["1", 0]}
  Node 6: CADEdgeDetailAnalyzer
    Inputs: {"edge_json_filepath": ["7", 0], "edge_id": 0, "projection_plane": "auto", "edge_detail_viewer": ""}
  Node 7: CADEdgeViewer
    Inputs: {"edge_json_filepath": ["5", 1], "visualization_mode": "normal", "selected_edge_id": 0, "edge_viewer": ""}
  Node 9: CADAnalysisViewer
    Inputs: {"index": 0, "vtp_filepath": ["4", 1], "json_filepath": ["4", 2], "visualization_mode": "normal", "analysis_viewer": "{\"camera_state\":\"{\\\"position\\\":[-202.9004079405335,74.93720698529373,471.77
Generated prompt_id: 8ba2775c-d935-4c50-a28f-8a77e4a1c050
Calling execution.validate_prompt()...
Validation result: valid=True
=== Validation PASSED ===
got prompt
[comfy-env] Running CAD_Load: filename: 'bellow_pipe.igs'
[comfy-env] SubprocessWorker: D:\a\comfy-gpu-ci\comfy-gpu-ci\ComfyUI\.ce\.pixi\envs\cadabra-nodes\python.exe
[comfy-env] env_vars: {'COMFYUI_BASE': 'D:\\a\\comfy-gpu-ci\\comfy-gpu-ci\\ComfyUI'}
[SubprocessWorker] call_method: nodes.cad_nodes.CAD_Load.EXECUTE_NORMALIZED
[SubprocessWorker] acquired lock, ensuring started...
[comfy-env] cadabra-nodes: Library/bin has 624 DLLs
[ComfyUI-CADabra] python: D:\a\comfy-gpu-ci\comfy-gpu-ci\ComfyUI\.ce\.pixi\envs\cadabra-nodes\python.exe
[ComfyUI-CADabra] sys_path sent to worker: ['D:\\a\\comfy-gpu-ci\\comfy-gpu-ci\\ComfyUI', 'D:\\a\\comfy-gpu-ci\\comfy-gpu-ci\\ComfyUI\\custom_nodes\\ComfyUI-CADabra', 'D:\\a\\comfy-gpu-ci\\comfy-gpu-ci\\ComfyUI\\.ce\\.pixi\\envs\\cadabra-nodes\\Lib\\site-packages', 'D:\\a\\comfy-gpu-ci\\comfy-gpu-ci\\ComfyUI\\custom_nodes\\ComfyUI-CADabra']
[SubprocessWorker] is_pixi=True, python=D:\a\comfy-gpu-ci\comfy-gpu-ci\ComfyUI\.ce\.pixi\envs\cadabra-nodes\python.exe
[SubprocessWorker] launching cmd=['C:\\Users\\runneradmin\\.pixi\\bin\\pixi.exe', 'run', '--as-is', '--manifest-path', 'D:\\a\\comfy-gpu-ci\\comfy-gpu-ci\\ComfyUI\\.ce\\pixi.toml', '-e', 'cadabra-nodes', 'python', 'C:\\Users\\RUNNER~1\\AppData\\Local\\Temp\\comfyui_pvenv_5zto8tpx\\persistent_worker.py', 'tcp://127.0.0.1:55311']...
[SubprocessWorker] worker started/confirmed
[SubprocessWorker] serializing kwargs to shm...
[SubprocessWorker] created 0 shm blocks
[SubprocessWorker] sending request via socket...
[SubprocessWorker] call_id=1 sending call_method
[11:23:53] [CADabra] Starting: IGES ReadFile(file=bellow_pipe.igs)
[worker:ComfyUI-CADabra] INFO: Starting: IGES ReadFile(file=bellow_pipe.igs)
[11:23:53] [CADabra] Completed: IGES ReadFile(file=bellow_pipe.igs) in 0.12s
[worker:ComfyUI-CADabra] INFO: Completed: IGES ReadFile(file=bellow_pipe.igs) in 0.12s
[11:23:53] [CADabra] Starting: IGES TransferRoots(file=bellow_pipe.igs)
[worker:ComfyUI-CADabra] INFO: Starting: IGES TransferRoots(file=bellow_pipe.igs)
[11:23:55] [CADabra] Completed: IGES TransferRoots(file=bellow_pipe.igs) in 1.87s
[worker:ComfyUI-CADabra] INFO: Completed: IGES TransferRoots(file=bellow_pipe.igs) in 1.87s
[SubprocessWorker] got response: ok
[comfy-env] CAD_Load done (22.12s): result: NodeOutput
[comfy-env] Running CADEdgeAnalysis: linear_deflection: 0.1, cad_model: dict
[SubprocessWorker] call_method: nodes.cad_edge_analysis_nodes.CADEdgeAnalysis.EXECUTE_NORMALIZED
[SubprocessWorker] acquired lock, ensuring started...
[ComfyUI-CADabra] Health check: ping (timeout=5.0s)...
[ComfyUI-CADabra] Health check: ok
[SubprocessWorker] worker started/confirmed
[SubprocessWorker] serializing kwargs to shm...
[SubprocessWorker] created 0 shm blocks
[SubprocessWorker] sending request via socket...
[SubprocessWorker] call_id=2 sending call_method
[11:23:55] [CADabra] Starting: CAD Edge Analysis(edges=1122)
[worker:ComfyUI-CADabra] INFO: Starting: CAD Edge Analysis(edges=1122)
[11:23:56] [CADabra] Completed: CAD Edge Analysis(edges=1122) in 0.29s
[worker:ComfyUI-CADabra] INFO: Completed: CAD Edge Analysis(edges=1122) in 0.29s
[SubprocessWorker] got response: ok
[comfy-env] CADEdgeAnalysis done (1.45s): result: NodeOutput
[comfy-env] Running CADEdgeViewer: edge_json_filepath: 'D:\\a\\comfy-gpu-ci\\comfy-gpu-ci\\ComfyUI\\output\\cad_..., visualization_mode: 'normal', selected_edge_id: 0
[SubprocessWorker] call_method: nodes.cad_edge_analysis_nodes.CADEdgeViewer.EXECUTE_NORMALIZED
[SubprocessWorker] acquired lock, ensuring started...
[ComfyUI-CADabra] Health check: ping (timeout=5.0s)...
[ComfyUI-CADabra] Health check: ok
[SubprocessWorker] worker started/confirmed
[SubprocessWorker] serializing kwargs to shm...
[SubprocessWorker] created 0 shm blocks
[SubprocessWorker] sending request via socket...
[SubprocessWorker] call_id=3 sending call_method
[SubprocessWorker] got response: ok
[comfy-env] CADEdgeViewer done (0.47s): result: NodeOutput
[comfy-env] Running CADEdgeDetailAnalyzer: edge_json_filepath: 'D:\\a\\comfy-gpu-ci\\comfy-gpu-ci\\ComfyUI\\output\\cad_..., edge_id: 0, projection_plane: 'auto'
[SubprocessWorker] call_method: nodes.cad_edge_analysis_nodes.CADEdgeDetailAnalyzer.EXECUTE_NORMALIZED
[SubprocessWorker] acquired lock, ensuring started...
[ComfyUI-CADabra] Health check: ping (timeout=5.0s)...
[ComfyUI-CADabra] Health check: ok
[SubprocessWorker] worker started/confirmed
[SubprocessWorker] serializing kwargs to shm...
[SubprocessWorker] created 0 shm blocks
[SubprocessWorker] sending request via socket...
[SubprocessWorker] call_id=4 sending call_method
[SubprocessWorker] got response: ok
[comfy-env] CADEdgeDetailAnalyzer done (1.05s): result: NodeOutput
[comfy-env] Running CADFaceAnalysis: linear_deflection: list[1], angular_deflection: list[1], tolerance: list[1], extract_control_points: list[1], cad_model: list[1]
[SubprocessWorker] call_method: nodes.cad_analysis_nodes.CADFaceAnalysis.EXECUTE_NORMALIZED
[SubprocessWorker] acquired lock, ensuring started...
[ComfyUI-CADabra] Health check: ping (timeout=5.0s)...
[ComfyUI-CADabra] Health check: ok
[SubprocessWorker] worker started/confirmed
[SubprocessWorker] serializing kwargs to shm...
[SubprocessWorker] created 0 shm blocks
[SubprocessWorker] sending request via socket...
[SubprocessWorker] call_id=5 sending call_method
[11:23:58] [CADabra] Starting: CAD Face Analysis(faces=236)
[worker:ComfyUI-CADabra] INFO: Starting: CAD Face Analysis(faces=236)
[11:24:01] [CADabra] Completed: CAD Face Analysis(faces=236) in 2.43s
[worker:ComfyUI-CADabra] INFO: Completed: CAD Face Analysis(faces=236) in 2.43s
[11:24:01] [CADabra] Starting: CAD Adjacency Graph(faces=236)
[worker:ComfyUI-CADabra] INFO: Starting: CAD Adjacency Graph(faces=236)
[11:24:01] [CADabra] Completed: CAD Adjacency Graph(faces=236) in 0.02s
[worker:ComfyUI-CADabra] INFO: Completed: CAD Adjacency Graph(faces=236) in 0.02s
[worker:ComfyUI-CADabra] 
=== WATCHDOG TICK 1 ===
[worker:ComfyUI-CADabra] Current thread 0x00001dc4 (most recent call first):
  File "C:\Users\RUNNER~1\AppData\Local\Temp\comfyui_pvenv_5zto8tpx\persistent_worker.py", line 52 in _watchdog
  File "D:\a\comfy-gpu-ci\comfy-gpu-ci\ComfyUI\.ce\.pixi\envs\cadabra-nodes\Lib\threading.py", line 1012 in run
  File "D:\a\comfy-gpu-ci\comfy-gpu-ci\ComfyUI\.ce\.pixi\envs\cadabra-nodes\Lib\threading.py", line 1075 in _bootstrap_inner
  File "D:\a\comfy-gpu-ci\comfy-gpu-ci\ComfyUI\.ce\.pixi\envs\cadabra-nodes\Lib\threading.py", line 1032 in _bootstrap

Thread 0x000015ec (most recent call first):
  File "D:\a\comfy-gpu-ci\comfy-gpu-ci\ComfyUI\custom_nodes\ComfyUI-CADabra\nodes\cad_analysis_nodes.py", line 718 in _export_vtp
  File "D:\a\comfy-gpu-ci\comfy-gpu-ci\ComfyUI\custom_nodes\ComfyUI-CADabra\nodes\cad_analysis_nodes.py", line 688 in _export_mesh_with_face_ids
  File "D:\a\comfy-gpu-ci\comfy-gpu-ci\ComfyUI\custom_nodes\ComfyUI-CADabra\nodes\cad_analysis_nodes.py", line 287 in _analyze_single
  File "D:\a\comfy-gpu-ci\comfy-gpu-ci\ComfyUI\custom_nodes\ComfyUI-CADabra\nodes\cad_analysis_nodes.py", line 135 in execute
  File "D:\a\comfy-gpu-ci\comfy-gpu-ci\ComfyUI\comfy_api\latest\_io.py", line 1833 in EXECUTE_NORMALIZED
  File "C:\Users\RUNNER~1\AppData\Local\Temp\comfyui_pvenv_5zto8tpx\persistent_worker.py", line 1762 in main
  File "C:\Users\RUNNER~1\AppData\Local\Temp\comfyui_pvenv_5zto8tpx\persistent_worker.py", line 1807 in <module>

[worker:ComfyUI-CADabra] === END ===

[SubprocessWorker] got response: ok
[comfy-env] CADFaceAnalysis done (75.02s): result: NodeOutput
[comfy-env] Running CADAnalysisViewer: index: list[1], vtp_filepath: list[1], json_filepath: list[1], visualization_mode: list[1]
[SubprocessWorker] call_method: nodes.cad_analysis_nodes.CADAnalysisViewer.EXECUTE_NORMALIZED
[SubprocessWorker] acquired lock, ensuring started...
[ComfyUI-CADabra] Health check: ping (timeout=5.0s)...
[ComfyUI-CADabra] Health check: ok
[SubprocessWorker] worker started/confirmed
[SubprocessWorker] serializing kwargs to shm...
[SubprocessWorker] created 0 shm blocks
[SubprocessWorker] sending request via socket...
[SubprocessWorker] call_id=6 sending call_method
[SubprocessWorker] got response: ok
[comfy-env] CADAnalysisViewer done (1.13s): result: NodeOutput
Prompt executed in 101.29 seconds
=== /validate endpoint called ===
Received JSON with keys: ['prompt']
Prompt has 7 nodes
  Node 1: CAD_Load
    Inputs: {"filename": "spiral_wind_turbine.stp"}
  Node 2: CADSplitComponents
    Inputs: {"report_panel": "false", "cad_model": ["1", 0]}
  Node 3: CADExtractFaces
    Inputs: {"cad_model": ["2", 0]}
  Node 5: PreviewCADOCC
    Inputs: {"linear_deflection": 0.1, "angular_deflection": 0.5, "preview_occ": "", "cad_model": ["9", 0]}
  Node 6: PreviewAny
    Inputs: {"preview_markdown": "", "preview_text": "", "previewMode": null, "source": ["2", 3]}
  Node 7: PreviewCADOCC
    Inputs: {"linear_deflection": 0.1, "angular_deflection": 0.5, "preview_occ": "", "cad_model": ["1", 0]}
  Node 9: CADProjectFaces2D
    Inputs: {"plane": "XY", "plane_origin_x": 0, "plane_origin_y": 0, "plane_origin_z": 0, "plane_normal_x": 0, "plane_normal_y": 0, "plane_normal_z": 1, "cad_model": ["3", 0]}
Generated prompt_id: af79519a-5773-4ac1-840d-007f3d91355d
Calling execution.validate_prompt()...
Validation result: valid=True
=== Validation PASSED ===
got prompt
[comfy-env] Running CAD_Load: filename: 'spiral_wind_turbine.stp'
[SubprocessWorker] call_method: nodes.cad_nodes.CAD_Load.EXECUTE_NORMALIZED
[SubprocessWorker] acquired lock, ensuring started...
[ComfyUI-CADabra] Health check: ping (timeout=5.0s)...
[ComfyUI-CADabra] Health check: ok
[SubprocessWorker] worker started/confirmed
[SubprocessWorker] serializing kwargs to shm...
[SubprocessWorker] created 0 shm blocks
[SubprocessWorker] sending request via socket...
[SubprocessWorker] call_id=7 sending call_method
[11:25:25] [CADabra] Starting: STEP ReadFile(file=spiral_wind_turbine.stp)
[worker:ComfyUI-CADabra] INFO: Starting: STEP ReadFile(file=spiral_wind_turbine.stp)
[11:25:25] [CADabra] Completed: STEP ReadFile(file=spiral_wind_turbine.stp) in 0.03s
[worker:ComfyUI-CADabra] INFO: Completed: STEP ReadFile(file=spiral_wind_turbine.stp) in 0.03s
[11:25:25] [CADabra] Starting: STEP TransferRoots(file=spiral_wind_turbine.stp)
[worker:ComfyUI-CADabra] INFO: Starting: STEP TransferRoots(file=spiral_wind_turbine.stp)
[11:25:25] [CADabra] Completed: STEP TransferRoots(file=spiral_wind_turbine.stp) in 0.17s
[worker:ComfyUI-CADabra] INFO: Completed: STEP TransferRoots(file=spiral_wind_turbine.stp) in 0.17s
[SubprocessWorker] got response: ok
[comfy-env] CAD_Load done (0.33s): result: NodeOutput
[comfy-env] Running PreviewCADOCC: linear_deflection: 0.1, angular_deflection: 0.5, cad_model: dict
[SubprocessWorker] call_method: nodes.cad_nodes.PreviewCADOCC.EXECUTE_NORMALIZED
[SubprocessWorker] acquired lock, ensuring started...
[ComfyUI-CADabra] Health check: ping (timeout=5.0s)...
[ComfyUI-CADabra] Health check: ok
[SubprocessWorker] worker started/confirmed
[SubprocessWorker] serializing kwargs to shm...
[SubprocessWorker] created 0 shm blocks
[SubprocessWorker] sending request via socket...
[SubprocessWorker] call_id=8 sending call_method
[11:25:26] [CADabra] Starting: BRepMesh(linear_deflection=0.1, angular_deflection=0.5)
[worker:ComfyUI-CADabra] INFO: Starting: BRepMesh(linear_deflection=0.1, angular_deflection=0.5)
[11:25:26] [CADabra] Completed: BRepMesh(linear_deflection=0.1, angular_deflection=0.5) in 0.13s
[worker:ComfyUI-CADabra] INFO: Completed: BRepMesh(linear_deflection=0.1, angular_deflection=0.5) in 0.13s
[SubprocessWorker] got response: ok
[comfy-env] PreviewCADOCC done (0.36s): result: NodeOutput
[comfy-env] Running CADSplitComponents: cad_model: dict
[SubprocessWorker] call_method: nodes.cad_utility_nodes.CADSplitComponents.EXECUTE_NORMALIZED
[SubprocessWorker] acquired lock, ensuring started...
[ComfyUI-CADabra] Health check: ping (timeout=5.0s)...
[ComfyUI-CADabra] Health check: ok
[SubprocessWorker] worker started/confirmed
[SubprocessWorker] serializing kwargs to shm...
[SubprocessWorker] created 0 shm blocks
[SubprocessWorker] sending request via socket...
[SubprocessWorker] call_id=9 sending call_method
[SubprocessWorker] got response: ok
[comfy-env] CADSplitComponents done (0.17s): result: NodeOutput
[comfy-env] Running CADExtractFaces: cad_model: dict
[SubprocessWorker] call_method: nodes.cad_utility_nodes.CADExtractFaces.EXECUTE_NORMALIZED
[SubprocessWorker] acquired lock, ensuring started...
[ComfyUI-CADabra] Health check: ping (timeout=5.0s)...
[ComfyUI-CADabra] Health check: ok
[SubprocessWorker] worker started/confirmed
[SubprocessWorker] serializing kwargs to shm...
[SubprocessWorker] created 0 shm blocks
[SubprocessWorker] sending request via socket...
[SubprocessWorker] call_id=10 sending call_method
[SubprocessWorker] got response: ok
[comfy-env] CADExtractFaces done (0.12s): result: NodeOutput
[comfy-env] Running CADProjectFaces2D: plane: 'XY', plane_origin_x: 0.0, plane_origin_y: 0.0, plane_origin_z: 0.0, plane_normal_x: 0.0, plane_normal_y: 0.0, plane_normal_z: 1.0, cad_model: dict
[SubprocessWorker] call_method: nodes.cad_project_faces.CADProjectFaces2D.EXECUTE_NORMALIZED
[SubprocessWorker] acquired lock, ensuring started...
[ComfyUI-CADabra] Health check: ping (timeout=5.0s)...
[ComfyUI-CADabra] Health check: ok
[SubprocessWorker] worker started/confirmed
[SubprocessWorker] serializing kwargs to shm...
[SubprocessWorker] created 0 shm blocks
[SubprocessWorker] sending request via socket...
[SubprocessWorker] call_id=11 sending call_method
[worker:ComfyUI-CADabra] 
=== WATCHDOG TICK 2 ===
[worker:ComfyUI-CADabra] Current thread 0x00001dc4 (most recent call first):
  File "C:\Users\RUNNER~1\AppData\Local\Temp\comfyui_pvenv_5zto8tpx\persistent_worker.py", line 52 in _watchdog
  File "D:\a\comfy-gpu-ci\comfy-gpu-ci\ComfyUI\.ce\.pixi\envs\cadabra-nodes\Lib\threading.py", line 1012 in run
  File "D:\a\comfy-gpu-ci\comfy-gpu-ci\ComfyUI\.ce\.pixi\envs\cadabra-nodes\Lib\threading.py", line 1075 in _bootstrap_inner
  File "D:\a\comfy-gpu-ci\comfy-gpu-ci\ComfyUI\.ce\.pixi\envs\cadabra-nodes\Lib\threading.py", line 1032 in _bootstrap

Thread 0x000015ec (most recent call first):
  File "D:\a\comfy-gpu-ci\comfy-gpu-ci\ComfyUI\.ce\.pixi\envs\cadabra-nodes\Lib\site-packages\OCC\Core\BRepProj.py", line 457 in __init__
  File "D:\a\comfy-gpu-ci\comfy-gpu-ci\ComfyUI\custom_nodes\ComfyUI-CADabra\nodes\cad_project_faces.py", line 260 in _project_wire_to_plane
  File "D:\a\comfy-gpu-ci\comfy-gpu-ci\ComfyUI\custom_nodes\ComfyUI-CADabra\nodes\cad_project_faces.py", line 440 in execute
  File "D:\a\comfy-gpu-ci\comfy-gpu-ci\ComfyUI\comfy_api\latest\_io.py", line 1833 in EXECUTE_NORMALIZED
  File "C:\Users\RUNNER~1\AppData\Local\Temp\comfyui_pvenv_5zto8tpx\persistent_worker.py", line 1762 in main
  File "C:\Users\RUNNER~1\AppData\Local\Temp\comfyui_pvenv_5zto8tpx\persistent_worker.py", line 1807 in <module>

[worker:ComfyUI-CADabra] === END ===

[SubprocessWorker] got response: ok
[comfy-env] CADProjectFaces2D done (11.49s): result: NodeOutput
[comfy-env] Running PreviewCADOCC: linear_deflection: 0.1, angular_deflection: 0.5, cad_model: dict
[SubprocessWorker] call_method: nodes.cad_nodes.PreviewCADOCC.EXECUTE_NORMALIZED
[SubprocessWorker] acquired lock, ensuring started...
[ComfyUI-CADabra] Health check: ping (timeout=5.0s)...
[ComfyUI-CADabra] Health check: ok
[SubprocessWorker] worker started/confirmed
[SubprocessWorker] serializing kwargs to shm...
[SubprocessWorker] created 0 shm blocks
[SubprocessWorker] sending request via socket...
[SubprocessWorker] call_id=12 sending call_method
[11:25:38] [CADabra] Starting: BRepMesh(linear_deflection=0.1, angular_deflection=0.5)
[worker:ComfyUI-CADabra] INFO: Starting: BRepMesh(linear_deflection=0.1, angular_deflection=0.5)
[11:25:38] [CADabra] Completed: BRepMesh(linear_deflection=0.1, angular_deflection=0.5) in 0.13s
[worker:ComfyUI-CADabra] INFO: Completed: BRepMesh(linear_deflection=0.1, angular_deflection=0.5) in 0.13s
[SubprocessWorker] got response: ok
[comfy-env] PreviewCADOCC done (0.56s): result: NodeOutput
Prompt executed in 13.04 seconds
=== /validate endpoint called ===
Received JSON with keys: ['prompt']
Prompt has 4 nodes
  Node 1: CAD_Load
    Inputs: {"filename": "bellow_pipe.igs"}
  Node 2: CAD_Quality_Metrics
    Inputs: {"check_watertightness": true, "check_degeneracy": true, "check_boundaries": true, "area_tolerance": 1e-06, "report_panel": "false", "cad_model": ["1", 0]}
  Node 4: PreviewCADOCC
    Inputs: {"linear_deflection": 0.1, "angular_deflection": 0.5, "preview_occ": "", "cad_model": ["1", 0]}
  Node 5: PreviewAny
    Inputs: {"preview_markdown": "", "preview_text": "", "previewMode": null, "source": ["2", 1]}
Generated prompt_id: 06d73112-e95f-4b6b-bdbf-6c64f36f228a
Calling execution.validate_prompt()...
Validation result: valid=True
=== Validation PASSED ===
got prompt
[comfy-env] Running CAD_Load: filename: 'bellow_pipe.igs'
[SubprocessWorker] call_method: nodes.cad_nodes.CAD_Load.EXECUTE_NORMALIZED
[SubprocessWorker] acquired lock, ensuring started...
[ComfyUI-CADabra] Health check: ping (timeout=5.0s)...
[ComfyUI-CADabra] Health check: ok
[SubprocessWorker] worker started/confirmed
[SubprocessWorker] serializing kwargs to shm...
[SubprocessWorker] created 0 shm blocks
[SubprocessWorker] sending request via socket...
[SubprocessWorker] call_id=13 sending call_method
[SubprocessWorker] got response: ok
[comfy-env] CAD_Load done (0.06s): result: NodeOutput
[comfy-env] Running PreviewCADOCC: linear_deflection: 0.1, angular_deflection: 0.5, cad_model: dict
[SubprocessWorker] call_method: nodes.cad_nodes.PreviewCADOCC.EXECUTE_NORMALIZED
[SubprocessWorker] acquired lock, ensuring started...
[ComfyUI-CADabra] Health check: ping (timeout=5.0s)...
[ComfyUI-CADabra] Health check: ok
[SubprocessWorker] worker started/confirmed
[SubprocessWorker] serializing kwargs to shm...
[SubprocessWorker] created 0 shm blocks
[SubprocessWorker] sending request via socket...
[SubprocessWorker] call_id=14 sending call_method
[11:25:48] [CADabra] Starting: BRepMesh(linear_deflection=0.1, angular_deflection=0.5)
[worker:ComfyUI-CADabra] INFO: Starting: BRepMesh(linear_deflection=0.1, angular_deflection=0.5)
[11:25:52] [CADabra] Completed: BRepMesh(linear_deflection=0.1, angular_deflection=0.5) in 3.70s
[worker:ComfyUI-CADabra] INFO: Completed: BRepMesh(linear_deflection=0.1, angular_deflection=0.5) in 3.70s
[SubprocessWorker] got response: ok
[comfy-env] PreviewCADOCC done (8.61s): result: NodeOutput
[comfy-env] Running CAD_Quality_Metrics: check_watertightness: True, check_degeneracy: True, check_boundaries: True, area_tolerance: 1e-06, cad_model: dict
[SubprocessWorker] call_method: nodes.cad_nodes.CAD_Quality_Metrics.EXECUTE_NORMALIZED
[SubprocessWorker] acquired lock, ensuring started...
[ComfyUI-CADabra] Health check: ping (timeout=5.0s)...
[ComfyUI-CADabra] Health check: ok
[SubprocessWorker] worker started/confirmed
[SubprocessWorker] serializing kwargs to shm...
[SubprocessWorker] created 0 shm blocks
[SubprocessWorker] sending request via socket...
[SubprocessWorker] call_id=15 sending call_method
Error   : Gmsh has not been initialized
Error   : Gmsh has not been initialized
[SubprocessWorker] got response: ok
[comfy-env] CAD_Quality_Metrics done (0.17s): result: NodeOutput
Prompt executed in 8.85 seconds
Exception in callback _ProactorBasePipeTransport._call_connection_lost()
handle: <Handle _ProactorBasePipeTransport._call_connection_lost()>
Traceback (most recent call last):
  File "C:\hostedtoolcache\windows\Python\3.13.13\x64\Lib\asyncio\events.py", line 89, in _run
    self._context.run(self._callback, *self._args)
    ~~~~~~~~~~~~~~~~~^^^^^^^^^^^^^^^^^^^^^^^^^^^^^
  File "C:\hostedtoolcache\windows\Python\3.13.13\x64\Lib\asyncio\proactor_events.py", line 165, in _call_connection_lost
    self._sock.shutdown(socket.SHUT_RDWR)
    ~~~~~~~~~~~~~~~~~~~^^^^^^^^^^^^^^^^^^
ConnectionResetError: [WinError 10054] An existing connection was forcibly closed by the remote host
=== /validate endpoint called ===
Received JSON with keys: ['prompt']
Prompt has 4 nodes
  Node 1: CAD_Load
    Inputs: {"filename": "spiral_wind_turbine.stp"}
  Node 2: CADEdgeViewer
    Inputs: {"edge_json_filepath": ["3", 1], "visualization_mode": "normal", "selected_edge_id": 0, "edge_viewer": ""}
  Node 3: CADEdgeAnalysis
    Inputs: {"linear_deflection": 0.1, "report_panel": "false", "cad_model": ["1", 0]}
  Node 5: CADEdgeDetailAnalyzer
    Inputs: {"edge_json_filepath": ["2", 0], "edge_id": ["2", 1], "projection_plane": "auto", "edge_detail_viewer": ""}
Generated prompt_id: 745f56e4-e5ab-430c-95e7-f02f6b0a07e6
Calling execution.validate_prompt()...
Validation result: valid=True
=== Validation PASSED ===
got prompt
[comfy-env] Running CAD_Load: filename: 'spiral_wind_turbine.stp'
[SubprocessWorker] call_method: nodes.cad_nodes.CAD_Load.EXECUTE_NORMALIZED
[SubprocessWorker] acquired lock, ensuring started...
[ComfyUI-CADabra] Health check: ping (timeout=5.0s)...
[ComfyUI-CADabra] Health check: ok
[SubprocessWorker] worker started/confirmed
[SubprocessWorker] serializing kwargs to shm...
[SubprocessWorker] created 0 shm blocks
[SubprocessWorker] sending request via socket...
[SubprocessWorker] call_id=16 sending call_method
[SubprocessWorker] got response: ok
[comfy-env] CAD_Load done (0.26s): result: NodeOutput
[comfy-env] Running CADEdgeAnalysis: linear_deflection: 0.1, cad_model: dict
[SubprocessWorker] call_method: nodes.cad_edge_analysis_nodes.CADEdgeAnalysis.EXECUTE_NORMALIZED
[SubprocessWorker] acquired lock, ensuring started...
[ComfyUI-CADabra] Health check: ping (timeout=5.0s)...
[ComfyUI-CADabra] Health check: ok
[SubprocessWorker] worker started/confirmed
[SubprocessWorker] serializing kwargs to shm...
[SubprocessWorker] created 0 shm blocks
[SubprocessWorker] sending request via socket...
[SubprocessWorker] call_id=17 sending call_method
[11:26:11] [CADabra] Starting: CAD Edge Analysis(edges=158)
[worker:ComfyUI-CADabra] INFO: Starting: CAD Edge Analysis(edges=158)
[11:26:11] [CADabra] Completed: CAD Edge Analysis(edges=158) in 0.02s
[worker:ComfyUI-CADabra] INFO: Completed: CAD Edge Analysis(edges=158) in 0.02s
[SubprocessWorker] got response: ok
[comfy-env] CADEdgeAnalysis done (0.52s): result: NodeOutput
[comfy-env] Running CADEdgeViewer: edge_json_filepath: 'D:\\a\\comfy-gpu-ci\\comfy-gpu-ci\\ComfyUI\\output\\cad_..., visualization_mode: 'normal', selected_edge_id: 0
[SubprocessWorker] call_method: nodes.cad_edge_analysis_nodes.CADEdgeViewer.EXECUTE_NORMALIZED
[SubprocessWorker] acquired lock, ensuring started...
[ComfyUI-CADabra] Health check: ping (timeout=5.0s)...
[ComfyUI-CADabra] Health check: ok
[SubprocessWorker] worker started/confirmed
[SubprocessWorker] serializing kwargs to shm...
[SubprocessWorker] created 0 shm blocks
[SubprocessWorker] sending request via socket...
[SubprocessWorker] call_id=18 sending call_method
[SubprocessWorker] got response: ok
[comfy-env] CADEdgeViewer done (0.58s): result: NodeOutput
[comfy-env] Running CADEdgeDetailAnalyzer: edge_json_filepath: 'D:\\a\\comfy-gpu-ci\\comfy-gpu-ci\\ComfyUI\\output\\cad_..., edge_id: 0, projection_plane: 'auto'
[SubprocessWorker] call_method: nodes.cad_edge_analysis_nodes.CADEdgeDetailAnalyzer.EXECUTE_NORMALIZED
[SubprocessWorker] acquired lock, ensuring started...
[ComfyUI-CADabra] Health check: ping (timeout=5.0s)...
[ComfyUI-CADabra] Health check: ok
[SubprocessWorker] worker started/confirmed
[SubprocessWorker] serializing kwargs to shm...
[SubprocessWorker] created 0 shm blocks
[SubprocessWorker] sending request via socket...
[SubprocessWorker] call_id=19 sending call_method
[SubprocessWorker] got response: ok
[comfy-env] CADEdgeDetailAnalyzer done (1.07s): result: NodeOutput
Prompt executed in 2.44 seconds
=== /validate endpoint called ===
Received JSON with keys: ['prompt']
Prompt has 5 nodes
  Node 1: CAD_Load
    Inputs: {"filename": "spiral_wind_turbine.stp"}
  Node 13: PreviewCADOCC
    Inputs: {"linear_deflection": 0.1, "angular_deflection": 0.5, "preview_occ": "", "cad_model": ["1", 0]}
  Node 18: GeomPackPreviewMeshDual
    Inputs: {"layout": "side_by_side", "mode": "fields", "opacity_1": 1, "opacity_2": 1, "preview_dual": "{\"show_edges\":true,\"camera_state\":\"{\\\"position\\\":[-471.89641369846686,190.09798306808523,92.60360
  Node 19: CAD_Mesh
    Inputs: {"backend": "BRepIncremental", "backend.linear_deflection": 0.1, "backend.angular_deflection": 0.5, "backend.merge_vertices": true, "backend.relative": false, "backend.parallel": false, "backend.min_s
  Node 20: CAD_Mesh
    Inputs: {"backend": "BRepIncremental", "backend.linear_deflection": 0.1, "backend.angular_deflection": 0.5, "backend.merge_vertices": true, "backend.relative": false, "backend.parallel": false, "backend.min_s
Generated prompt_id: 07b4f61b-24e8-4abc-9e3e-50a3f8e0cec7
Calling execution.validate_prompt()...
Validation result: valid=True
=== Validation PASSED ===
got prompt
[comfy-env] Running CAD_Load: filename: 'spiral_wind_turbine.stp'
[SubprocessWorker] call_method: nodes.cad_nodes.CAD_Load.EXECUTE_NORMALIZED
[SubprocessWorker] acquired lock, ensuring started...
[ComfyUI-CADabra] Health check: ping (timeout=5.0s)...
[ComfyUI-CADabra] Health check: ok
[SubprocessWorker] worker started/confirmed
[SubprocessWorker] serializing kwargs to shm...
[SubprocessWorker] created 0 shm blocks
[SubprocessWorker] sending request via socket...
[SubprocessWorker] call_id=20 sending call_method
[SubprocessWorker] got response: ok
[comfy-env] CAD_Load done (0.06s): result: NodeOutput
[comfy-env] Running PreviewCADOCC: linear_deflection: 0.1, angular_deflection: 0.5, cad_model: dict
[SubprocessWorker] call_method: nodes.cad_nodes.PreviewCADOCC.EXECUTE_NORMALIZED
[SubprocessWorker] acquired lock, ensuring started...
[ComfyUI-CADabra] Health check: ping (timeout=5.0s)...
[ComfyUI-CADabra] Health check: ok
[SubprocessWorker] worker started/confirmed
[SubprocessWorker] serializing kwargs to shm...
[SubprocessWorker] created 0 shm blocks
[SubprocessWorker] sending request via socket...
[SubprocessWorker] call_id=21 sending call_method
[11:26:23] [CADabra] Starting: BRepMesh(linear_deflection=0.1, angular_deflection=0.5)
[worker:ComfyUI-CADabra] INFO: Starting: BRepMesh(linear_deflection=0.1, angular_deflection=0.5)
[11:26:23] [CADabra] Completed: BRepMesh(linear_deflection=0.1, angular_deflection=0.5) in 0.09s
[worker:ComfyUI-CADabra] INFO: Completed: BRepMesh(linear_deflection=0.1, angular_deflection=0.5) in 0.09s
[SubprocessWorker] got response: ok
[comfy-env] PreviewCADOCC done (0.27s): result: NodeOutput
[comfy-env] Running CAD_Mesh: backend: dict, extract_face_ids: True, cad_model: dict
[SubprocessWorker] call_method: nodes.cad_nodes.CAD_Mesh.EXECUTE_NORMALIZED
[SubprocessWorker] acquired lock, ensuring started...
[ComfyUI-CADabra] Health check: ping (timeout=5.0s)...
[ComfyUI-CADabra] Health check: ok
[SubprocessWorker] worker started/confirmed
[SubprocessWorker] serializing kwargs to shm...
[SubprocessWorker] created 0 shm blocks
[SubprocessWorker] sending request via socket...
[SubprocessWorker] call_id=22 sending call_method
[11:26:23] [CADabra] Starting: BRepMesh(linear_deflection=0.1, angular_deflection=0.5, relative=False, parallel=False, min_size=0.0)
[worker:ComfyUI-CADabra] INFO: Starting: BRepMesh(linear_deflection=0.1, angular_deflection=0.5, relative=False, parallel=False, min_size=0.0)
[11:26:23] [CADabra] Completed: BRepMesh(linear_deflection=0.1, angular_deflection=0.5, relative=False, parallel=False, min_size=0.0) in 0.10s
[worker:ComfyUI-CADabra] INFO: Completed: BRepMesh(linear_deflection=0.1, angular_deflection=0.5, relative=False, parallel=False, min_size=0.0) in 0.10s
[SubprocessWorker] got response: ok
[comfy-env] CAD_Mesh done (9.23s): result: NodeOutput
[comfy-env] Running GeomPackPreviewMeshDual: layout: 'side_by_side', mode: 'fields', opacity_1: 1.0, opacity_2: 1.0, mesh_1: Trimesh, mesh_2: Trimesh
[comfy-env] SubprocessWorker: D:\a\comfy-gpu-ci\comfy-gpu-ci\ComfyUI\.ce\.pixi\envs\geometrypack-main\python.exe
[comfy-env] env_vars: {'KMP_DUPLICATE_LIB_OK': 'TRUE', 'COMFYUI_BASE': 'D:\\a\\comfy-gpu-ci\\comfy-gpu-ci\\ComfyUI'}
[SubprocessWorker] call_method: nodes.main.visualization.preview_mesh_dual.PreviewMeshDualNode.EXECUTE_NORMALIZED
[SubprocessWorker] acquired lock, ensuring started...
[comfy-env] geometrypack-main: Library/bin has 610 DLLs
[ComfyUI-GeometryPack] python: D:\a\comfy-gpu-ci\comfy-gpu-ci\ComfyUI\.ce\.pixi\envs\geometrypack-main\python.exe
[ComfyUI-GeometryPack] sys_path sent to worker: ['D:\\a\\comfy-gpu-ci\\comfy-gpu-ci\\ComfyUI', 'D:\\a\\comfy-gpu-ci\\comfy-gpu-ci\\ComfyUI\\custom_nodes\\ComfyUI-GeometryPack', 'D:\\a\\comfy-gpu-ci\\comfy-gpu-ci\\ComfyUI\\.ce\\.pixi\\envs\\geometrypack-main\\Lib\\site-packages', 'D:\\a\\comfy-gpu-ci\\comfy-gpu-ci\\ComfyUI\\custom_nodes\\ComfyUI-GeometryPack']
[SubprocessWorker] is_pixi=True, python=D:\a\comfy-gpu-ci\comfy-gpu-ci\ComfyUI\.ce\.pixi\envs\geometrypack-main\python.exe
[SubprocessWorker] launching cmd=['C:\\Users\\runneradmin\\.pixi\\bin\\pixi.exe', 'run', '--as-is', '--manifest-path', 'D:\\a\\comfy-gpu-ci\\comfy-gpu-ci\\ComfyUI\\.ce\\pixi.toml', '-e', 'geometrypack-main', 'python', 'C:\\Users\\RUNNER~1\\AppData\\Local\\Temp\\comfyui_pvenv_87f9xp4s\\persistent_worker.py', 'tcp://127.0.0.1:61592']...
[SubprocessWorker] worker started/confirmed
[SubprocessWorker] serializing kwargs to shm...
[SubprocessWorker] created 1 shm blocks
[SubprocessWorker] sending request via socket...
[SubprocessWorker] call_id=1 sending call_method
[worker:ComfyUI-GeometryPack] INFO: Layout: side_by_side, Mode: fields
[worker:ComfyUI-GeometryPack] INFO: Mesh 1: Mesh - 2754 vertices, 5508 faces
[worker:ComfyUI-GeometryPack] INFO: Mesh 2: Mesh - 2754 vertices, 5508 faces
[worker:ComfyUI-GeometryPack] INFO: Mesh 1 fields: ['face.cad_face_id']
[worker:ComfyUI-GeometryPack] INFO: Mesh 2 fields: ['face.cad_face_id']
[worker:ComfyUI-GeometryPack] INFO: Common fields: ['face.cad_face_id']
[worker:ComfyUI-GeometryPack] INFO: Mesh 1 visual: kind=None, texture=False, vertex_colors=False
[worker:ComfyUI-GeometryPack] INFO: Mesh 2 visual: kind=None, texture=False, vertex_colors=False
[worker:ComfyUI-GeometryPack] INFO: Exporting mesh to VTP: D:\a\comfy-gpu-ci\comfy-gpu-ci\ComfyUI\output\preview_dual_1_8109156f.vtp
[worker:ComfyUI-GeometryPack] INFO: Adding normals field (2754 vertices)
[worker:ComfyUI-GeometryPack] INFO: Adding face field: cad_face_id
[worker:ComfyUI-GeometryPack] INFO: Export complete: 2754 vertices, 5508 faces
[worker:ComfyUI-GeometryPack] INFO: Exported VTP with fields: D:\a\comfy-gpu-ci\comfy-gpu-ci\ComfyUI\output\preview_dual_1_8109156f.vtp
[worker:ComfyUI-GeometryPack] INFO: Exporting mesh to VTP: D:\a\comfy-gpu-ci\comfy-gpu-ci\ComfyUI\output\preview_dual_2_8109156f.vtp
[worker:ComfyUI-GeometryPack] INFO: Adding normals field (2754 vertices)
[worker:ComfyUI-GeometryPack] INFO: Adding face field: cad_face_id
[worker:ComfyUI-GeometryPack] INFO: Export complete: 2754 vertices, 5508 faces
[worker:ComfyUI-GeometryPack] INFO: Exported VTP with fields: D:\a\comfy-gpu-ci\comfy-gpu-ci\ComfyUI\output\preview_dual_2_8109156f.vtp
[worker:ComfyUI-GeometryPack] INFO: Preview ready
[SubprocessWorker] got response: ok
[comfy-env] GeomPackPreviewMeshDual done (28.83s): result: NodeOutput
Prompt executed in 38.42 seconds
=== /validate endpoint called ===
Received JSON with keys: ['prompt']
Prompt has 8 nodes
  Node 1: CAD_Load
    Inputs: {"filename": "wc.STEP"}
  Node 12: CADTransform
    Inputs: {"translate_x": 0.12109375, "translate_y": 0, "translate_z": ["14", 0], "rotate_x": 0, "rotate_y": 0, "rotate_z": 0, "scale": 1, "cad_model": ["1", 0]}
  Node 13: CADBoundingBox
    Inputs: {"cad_model": ["1", 0]}
  Node 14: FloatMath
    Inputs: {"operation": "negate", "operand": 1, "value": ["13", 4]}
  Node 17: PreviewCADOCC
    Inputs: {"linear_deflection": 0.1, "angular_deflection": 0.5, "preview_occ": "", "cad_model": ["1", 0]}
  Node 18: CADRaytracerBVH
    Inputs: {"resolution": 522, "deflection": 0.02, "backend": "embree", "output_mode": "full", "roi": "", "cad_model": ["12", 0]}
  Node 19: MultibandPreview
    Inputs: {"channel_index": 0, "multiband": ["21", 0]}
  Node 21: MultibandLoadFromPath
    Inputs: {"file_path": ["18", 0], "normalize": false}
Generated prompt_id: e58dc0a1-4d96-4fd5-96ee-94028067e791
Calling execution.validate_prompt()...
Validation result: valid=True
=== Validation PASSED ===
got prompt
WARNING: _path_exists: path should be string, bytes, os.PathLike or integer, not NoneType
[comfy-env] Running CAD_Load: filename: 'wc.STEP'
[SubprocessWorker] call_method: nodes.cad_nodes.CAD_Load.EXECUTE_NORMALIZED
[SubprocessWorker] acquired lock, ensuring started...
[ComfyUI-CADabra] Health check: ping (timeout=5.0s)...
[ComfyUI-CADabra] Health check: failed
[ComfyUI-CADabra] Socket unhealthy, restarting worker...
[comfy-env] cadabra-nodes: Library/bin has 624 DLLs
[ComfyUI-CADabra] python: D:\a\comfy-gpu-ci\comfy-gpu-ci\ComfyUI\.ce\.pixi\envs\cadabra-nodes\python.exe
[ComfyUI-CADabra] sys_path sent to worker: ['D:\\a\\comfy-gpu-ci\\comfy-gpu-ci\\ComfyUI', 'D:\\a\\comfy-gpu-ci\\comfy-gpu-ci\\ComfyUI\\custom_nodes\\ComfyUI-CADabra', 'D:\\a\\comfy-gpu-ci\\comfy-gpu-ci\\ComfyUI\\.ce\\.pixi\\envs\\cadabra-nodes\\Lib\\site-packages', 'D:\\a\\comfy-gpu-ci\\comfy-gpu-ci\\ComfyUI\\custom_nodes\\ComfyUI-CADabra']
[SubprocessWorker] is_pixi=True, python=D:\a\comfy-gpu-ci\comfy-gpu-ci\ComfyUI\.ce\.pixi\envs\cadabra-nodes\python.exe
[SubprocessWorker] launching cmd=['C:\\Users\\runneradmin\\.pixi\\bin\\pixi.exe', 'run', '--as-is', '--manifest-path', 'D:\\a\\comfy-gpu-ci\\comfy-gpu-ci\\ComfyUI\\.ce\\pixi.toml', '-e', 'cadabra-nodes', 'python', 'C:\\Users\\RUNNER~1\\AppData\\Local\\Temp\\comfyui_pvenv_5zto8tpx\\persistent_worker.py', 'tcp://127.0.0.1:61186']...
[SubprocessWorker] worker started/confirmed
[SubprocessWorker] serializing kwargs to shm...
[SubprocessWorker] created 0 shm blocks
[SubprocessWorker] sending request via socket...
[SubprocessWorker] call_id=23 sending call_method
[11:27:21] [CADabra] Starting: STEP ReadFile(file=wc.STEP)
[worker:ComfyUI-CADabra] INFO: Starting: STEP ReadFile(file=wc.STEP)
[11:27:21] [CADabra] Completed: STEP ReadFile(file=wc.STEP) in 0.07s
[worker:ComfyUI-CADabra] INFO: Completed: STEP ReadFile(file=wc.STEP) in 0.07s
[11:27:21] [CADabra] Starting: STEP TransferRoots(file=wc.STEP)
[worker:ComfyUI-CADabra] INFO: Starting: STEP TransferRoots(file=wc.STEP)
[11:27:21] [CADabra] Completed: STEP TransferRoots(file=wc.STEP) in 0.37s
[worker:ComfyUI-CADabra] INFO: Completed: STEP TransferRoots(file=wc.STEP) in 0.37s
[SubprocessWorker] got response: ok
[comfy-env] CAD_Load done (9.05s): result: NodeOutput
[comfy-env] Running PreviewCADOCC: linear_deflection: 0.1, angular_deflection: 0.5, cad_model: dict
[SubprocessWorker] call_method: nodes.cad_nodes.PreviewCADOCC.EXECUTE_NORMALIZED
[SubprocessWorker] acquired lock, ensuring started...
[ComfyUI-CADabra] Health check: ping (timeout=5.0s)...
[ComfyUI-CADabra] Health check: ok
[SubprocessWorker] worker started/confirmed
[SubprocessWorker] serializing kwargs to shm...
[SubprocessWorker] created 0 shm blocks
[SubprocessWorker] sending request via socket...
[SubprocessWorker] call_id=24 sending call_method
[11:27:22] [CADabra] Starting: BRepMesh(linear_deflection=0.1, angular_deflection=0.5)
[worker:ComfyUI-CADabra] INFO: Starting: BRepMesh(linear_deflection=0.1, angular_deflection=0.5)
[11:27:22] [CADabra] Completed: BRepMesh(linear_deflection=0.1, angular_deflection=0.5) in 0.61s
[worker:ComfyUI-CADabra] INFO: Completed: BRepMesh(linear_deflection=0.1, angular_deflection=0.5) in 0.61s
[SubprocessWorker] got response: ok
[comfy-env] PreviewCADOCC done (1.45s): result: NodeOutput
[comfy-env] Running CADBoundingBox: cad_model: dict
[SubprocessWorker] call_method: nodes.cad_transform_nodes.CADBoundingBox.EXECUTE_NORMALIZED
[SubprocessWorker] acquired lock, ensuring started...
[ComfyUI-CADabra] Health check: ping (timeout=5.0s)...
[ComfyUI-CADabra] Health check: ok
[SubprocessWorker] worker started/confirmed
[SubprocessWorker] serializing kwargs to shm...
[SubprocessWorker] created 0 shm blocks
[SubprocessWorker] sending request via socket...
[SubprocessWorker] call_id=25 sending call_method
[SubprocessWorker] got response: ok
[comfy-env] CADBoundingBox done (0.10s): result: NodeOutput
[comfy-env] Running FloatMath: operation: 'negate', operand: 1.0, value: -152.39288241063343
[SubprocessWorker] call_method: nodes.cad_transform_nodes.FloatMath.EXECUTE_NORMALIZED
[SubprocessWorker] acquired lock, ensuring started...
[ComfyUI-CADabra] Health check: ping (timeout=5.0s)...
[ComfyUI-CADabra] Health check: ok
[SubprocessWorker] worker started/confirmed
[SubprocessWorker] serializing kwargs to shm...
[SubprocessWorker] created 0 shm blocks
[SubprocessWorker] sending request via socket...
[SubprocessWorker] call_id=26 sending call_method
[SubprocessWorker] got response: ok
[comfy-env] FloatMath done (0.10s): result: NodeOutput
[comfy-env] Running CADTransform: translate_x: 0.12109375, translate_y: 0.0, translate_z: 152.39288241063343, rotate_x: 0.0, rotate_y: 0.0, rotate_z: 0.0, scale: 1.0, cad_model: dict
[SubprocessWorker] call_method: nodes.cad_transform_nodes.CADTransform.EXECUTE_NORMALIZED
[SubprocessWorker] acquired lock, ensuring started...
[ComfyUI-CADabra] Health check: ping (timeout=5.0s)...
[ComfyUI-CADabra] Health check: ok
[SubprocessWorker] worker started/confirmed
[SubprocessWorker] serializing kwargs to shm...
[SubprocessWorker] created 0 shm blocks
[SubprocessWorker] sending request via socket...
[SubprocessWorker] call_id=27 sending call_method
[SubprocessWorker] got response: ok
[comfy-env] CADTransform done (0.17s): result: NodeOutput
[comfy-env] Running CADRaytracerBVH: resolution: 522, deflection: 0.02, backend: 'embree', output_mode: 'full', roi: '', cad_model: dict
[SubprocessWorker] call_method: nodes.raytracer_node.CADRaytracerBVH.EXECUTE_NORMALIZED
[SubprocessWorker] acquired lock, ensuring started...
[ComfyUI-CADabra] Health check: ping (timeout=5.0s)...
[ComfyUI-CADabra] Health check: ok
[SubprocessWorker] worker started/confirmed
[SubprocessWorker] serializing kwargs to shm...
[SubprocessWorker] created 0 shm blocks
[SubprocessWorker] sending request via socket...
[SubprocessWorker] call_id=28 sending call_method
[SubprocessWorker] got response: ok
[comfy-env] CADRaytracerBVH done (47.70s): result: NodeOutput
PreviewMultibandImage: Batch=1, Channels=13, Names=['height', 'normal_x', 'normal_y', 'normal_z', 'position_x', 'position_y', 'position_z', 'face_id', 'curv_gauss', 'curv_mean', 'curv_min', 'curv_max', 'hit_mask']
Prompt executed in 59.32 seconds
=== /validate endpoint called ===
Received JSON with keys: ['prompt']
Prompt has 10 nodes
  Node 1: CAD_Load
    Inputs: {"filename": "spiral_wind_turbine.stp"}
  Node 5: PreviewImage
    Inputs: {"images": ["23", 0]}
  Node 12: CADTransform
    Inputs: {"translate_x": 0.12109375, "translate_y": 0, "translate_z": ["14", 0], "rotate_x": 0, "rotate_y": 0, "rotate_z": 0, "scale": 1, "cad_model": ["1", 0]}
  Node 13: CADBoundingBox
    Inputs: {"cad_model": ["1", 0]}
  Node 14: FloatMath
    Inputs: {"operation": "negate", "operand": 1, "value": ["13", 4]}
  Node 17: PreviewCADOCC
    Inputs: {"linear_deflection": 0.1, "angular_deflection": 0.5, "preview_occ": "", "cad_model": ["1", 0]}
  Node 18: CADROISelector
    Inputs: {"linear_deflection": 0.1, "angular_deflection": 0.5, "roi_value": "-223.3452,-35.7267,-154.3834,71.2399", "roi_viewer": "", "cad_model": ["1", 0]}
  Node 22: CADRaytracerBVH
    Inputs: {"resolution": 500, "deflection": 0.02, "backend": "embree", "output_mode": "full", "roi": ["18", 0], "cad_model": ["12", 0]}
  Node 23: MultibandToImage
    Inputs: {"channels": "0,1,2", "multiband": ["24", 0]}
  Node 24: MultibandLoadFromPath
    Inputs: {"file_path": ["22", 0], "normalize": false}
Generated prompt_id: 2009f756-95fa-44c5-b891-eb117148992b
Calling execution.validate_prompt()...
Validation result: valid=True
=== Validation PASSED ===
got prompt
WARNING: _path_exists: path should be string, bytes, os.PathLike or integer, not NoneType
[comfy-env] Running CAD_Load: filename: 'spiral_wind_turbine.stp'
[SubprocessWorker] call_method: nodes.cad_nodes.CAD_Load.EXECUTE_NORMALIZED
[SubprocessWorker] acquired lock, ensuring started...
[ComfyUI-CADabra] Health check: ping (timeout=5.0s)...
[ComfyUI-CADabra] Health check: failed
[ComfyUI-CADabra] Socket unhealthy, restarting worker...
[comfy-env] cadabra-nodes: Library/bin has 624 DLLs
[ComfyUI-CADabra] python: D:\a\comfy-gpu-ci\comfy-gpu-ci\ComfyUI\.ce\.pixi\envs\cadabra-nodes\python.exe
[ComfyUI-CADabra] sys_path sent to worker: ['D:\\a\\comfy-gpu-ci\\comfy-gpu-ci\\ComfyUI', 'D:\\a\\comfy-gpu-ci\\comfy-gpu-ci\\ComfyUI\\custom_nodes\\ComfyUI-CADabra', 'D:\\a\\comfy-gpu-ci\\comfy-gpu-ci\\ComfyUI\\.ce\\.pixi\\envs\\cadabra-nodes\\Lib\\site-packages', 'D:\\a\\comfy-gpu-ci\\comfy-gpu-ci\\ComfyUI\\custom_nodes\\ComfyUI-CADabra']
[SubprocessWorker] is_pixi=True, python=D:\a\comfy-gpu-ci\comfy-gpu-ci\ComfyUI\.ce\.pixi\envs\cadabra-nodes\python.exe
[SubprocessWorker] launching cmd=['C:\\Users\\runneradmin\\.pixi\\bin\\pixi.exe', 'run', '--as-is', '--manifest-path', 'D:\\a\\comfy-gpu-ci\\comfy-gpu-ci\\ComfyUI\\.ce\\pixi.toml', '-e', 'cadabra-nodes', 'python', 'C:\\Users\\RUNNER~1\\AppData\\Local\\Temp\\comfyui_pvenv_5zto8tpx\\persistent_worker.py', 'tcp://127.0.0.1:60237']...
[SubprocessWorker] worker started/confirmed
[SubprocessWorker] serializing kwargs to shm...
[SubprocessWorker] created 0 shm blocks
[SubprocessWorker] sending request via socket...
[SubprocessWorker] call_id=29 sending call_method
[SubprocessWorker] got response: ok
[comfy-env] CAD_Load done (10.75s): result: NodeOutput
[comfy-env] Running CADROISelector: linear_deflection: 0.1, angular_deflection: 0.5, roi_value: '-223.3452,-35.7267,-154.3834,71.2399', cad_model: dict
[SubprocessWorker] call_method: nodes.cad_roi_selector_node.CADROISelector.EXECUTE_NORMALIZED
[SubprocessWorker] acquired lock, ensuring started...
[ComfyUI-CADabra] Health check: ping (timeout=5.0s)...
[ComfyUI-CADabra] Health check: ok
[SubprocessWorker] worker started/confirmed
[SubprocessWorker] serializing kwargs to shm...
[SubprocessWorker] created 0 shm blocks
[SubprocessWorker] sending request via socket...
[SubprocessWorker] call_id=30 sending call_method
[11:28:32] [CADabra] Starting: BRepMesh ROI Selector(linear_deflection=0.1, angular_deflection=0.5)
[worker:ComfyUI-CADabra] INFO: Starting: BRepMesh ROI Selector(linear_deflection=0.1, angular_deflection=0.5)
[11:28:32] [CADabra] Completed: BRepMesh ROI Selector(linear_deflection=0.1, angular_deflection=0.5) in 0.09s
[worker:ComfyUI-CADabra] INFO: Completed: BRepMesh ROI Selector(linear_deflection=0.1, angular_deflection=0.5) in 0.09s
[SubprocessWorker] got response: ok
[comfy-env] CADROISelector done (0.36s): result: NodeOutput
[comfy-env] Running PreviewCADOCC: linear_deflection: 0.1, angular_deflection: 0.5, cad_model: dict
[SubprocessWorker] call_method: nodes.cad_nodes.PreviewCADOCC.EXECUTE_NORMALIZED
[SubprocessWorker] acquired lock, ensuring started...
[ComfyUI-CADabra] Health check: ping (timeout=5.0s)...
[ComfyUI-CADabra] Health check: ok
[SubprocessWorker] worker started/confirmed
[SubprocessWorker] serializing kwargs to shm...
[SubprocessWorker] created 0 shm blocks
[SubprocessWorker] sending request via socket...
[SubprocessWorker] call_id=31 sending call_method
[11:28:32] [CADabra] Starting: BRepMesh(linear_deflection=0.1, angular_deflection=0.5)
[worker:ComfyUI-CADabra] INFO: Starting: BRepMesh(linear_deflection=0.1, angular_deflection=0.5)
[11:28:33] [CADabra] Completed: BRepMesh(linear_deflection=0.1, angular_deflection=0.5) in 0.15s
[worker:ComfyUI-CADabra] INFO: Completed: BRepMesh(linear_deflection=0.1, angular_deflection=0.5) in 0.15s
[SubprocessWorker] got response: ok
[comfy-env] PreviewCADOCC done (0.49s): result: NodeOutput
[comfy-env] Running CADBoundingBox: cad_model: dict
[SubprocessWorker] call_method: nodes.cad_transform_nodes.CADBoundingBox.EXECUTE_NORMALIZED
[SubprocessWorker] acquired lock, ensuring started...
[ComfyUI-CADabra] Health check: ping (timeout=5.0s)...
[ComfyUI-CADabra] Health check: ok
[SubprocessWorker] worker started/confirmed
[SubprocessWorker] serializing kwargs to shm...
[SubprocessWorker] created 0 shm blocks
[SubprocessWorker] sending request via socket...
[SubprocessWorker] call_id=32 sending call_method
[SubprocessWorker] got response: ok
[comfy-env] CADBoundingBox done (0.08s): result: NodeOutput
[comfy-env] Running FloatMath: operation: 'negate', operand: 1.0, value: -7.627119192354975
[SubprocessWorker] call_method: nodes.cad_transform_nodes.FloatMath.EXECUTE_NORMALIZED
[SubprocessWorker] acquired lock, ensuring started...
[ComfyUI-CADabra] Health check: ping (timeout=5.0s)...
[ComfyUI-CADabra] Health check: ok
[SubprocessWorker] worker started/confirmed
[SubprocessWorker] serializing kwargs to shm...
[SubprocessWorker] created 0 shm blocks
[SubprocessWorker] sending request via socket...
[SubprocessWorker] call_id=33 sending call_method
[SubprocessWorker] got response: ok
[comfy-env] FloatMath done (0.13s): result: NodeOutput
[comfy-env] Running CADTransform: translate_x: 0.12109375, translate_y: 0.0, translate_z: 7.627119192354975, rotate_x: 0.0, rotate_y: 0.0, rotate_z: 0.0, scale: 1.0, cad_model: dict
[SubprocessWorker] call_method: nodes.cad_transform_nodes.CADTransform.EXECUTE_NORMALIZED
[SubprocessWorker] acquired lock, ensuring started...
[ComfyUI-CADabra] Health check: ping (timeout=5.0s)...
[ComfyUI-CADabra] Health check: ok
[SubprocessWorker] worker started/confirmed
[SubprocessWorker] serializing kwargs to shm...
[SubprocessWorker] created 0 shm blocks
[SubprocessWorker] sending request via socket...
[SubprocessWorker] call_id=34 sending call_method
[SubprocessWorker] got response: ok
[comfy-env] CADTransform done (0.37s): result: NodeOutput
[comfy-env] Running CADRaytracerBVH: resolution: 500, deflection: 0.02, backend: 'embree', output_mode: 'full', roi: '-223.3452,-35.7267,-154.3834,71.2399', cad_model: dict
[SubprocessWorker] call_method: nodes.raytracer_node.CADRaytracerBVH.EXECUTE_NORMALIZED
[SubprocessWorker] acquired lock, ensuring started...
[ComfyUI-CADabra] Health check: ping (timeout=5.0s)...
[ComfyUI-CADabra] Health check: ok
[SubprocessWorker] worker started/confirmed
[SubprocessWorker] serializing kwargs to shm...
[SubprocessWorker] created 0 shm blocks
[SubprocessWorker] sending request via socket...
[SubprocessWorker] call_id=35 sending call_method
[SubprocessWorker] got response: ok
[comfy-env] CADRaytracerBVH done (3.55s): result: NodeOutput
Prompt executed in 16.20 seconds
=== /validate endpoint called ===
Received JSON with keys: ['prompt']
Prompt has 6 nodes
  Node 1: CAD_Load
    Inputs: {"filename": "bellow_pipe.igs"}
  Node 4: CADFaceAnalysis
    Inputs: {"linear_deflection": 0.1, "angular_deflection": 0.5, "tolerance": 1, "extract_control_points": true, "report_panel": "false", "cad_model": ["1", 0]}
  Node 5: CADEdgeAnalysis
    Inputs: {"linear_deflection": 0.1, "report_panel": "false", "cad_model": ["1", 0]}
  Node 6: CADEdgeDetailAnalyzer
    Inputs: {"edge_json_filepath": ["7", 0], "edge_id": 0, "projection_plane": "auto", "edge_detail_viewer": ""}
  Node 7: CADEdgeViewer
    Inputs: {"edge_json_filepath": ["5", 1], "visualization_mode": "normal", "selected_edge_id": 0, "edge_viewer": ""}
  Node 9: CADAnalysisViewer
    Inputs: {"index": 0, "vtp_filepath": ["4", 1], "json_filepath": ["4", 2], "visualization_mode": "normal", "analysis_viewer": "{\"camera_state\":\"\",\"selected_face_id\":null}"}
Generated prompt_id: 4d25544b-8ed5-46b8-9aea-bd11151f138a
Calling execution.validate_prompt()...
Validation result: valid=True
=== Validation PASSED ===
got prompt
[comfy-env] Running CAD_Load: filename: 'bellow_pipe.igs'
[SubprocessWorker] call_method: nodes.cad_nodes.CAD_Load.EXECUTE_NORMALIZED
[SubprocessWorker] acquired lock, ensuring started...
[ComfyUI-CADabra] Health check: ping (timeout=5.0s)...
[ComfyUI-CADabra] Health check: ok
[SubprocessWorker] worker started/confirmed
[SubprocessWorker] serializing kwargs to shm...
[SubprocessWorker] created 0 shm blocks
[SubprocessWorker] sending request via socket...
[SubprocessWorker] call_id=36 sending call_method
[SubprocessWorker] got response: ok
[comfy-env] CAD_Load done (0.18s): result: NodeOutput
[comfy-env] Running CADEdgeAnalysis: linear_deflection: 0.1, cad_model: dict
[SubprocessWorker] call_method: nodes.cad_edge_analysis_nodes.CADEdgeAnalysis.EXECUTE_NORMALIZED
[SubprocessWorker] acquired lock, ensuring started...
[ComfyUI-CADabra] Health check: ping (timeout=5.0s)...
[ComfyUI-CADabra] Health check: ok
[SubprocessWorker] worker started/confirmed
[SubprocessWorker] serializing kwargs to shm...
[SubprocessWorker] created 0 shm blocks
[SubprocessWorker] sending request via socket...
[SubprocessWorker] call_id=37 sending call_method
[11:28:47] [CADabra] Starting: CAD Edge Analysis(edges=1122)
[worker:ComfyUI-CADabra] INFO: Starting: CAD Edge Analysis(edges=1122)
[11:28:47] [CADabra] Completed: CAD Edge Analysis(edges=1122) in 0.17s
[worker:ComfyUI-CADabra] INFO: Completed: CAD Edge Analysis(edges=1122) in 0.17s
[SubprocessWorker] got response: ok
[comfy-env] CADEdgeAnalysis done (0.72s): result: NodeOutput
[comfy-env] Running CADEdgeViewer: edge_json_filepath: 'D:\\a\\comfy-gpu-ci\\comfy-gpu-ci\\ComfyUI\\output\\cad_..., visualization_mode: 'normal', selected_edge_id: 0
[SubprocessWorker] call_method: nodes.cad_edge_analysis_nodes.CADEdgeViewer.EXECUTE_NORMALIZED
[SubprocessWorker] acquired lock, ensuring started...
[ComfyUI-CADabra] Health check: ping (timeout=5.0s)...
[ComfyUI-CADabra] Health check: ok
[SubprocessWorker] worker started/confirmed
[SubprocessWorker] serializing kwargs to shm...
[SubprocessWorker] created 0 shm blocks
[SubprocessWorker] sending request via socket...
[SubprocessWorker] call_id=38 sending call_method
[SubprocessWorker] got response: ok
[comfy-env] CADEdgeViewer done (0.26s): result: NodeOutput
[comfy-env] Running CADEdgeDetailAnalyzer: edge_json_filepath: 'D:\\a\\comfy-gpu-ci\\comfy-gpu-ci\\ComfyUI\\output\\cad_..., edge_id: 0, projection_plane: 'auto'
[SubprocessWorker] call_method: nodes.cad_edge_analysis_nodes.CADEdgeDetailAnalyzer.EXECUTE_NORMALIZED
[SubprocessWorker] acquired lock, ensuring started...
[ComfyUI-CADabra] Health check: ping (timeout=5.0s)...
[ComfyUI-CADabra] Health check: ok
[SubprocessWorker] worker started/confirmed
[SubprocessWorker] serializing kwargs to shm...
[SubprocessWorker] created 0 shm blocks
[SubprocessWorker] sending request via socket...
[SubprocessWorker] call_id=39 sending call_method
[SubprocessWorker] got response: ok
[comfy-env] CADEdgeDetailAnalyzer done (0.39s): result: NodeOutput
[comfy-env] Running CADFaceAnalysis: linear_deflection: list[1], angular_deflection: list[1], tolerance: list[1], extract_control_points: list[1], cad_model: list[1]
[SubprocessWorker] call_method: nodes.cad_analysis_nodes.CADFaceAnalysis.EXECUTE_NORMALIZED
[SubprocessWorker] acquired lock, ensuring started...
[ComfyUI-CADabra] Health check: ping (timeout=5.0s)...
[ComfyUI-CADabra] Health check: ok
[SubprocessWorker] worker started/confirmed
[SubprocessWorker] serializing kwargs to shm...
[SubprocessWorker] created 0 shm blocks
[SubprocessWorker] sending request via socket...
[SubprocessWorker] call_id=40 sending call_method
[11:28:48] [CADabra] Starting: CAD Face Analysis(faces=236)
[worker:ComfyUI-CADabra] INFO: Starting: CAD Face Analysis(faces=236)
[11:28:49] [CADabra] Completed: CAD Face Analysis(faces=236) in 0.89s
[worker:ComfyUI-CADabra] INFO: Completed: CAD Face Analysis(faces=236) in 0.89s
[11:28:49] [CADabra] Starting: CAD Adjacency Graph(faces=236)
[worker:ComfyUI-CADabra] INFO: Starting: CAD Adjacency Graph(faces=236)
[11:28:49] [CADabra] Completed: CAD Adjacency Graph(faces=236) in 0.06s
[worker:ComfyUI-CADabra] INFO: Completed: CAD Adjacency Graph(faces=236) in 0.06s
[worker:ComfyUI-CADabra] 
=== WATCHDOG TICK 1 ===
[worker:ComfyUI-CADabra] Current thread 0x00001898 (most recent call first):
  File "C:\Users\RUNNER~1\AppData\Local\Temp\comfyui_pvenv_5zto8tpx\persistent_worker.py", line 52 in _watchdog
  File "D:\a\comfy-gpu-ci\comfy-gpu-ci\ComfyUI\.ce\.pixi\envs\cadabra-nodes\Lib\threading.py", line 1012 in run
  File "D:\a\comfy-gpu-ci\comfy-gpu-ci\ComfyUI\.ce\.pixi\envs\cadabra-nodes\Lib\threading.py", line 1075 in _bootstrap_inner
  File "D:\a\comfy-gpu-ci\comfy-gpu-ci\ComfyUI\.ce\.pixi\envs\cadabra-nodes\Lib\threading.py", line 1032 in _bootstrap

Thread 0x000006c4 (most recent call first):
  File "D:\a\comfy-gpu-ci\comfy-gpu-ci\ComfyUI\custom_nodes\ComfyUI-CADabra\nodes\cad_analysis_nodes.py", line 718 in _export_vtp
  File "D:\a\comfy-gpu-ci\comfy-gpu-ci\ComfyUI\custom_nodes\ComfyUI-CADabra\nodes\cad_analysis_nodes.py", line 688 in _export_mesh_with_face_ids
  File "D:\a\comfy-gpu-ci\comfy-gpu-ci\ComfyUI\custom_nodes\ComfyUI-CADabra\nodes\cad_analysis_nodes.py", line 287 in _analyze_single
  File "D:\a\comfy-gpu-ci\comfy-gpu-ci\ComfyUI\custom_nodes\ComfyUI-CADabra\nodes\cad_analysis_nodes.py", line 135 in execute
  File "D:\a\comfy-gpu-ci\comfy-gpu-ci\ComfyUI\comfy_api\latest\_io.py", line 1833 in EXECUTE_NORMALIZED
  File "C:\Users\RUNNER~1\AppData\Local\Temp\comfyui_pvenv_5zto8tpx\persistent_worker.py", line 1762 in main
  File "C:\Users\RUNNER~1\AppData\Local\Temp\comfyui_pvenv_5zto8tpx\persistent_worker.py", line 1807 in <module>

[worker:ComfyUI-CADabra] === END ===

[SubprocessWorker] got response: ok
[comfy-env] CADFaceAnalysis done (40.38s): result: NodeOutput
[comfy-env] Running CADAnalysisViewer: index: list[1], vtp_filepath: list[1], json_filepath: list[1], visualization_mode: list[1]
[SubprocessWorker] call_method: nodes.cad_analysis_nodes.CADAnalysisViewer.EXECUTE_NORMALIZED
[SubprocessWorker] acquired lock, ensuring started...
[ComfyUI-CADabra] Health check: ping (timeout=5.0s)...
[ComfyUI-CADabra] Health check: ok
[SubprocessWorker] worker started/confirmed
[SubprocessWorker] serializing kwargs to shm...
[SubprocessWorker] created 0 shm blocks
[SubprocessWorker] sending request via socket...
[SubprocessWorker] call_id=41 sending call_method
[SubprocessWorker] got response: ok
[comfy-env] CADAnalysisViewer done (0.27s): result: NodeOutput
Prompt executed in 42.21 seconds
