Capturing execution frames: cad_manipulation.json
  Frame 1 saved (frame_000.jpg, t=0.0s)
  Validating workflow...
  Queuing workflow for execution...
  Node executed (1 total), capturing...
  Frame 2 saved (frame_001.jpg, t=0.7s)
  [capture-node] freeze=33ms shot=131ms unfreeze=4ms saved=True
  Node executed (2 total), capturing...
  [capture-node] freeze=25ms shot=137ms unfreeze=4ms saved=False
  Node executed (3 total), capturing...
  Frame 3 saved (frame_002.jpg, t=2.3s)
  [capture-node] freeze=64ms shot=125ms unfreeze=3ms saved=True
  Execution complete (t=2.6s)
  Captured 3 unique frames over 2.65s
  [debug] iframes: 2
  [debug]   iframe[0]: src=http://127.0.0.1:8188/extensions/ComfyUI-CADabra/viewer_cad_analysis.html?v=1778, canvas=372x498, rafFrozen=False
  [debug]   iframe[1]: src=http://127.0.0.1:8188/extensions/ComfyUI-CADabra/viewer_cad_analysis.html?v=1778, canvas=272x498, rafFrozen=False
  [timing] trigger_3d_previews: 0.0s
  Saved high-quality screenshot: cad_manipulation_executed.png
  [timing] final_screenshot: 0.2s
    Captured 4 video frames