Capturing execution frames: raytracing_roi.json
  Frame 1 saved (frame_000.jpg, t=0.0s)
  Validating workflow...
  Queuing workflow for execution...
  Node executed (1 total), capturing...
  Frame 2 saved (frame_001.jpg, t=0.7s)
  [capture-node] freeze=47ms shot=175ms unfreeze=5ms saved=True
  Node executed (2 total), capturing...
  Frame 3 saved (frame_002.jpg, t=1.3s)
  [capture-node] freeze=59ms shot=170ms unfreeze=3ms saved=True
  Node executed (3 total), capturing...
  Frame 4 saved (frame_003.jpg, t=1.8s)
  [capture-node] freeze=21ms shot=164ms unfreeze=0ms saved=True
  Execution complete (t=1.8s)
  Captured 4 unique frames over 2.05s
  [debug] iframes: 2
  [debug]   iframe[0]: src=http://127.0.0.1:8188/extensions/ComfyUI-CADabra/viewer_cad_analysis.html?v=1778, canvas=242x498, rafFrozen=True
  [debug]   iframe[1]: src=http://127.0.0.1:8188/extensions/ComfyUI-CADabra/viewer_cad_roi.html?v=177822527, canvas=292x498, rafFrozen=True
  [timing] trigger_3d_previews: 0.0s
  Saved high-quality screenshot: raytracing_roi_executed.png
  [timing] final_screenshot: 0.3s
    Captured 5 video frames