Capturing execution frames: view_cads.json
  Frame 1 saved (frame_000.jpg, t=0.0s)
  Validating workflow...
  Queuing workflow for execution...
  Node executed (2 total), capturing...
  Frame 2 saved (frame_001.jpg, t=0.6s)
  [capture-node] freeze=25ms shot=144ms unfreeze=6ms saved=True
  Frame 3 saved (frame_002.jpg, t=5.1s)
  [capture-periodic] freeze=28ms shot=125ms unfreeze=3ms saved=True
  Node executed (4 total), capturing...
  Frame 4 saved (frame_003.jpg, t=6.8s)
  [capture-node] freeze=6ms shot=147ms unfreeze=16ms saved=True
  Node executed (5 total), capturing...
  Frame 5 saved (frame_004.jpg, t=7.3s)
  [capture-node] freeze=925ms shot=350ms unfreeze=0ms saved=True
  Execution complete (t=7.3s)
  Captured 5 unique frames over 8.62s
  [debug] iframes: 3
  [debug]   iframe[0]: src=http://127.0.0.1:8188/extensions/ComfyUI-CADabra/viewer_cad_edge_detail.html?v=1, canvas=244x386, rafFrozen=True
  [debug]   iframe[1]: src=http://127.0.0.1:8188/extensions/ComfyUI-CADabra/viewer_cad_edge.html?v=17782252, canvas=244x260, rafFrozen=True
  [debug]   iframe[2]: src=http://127.0.0.1:8188/extensions/ComfyUI-CADabra/viewer_cad_analysis.html?v=1778, canvas=244x257, rafFrozen=True
  [timing] trigger_3d_previews: 0.0s
  Saved high-quality screenshot: view_cads_executed.png
  [timing] final_screenshot: 0.2s
    Captured 6 video frames