[00:00] Crash dump logging enabled: D:\a\comfy-gpu-ci\comfy-gpu-ci\comfy-test-logs\CADabra-0736\windows-portable-cpu\crash_dump.log
[00:00] 
[00:00] [1/3] REGISTRATION
[00:00] ----------------------------------------
[00:00] 
[DEBUG] server=None, server_url=http://127.0.0.1:8188, api=None
[00:00] 
Connecting to existing server at http://127.0.0.1:8188...
[00:00] Connecting to existing server at http://127.0.0.1:8188...
[00:00] Connected to server! (attempt 1, 0.0s)
[00:00] Checking for import errors in server logs...
[00:00] No import errors detected
[00:00] Found 868 registered nodes
[00:00] [REGISTRATION] PASSED
[00:00] 
[00:00] [2/3] INSTANTIATION
[00:00] ----------------------------------------
[00:00] 
[DEBUG] server=<comfy_test.comfyui.server.ExternalComfyUIServer object at 0x0000027E84CD5400>, server_url=http://127.0.0.1:8188, api=<comfy_test.comfyui.api.ComfyUIAPI object at 0x0000027E84CD5550>
[00:00] Testing node constructors...
[00:04] All 39 node(s) instantiated successfully!
[00:04] [INSTANTIATION] PASSED
[00:04] 
[00:04] [3/3] EXECUTION
[00:04] ----------------------------------------
[00:04] 
[DEBUG] server=<comfy_test.comfyui.server.ExternalComfyUIServer object at 0x0000027E84CD5400>, server_url=http://127.0.0.1:8188, api=<comfy_test.comfyui.api.ComfyUIAPI object at 0x0000027E84CD5550>
[00:04] CPU runner - will execute 8 workflow(s)
[00:04] Running 8 workflow(s) (all with videos)...
[00:04] Starting headless browser...
[00:05]   Downloading Mesa llvmpipe for Windows...
[00:11]   Copied opengl32.dll to Chromium dir
[00:11]   Copied libgallium_wgl.dll to Chromium dir
[00:11]   Using Mesa llvmpipe (desktop GL) — multithreaded CPU rendering
[00:13] Capturing execution frames: analyse_CAD.json
[00:23]   Frame 1 saved (frame_000.jpg, t=0.0s)
[00:23]   Validating workflow...
[00:23]   Queuing workflow for execution...
[00:25]   Frame 2 saved (frame_001.jpg, t=2.3s)
[00:25]   [capture-periodic] freeze=5ms shot=158ms unfreeze=6ms saved=True
[00:27]   Frame 3 saved (frame_002.jpg, t=4.6s)
[00:27]   [capture-periodic] freeze=8ms shot=133ms unfreeze=4ms saved=True
[00:29]   [capture-loop] iter=50 t=6.4s state={'complete': False, 'error': None, 'executedCount': 0, 'wsState': 1} eval_ms=6 ram=6.1/16.0GB (38%) swap=0.3/2.9GB (12%) cpu=53% browser_rss=0.74GB
[00:35]   [capture-loop] iter=100 t=12.8s state={'complete': False, 'error': None, 'executedCount': 0, 'wsState': 1} eval_ms=6 ram=6.1/16.0GB (38%) swap=0.3/2.9GB (12%) cpu=71% browser_rss=0.74GB
[00:40]   Frame 4 saved (frame_003.jpg, t=17.7s)
[00:40]   [capture-periodic] freeze=5ms shot=126ms unfreeze=8ms saved=True
[00:41]   [capture-loop] iter=150 t=19.0s state={'complete': False, 'error': None, 'executedCount': 0, 'wsState': 1} eval_ms=13 ram=6.3/16.0GB (40%) swap=0.3/2.9GB (12%) cpu=66% browser_rss=0.74GB
[00:47]   [capture-loop] iter=200 t=25.0s state={'complete': False, 'error': None, 'executedCount': 1, 'wsState': 1} eval_ms=5 ram=6.3/16.0GB (39%) swap=0.3/2.9GB (12%) cpu=57% browser_rss=0.68GB
[00:47]   Node executed (1 total), capturing...
[00:48]   Frame 5 saved (frame_004.jpg, t=25.2s)
[00:48]   [capture-node] freeze=5ms shot=117ms unfreeze=7ms saved=True
[00:48]   Node executed (2 total), capturing...
[00:49]   Frame 6 saved (frame_005.jpg, t=25.9s)
[00:49]   [capture-node] freeze=144ms shot=217ms unfreeze=6ms saved=True
[00:49]   Node executed (5 total), capturing...
[00:49]   Frame 7 saved (frame_006.jpg, t=26.6s)
[00:49]   [capture-node] freeze=37ms shot=134ms unfreeze=0ms saved=True
[00:49]   Execution complete (t=26.6s)
[00:49]   Captured 7 unique frames over 26.84s
[00:49]   [debug] iframes: 3
[00:49]   [debug]   iframe[0]: src=http://127.0.0.1:8188/extensions/ComfyUI-CADabra/viewer_cad_edge_detail.html?v=1, canvas=244x381, rafFrozen=True
[00:49]   [debug]   iframe[1]: src=http://127.0.0.1:8188/extensions/ComfyUI-CADabra/viewer_cad_edge.html?v=17782257, canvas=244x260, rafFrozen=True
[00:49]   [debug]   iframe[2]: src=http://127.0.0.1:8188/extensions/ComfyUI-CADabra/viewer_cad_analysis.html?v=1778, canvas=480x279, rafFrozen=True
[00:49]   [timing] trigger_3d_previews: 0.0s
[00:52]   Saved high-quality screenshot: analyse_CAD_executed.png
[00:52]   [timing] final_screenshot: 0.2s
[00:52] Capturing execution frames: cad_manipulation.json
[00:59]   Frame 1 saved (frame_000.jpg, t=0.0s)
[00:59]   Validating workflow...
[00:59]   Queuing workflow for execution...
[01:00]   Node executed (1 total), capturing...
[01:00]   Frame 2 saved (frame_001.jpg, t=1.1s)
[01:00]   [capture-node] freeze=33ms shot=120ms unfreeze=4ms saved=True
[01:00]   Node executed (2 total), capturing...
[01:01]   [capture-node] freeze=49ms shot=139ms unfreeze=114ms saved=False
[01:06]   Frame 3 saved (frame_002.jpg, t=6.4s)
[01:06]   [capture-periodic] freeze=48ms shot=122ms unfreeze=9ms saved=True
[01:09]   [capture-loop] iter=50 t=9.9s state={'complete': False, 'error': None, 'executedCount': 2, 'wsState': 1} eval_ms=25 ram=6.4/16.0GB (40%) swap=0.3/2.9GB (12%) cpu=70% browser_rss=0.77GB
[01:11]   Node executed (3 total), capturing...
[01:12]   Frame 4 saved (frame_003.jpg, t=12.6s)
[01:12]   [capture-node] freeze=26ms shot=132ms unfreeze=0ms saved=True
[01:12]   Execution complete (t=12.6s)
[01:12]   Captured 4 unique frames over 12.83s
[01:12]   [debug] iframes: 2
[01:12]   [debug]   iframe[0]: src=http://127.0.0.1:8188/extensions/ComfyUI-CADabra/viewer_cad_analysis.html?v=1778, canvas=372x498, rafFrozen=True
[01:12]   [debug]   iframe[1]: src=http://127.0.0.1:8188/extensions/ComfyUI-CADabra/viewer_cad_analysis.html?v=1778, canvas=272x498, rafFrozen=True
[01:12]   [timing] trigger_3d_previews: 0.0s
[01:14]   Saved high-quality screenshot: cad_manipulation_executed.png
[01:14]   [timing] final_screenshot: 0.2s
[01:14] Capturing execution frames: cad_quality_metrics.json
[01:20]   Frame 1 saved (frame_000.jpg, t=0.0s)
[01:20]   Validating workflow...
[01:20]   Queuing workflow for execution...
[01:23]   Frame 2 saved (frame_001.jpg, t=2.2s)
[01:23]   [capture-periodic] freeze=4ms shot=118ms unfreeze=5ms saved=True
[01:25]   Frame 3 saved (frame_002.jpg, t=4.5s)
[01:25]   [capture-periodic] freeze=5ms shot=105ms unfreeze=4ms saved=True
[01:26]   [capture-loop] iter=50 t=5.9s state={'complete': False, 'error': None, 'executedCount': 0, 'wsState': 1} eval_ms=6 ram=6.5/16.0GB (40%) swap=0.3/2.9GB (12%) cpu=48% browser_rss=0.75GB
[01:32]   Node executed (1 total), capturing...
[01:33]   Frame 4 saved (frame_003.jpg, t=11.9s)
[01:33]   [capture-node] freeze=242ms shot=504ms unfreeze=6ms saved=True
[01:33]   Node executed (2 total), capturing...
[01:34]   [capture-node] freeze=163ms shot=437ms unfreeze=0ms saved=False
[01:34]   Execution complete (t=13.2s)
[01:34]   Captured 4 unique frames over 13.78s
[01:34]   [debug] iframes: 1
[01:34]   [debug]   iframe[0]: src=http://127.0.0.1:8188/extensions/ComfyUI-CADabra/viewer_cad_analysis.html?v=1778, canvas=372x498, rafFrozen=True
[01:34]   [timing] trigger_3d_previews: 0.0s
[01:36]   Saved high-quality screenshot: cad_quality_metrics_executed.png
[01:36]   [timing] final_screenshot: 0.2s
[01:36] Capturing execution frames: edge_analysis.json
[01:43]   Frame 1 saved (frame_000.jpg, t=0.0s)
[01:43]   Validating workflow...
[01:43]   Queuing workflow for execution...
[01:44]   Node executed (1 total), capturing...
[01:44]   Frame 2 saved (frame_001.jpg, t=1.6s)
[01:44]   [capture-node] freeze=4ms shot=112ms unfreeze=4ms saved=True
[01:44]   Node executed (2 total), capturing...
[01:45]   Frame 3 saved (frame_002.jpg, t=2.1s)
[01:45]   [capture-node] freeze=4ms shot=120ms unfreeze=5ms saved=True
[01:45]   Node executed (3 total), capturing...
[01:45]   Frame 4 saved (frame_003.jpg, t=2.5s)
[01:45]   [capture-node] freeze=4ms shot=111ms unfreeze=0ms saved=True
[01:45]   Execution complete (t=2.5s)
[01:45]   Captured 4 unique frames over 2.65s
[01:45]   [debug] iframes: 2
[01:45]   [debug]   iframe[0]: src=http://127.0.0.1:8188/extensions/ComfyUI-CADabra/viewer_cad_edge_detail.html?v=1, canvas=244x381, rafFrozen=True
[01:45]   [debug]   iframe[1]: src=http://127.0.0.1:8188/extensions/ComfyUI-CADabra/viewer_cad_edge.html?v=17782258, canvas=347x269, rafFrozen=True
[01:45]   [timing] trigger_3d_previews: 0.0s
[01:47]   Saved high-quality screenshot: edge_analysis_executed.png
[01:47]   [timing] final_screenshot: 0.2s
[01:48] Capturing execution frames: mesh_CAD.json
[01:54]   Frame 1 saved (frame_000.jpg, t=0.0s)
[01:54]   Validating workflow...
[01:54]   Queuing workflow for execution...
[01:57]   Frame 2 saved (frame_001.jpg, t=2.4s)
[01:57]   [capture-periodic] freeze=6ms shot=124ms unfreeze=3ms saved=True
[01:59]   Frame 3 saved (frame_002.jpg, t=4.7s)
[01:59]   [capture-periodic] freeze=3ms shot=125ms unfreeze=3ms saved=True
[02:00]   [capture-loop] iter=50 t=6.2s state={'complete': False, 'error': None, 'executedCount': 0, 'wsState': 1} eval_ms=4 ram=6.5/16.0GB (40%) swap=0.3/2.9GB (12%) cpu=42% browser_rss=0.68GB
[02:02]   Node executed (1 total), capturing...
[02:03]   Frame 4 saved (frame_003.jpg, t=8.2s)
[02:03]   [capture-node] freeze=58ms shot=171ms unfreeze=5ms saved=True
[02:13]   Node executed (2 total), capturing...
[02:13]   Frame 5 saved (frame_004.jpg, t=18.7s)
[02:13]   [capture-node] freeze=120ms shot=196ms unfreeze=6ms saved=True
[02:16]   [capture-loop] iter=100 t=21.6s state={'complete': False, 'error': None, 'executedCount': 2, 'wsState': 1} eval_ms=49 ram=6.7/16.0GB (42%) swap=0.3/2.9GB (12%) cpu=92% browser_rss=0.71GB
[02:26]   [capture-loop] iter=150 t=31.8s state={'complete': False, 'error': None, 'executedCount': 2, 'wsState': 1} eval_ms=62 ram=6.9/16.0GB (43%) swap=0.3/2.9GB (12%) cpu=98% browser_rss=0.69GB
[02:36]   [capture-loop] iter=200 t=41.5s state={'complete': False, 'error': None, 'executedCount': 2, 'wsState': 1} eval_ms=71 ram=6.9/16.0GB (43%) swap=0.3/2.9GB (12%) cpu=97% browser_rss=0.68GB
[02:45]   [capture-loop] iter=250 t=50.7s state={'complete': False, 'error': None, 'executedCount': 2, 'wsState': 1} eval_ms=42 ram=6.9/16.0GB (43%) swap=0.3/2.9GB (12%) cpu=97% browser_rss=0.68GB
[02:54]   Node executed (3 total), capturing...
[02:55]   Frame 6 saved (frame_005.jpg, t=60.6s)
[02:55]   [capture-node] freeze=86ms shot=460ms unfreeze=0ms saved=True
[02:55]   Execution complete (t=60.6s)
[02:55]   Captured 6 unique frames over 61.14s
[02:55]   [debug] iframes: 2
[02:55]   [debug]   iframe[0]: src=http://127.0.0.1:8188/extensions/ComfyUI-CADabra/viewer_cad_analysis.html?v=1778, canvas=242x498, rafFrozen=True
[02:55]   [debug]   iframe[1]: src=http://127.0.0.1:8188/extensions/ComfyUI-GeometryPack/viewer_dual.html?v=1778225, canvas=370x485, rafFrozen=True
[02:55]   [timing] trigger_3d_previews: 0.0s
[02:58]   Saved high-quality screenshot: mesh_CAD_executed.png
[02:58]   [timing] final_screenshot: 0.3s
[02:58] Capturing execution frames: raytracing.json
[03:05]   Frame 1 saved (frame_000.jpg, t=0.0s)
[03:05]   Validating workflow...
[03:05]   Queuing workflow for execution...
[03:07]   Frame 2 saved (frame_001.jpg, t=2.3s)
[03:07]   [capture-periodic] freeze=5ms shot=139ms unfreeze=8ms saved=True
[03:09]   Frame 3 saved (frame_002.jpg, t=4.5s)
[03:09]   [capture-periodic] freeze=4ms shot=116ms unfreeze=5ms saved=True
[03:11]   [capture-loop] iter=50 t=6.1s state={'complete': False, 'error': None, 'executedCount': 0, 'wsState': 1} eval_ms=4 ram=6.7/16.0GB (42%) swap=0.4/2.9GB (15%) cpu=62% browser_rss=0.81GB
[03:16]   Frame 4 saved (frame_003.jpg, t=11.1s)
[03:16]   [capture-periodic] freeze=4ms shot=111ms unfreeze=4ms saved=True
[03:16]   Node executed (1 total), capturing...
[03:17]   Frame 5 saved (frame_004.jpg, t=12.1s)
[03:17]   [capture-node] freeze=247ms shot=183ms unfreeze=4ms saved=True
[03:19]   [capture-loop] iter=100 t=14.1s state={'complete': False, 'error': None, 'executedCount': 1, 'wsState': 1} eval_ms=49 ram=6.7/16.0GB (42%) swap=0.6/2.9GB (20%) cpu=73% browser_rss=0.79GB
[03:34]   [capture-loop] iter=150 t=29.4s state={'complete': False, 'error': None, 'executedCount': 1, 'wsState': 1} eval_ms=58 ram=6.6/16.0GB (41%) swap=0.6/2.9GB (20%) cpu=98% browser_rss=0.69GB
[03:45]   [capture-loop] iter=200 t=40.4s state={'complete': False, 'error': None, 'executedCount': 1, 'wsState': 1} eval_ms=57 ram=6.6/16.0GB (41%) swap=0.6/2.9GB (20%) cpu=96% browser_rss=0.69GB
[03:57]   [capture-loop] iter=250 t=52.2s state={'complete': False, 'error': None, 'executedCount': 1, 'wsState': 1} eval_ms=27 ram=6.5/16.0GB (41%) swap=0.6/2.9GB (20%) cpu=97% browser_rss=0.69GB
[04:09]   [capture-loop] iter=300 t=64.7s state={'complete': False, 'error': None, 'executedCount': 1, 'wsState': 1} eval_ms=79 ram=6.3/16.0GB (40%) swap=0.7/2.9GB (26%) cpu=97% browser_rss=0.69GB
[04:10]   Node executed (2 total), capturing...
[04:10]   Frame 6 saved (frame_005.jpg, t=65.6s)
[04:10]   [capture-node] freeze=15ms shot=213ms unfreeze=0ms saved=True
[04:10]   Execution complete (t=65.6s)
[04:10]   Captured 6 unique frames over 65.83s
[04:10]   [debug] iframes: 1
[04:10]   [debug]   iframe[0]: src=http://127.0.0.1:8188/extensions/ComfyUI-CADabra/viewer_cad_analysis.html?v=1778, canvas=242x498, rafFrozen=True
[04:10]   [timing] trigger_3d_previews: 0.0s
[04:12]   Saved high-quality screenshot: raytracing_executed.png
[04:12]   [timing] final_screenshot: 0.2s
[04:13] Capturing execution frames: raytracing_roi.json
[04:19]   Frame 1 saved (frame_000.jpg, t=0.0s)
[04:19]   Validating workflow...
[04:19]   Queuing workflow for execution...
[04:19]   Node executed (1 total), capturing...
[04:20]   Frame 2 saved (frame_001.jpg, t=0.9s)
[04:20]   [capture-node] freeze=29ms shot=190ms unfreeze=13ms saved=True
[04:20]   Node executed (2 total), capturing...
[04:21]   Frame 3 saved (frame_002.jpg, t=1.6s)
[04:21]   [capture-node] freeze=45ms shot=174ms unfreeze=4ms saved=True
[04:23]   Frame 4 saved (frame_003.jpg, t=4.1s)
[04:23]   [capture-periodic] freeze=4ms shot=197ms unfreeze=4ms saved=True
[04:26]   Node executed (3 total), capturing...
[04:26]   Frame 5 saved (frame_004.jpg, t=7.1s)
[04:26]   [capture-node] freeze=4ms shot=168ms unfreeze=0ms saved=True
[04:26]   Execution complete (t=7.1s)
[04:26]   Captured 5 unique frames over 7.27s
[04:26]   [debug] iframes: 2
[04:26]   [debug]   iframe[0]: src=http://127.0.0.1:8188/extensions/ComfyUI-CADabra/viewer_cad_analysis.html?v=1778, canvas=242x498, rafFrozen=True
[04:26]   [debug]   iframe[1]: src=http://127.0.0.1:8188/extensions/ComfyUI-CADabra/viewer_cad_roi.html?v=177822602, canvas=292x498, rafFrozen=True
[04:26]   [timing] trigger_3d_previews: 0.0s
[04:28]   Saved high-quality screenshot: raytracing_roi_executed.png
[04:28]   [timing] final_screenshot: 0.2s
[04:28] Capturing execution frames: view_cads.json
[04:34]   Frame 1 saved (frame_000.jpg, t=0.0s)
[04:34]   Validating workflow...
[04:34]   Queuing workflow for execution...
[04:37]   Frame 2 saved (frame_001.jpg, t=2.3s)
[04:37]   [capture-periodic] freeze=14ms shot=187ms unfreeze=11ms saved=True
[04:39]   Frame 3 saved (frame_002.jpg, t=4.7s)
[04:39]   [capture-periodic] freeze=6ms shot=107ms unfreeze=4ms saved=True
[04:41]   [capture-loop] iter=50 t=6.3s state={'complete': False, 'error': None, 'executedCount': 0, 'wsState': 1} eval_ms=5 ram=6.4/16.0GB (40%) swap=0.7/2.9GB (26%) cpu=50% browser_rss=0.76GB
[04:42]   Node executed (1 total), capturing...
[04:43]   Frame 4 saved (frame_003.jpg, t=8.1s)
[04:43]   [capture-node] freeze=6ms shot=109ms unfreeze=5ms saved=True
[04:43]   Node executed (2 total), capturing...
[04:43]   Frame 5 saved (frame_004.jpg, t=8.8s)
[04:43]   [capture-node] freeze=112ms shot=170ms unfreeze=4ms saved=True
[04:44]   Node executed (5 total), capturing...
[04:44]   Frame 6 saved (frame_005.jpg, t=9.4s)
[04:44]   [capture-node] freeze=40ms shot=151ms unfreeze=0ms saved=True
[04:44]   Execution complete (t=9.4s)
[04:44]   Captured 6 unique frames over 9.65s
[04:44]   [debug] iframes: 3
[04:44]   [debug]   iframe[0]: src=http://127.0.0.1:8188/extensions/ComfyUI-CADabra/viewer_cad_edge_detail.html?v=1, canvas=244x381, rafFrozen=True
[04:44]   [debug]   iframe[1]: src=http://127.0.0.1:8188/extensions/ComfyUI-CADabra/viewer_cad_edge.html?v=17782260, canvas=244x260, rafFrozen=True
[04:44]   [debug]   iframe[2]: src=http://127.0.0.1:8188/extensions/ComfyUI-CADabra/viewer_cad_analysis.html?v=1778, canvas=244x257, rafFrozen=True
[04:44]   [timing] trigger_3d_previews: 0.0s
[04:46]   Saved high-quality screenshot: view_cads_executed.png
[04:46]   [timing] final_screenshot: 0.2s
[04:46] Results saved to D:\a\comfy-gpu-ci\comfy-gpu-ci\comfy-test-logs\CADabra-0736\windows-portable-cpu\results.json
[04:46] Model report: 8 files, 18.7 MB -> D:\a\comfy-gpu-ci\comfy-gpu-ci\comfy-test-logs\CADabra-0736\windows-portable-cpu\models.json
[04:47] Saved: D:\a\comfy-gpu-ci\comfy-gpu-ci\comfy-test-logs\CADabra-0736\windows-portable-cpu\index.html
[04:47] [EXECUTION] PASSED
[04:47] 
windows_portable: PASSED
