[00:00] Crash dump logging enabled: D:\a\comfy-gpu-ci\comfy-gpu-ci\comfy-test-logs\CADabra-1126\windows-portable-cpu\crash_dump.log
[00:00] 
[00:00] [1/3] REGISTRATION
[00:00] ----------------------------------------
[00:00] 
[DEBUG] server=None, server_url=http://127.0.0.1:8188, api=None
[00:00] 
Connecting to existing server at http://127.0.0.1:8188...
[00:00] Connecting to existing server at http://127.0.0.1:8188...
[00:00] Connected to server! (attempt 1, 0.0s)
[00:00] Checking for import errors in server logs...
[00:00] No import errors detected
[00:00] Found 868 registered nodes
[00:00] [REGISTRATION] PASSED
[00:00] 
[00:00] [2/3] INSTANTIATION
[00:00] ----------------------------------------
[00:00] 
[DEBUG] server=<comfy_test.comfyui.server.ExternalComfyUIServer object at 0x0000026765BC5400>, server_url=http://127.0.0.1:8188, api=<comfy_test.comfyui.api.ComfyUIAPI object at 0x0000026765BC5550>
[00:00] Testing node constructors...
[00:03] All 39 node(s) instantiated successfully!
[00:03] [INSTANTIATION] PASSED
[00:03] 
[00:03] [3/3] EXECUTION
[00:03] ----------------------------------------
[00:03] 
[DEBUG] server=<comfy_test.comfyui.server.ExternalComfyUIServer object at 0x0000026765BC5400>, server_url=http://127.0.0.1:8188, api=<comfy_test.comfyui.api.ComfyUIAPI object at 0x0000026765BC5550>
[00:03] CPU runner - will execute 8 workflow(s)
[00:03] Running 8 workflow(s) (all with videos)...
[00:03] Starting headless browser...
[00:04]   Downloading Mesa llvmpipe for Windows...
[00:15]   Copied opengl32.dll to Chromium dir
[00:15]   Copied libgallium_wgl.dll to Chromium dir
[00:15]   Using Mesa llvmpipe (desktop GL) — multithreaded CPU rendering
[00:16] Capturing execution frames: analyse_CAD.json
[00:26]   Frame 1 saved (frame_000.jpg, t=0.0s)
[00:26]   Validating workflow...
[00:26]   Queuing workflow for execution...
[00:28]   Frame 2 saved (frame_001.jpg, t=2.4s)
[00:28]   [capture-periodic] freeze=5ms shot=152ms unfreeze=11ms saved=True
[00:30]   Frame 3 saved (frame_002.jpg, t=4.6s)
[00:30]   [capture-periodic] freeze=5ms shot=149ms unfreeze=4ms saved=True
[00:32]   [capture-loop] iter=50 t=6.3s state={'complete': False, 'error': None, 'executedCount': 0, 'wsState': 1} eval_ms=6 ram=6.2/16.0GB (39%) swap=0.3/2.9GB (10%) cpu=50% browser_rss=0.74GB
[00:38]   [capture-loop] iter=100 t=12.7s state={'complete': False, 'error': None, 'executedCount': 0, 'wsState': 1} eval_ms=4 ram=6.3/16.0GB (40%) swap=0.3/2.9GB (10%) cpu=59% browser_rss=0.73GB
[00:44]   [capture-loop] iter=150 t=18.8s state={'complete': False, 'error': None, 'executedCount': 0, 'wsState': 1} eval_ms=5 ram=6.5/16.0GB (41%) swap=0.3/2.9GB (10%) cpu=55% browser_rss=0.74GB
[00:48]   Frame 4 saved (frame_003.jpg, t=22.1s)
[00:48]   [capture-periodic] freeze=5ms shot=110ms unfreeze=8ms saved=True
[00:49]   Node executed (1 total), capturing...
[00:49]   Frame 5 saved (frame_004.jpg, t=23.4s)
[00:49]   [capture-node] freeze=6ms shot=146ms unfreeze=17ms saved=True
[00:50]   Node executed (2 total), capturing...
[00:50]   Frame 6 saved (frame_005.jpg, t=24.0s)
[00:50]   [capture-node] freeze=28ms shot=170ms unfreeze=5ms saved=True
[00:52]   [capture-loop] iter=200 t=25.9s state={'complete': False, 'error': None, 'executedCount': 2, 'wsState': 1} eval_ms=45 ram=6.6/16.0GB (41%) swap=0.3/2.9GB (10%) cpu=57% browser_rss=0.72GB
[01:05]   [capture-loop] iter=250 t=39.0s state={'complete': False, 'error': None, 'executedCount': 2, 'wsState': 1} eval_ms=24 ram=6.6/16.0GB (41%) swap=0.3/2.9GB (10%) cpu=98% browser_rss=0.72GB
[01:13]   [capture-loop] iter=300 t=47.0s state={'complete': False, 'error': None, 'executedCount': 2, 'wsState': 1} eval_ms=30 ram=6.7/16.0GB (42%) swap=0.3/2.9GB (10%) cpu=95% browser_rss=0.71GB
[01:21]   [capture-loop] iter=350 t=55.2s state={'complete': False, 'error': None, 'executedCount': 2, 'wsState': 1} eval_ms=30 ram=6.6/16.0GB (42%) swap=0.3/2.9GB (10%) cpu=95% browser_rss=0.68GB
[01:25]   Node executed (3 total), capturing...
[01:25]   Frame 7 saved (frame_006.jpg, t=59.2s)
[01:25]   [capture-node] freeze=37ms shot=137ms unfreeze=13ms saved=True
[01:27]   Node executed (4 total), capturing...
[01:28]   Frame 8 saved (frame_007.jpg, t=61.3s)
[01:28]   [capture-node] freeze=188ms shot=520ms unfreeze=8ms saved=True
[01:28]   Node executed (5 total), capturing...
[01:29]   [capture-node] freeze=198ms shot=487ms unfreeze=0ms saved=False
[01:29]   Execution complete (t=62.6s)
[01:29]   Captured 8 unique frames over 63.27s
[01:29]   [debug] iframes: 3
[01:29]   [debug]   iframe[0]: src=http://127.0.0.1:8188/extensions/ComfyUI-CADabra/viewer_cad_edge_detail.html?v=1, canvas=244x381, rafFrozen=True
[01:29]   [debug]   iframe[1]: src=http://127.0.0.1:8188/extensions/ComfyUI-CADabra/viewer_cad_edge.html?v=17782395, canvas=244x260, rafFrozen=True
[01:29]   [debug]   iframe[2]: src=http://127.0.0.1:8188/extensions/ComfyUI-CADabra/viewer_cad_analysis.html?v=1778, canvas=480x279, rafFrozen=True
[01:29]   [timing] trigger_3d_previews: 0.0s
[01:31]   Saved high-quality screenshot: analyse_CAD_executed.png
[01:31]   [timing] final_screenshot: 0.2s
[01:32] Capturing execution frames: cad_manipulation.json
[01:39]   Frame 1 saved (frame_000.jpg, t=0.0s)
[01:39]   Validating workflow...
[01:39]   Queuing workflow for execution...
[01:41]   Frame 2 saved (frame_001.jpg, t=2.2s)
[01:41]   [capture-periodic] freeze=5ms shot=130ms unfreeze=4ms saved=True
[01:43]   Frame 3 saved (frame_002.jpg, t=4.5s)
[01:43]   [capture-periodic] freeze=5ms shot=134ms unfreeze=6ms saved=True
[01:45]   [capture-loop] iter=50 t=6.3s state={'complete': False, 'error': None, 'executedCount': 0, 'wsState': 1} eval_ms=7 ram=6.2/16.0GB (39%) swap=0.3/2.9GB (10%) cpu=59% browser_rss=0.67GB
[01:50]   Frame 4 saved (frame_003.jpg, t=11.1s)
[01:50]   [capture-periodic] freeze=3ms shot=115ms unfreeze=4ms saved=True
[01:50]   Node executed (1 total), capturing...
[01:50]   Frame 5 saved (frame_004.jpg, t=11.8s)
[01:50]   [capture-node] freeze=25ms shot=128ms unfreeze=5ms saved=True
[01:51]   Node executed (2 total), capturing...
[01:51]   Frame 6 saved (frame_005.jpg, t=12.3s)
[01:51]   [capture-node] freeze=44ms shot=145ms unfreeze=4ms saved=True
[01:52]   [capture-loop] iter=100 t=13.9s state={'complete': False, 'error': None, 'executedCount': 2, 'wsState': 1} eval_ms=46 ram=6.5/16.0GB (41%) swap=0.3/2.9GB (10%) cpu=80% browser_rss=0.71GB
[01:53]   Frame 7 saved (frame_006.jpg, t=14.7s)
[01:53]   [capture-periodic] freeze=61ms shot=124ms unfreeze=4ms saved=True
[02:01]   [capture-loop] iter=150 t=22.6s state={'complete': False, 'error': None, 'executedCount': 2, 'wsState': 1} eval_ms=25 ram=6.5/16.0GB (41%) swap=0.3/2.9GB (10%) cpu=94% browser_rss=0.70GB
[02:01]   Node executed (3 total), capturing...
[02:02]   Frame 8 saved (frame_007.jpg, t=23.0s)
[02:02]   [capture-node] freeze=5ms shot=145ms unfreeze=0ms saved=True
[02:02]   Execution complete (t=23.0s)
[02:02]   Captured 8 unique frames over 23.16s
[02:02]   [debug] iframes: 2
[02:02]   [debug]   iframe[0]: src=http://127.0.0.1:8188/extensions/ComfyUI-CADabra/viewer_cad_analysis.html?v=1778, canvas=372x498, rafFrozen=True
[02:02]   [debug]   iframe[1]: src=http://127.0.0.1:8188/extensions/ComfyUI-CADabra/viewer_cad_analysis.html?v=1778, canvas=272x498, rafFrozen=True
[02:02]   [timing] trigger_3d_previews: 0.0s
[02:04]   Saved high-quality screenshot: cad_manipulation_executed.png
[02:04]   [timing] final_screenshot: 0.2s
[02:04] Capturing execution frames: cad_quality_metrics.json
[02:10]   Frame 1 saved (frame_000.jpg, t=0.0s)
[02:10]   Validating workflow...
[02:10]   Queuing workflow for execution...
[02:12]   Frame 2 saved (frame_001.jpg, t=2.2s)
[02:12]   [capture-periodic] freeze=5ms shot=111ms unfreeze=6ms saved=True
[02:15]   Frame 3 saved (frame_002.jpg, t=4.4s)
[02:15]   [capture-periodic] freeze=4ms shot=94ms unfreeze=5ms saved=True
[02:16]   [capture-loop] iter=50 t=5.9s state={'complete': False, 'error': None, 'executedCount': 0, 'wsState': 1} eval_ms=4 ram=6.7/16.0GB (42%) swap=0.3/2.9GB (10%) cpu=37% browser_rss=0.77GB
[02:21]   Frame 4 saved (frame_003.jpg, t=8.9s)
[02:21]   [capture-periodic] freeze=5ms shot=1930ms unfreeze=32ms saved=True
[02:21]   Node executed (2 total), capturing...
[02:22]   Frame 5 saved (frame_004.jpg, t=11.5s)
[02:22]   [capture-node] freeze=96ms shot=446ms unfreeze=0ms saved=True
[02:22]   Execution complete (t=11.5s)
[02:22]   Captured 5 unique frames over 12.04s
[02:22]   [debug] iframes: 1
[02:22]   [debug]   iframe[0]: src=http://127.0.0.1:8188/extensions/ComfyUI-CADabra/viewer_cad_analysis.html?v=1778, canvas=372x498, rafFrozen=True
[02:22]   [timing] trigger_3d_previews: 0.0s
[02:24]   Saved high-quality screenshot: cad_quality_metrics_executed.png
[02:24]   [timing] final_screenshot: 0.2s
[02:25] Capturing execution frames: edge_analysis.json
[02:31]   Frame 1 saved (frame_000.jpg, t=0.0s)
[02:31]   Validating workflow...
[02:31]   Queuing workflow for execution...
[02:31]   Node executed (1 total), capturing...
[02:31]   Frame 2 saved (frame_001.jpg, t=0.6s)
[02:31]   [capture-node] freeze=8ms shot=117ms unfreeze=8ms saved=True
[02:31]   Node executed (3 total), capturing...
[02:32]   Frame 3 saved (frame_002.jpg, t=1.0s)
[02:32]   [capture-node] freeze=5ms shot=101ms unfreeze=0ms saved=True
[02:32]   Execution complete (t=1.0s)
[02:32]   Captured 3 unique frames over 1.18s
[02:32]   [debug] iframes: 2
[02:32]   [debug]   iframe[0]: src=http://127.0.0.1:8188/extensions/ComfyUI-CADabra/viewer_cad_edge_detail.html?v=1, canvas=244x381, rafFrozen=True
[02:32]   [debug]   iframe[1]: src=http://127.0.0.1:8188/extensions/ComfyUI-CADabra/viewer_cad_edge.html?v=17782397, canvas=347x269, rafFrozen=True
[02:32]   [timing] trigger_3d_previews: 0.0s
[02:34]   Saved high-quality screenshot: edge_analysis_executed.png
[02:34]   [timing] final_screenshot: 0.2s
[02:34] Capturing execution frames: mesh_CAD.json
[02:41]   Frame 1 saved (frame_000.jpg, t=0.0s)
[02:41]   Validating workflow...
[02:41]   Queuing workflow for execution...
[02:44]   Frame 2 saved (frame_001.jpg, t=2.5s)
[02:44]   [capture-periodic] freeze=8ms shot=164ms unfreeze=8ms saved=True
[02:46]   Frame 3 saved (frame_002.jpg, t=4.7s)
[02:46]   [capture-periodic] freeze=5ms shot=143ms unfreeze=13ms saved=True
[02:47]   [capture-loop] iter=50 t=6.5s state={'complete': False, 'error': None, 'executedCount': 0, 'wsState': 1} eval_ms=6 ram=6.3/16.0GB (40%) swap=0.4/2.9GB (15%) cpu=49% browser_rss=0.90GB
[02:54]   [capture-loop] iter=100 t=12.7s state={'complete': False, 'error': None, 'executedCount': 0, 'wsState': 1} eval_ms=8 ram=6.6/16.0GB (41%) swap=0.4/2.9GB (15%) cpu=68% browser_rss=0.81GB
[02:57]   Frame 4 saved (frame_003.jpg, t=15.8s)
[02:57]   [capture-periodic] freeze=4ms shot=153ms unfreeze=6ms saved=True
[03:00]   [capture-loop] iter=150 t=18.8s state={'complete': False, 'error': None, 'executedCount': 0, 'wsState': 1} eval_ms=4 ram=6.4/16.0GB (40%) swap=0.6/2.9GB (20%) cpu=47% browser_rss=0.80GB
[03:03]   Node executed (1 total), capturing...
[03:04]   Frame 5 saved (frame_004.jpg, t=22.9s)
[03:04]   [capture-node] freeze=23ms shot=168ms unfreeze=6ms saved=True
[03:09]   [capture-loop] iter=200 t=27.7s state={'complete': False, 'error': None, 'executedCount': 1, 'wsState': 1} eval_ms=20 ram=6.3/16.0GB (40%) swap=0.6/2.9GB (20%) cpu=68% browser_rss=0.81GB
[03:09]   Node executed (2 total), capturing...
[03:10]   Frame 6 saved (frame_005.jpg, t=28.6s)
[03:10]   [capture-node] freeze=77ms shot=133ms unfreeze=7ms saved=True
[03:19]   [capture-loop] iter=250 t=38.6s state={'complete': False, 'error': None, 'executedCount': 2, 'wsState': 1} eval_ms=22 ram=6.7/16.0GB (42%) swap=0.6/2.9GB (20%) cpu=96% browser_rss=0.79GB
[03:30]   [capture-loop] iter=300 t=49.0s state={'complete': False, 'error': None, 'executedCount': 2, 'wsState': 1} eval_ms=22 ram=6.5/16.0GB (41%) swap=0.6/2.9GB (22%) cpu=96% browser_rss=0.71GB
[03:40]   [capture-loop] iter=350 t=59.1s state={'complete': False, 'error': None, 'executedCount': 2, 'wsState': 1} eval_ms=58 ram=6.5/16.0GB (41%) swap=0.7/2.9GB (25%) cpu=96% browser_rss=0.70GB
[03:52]   Frame 7 saved (frame_006.jpg, t=70.8s)
[03:52]   [capture-periodic] freeze=61ms shot=217ms unfreeze=64ms saved=True
[03:53]   Node executed (3 total), capturing...
[03:53]   [capture-node] freeze=100ms shot=152ms unfreeze=8ms saved=False
[03:54]   Execution complete (t=72.8s)
[03:54]   Captured 7 unique frames over 73.05s
[03:54]   [debug] iframes: 2
[03:54]   [debug]   iframe[0]: src=http://127.0.0.1:8188/extensions/ComfyUI-CADabra/viewer_cad_analysis.html?v=1778, canvas=242x498, rafFrozen=False
[03:54]   [debug]   iframe[1]: src=http://127.0.0.1:8188/extensions/ComfyUI-GeometryPack/viewer_dual.html?v=1778239, canvas=0x0, rafFrozen=False
[03:54]   [timing] trigger_3d_previews: 0.1s
[03:57]   Saved high-quality screenshot: mesh_CAD_executed.png
[03:57]   [timing] final_screenshot: 0.4s
[03:57] Capturing execution frames: raytracing.json
[04:04]   Frame 1 saved (frame_000.jpg, t=0.0s)
[04:04]   Validating workflow...
[04:04]   Queuing workflow for execution...
[04:07]   Frame 2 saved (frame_001.jpg, t=2.3s)
[04:07]   [capture-periodic] freeze=4ms shot=127ms unfreeze=6ms saved=True
[04:09]   Frame 3 saved (frame_002.jpg, t=4.5s)
[04:09]   [capture-periodic] freeze=5ms shot=123ms unfreeze=6ms saved=True
[04:10]   [capture-loop] iter=50 t=6.1s state={'complete': False, 'error': None, 'executedCount': 0, 'wsState': 1} eval_ms=7 ram=6.4/16.0GB (40%) swap=0.7/2.9GB (24%) cpu=74% browser_rss=0.77GB
[04:16]   Frame 4 saved (frame_003.jpg, t=11.2s)
[04:16]   [capture-periodic] freeze=7ms shot=145ms unfreeze=6ms saved=True
[04:17]   [capture-loop] iter=100 t=12.5s state={'complete': False, 'error': None, 'executedCount': 0, 'wsState': 1} eval_ms=6 ram=6.6/16.0GB (42%) swap=0.7/2.9GB (24%) cpu=82% browser_rss=0.77GB
[04:18]   Node executed (1 total), capturing...
[04:18]   Frame 5 saved (frame_004.jpg, t=13.5s)
[04:18]   [capture-node] freeze=146ms shot=145ms unfreeze=6ms saved=True
[04:35]   [capture-loop] iter=150 t=31.0s state={'complete': False, 'error': None, 'executedCount': 1, 'wsState': 1} eval_ms=168 ram=6.6/16.0GB (41%) swap=0.7/2.9GB (24%) cpu=97% browser_rss=0.67GB
[04:50]   [capture-loop] iter=200 t=45.7s state={'complete': False, 'error': None, 'executedCount': 1, 'wsState': 1} eval_ms=69 ram=6.4/16.0GB (40%) swap=0.9/2.9GB (30%) cpu=97% browser_rss=0.66GB
[05:05]   [capture-loop] iter=250 t=60.9s state={'complete': False, 'error': None, 'executedCount': 1, 'wsState': 1} eval_ms=100 ram=6.3/16.0GB (40%) swap=0.8/2.9GB (30%) cpu=98% browser_rss=0.65GB
[05:21]   [capture-loop] iter=300 t=77.1s state={'complete': False, 'error': None, 'executedCount': 1, 'wsState': 1} eval_ms=102 ram=6.4/16.0GB (40%) swap=0.8/2.9GB (30%) cpu=97% browser_rss=0.64GB
[05:28]   Frame 6 saved (frame_005.jpg, t=83.7s)
[05:28]   [capture-periodic] freeze=67ms shot=204ms unfreeze=8ms saved=True
[05:29]   Node executed (2 total), capturing...
[05:30]   Frame 7 saved (frame_006.jpg, t=85.4s)
[05:30]   [capture-node] freeze=71ms shot=173ms unfreeze=0ms saved=True
[05:30]   Execution complete (t=85.4s)
[05:30]   Captured 7 unique frames over 85.68s
[05:30]   [debug] iframes: 1
[05:30]   [debug]   iframe[0]: src=http://127.0.0.1:8188/extensions/ComfyUI-CADabra/viewer_cad_analysis.html?v=1778, canvas=242x498, rafFrozen=True
[05:30]   [timing] trigger_3d_previews: 0.0s
[05:32]   Saved high-quality screenshot: raytracing_executed.png
[05:32]   [timing] final_screenshot: 0.2s
[05:32] Capturing execution frames: raytracing_roi.json
[05:39]   Frame 1 saved (frame_000.jpg, t=0.0s)
[05:39]   Validating workflow...
[05:39]   Queuing workflow for execution...
[05:39]   Node executed (1 total), capturing...
[05:40]   Frame 2 saved (frame_001.jpg, t=0.8s)
[05:40]   [capture-node] freeze=26ms shot=157ms unfreeze=6ms saved=True
[05:41]   Node executed (2 total), capturing...
[05:41]   Frame 3 saved (frame_002.jpg, t=2.2s)
[05:41]   [capture-node] freeze=60ms shot=213ms unfreeze=8ms saved=True
[05:44]   Frame 4 saved (frame_003.jpg, t=4.7s)
[05:44]   [capture-periodic] freeze=5ms shot=172ms unfreeze=5ms saved=True
[05:47]   Node executed (3 total), capturing...
[05:48]   Frame 5 saved (frame_004.jpg, t=8.7s)
[05:48]   [capture-node] freeze=70ms shot=166ms unfreeze=12ms saved=True
[05:48]   Execution complete (t=9.4s)
[05:48]   Captured 5 unique frames over 9.44s
[05:48]   [debug] iframes: 2
[05:48]   [debug]   iframe[0]: src=http://127.0.0.1:8188/extensions/ComfyUI-CADabra/viewer_cad_analysis.html?v=1778, canvas=242x498, rafFrozen=False
[05:48]   [debug]   iframe[1]: src=http://127.0.0.1:8188/extensions/ComfyUI-CADabra/viewer_cad_roi.html?v=177823990, canvas=292x498, rafFrozen=False
[05:48]   [timing] trigger_3d_previews: 0.1s
[05:51]   Saved high-quality screenshot: raytracing_roi_executed.png
[05:51]   [timing] final_screenshot: 0.2s
[05:51] Capturing execution frames: view_cads.json
[05:57]   Frame 1 saved (frame_000.jpg, t=0.0s)
[05:57]   Validating workflow...
[05:57]   Queuing workflow for execution...
[05:58]   Node executed (1 total), capturing...
[05:58]   Frame 2 saved (frame_001.jpg, t=1.1s)
[05:58]   [capture-node] freeze=14ms shot=147ms unfreeze=10ms saved=True
[05:58]   Node executed (2 total), capturing...
[05:59]   Frame 3 saved (frame_002.jpg, t=1.7s)
[05:59]   [capture-node] freeze=23ms shot=148ms unfreeze=4ms saved=True
[06:04]   Frame 4 saved (frame_003.jpg, t=6.5s)
[06:04]   [capture-periodic] freeze=100ms shot=208ms unfreeze=5ms saved=True
[06:10]   [capture-loop] iter=50 t=13.0s state={'complete': False, 'error': None, 'executedCount': 2, 'wsState': 1} eval_ms=8 ram=6.3/16.0GB (39%) swap=0.8/2.9GB (29%) cpu=71% browser_rss=0.65GB
[06:18]   [capture-loop] iter=100 t=20.9s state={'complete': False, 'error': None, 'executedCount': 2, 'wsState': 1} eval_ms=26 ram=6.4/16.0GB (40%) swap=0.8/2.9GB (29%) cpu=95% browser_rss=0.64GB
[06:26]   [capture-loop] iter=150 t=28.6s state={'complete': False, 'error': None, 'executedCount': 2, 'wsState': 1} eval_ms=21 ram=6.4/16.0GB (40%) swap=0.8/2.9GB (29%) cpu=94% browser_rss=0.64GB
[06:31]   Node executed (3 total), capturing...
[06:32]   Frame 5 saved (frame_004.jpg, t=34.0s)
[06:32]   [capture-node] freeze=38ms shot=998ms unfreeze=26ms saved=True
[06:32]   Node executed (5 total), capturing...
[06:33]   Frame 6 saved (frame_005.jpg, t=35.6s)
[06:33]   [capture-node] freeze=147ms shot=404ms unfreeze=0ms saved=True
[06:33]   Execution complete (t=35.6s)
[06:33]   Captured 6 unique frames over 36.22s
[06:33]   [debug] iframes: 3
[06:33]   [debug]   iframe[0]: src=http://127.0.0.1:8188/extensions/ComfyUI-CADabra/viewer_cad_edge_detail.html?v=1, canvas=244x381, rafFrozen=True
[06:33]   [debug]   iframe[1]: src=http://127.0.0.1:8188/extensions/ComfyUI-CADabra/viewer_cad_edge.html?v=17782399, canvas=244x260, rafFrozen=True
[06:33]   [debug]   iframe[2]: src=http://127.0.0.1:8188/extensions/ComfyUI-CADabra/viewer_cad_analysis.html?v=1778, canvas=244x257, rafFrozen=True
[06:33]   [timing] trigger_3d_previews: 0.0s
[06:35]   Saved high-quality screenshot: view_cads_executed.png
[06:35]   [timing] final_screenshot: 0.2s
[06:36] Results saved to D:\a\comfy-gpu-ci\comfy-gpu-ci\comfy-test-logs\CADabra-1126\windows-portable-cpu\results.json
[06:36] Model report: 8 files, 18.7 MB -> D:\a\comfy-gpu-ci\comfy-gpu-ci\comfy-test-logs\CADabra-1126\windows-portable-cpu\models.json
[06:36] Saved: D:\a\comfy-gpu-ci\comfy-gpu-ci\comfy-test-logs\CADabra-1126\windows-portable-cpu\index.html
[06:36] [EXECUTION] PASSED
[06:36] 
windows_portable: PASSED
