Capturing execution frames: cad_quality_metrics.json
  Frame 1 saved (frame_000.jpg, t=0.0s)
  Validating workflow...
  Queuing workflow for execution...
  Frame 2 saved (frame_001.jpg, t=2.2s)
  [capture-periodic] freeze=5ms shot=111ms unfreeze=6ms saved=True
  Frame 3 saved (frame_002.jpg, t=4.4s)
  [capture-periodic] freeze=4ms shot=94ms unfreeze=5ms saved=True
  [capture-loop] iter=50 t=5.9s state={'complete': False, 'error': None, 'executedCount': 0, 'wsState': 1} eval_ms=4 ram=6.7/16.0GB (42%) swap=0.3/2.9GB (10%) cpu=37% browser_rss=0.77GB
  Frame 4 saved (frame_003.jpg, t=8.9s)
  [capture-periodic] freeze=5ms shot=1930ms unfreeze=32ms saved=True
  Node executed (2 total), capturing...
  Frame 5 saved (frame_004.jpg, t=11.5s)
  [capture-node] freeze=96ms shot=446ms unfreeze=0ms saved=True
  Execution complete (t=11.5s)
  Captured 5 unique frames over 12.04s
  [debug] iframes: 1
  [debug]   iframe[0]: src=http://127.0.0.1:8188/extensions/ComfyUI-CADabra/viewer_cad_analysis.html?v=1778, canvas=372x498, rafFrozen=True
  [timing] trigger_3d_previews: 0.0s
  Saved high-quality screenshot: cad_quality_metrics_executed.png
  [timing] final_screenshot: 0.2s
    Captured 6 video frames