Capturing execution frames: cad_manipulation.json
  Frame 1 saved (frame_000.jpg, t=0.0s)
  Validating workflow...
  Queuing workflow for execution...
  Frame 2 saved (frame_001.jpg, t=2.2s)
  [capture-periodic] freeze=5ms shot=130ms unfreeze=4ms saved=True
  Frame 3 saved (frame_002.jpg, t=4.5s)
  [capture-periodic] freeze=5ms shot=134ms unfreeze=6ms saved=True
  [capture-loop] iter=50 t=6.3s state={'complete': False, 'error': None, 'executedCount': 0, 'wsState': 1} eval_ms=7 ram=6.2/16.0GB (39%) swap=0.3/2.9GB (10%) cpu=59% browser_rss=0.67GB
  Frame 4 saved (frame_003.jpg, t=11.1s)
  [capture-periodic] freeze=3ms shot=115ms unfreeze=4ms saved=True
  Node executed (1 total), capturing...
  Frame 5 saved (frame_004.jpg, t=11.8s)
  [capture-node] freeze=25ms shot=128ms unfreeze=5ms saved=True
  Node executed (2 total), capturing...
  Frame 6 saved (frame_005.jpg, t=12.3s)
  [capture-node] freeze=44ms shot=145ms unfreeze=4ms saved=True
  [capture-loop] iter=100 t=13.9s state={'complete': False, 'error': None, 'executedCount': 2, 'wsState': 1} eval_ms=46 ram=6.5/16.0GB (41%) swap=0.3/2.9GB (10%) cpu=80% browser_rss=0.71GB
  Frame 7 saved (frame_006.jpg, t=14.7s)
  [capture-periodic] freeze=61ms shot=124ms unfreeze=4ms saved=True
  [capture-loop] iter=150 t=22.6s state={'complete': False, 'error': None, 'executedCount': 2, 'wsState': 1} eval_ms=25 ram=6.5/16.0GB (41%) swap=0.3/2.9GB (10%) cpu=94% browser_rss=0.70GB
  Node executed (3 total), capturing...
  Frame 8 saved (frame_007.jpg, t=23.0s)
  [capture-node] freeze=5ms shot=145ms unfreeze=0ms saved=True
  Execution complete (t=23.0s)
  Captured 8 unique frames over 23.16s
  [debug] iframes: 2
  [debug]   iframe[0]: src=http://127.0.0.1:8188/extensions/ComfyUI-CADabra/viewer_cad_analysis.html?v=1778, canvas=372x498, rafFrozen=True
  [debug]   iframe[1]: src=http://127.0.0.1:8188/extensions/ComfyUI-CADabra/viewer_cad_analysis.html?v=1778, canvas=272x498, rafFrozen=True
  [timing] trigger_3d_previews: 0.0s
  Saved high-quality screenshot: cad_manipulation_executed.png
  [timing] final_screenshot: 0.2s
    Captured 9 video frames