Capturing execution frames: mesh_CAD.json
  Frame 1 saved (frame_000.jpg, t=0.0s)
  Validating workflow...
  Queuing workflow for execution...
  Frame 2 saved (frame_001.jpg, t=2.5s)
  [capture-periodic] freeze=8ms shot=164ms unfreeze=8ms saved=True
  Frame 3 saved (frame_002.jpg, t=4.7s)
  [capture-periodic] freeze=5ms shot=143ms unfreeze=13ms saved=True
  [capture-loop] iter=50 t=6.5s state={'complete': False, 'error': None, 'executedCount': 0, 'wsState': 1} eval_ms=6 ram=6.3/16.0GB (40%) swap=0.4/2.9GB (15%) cpu=49% browser_rss=0.90GB
  [capture-loop] iter=100 t=12.7s state={'complete': False, 'error': None, 'executedCount': 0, 'wsState': 1} eval_ms=8 ram=6.6/16.0GB (41%) swap=0.4/2.9GB (15%) cpu=68% browser_rss=0.81GB
  Frame 4 saved (frame_003.jpg, t=15.8s)
  [capture-periodic] freeze=4ms shot=153ms unfreeze=6ms saved=True
  [capture-loop] iter=150 t=18.8s state={'complete': False, 'error': None, 'executedCount': 0, 'wsState': 1} eval_ms=4 ram=6.4/16.0GB (40%) swap=0.6/2.9GB (20%) cpu=47% browser_rss=0.80GB
  Node executed (1 total), capturing...
  Frame 5 saved (frame_004.jpg, t=22.9s)
  [capture-node] freeze=23ms shot=168ms unfreeze=6ms saved=True
  [capture-loop] iter=200 t=27.7s state={'complete': False, 'error': None, 'executedCount': 1, 'wsState': 1} eval_ms=20 ram=6.3/16.0GB (40%) swap=0.6/2.9GB (20%) cpu=68% browser_rss=0.81GB
  Node executed (2 total), capturing...
  Frame 6 saved (frame_005.jpg, t=28.6s)
  [capture-node] freeze=77ms shot=133ms unfreeze=7ms saved=True
  [capture-loop] iter=250 t=38.6s state={'complete': False, 'error': None, 'executedCount': 2, 'wsState': 1} eval_ms=22 ram=6.7/16.0GB (42%) swap=0.6/2.9GB (20%) cpu=96% browser_rss=0.79GB
  [capture-loop] iter=300 t=49.0s state={'complete': False, 'error': None, 'executedCount': 2, 'wsState': 1} eval_ms=22 ram=6.5/16.0GB (41%) swap=0.6/2.9GB (22%) cpu=96% browser_rss=0.71GB
  [capture-loop] iter=350 t=59.1s state={'complete': False, 'error': None, 'executedCount': 2, 'wsState': 1} eval_ms=58 ram=6.5/16.0GB (41%) swap=0.7/2.9GB (25%) cpu=96% browser_rss=0.70GB
  Frame 7 saved (frame_006.jpg, t=70.8s)
  [capture-periodic] freeze=61ms shot=217ms unfreeze=64ms saved=True
  Node executed (3 total), capturing...
  [capture-node] freeze=100ms shot=152ms unfreeze=8ms saved=False
  Execution complete (t=72.8s)
  Captured 7 unique frames over 73.05s
  [debug] iframes: 2
  [debug]   iframe[0]: src=http://127.0.0.1:8188/extensions/ComfyUI-CADabra/viewer_cad_analysis.html?v=1778, canvas=242x498, rafFrozen=False
  [debug]   iframe[1]: src=http://127.0.0.1:8188/extensions/ComfyUI-GeometryPack/viewer_dual.html?v=1778239, canvas=0x0, rafFrozen=False
  [timing] trigger_3d_previews: 0.1s
  Saved high-quality screenshot: mesh_CAD_executed.png
  [timing] final_screenshot: 0.4s
    Captured 8 video frames