Capturing execution frames: raytracing.json
  Frame 1 saved (frame_000.jpg, t=0.0s)
  Validating workflow...
  Queuing workflow for execution...
  Frame 2 saved (frame_001.jpg, t=2.3s)
  [capture-periodic] freeze=4ms shot=127ms unfreeze=6ms saved=True
  Frame 3 saved (frame_002.jpg, t=4.5s)
  [capture-periodic] freeze=5ms shot=123ms unfreeze=6ms saved=True
  [capture-loop] iter=50 t=6.1s state={'complete': False, 'error': None, 'executedCount': 0, 'wsState': 1} eval_ms=7 ram=6.4/16.0GB (40%) swap=0.7/2.9GB (24%) cpu=74% browser_rss=0.77GB
  Frame 4 saved (frame_003.jpg, t=11.2s)
  [capture-periodic] freeze=7ms shot=145ms unfreeze=6ms saved=True
  [capture-loop] iter=100 t=12.5s state={'complete': False, 'error': None, 'executedCount': 0, 'wsState': 1} eval_ms=6 ram=6.6/16.0GB (42%) swap=0.7/2.9GB (24%) cpu=82% browser_rss=0.77GB
  Node executed (1 total), capturing...
  Frame 5 saved (frame_004.jpg, t=13.5s)
  [capture-node] freeze=146ms shot=145ms unfreeze=6ms saved=True
  [capture-loop] iter=150 t=31.0s state={'complete': False, 'error': None, 'executedCount': 1, 'wsState': 1} eval_ms=168 ram=6.6/16.0GB (41%) swap=0.7/2.9GB (24%) cpu=97% browser_rss=0.67GB
  [capture-loop] iter=200 t=45.7s state={'complete': False, 'error': None, 'executedCount': 1, 'wsState': 1} eval_ms=69 ram=6.4/16.0GB (40%) swap=0.9/2.9GB (30%) cpu=97% browser_rss=0.66GB
  [capture-loop] iter=250 t=60.9s state={'complete': False, 'error': None, 'executedCount': 1, 'wsState': 1} eval_ms=100 ram=6.3/16.0GB (40%) swap=0.8/2.9GB (30%) cpu=98% browser_rss=0.65GB
  [capture-loop] iter=300 t=77.1s state={'complete': False, 'error': None, 'executedCount': 1, 'wsState': 1} eval_ms=102 ram=6.4/16.0GB (40%) swap=0.8/2.9GB (30%) cpu=97% browser_rss=0.64GB
  Frame 6 saved (frame_005.jpg, t=83.7s)
  [capture-periodic] freeze=67ms shot=204ms unfreeze=8ms saved=True
  Node executed (2 total), capturing...
  Frame 7 saved (frame_006.jpg, t=85.4s)
  [capture-node] freeze=71ms shot=173ms unfreeze=0ms saved=True
  Execution complete (t=85.4s)
  Captured 7 unique frames over 85.68s
  [debug] iframes: 1
  [debug]   iframe[0]: src=http://127.0.0.1:8188/extensions/ComfyUI-CADabra/viewer_cad_analysis.html?v=1778, canvas=242x498, rafFrozen=True
  [timing] trigger_3d_previews: 0.0s
  Saved high-quality screenshot: raytracing_executed.png
  [timing] final_screenshot: 0.2s
    Captured 8 video frames