Capturing execution frames: raytracing_roi.json
  Frame 1 saved (frame_000.jpg, t=0.0s)
  Validating workflow...
  Queuing workflow for execution...
  Node executed (1 total), capturing...
  Frame 2 saved (frame_001.jpg, t=0.8s)
  [capture-node] freeze=26ms shot=157ms unfreeze=6ms saved=True
  Node executed (2 total), capturing...
  Frame 3 saved (frame_002.jpg, t=2.2s)
  [capture-node] freeze=60ms shot=213ms unfreeze=8ms saved=True
  Frame 4 saved (frame_003.jpg, t=4.7s)
  [capture-periodic] freeze=5ms shot=172ms unfreeze=5ms saved=True
  Node executed (3 total), capturing...
  Frame 5 saved (frame_004.jpg, t=8.7s)
  [capture-node] freeze=70ms shot=166ms unfreeze=12ms saved=True
  Execution complete (t=9.4s)
  Captured 5 unique frames over 9.44s
  [debug] iframes: 2
  [debug]   iframe[0]: src=http://127.0.0.1:8188/extensions/ComfyUI-CADabra/viewer_cad_analysis.html?v=1778, canvas=242x498, rafFrozen=False
  [debug]   iframe[1]: src=http://127.0.0.1:8188/extensions/ComfyUI-CADabra/viewer_cad_roi.html?v=177823990, canvas=292x498, rafFrozen=False
  [timing] trigger_3d_previews: 0.1s
  Saved high-quality screenshot: raytracing_roi_executed.png
  [timing] final_screenshot: 0.2s
    Captured 6 video frames