[2026-05-19 11:47:09.738] [info]  setup plugin alembic.autogenerate.schemas

[2026-05-19 11:47:09.739] [info]  setup plugin alembic.autogenerate.tables
setup plugin alembic.autogenerate.types
setup plugin alembic.autogenerate.constraints
setup plugin alembic.autogenerate.defaults
setup plugin alembic.autogenerate.comments

[2026-05-19 11:47:09.808] [info]  Could not autodetect AIMDO implementation, assuming Nvidia

[2026-05-19 11:47:09.809] [info]  comfy-aimdo unsupported operating system: Darwin
NOTE: comfy-aimdo currently only supports Windows and Linux

[2026-05-19 11:47:10.018] [info]  Adding extra search path custom_nodes /Users/runner/Documents/ComfyUI/custom_nodes
Adding extra search path download_model_base /Users/runner/Documents/ComfyUI/models
Adding extra search path custom_nodes /Users/runner/.comfy-test-cache/desktop/ComfyUI.app/Contents/Resources/ComfyUI/custom_nodes
Setting output directory to: /Users/runner/Documents/ComfyUI/output
Setting input directory to: /Users/runner/Documents/ComfyUI/input
Setting user directory to: /Users/runner/Documents/ComfyUI/user

[2026-05-19 11:47:10.387] [info]  [START] Security scan
[ComfyUI-Manager] Using uv as Python module for pip operations.

[2026-05-19 11:47:10.542] [info]  [DONE] Security scan
** ComfyUI startup time: 2026-05-19 11:47:10.540
[2026-05-19 11:47:10.544] [info]  
** Platform: Darwin
** Python version: 3.12.11 (main, Aug 18 2025, 19:02:39) [Clang 20.1.4 ]
** Python executable: /Users/runner/Documents/ComfyUI/.venv/bin/python
** ComfyUI Path: /Users/runner/.comfy-test-cache/desktop/ComfyUI.app/Contents/Resources/ComfyUI
** ComfyUI Base Folder Path: /Users/runner/.comfy-test-cache/desktop/ComfyUI.app/Contents/Resources/ComfyUI
** User directory: /Users/runner/Documents/ComfyUI/user
** ComfyUI-Manager config path: /Users/runner/Documents/ComfyUI/user/__manager/config.ini
** Log path: /Users/runner/Documents/ComfyUI/user/comfyui.log

[2026-05-19 11:47:10.651] [info]  [ComfyUI-Manager] Skipped fixing the 'comfyui-frontend-package' dependency because the ComfyUI is outdated.

[2026-05-19 11:47:10.652] [info]  [PRE] ComfyUI-Manager

[2026-05-19 11:47:10.926] [error] [comfy-env] comfyui-cadabra: 1 isolation env(s):
[2026-05-19 11:47:10.927] [error] 
[comfy-env]   nodes -> /Users/runner/Documents/ComfyUI/custom_nodes/comfyui-cadabra/nodes
[comfy-env] Workspace: /Users/runner/.ce

[2026-05-19 11:47:10.928] [error] [comfy-env]     env: /Users/runner/.ce/.pixi/envs/cadabra-nodes  [OK]

[2026-05-19 11:47:12.433] [error] [comfy-env] prestartup complete
[2026-05-19 11:47:12.438] [error] 

[2026-05-19 11:47:12.487] [error] [comfy-env] ComfyUI-GeometryPack: 1 isolation env(s):

[2026-05-19 11:47:12.488] [error] [comfy-env]   nodes -> /Users/runner/Documents/ComfyUI/custom_nodes/ComfyUI-GeometryPack/nodes
[comfy-env]     env: /Users/runner/.ce/.pixi/envs/geometrypack-nodes  [OK]

[2026-05-19 11:47:12.494] [error] [comfy-env] prestartup complete
[2026-05-19 11:47:12.498] [error] 

[2026-05-19 11:47:12.517] [info]  WARNING: Potential Error in code: Torch already imported, torch should never be imported before this point.

[2026-05-19 11:47:14.070] [info]  Found comfy_kitchen backend cuda: {'available': False, 'disabled': True, 'unavailable_reason': 'Extension file not found: /Users/runner/Documents/ComfyUI/.venv/lib/python3.12/site-packages/comfy_kitchen/backends/cuda/_C.abi3.so', 'capabilities': []}
Found comfy_kitchen backend triton: {'available': False, 'disabled': True, 'unavailable_reason': "ImportError: No module named 'triton'", 'capabilities': []}

[2026-05-19 11:47:14.071] [info]  Found comfy_kitchen backend eager: {'available': True, 'disabled': False, 'unavailable_reason': None, 'capabilities': ['apply_rope', 'apply_rope1', 'dequantize_mxfp8', 'dequantize_nvfp4', 'dequantize_per_tensor_fp8', 'quantize_mxfp8', 'quantize_nvfp4', 'quantize_per_tensor_fp8', 'scaled_mm_mxfp8', 'scaled_mm_nvfp4']}

[2026-05-19 11:47:14.080] [info]  Checkpoint files will always be loaded safely.

[2026-05-19 11:47:14.118] [info]  Total VRAM 7168 MB, total RAM 7168 MB
pytorch version: 2.10.0

[2026-05-19 11:47:14.134] [info]  Mac Version (15, 7, 4)
Set vram state to: SHARED
Device: mps

[2026-05-19 11:47:14.558] [info]  Using sub quadratic optimization for attention, if you have memory or speed issues try using: --use-split-cross-attention

[2026-05-19 11:47:18.629] [info]  Python version: 3.12.11 (main, Aug 18 2025, 19:02:39) [Clang 20.1.4 ]

[2026-05-19 11:47:18.631] [info]  ComfyUI version: 0.21.1
comfy-aimdo version: 0.3.0

[2026-05-19 11:47:18.633] [info]  comfy-kitchen version: 0.2.8

[2026-05-19 11:47:18.635] [info]  [Prompt Server] web root: /Users/runner/.comfy-test-cache/desktop/ComfyUI.app/Contents/Resources/ComfyUI/web_custom_versions/desktop_app

[2026-05-19 11:47:18.636] [info]  Asset seeder disabled
[START] ComfyUI-Manager

[2026-05-19 11:47:18.767] [info]  [ComfyUI-Manager] Using GitPython backend
[2026-05-19 11:47:18.769] [info]  

[2026-05-19 11:47:18.805] [info]  [ComfyUI-Manager] network_mode: public

[2026-05-19 11:47:18.814] [info]  [ComfyUI-Manager] The matrix sharing feature has been disabled because the `matrix-nio` dependency is not installed.
	To use this feature, please run the following command:
	/Users/runner/Documents/ComfyUI/.venv/bin/python -m pip install matrix-nio


[2026-05-19 11:47:20.594] [error] [comfy-env] Version: 0.3.89
[2026-05-19 11:47:20.595] [error] 

[2026-05-19 11:47:20.596] [info]  [comfy-env] Removed stale socket: /var/folders/tb/y368xp_x10s3ty1b_mtl5mxr0000gn/T/comfy_worker_61f6238c16eb.sock

[2026-05-19 11:47:20.665] [info]  [comfy-env] Removed stale temp dir: /var/folders/tb/y368xp_x10s3ty1b_mtl5mxr0000gn/T/comfyui_pvenv_fta6rhew

[2026-05-19 11:47:20.800] [error] [comfy-env] register_nodes: comfyui-cadabra
[2026-05-19 11:47:20.834] [error] 
[comfy-env] ComfyUI source dir: /Users/runner/.comfy-test-cache/desktop/ComfyUI.app/Contents/Resources/ComfyUI

[2026-05-19 11:47:20.957] [error] [comfy-env] Scanning nodes metadata (isolation root)...
[2026-05-19 11:47:20.959] [error] 

[2026-05-19 11:47:20.963] [error] [comfy-env] Cache hit for nodes: 39 nodes
[2026-05-19 11:47:20.965] [error] 

[2026-05-19 11:47:20.966] [error] [comfy-env] Scanned nodes root: 39 nodes (0.0s)

[2026-05-19 11:47:20.967] [error] [comfy-env] Imported nodes root: 39 nodes (isolation)
[2026-05-19 11:47:20.968] [error] 
[comfy-env] Registered 39 total nodes

[2026-05-19 11:47:20.970] [info]  loading...
calling register_nodes

[2026-05-19 11:47:20.971] [error] [comfy-env] Version: 0.3.89
[2026-05-19 11:47:20.972] [error] 

[2026-05-19 11:47:21.012] [error] [comfy-env] register_nodes: ComfyUI-GeometryPack
[2026-05-19 11:47:21.013] [error] 

[2026-05-19 11:47:21.023] [error] [comfy-env] ComfyUI source dir: /Users/runner/.comfy-test-cache/desktop/ComfyUI.app/Contents/Resources/ComfyUI
[2026-05-19 11:47:21.024] [error] 

[2026-05-19 11:47:21.202] [error] [comfy-env] Scanning nodes metadata (isolation root)...
[2026-05-19 11:47:21.203] [error] 

[2026-05-19 11:47:21.217] [error] [comfy-env] Cache hit for nodes: 125 nodes

[2026-05-19 11:47:21.218] [error] [comfy-env] Scanned nodes root: 125 nodes (0.0s)

[2026-05-19 11:47:21.218] [error] [comfy-env] Imported nodes root: 125 nodes (isolation)
[2026-05-19 11:47:21.219] [error] 
[comfy-env] Registered 125 total nodes

[2026-05-19 11:47:21.248] [info]  ComfyUI-Multiband loaded: 15 nodes registered

[2026-05-19 11:47:21.253] [info]  
Import times for custom nodes:
   0.0 seconds: /Users/runner/.comfy-test-cache/desktop/ComfyUI.app/Contents/Resources/ComfyUI/custom_nodes/websocket_image_save.py
   0.0 seconds: /Users/runner/Documents/ComfyUI/custom_nodes/ComfyUI-Multiband
   0.3 seconds: /Users/runner/Documents/ComfyUI/custom_nodes/ComfyUI-GeometryPack
   0.4 seconds: /Users/runner/Documents/ComfyUI/custom_nodes/comfyui-cadabra


[2026-05-19 11:47:21.263] [info]  Context impl SQLiteImpl.
Will assume non-transactional DDL.

[2026-05-19 11:47:21.355] [info]  Starting server


[2026-05-19 11:47:21.356] [info]  To see the GUI go to: http://127.0.0.1:8000

[2026-05-19 11:47:23.375] [info]  [ComfyUI-Manager] The ComfyRegistry cache update is still in progress, so an outdated cache is being used.

[2026-05-19 11:47:23.467] [info]  FETCH DATA from: /Users/runner/Documents/ComfyUI/.venv/lib/python3.12/site-packages/comfyui_manager/custom-node-list.json
[2026-05-19 11:47:23.493] [info]   [DONE]

[2026-05-19 11:47:25.780] [info]  [ComfyUI-Manager] The ComfyRegistry cache update is still in progress, so an outdated cache is being used.

[2026-05-19 11:47:25.830] [info]  FETCH DATA from: /Users/runner/Documents/ComfyUI/.venv/lib/python3.12/site-packages/comfyui_manager/custom-node-list.json
[2026-05-19 11:47:25.845] [info]   [DONE]

[2026-05-19 11:47:48.721] [info]  got prompt

[2026-05-19 11:47:48.784] [info]  [comfyui-cadabra] python: /Users/runner/.ce/.pixi/envs/cadabra-nodes/bin/python
[comfyui-cadabra] sys_path sent to worker: ['/Users/runner/.comfy-test-cache/desktop/ComfyUI.app/Contents/Resources/ComfyUI', '/Users/runner/Documents/ComfyUI/custom_nodes/comfyui-cadabra', '/Users/runner/.ce/.pixi/envs/cadabra-nodes/lib/python3.1/site-packages', '/Users/runner/Documents/ComfyUI/custom_nodes/comfyui-cadabra']

[2026-05-19 11:47:52.638] [error] [worker:comfyui-cadabra] ERROR: Failed to import comfy_kitchen, Error: No module named 'comfy_kitchen', fp8 and fp4 support will not be available.

[2026-05-19 11:48:06.647] [error] [comfyui-cadabra] Health check: ping (timeout=5.0s)...

[2026-05-19 11:48:06.666] [error] [comfyui-cadabra] Health check: ok

[2026-05-19 11:48:06.798] [error] [11:48:06] [CADabra] Starting: CAD Edge Analysis(edges=1122)

[2026-05-19 11:48:06.800] [error] [worker:comfyui-cadabra] INFO: Starting: CAD Edge Analysis(edges=1122)

[2026-05-19 11:48:07.087] [error] [11:48:07] [CADabra] Completed: CAD Edge Analysis(edges=1122) in 0.29s

[2026-05-19 11:48:07.088] [error] [worker:comfyui-cadabra] INFO: Completed: CAD Edge Analysis(edges=1122) in 0.29s

[2026-05-19 11:48:07.221] [error] [comfyui-cadabra] Health check: ping (timeout=5.0s)...

[2026-05-19 11:48:07.224] [error] [comfyui-cadabra] Health check: ok
[2026-05-19 11:48:07.225] [error] 

[2026-05-19 11:48:07.261] [error] [comfyui-cadabra] Health check: ping (timeout=5.0s)...

[2026-05-19 11:48:07.267] [error] [comfyui-cadabra] Health check: ok

[2026-05-19 11:48:07.388] [error] [comfyui-cadabra] Health check: ping (timeout=5.0s)...

[2026-05-19 11:48:07.416] [error] [comfyui-cadabra] Health check: ok

[2026-05-19 11:48:07.459] [error] [11:48:07] [CADabra] Starting: CAD Face Analysis(faces=236)

[2026-05-19 11:48:07.462] [error] [worker:comfyui-cadabra] INFO: Starting: CAD Face Analysis(faces=236)

[2026-05-19 11:48:07.717] [error] [11:48:07] [CADabra] Completed: CAD Face Analysis(faces=236) in 0.26s

[2026-05-19 11:48:07.718] [error] [worker:comfyui-cadabra] INFO: Completed: CAD Face Analysis(faces=236) in 0.26s

[2026-05-19 11:48:07.719] [error] [11:48:07] [CADabra] Starting: CAD Adjacency Graph(faces=236)
[worker:comfyui-cadabra] INFO: Starting: CAD Adjacency Graph(faces=236)

[2026-05-19 11:48:07.724] [error] [11:48:07] [CADabra] Completed: CAD Adjacency Graph(faces=236) in 0.01s

[2026-05-19 11:48:07.725] [error] [worker:comfyui-cadabra] INFO: Completed: CAD Adjacency Graph(faces=236) in 0.01s

[2026-05-19 11:48:14.054] [error] [comfyui-cadabra] Health check: ping (timeout=5.0s)...

[2026-05-19 11:48:14.059] [error] [comfyui-cadabra] Health check: ok

[2026-05-19 11:48:14.138] [info]  Prompt executed in 25.41 seconds

