[2026-05-19 11:50:58.378] [info]  setup plugin alembic.autogenerate.schemas
setup plugin alembic.autogenerate.tables
setup plugin alembic.autogenerate.types
setup plugin alembic.autogenerate.constraints
setup plugin alembic.autogenerate.defaults

[2026-05-19 11:50:58.380] [info]  setup plugin alembic.autogenerate.comments

[2026-05-19 11:50:58.483] [info]  Could not autodetect AIMDO implementation, assuming Nvidia

[2026-05-19 11:50:58.486] [info]  comfy-aimdo unsupported operating system: Darwin
NOTE: comfy-aimdo currently only supports Windows and Linux

[2026-05-19 11:50:58.671] [info]  Adding extra search path custom_nodes /Users/runner/Documents/ComfyUI/custom_nodes
Adding extra search path download_model_base /Users/runner/Documents/ComfyUI/models
Adding extra search path custom_nodes /Users/runner/.comfy-test-cache/desktop/ComfyUI.app/Contents/Resources/ComfyUI/custom_nodes
Setting output directory to: /Users/runner/Documents/ComfyUI/output

[2026-05-19 11:50:58.673] [info]  Setting input directory to: /Users/runner/Documents/ComfyUI/input
Setting user directory to: /Users/runner/Documents/ComfyUI/user

[2026-05-19 11:50:59.147] [info]  [START] Security scan
[ComfyUI-Manager] Using uv as Python module for pip operations.

[2026-05-19 11:50:59.297] [info]  [DONE] Security scan
** ComfyUI startup time: 2026-05-19 11:50:59.297

[2026-05-19 11:50:59.300] [info]  ** Platform: Darwin
** Python version: 3.12.11 (main, Aug 18 2025, 19:02:39) [Clang 20.1.4 ]
** Python executable: /Users/runner/Documents/ComfyUI/.venv/bin/python
** ComfyUI Path: /Users/runner/.comfy-test-cache/desktop/ComfyUI.app/Contents/Resources/ComfyUI
** ComfyUI Base Folder Path: /Users/runner/.comfy-test-cache/desktop/ComfyUI.app/Contents/Resources/ComfyUI
** User directory: /Users/runner/Documents/ComfyUI/user
** ComfyUI-Manager config path: /Users/runner/Documents/ComfyUI/user/__manager/config.ini
** Log path: /Users/runner/Documents/ComfyUI/user/comfyui.log

[2026-05-19 11:50:59.435] [info]  [ComfyUI-Manager] Skipped fixing the 'comfyui-frontend-package' dependency because the ComfyUI is outdated.

[2026-05-19 11:50:59.437] [info]  [PRE] ComfyUI-Manager

[2026-05-19 11:50:59.760] [error] [comfy-env] comfyui-cadabra: 1 isolation env(s):

[2026-05-19 11:50:59.762] [error] [comfy-env]   nodes -> /Users/runner/Documents/ComfyUI/custom_nodes/comfyui-cadabra/nodes

[2026-05-19 11:50:59.763] [error] [comfy-env] Workspace: /Users/runner/.ce
[2026-05-19 11:50:59.765] [error] 
[comfy-env]     env: /Users/runner/.ce/.pixi/envs/cadabra-nodes  [OK]

[2026-05-19 11:51:01.284] [error] [comfy-env] prestartup complete

[2026-05-19 11:51:01.320] [error] [comfy-env] ComfyUI-GeometryPack: 1 isolation env(s):
[2026-05-19 11:51:01.321] [error] 
[comfy-env]   nodes -> /Users/runner/Documents/ComfyUI/custom_nodes/ComfyUI-GeometryPack/nodes
[comfy-env]     env: /Users/runner/.ce/.pixi/envs/geometrypack-nodes  [OK]

[2026-05-19 11:51:01.332] [error] [comfy-env] prestartup complete

[2026-05-19 11:51:01.377] [info]  WARNING: Potential Error in code: Torch already imported, torch should never be imported before this point.

[2026-05-19 11:51:02.604] [info]  Found comfy_kitchen backend triton: {'available': False, 'disabled': True, 'unavailable_reason': "ImportError: No module named 'triton'", 'capabilities': []}
Found comfy_kitchen backend cuda: {'available': False, 'disabled': True, 'unavailable_reason': 'Extension file not found: /Users/runner/Documents/ComfyUI/.venv/lib/python3.12/site-packages/comfy_kitchen/backends/cuda/_C.abi3.so', 'capabilities': []}

[2026-05-19 11:51:02.605] [info]  Found comfy_kitchen backend eager: {'available': True, 'disabled': False, 'unavailable_reason': None, 'capabilities': ['apply_rope', 'apply_rope1', 'dequantize_mxfp8', 'dequantize_nvfp4', 'dequantize_per_tensor_fp8', 'quantize_mxfp8', 'quantize_nvfp4', 'quantize_per_tensor_fp8', 'scaled_mm_mxfp8', 'scaled_mm_nvfp4']}

[2026-05-19 11:51:02.617] [info]  Checkpoint files will always be loaded safely.

[2026-05-19 11:51:02.688] [info]  Total VRAM 7168 MB, total RAM 7168 MB
pytorch version: 2.10.0

[2026-05-19 11:51:02.697] [info]  Mac Version (15, 7, 4)
Set vram state to: SHARED
Device: mps

[2026-05-19 11:51:03.217] [info]  Using sub quadratic optimization for attention, if you have memory or speed issues try using: --use-split-cross-attention

[2026-05-19 11:51:07.962] [info]  Python version: 3.12.11 (main, Aug 18 2025, 19:02:39) [Clang 20.1.4 ]

[2026-05-19 11:51:07.971] [info]  ComfyUI version: 0.21.1
comfy-aimdo version: 0.3.0
comfy-kitchen version: 0.2.8
[Prompt Server] web root: /Users/runner/.comfy-test-cache/desktop/ComfyUI.app/Contents/Resources/ComfyUI/web_custom_versions/desktop_app

[2026-05-19 11:51:07.974] [info]  Asset seeder disabled
[START] ComfyUI-Manager

[2026-05-19 11:51:08.122] [info]  [ComfyUI-Manager] Using GitPython backend
[2026-05-19 11:51:08.124] [info]  

[2026-05-19 11:51:08.189] [info]  [ComfyUI-Manager] network_mode: public

[2026-05-19 11:51:08.200] [info]  [ComfyUI-Manager] The matrix sharing feature has been disabled because the `matrix-nio` dependency is not installed.
	To use this feature, please run the following command:
	/Users/runner/Documents/ComfyUI/.venv/bin/python -m pip install matrix-nio


[2026-05-19 11:51:09.877] [error] [comfy-env] Version: 0.3.89
[2026-05-19 11:51:09.878] [error] 

[2026-05-19 11:51:09.879] [info]  [comfy-env] Removed stale socket: /var/folders/tb/y368xp_x10s3ty1b_mtl5mxr0000gn/T/comfy_worker_938f1e04f710.sock

[2026-05-19 11:51:09.948] [info]  [comfy-env] Removed stale temp dir: /var/folders/tb/y368xp_x10s3ty1b_mtl5mxr0000gn/T/comfyui_pvenv_f5fy8mxy

[2026-05-19 11:51:10.100] [error] [comfy-env] register_nodes: comfyui-cadabra

[2026-05-19 11:51:10.103] [error] [comfy-env] ComfyUI source dir: /Users/runner/.comfy-test-cache/desktop/ComfyUI.app/Contents/Resources/ComfyUI

[2026-05-19 11:51:10.332] [error] [comfy-env] Scanning nodes metadata (isolation root)...

[2026-05-19 11:51:10.339] [error] [comfy-env] Cache hit for nodes: 39 nodes
[2026-05-19 11:51:10.342] [error] 

[2026-05-19 11:51:10.343] [error] [comfy-env] Scanned nodes root: 39 nodes (0.0s)

[2026-05-19 11:51:10.345] [error] [comfy-env] Imported nodes root: 39 nodes (isolation)
[comfy-env] Registered 39 total nodes

[2026-05-19 11:51:10.355] [info]  loading...
calling register_nodes

[2026-05-19 11:51:10.358] [error] [comfy-env] Version: 0.3.89
[2026-05-19 11:51:10.360] [error] 

[2026-05-19 11:51:10.408] [error] [comfy-env] register_nodes: ComfyUI-GeometryPack
[2026-05-19 11:51:10.411] [error] 

[2026-05-19 11:51:10.422] [error] [comfy-env] ComfyUI source dir: /Users/runner/.comfy-test-cache/desktop/ComfyUI.app/Contents/Resources/ComfyUI
[2026-05-19 11:51:10.424] [error] 

[2026-05-19 11:51:10.823] [error] [comfy-env] Scanning nodes metadata (isolation root)...

[2026-05-19 11:51:10.840] [error] [comfy-env] Cache hit for nodes: 125 nodes

[2026-05-19 11:51:10.842] [error] [comfy-env] Scanned nodes root: 125 nodes (0.0s)
[2026-05-19 11:51:10.844] [error] 

[2026-05-19 11:51:10.847] [error] [comfy-env] Imported nodes root: 125 nodes (isolation)
[2026-05-19 11:51:10.850] [error] 
[comfy-env] Registered 125 total nodes

[2026-05-19 11:51:10.881] [info]  ComfyUI-Multiband loaded: 15 nodes registered

[2026-05-19 11:51:10.885] [info]  
Import times for custom nodes:
   0.0 seconds: /Users/runner/.comfy-test-cache/desktop/ComfyUI.app/Contents/Resources/ComfyUI/custom_nodes/websocket_image_save.py
   0.0 seconds: /Users/runner/Documents/ComfyUI/custom_nodes/ComfyUI-Multiband
   0.5 seconds: /Users/runner/Documents/ComfyUI/custom_nodes/comfyui-cadabra

[2026-05-19 11:51:10.887] [info]     0.5 seconds: /Users/runner/Documents/ComfyUI/custom_nodes/ComfyUI-GeometryPack


[2026-05-19 11:51:10.896] [info]  Context impl SQLiteImpl.

[2026-05-19 11:51:10.898] [info]  Will assume non-transactional DDL.

[2026-05-19 11:51:10.951] [info]  Starting server


[2026-05-19 11:51:10.952] [info]  To see the GUI go to: http://127.0.0.1:8000

[2026-05-19 11:51:13.221] [info]  [ComfyUI-Manager] The ComfyRegistry cache update is still in progress, so an outdated cache is being used.

[2026-05-19 11:51:13.342] [info]  FETCH DATA from: /Users/runner/Documents/ComfyUI/.venv/lib/python3.12/site-packages/comfyui_manager/custom-node-list.json
[2026-05-19 11:51:13.390] [info]   [DONE]

[2026-05-19 11:51:16.313] [info]  [ComfyUI-Manager] The ComfyRegistry cache update is still in progress, so an outdated cache is being used.

[2026-05-19 11:51:16.408] [info]  FETCH DATA from: /Users/runner/Documents/ComfyUI/.venv/lib/python3.12/site-packages/comfyui_manager/custom-node-list.json
[2026-05-19 11:51:16.459] [info]   [DONE]

[2026-05-19 11:51:39.411] [info]  got prompt

[2026-05-19 11:51:39.465] [info]  [comfyui-cadabra] python: /Users/runner/.ce/.pixi/envs/cadabra-nodes/bin/python
[comfyui-cadabra] sys_path sent to worker: ['/Users/runner/.comfy-test-cache/desktop/ComfyUI.app/Contents/Resources/ComfyUI', '/Users/runner/Documents/ComfyUI/custom_nodes/comfyui-cadabra', '/Users/runner/.ce/.pixi/envs/cadabra-nodes/lib/python3.1/site-packages', '/Users/runner/Documents/ComfyUI/custom_nodes/comfyui-cadabra']

[2026-05-19 11:51:42.721] [error] [worker:comfyui-cadabra] ERROR: Failed to import comfy_kitchen, Error: No module named 'comfy_kitchen', fp8 and fp4 support will not be available.

[2026-05-19 11:52:03.054] [error] [comfyui-cadabra] Health check: ping (timeout=5.0s)...

[2026-05-19 11:52:03.085] [error] [comfyui-cadabra] Health check: ok

[2026-05-19 11:52:03.173] [error] [11:52:03] [CADabra] Starting: BRepMesh(linear_deflection=0.1, angular_deflection=0.5)

[2026-05-19 11:52:03.175] [error] [worker:comfyui-cadabra] INFO: Starting: BRepMesh(linear_deflection=0.1, angular_deflection=0.5)

[2026-05-19 11:52:03.318] [error] [11:52:03] [CADabra] Completed: BRepMesh(linear_deflection=0.1, angular_deflection=0.5) in 0.15s

[2026-05-19 11:52:03.321] [error] [worker:comfyui-cadabra] INFO: Completed: BRepMesh(linear_deflection=0.1, angular_deflection=0.5) in 0.15s

[2026-05-19 11:52:03.469] [error] [comfyui-cadabra] Health check: ping (timeout=5.0s)...
[2026-05-19 11:52:03.470] [error] 

[2026-05-19 11:52:03.472] [error] [comfyui-cadabra] Health check: ok

[2026-05-19 11:52:03.497] [error] [11:52:03] [CADabra] Starting: BRepMesh(linear_deflection=0.1, angular_deflection=0.5, relative=False, parallel=False, min_size=0.0)

[2026-05-19 11:52:03.499] [error] [worker:comfyui-cadabra] INFO: Starting: BRepMesh(linear_deflection=0.1, angular_deflection=0.5, relative=False, parallel=False, min_size=0.0)

[2026-05-19 11:52:03.676] [error] [11:52:03] [CADabra] Completed: BRepMesh(linear_deflection=0.1, angular_deflection=0.5, relative=False, parallel=False, min_size=0.0) in 0.18s

[2026-05-19 11:52:03.678] [error] [worker:comfyui-cadabra] INFO: Completed: BRepMesh(linear_deflection=0.1, angular_deflection=0.5, relative=False, parallel=False, min_size=0.0) in 0.18s

[2026-05-19 11:52:06.592] [info]  [ComfyUI-GeometryPack] python: /Users/runner/.ce/.pixi/envs/geometrypack-nodes/bin/python
[ComfyUI-GeometryPack] sys_path sent to worker: ['/Users/runner/.comfy-test-cache/desktop/ComfyUI.app/Contents/Resources/ComfyUI', '/Users/runner/Documents/ComfyUI/custom_nodes/ComfyUI-GeometryPack', '/Users/runner/.ce/.pixi/envs/geometrypack-nodes/lib/python3.1/site-packages', '/Users/runner/Documents/ComfyUI/custom_nodes/ComfyUI-GeometryPack']

[2026-05-19 11:52:12.310] [error] [worker:ComfyUI-GeometryPack] ERROR: Failed to import comfy_kitchen, Error: No module named 'comfy_kitchen', fp8 and fp4 support will not be available.

[2026-05-19 11:52:17.270] [error] [worker:ComfyUI-GeometryPack] INFO: Layout: side_by_side, Mode: fields
[worker:ComfyUI-GeometryPack] INFO: Mesh 1: Mesh - 2735 vertices, 5470 faces
[worker:ComfyUI-GeometryPack] INFO: Mesh 2: Mesh - 2735 vertices, 5470 faces

[2026-05-19 11:52:17.274] [error] [worker:ComfyUI-GeometryPack] INFO: Mesh 1 fields: ['face.cad_face_id']
[worker:ComfyUI-GeometryPack] INFO: Mesh 2 fields: ['face.cad_face_id']
[worker:ComfyUI-GeometryPack] INFO: Common fields: ['face.cad_face_id']

[2026-05-19 11:52:17.276] [error] [worker:ComfyUI-GeometryPack] INFO: Mesh 1 visual: kind=None, texture=False, vertex_colors=False
[2026-05-19 11:52:17.276] [error] 
[worker:ComfyUI-GeometryPack] INFO: Mesh 2 visual: kind=None, texture=False, vertex_colors=False
[worker:ComfyUI-GeometryPack] INFO: Exporting mesh to VTP: /Users/runner/Documents/ComfyUI/output/preview_dual_1_8399e405.vtp

[2026-05-19 11:52:17.297] [error] [worker:ComfyUI-GeometryPack] INFO: Adding normals field (2735 vertices)

[2026-05-19 11:52:17.302] [error] [worker:ComfyUI-GeometryPack] INFO: Adding face field: cad_face_id

[2026-05-19 11:52:17.314] [error] [worker:ComfyUI-GeometryPack] INFO: Export complete: 2735 vertices, 5470 faces
[2026-05-19 11:52:17.316] [error] 
[worker:ComfyUI-GeometryPack] INFO: Exported VTP with fields: /Users/runner/Documents/ComfyUI/output/preview_dual_1_8399e405.vtp
[worker:ComfyUI-GeometryPack] INFO: Exporting mesh to VTP: /Users/runner/Documents/ComfyUI/output/preview_dual_2_8399e405.vtp

[2026-05-19 11:52:17.326] [error] [worker:ComfyUI-GeometryPack] INFO: Adding normals field (2735 vertices)

[2026-05-19 11:52:17.330] [error] [worker:ComfyUI-GeometryPack] INFO: Adding face field: cad_face_id

[2026-05-19 11:52:17.353] [error] [worker:ComfyUI-GeometryPack] INFO: Export complete: 2735 vertices, 5470 faces

[2026-05-19 11:52:17.356] [error] [worker:ComfyUI-GeometryPack] INFO: Exported VTP with fields: /Users/runner/Documents/ComfyUI/output/preview_dual_2_8399e405.vtp

[2026-05-19 11:52:17.366] [error] [worker:ComfyUI-GeometryPack] INFO: Preview ready
[2026-05-19 11:52:17.368] [error] 

[2026-05-19 11:52:17.383] [info]  Prompt executed in 37.97 seconds

