[2026-05-18 18:36:04.614] [info]  setup plugin alembic.autogenerate.schemas
setup plugin alembic.autogenerate.tables
setup plugin alembic.autogenerate.types
setup plugin alembic.autogenerate.constraints
setup plugin alembic.autogenerate.defaults
setup plugin alembic.autogenerate.comments

[2026-05-18 18:36:04.856] [info]  Could not autodetect AIMDO implementation, assuming Nvidia

[2026-05-18 18:36:04.862] [info]  comfy-aimdo unsupported operating system: Darwin
NOTE: comfy-aimdo currently only supports Windows and Linux

[2026-05-18 18:36:05.282] [info]  Adding extra search path custom_nodes /Users/runner/Documents/ComfyUI/custom_nodes
Adding extra search path download_model_base /Users/runner/Documents/ComfyUI/models
Adding extra search path custom_nodes /Users/runner/.comfy-test-cache/desktop/ComfyUI.app/Contents/Resources/ComfyUI/custom_nodes
Setting output directory to: /Users/runner/Documents/ComfyUI/output
Setting input directory to: /Users/runner/Documents/ComfyUI/input
Setting user directory to: /Users/runner/Documents/ComfyUI/user

[2026-05-18 18:36:05.938] [info]  [START] Security scan
[ComfyUI-Manager] Using uv as Python module for pip operations.

[2026-05-18 18:36:06.248] [info]  [DONE] Security scan
** ComfyUI startup time: 
[2026-05-18 18:36:06.250] [info]  2026-05-18 18:36:06.247
** Platform: Darwin
** Python version: 3.12.11 (main, Aug 18 2025, 19:02:39) [Clang 20.1.4 ]
** Python executable: /Users/runner/Documents/ComfyUI/.venv/bin/python
** ComfyUI Path: /Users/runner/.comfy-test-cache/desktop/ComfyUI.app/Contents/Resources/ComfyUI
** ComfyUI Base Folder Path: 
[2026-05-18 18:36:06.252] [info]  /Users/runner/.comfy-test-cache/desktop/ComfyUI.app/Contents/Resources/ComfyUI
** User directory: /Users/runner/Documents/ComfyUI/user
** ComfyUI-Manager config path: /Users/runner/Documents/ComfyUI/user/__manager/config.ini
** Log path: /Users/runner/Documents/ComfyUI/user/comfyui.log

[2026-05-18 18:36:06.467] [info]  [ComfyUI-Manager] Skipped fixing the 'comfyui-frontend-package' dependency because the ComfyUI is outdated.
[PRE] ComfyUI-Manager

[2026-05-18 18:36:06.967] [error] [comfy-env] comfyui-cadabra: 1 isolation env(s):
[comfy-env]   nodes -> /Users/runner/Documents/ComfyUI/custom_nodes/comfyui-cadabra/nodes
[2026-05-18 18:36:06.971] [error] 

[2026-05-18 18:36:06.973] [error] [comfy-env] Workspace: /Users/runner/.ce
[2026-05-18 18:36:06.974] [error] 
[comfy-env]     env: /Users/runner/.ce/.pixi/envs/cadabra-nodes  [OK]

[2026-05-18 18:36:09.855] [error] [comfy-env] prestartup complete

[2026-05-18 18:36:09.933] [error] [comfy-env] ComfyUI-GeometryPack: 1 isolation env(s):
[comfy-env]   nodes -> /Users/runner/Documents/ComfyUI/custom_nodes/ComfyUI-GeometryPack/nodes
[2026-05-18 18:36:09.935] [error] 
[comfy-env]     env: /Users/runner/.ce/.pixi/envs/geometrypack-nodes  [OK]

[2026-05-18 18:36:09.942] [error] [comfy-env] prestartup complete
[2026-05-18 18:36:09.949] [error] 

[2026-05-18 18:36:10.001] [info]  WARNING: Potential Error in code: Torch already imported, torch should never be imported before this point.

[2026-05-18 18:36:12.262] [info]  Found comfy_kitchen backend triton: {'available': False, 'disabled': True, 'unavailable_reason': "ImportError: No module named 'triton'", 'capabilities': []}
Found comfy_kitchen backend cuda: {'available': False, 'disabled': True, 'unavailable_reason': 'Extension file not found: /Users/runner/Documents/ComfyUI/.venv/lib/python3.12/site-packages/comfy_kitchen/backends/cuda/_C.abi3.so', 'capabilities': []}
Found comfy_kitchen backend eager: {'available': True, 'disabled': False, 'unavailable_reason': None, 'capabilities': ['apply_rope', 'apply_rope1', 'dequantize_mxfp8', 'dequantize_nvfp4', 'dequantize_per_tensor_fp8', 'quantize_mxfp8', 'quantize_nvfp4', 'quantize_per_tensor_fp8', 'scaled_mm_mxfp8', 'scaled_mm_nvfp4']}

[2026-05-18 18:36:12.280] [info]  Checkpoint files will always be loaded safely.

[2026-05-18 18:36:12.355] [info]  Total VRAM 7168 MB, total RAM 7168 MB
pytorch version: 2.10.0

[2026-05-18 18:36:12.367] [info]  Mac Version (15, 7, 4)

[2026-05-18 18:36:12.370] [info]  Set vram state to: SHARED
Device: mps

[2026-05-18 18:36:13.059] [info]  Using sub quadratic optimization for attention, if you have memory or speed issues try using: --use-split-cross-attention

[2026-05-18 18:36:18.083] [info]  Python version: 3.12.11 (main, Aug 18 2025, 19:02:39) [Clang 20.1.4 ]

[2026-05-18 18:36:18.086] [info]  ComfyUI version: 0.21.1
comfy-aimdo version: 0.3.0
comfy-kitchen version: 0.2.8

[2026-05-18 18:36:18.087] [info]  [Prompt Server] web root: /Users/runner/.comfy-test-cache/desktop/ComfyUI.app/Contents/Resources/ComfyUI/web_custom_versions/desktop_app

[2026-05-18 18:36:18.088] [info]  Asset seeder disabled
[START] ComfyUI-Manager

[2026-05-18 18:36:18.234] [info]  [ComfyUI-Manager] Using GitPython backend

[2026-05-18 18:36:18.283] [info]  [ComfyUI-Manager] network_mode: public

[2026-05-18 18:36:18.292] [info]  [ComfyUI-Manager] The matrix sharing feature has been disabled because the `matrix-nio` dependency is not installed.
	To use this feature, please run the following command:
	/Users/runner/Documents/ComfyUI/.venv/bin/python -m pip install matrix-nio


[2026-05-18 18:36:20.214] [error] [comfy-env] Version: 0.3.89
[2026-05-18 18:36:20.217] [error] 

[2026-05-18 18:36:20.218] [info]  [comfy-env] Removed stale socket: /var/folders/tb/y368xp_x10s3ty1b_mtl5mxr0000gn/T/comfy_worker_358e4a26d06f.sock

[2026-05-18 18:36:20.318] [info]  [comfy-env] Removed stale temp dir: /var/folders/tb/y368xp_x10s3ty1b_mtl5mxr0000gn/T/comfyui_pvenv_vow9eo_b

[2026-05-18 18:36:20.508] [error] [comfy-env] register_nodes: comfyui-cadabra

[2026-05-18 18:36:20.511] [error] [comfy-env] ComfyUI source dir: /Users/runner/.comfy-test-cache/desktop/ComfyUI.app/Contents/Resources/ComfyUI

[2026-05-18 18:36:20.764] [error] [comfy-env] Scanning nodes metadata (isolation root)...

[2026-05-18 18:36:20.769] [error] [comfy-env] Cache hit for nodes: 39 nodes
[2026-05-18 18:36:20.770] [error] 
[comfy-env] Scanned nodes root: 39 nodes (0.0s)

[2026-05-18 18:36:20.963] [error] [comfy-env] Imported nodes root: 39 nodes (isolation)

[2026-05-18 18:36:20.964] [error] [comfy-env] Registered 39 total nodes

[2026-05-18 18:36:20.967] [info]  loading...
calling register_nodes

[2026-05-18 18:36:20.971] [error] [comfy-env] Version: 0.3.89
[2026-05-18 18:36:20.973] [error] 

[2026-05-18 18:36:21.018] [error] [comfy-env] register_nodes: ComfyUI-GeometryPack

[2026-05-18 18:36:21.032] [error] [comfy-env] ComfyUI source dir: /Users/runner/.comfy-test-cache/desktop/ComfyUI.app/Contents/Resources/ComfyUI
[2026-05-18 18:36:21.034] [error] 

[2026-05-18 18:36:21.301] [error] [comfy-env] Scanning nodes metadata (isolation root)...

[2026-05-18 18:36:21.320] [error] [comfy-env] Cache hit for nodes: 125 nodes
[2026-05-18 18:36:21.322] [error] 
[comfy-env] Scanned nodes root: 125 nodes (0.0s)

[2026-05-18 18:36:21.329] [error] [comfy-env] Imported nodes root: 125 nodes (isolation)
[2026-05-18 18:36:21.336] [error] 
[comfy-env] Registered 125 total nodes

[2026-05-18 18:36:21.374] [info]  ComfyUI-Multiband loaded: 15 nodes registered
[2026-05-18 18:36:21.376] [info]  

[2026-05-18 18:36:21.380] [info]  
Import times for custom nodes:

[2026-05-18 18:36:21.381] [info]     0.0 seconds: /Users/runner/.comfy-test-cache/desktop/ComfyUI.app/Contents/Resources/ComfyUI/custom_nodes/websocket_image_save.py
   0.0 seconds: /Users/runner/Documents/ComfyUI/custom_nodes/ComfyUI-Multiband
   0.4 seconds: /Users/runner/Documents/ComfyUI/custom_nodes/ComfyUI-GeometryPack
   0.8 seconds: /Users/runner/Documents/ComfyUI/custom_nodes/comfyui-cadabra


[2026-05-18 18:36:21.386] [info]  Context impl SQLiteImpl.
Will assume non-transactional DDL.

[2026-05-18 18:36:21.475] [info]  Starting server


[2026-05-18 18:36:21.476] [info]  To see the GUI go to: http://127.0.0.1:8000

[2026-05-18 18:36:23.194] [info]  [ComfyUI-Manager] The ComfyRegistry cache update is still in progress, so an outdated cache is being used.

[2026-05-18 18:36:23.276] [info]  FETCH DATA from: /Users/runner/Documents/ComfyUI/.venv/lib/python3.12/site-packages/comfyui_manager/custom-node-list.json
[2026-05-18 18:36:23.313] [info]   [DONE]
[2026-05-18 18:36:23.315] [info]  

[2026-05-18 18:36:25.479] [info]  [ComfyUI-Manager] The ComfyRegistry cache update is still in progress, so an outdated cache is being used.

[2026-05-18 18:36:25.533] [info]  FETCH DATA from: /Users/runner/Documents/ComfyUI/.venv/lib/python3.12/site-packages/comfyui_manager/custom-node-list.json
[2026-05-18 18:36:25.563] [info]   [DONE]

[2026-05-18 18:36:48.978] [info]  got prompt

[2026-05-18 18:36:49.059] [info]  [comfyui-cadabra] python: /Users/runner/.ce/.pixi/envs/cadabra-nodes/bin/python
[2026-05-18 18:36:49.067] [info]  
[comfyui-cadabra] sys_path sent to worker: ['/Users/runner/.comfy-test-cache/desktop/ComfyUI.app/Contents/Resources/ComfyUI', '/Users/runner/Documents/ComfyUI/custom_nodes/comfyui-cadabra', '/Users/runner/.ce/.pixi/envs/cadabra-nodes/lib/python3.1/site-packages', '/Users/runner/Documents/ComfyUI/custom_nodes/comfyui-cadabra']

[2026-05-18 18:36:53.293] [error] [worker:comfyui-cadabra] ERROR: Failed to import comfy_kitchen, Error: No module named 'comfy_kitchen', fp8 and fp4 support will not be available.

[2026-05-18 18:37:10.502] [error] [comfyui-cadabra] Health check: ping (timeout=5.0s)...

[2026-05-18 18:37:10.533] [error] [comfyui-cadabra] Health check: ok

[2026-05-18 18:37:10.665] [error] [18:37:10] [CADabra] Starting: CAD Face Analysis(faces=236)

[2026-05-18 18:37:10.668] [error] [worker:comfyui-cadabra] INFO: Starting: CAD Face Analysis(faces=236)

[2026-05-18 18:37:10.845] [error] [18:37:10] [CADabra] Completed: CAD Face Analysis(faces=236) in 0.18s

[2026-05-18 18:37:10.847] [error] [worker:comfyui-cadabra] INFO: Completed: CAD Face Analysis(faces=236) in 0.18s
[18:37:10] [CADabra] Starting: CAD Adjacency Graph(faces=236)
[worker:comfyui-cadabra] INFO: Starting: CAD Adjacency Graph(faces=236)

[2026-05-18 18:37:10.858] [error] [18:37:10] [CADabra] Completed: CAD Adjacency Graph(faces=236) in 0.01s

[2026-05-18 18:37:10.859] [error] [worker:comfyui-cadabra] INFO: Completed: CAD Adjacency Graph(faces=236) in 0.01s
[2026-05-18 18:37:10.859] [error] 

[2026-05-18 18:37:18.218] [error] [comfyui-cadabra] Health check: ping (timeout=5.0s)...
[2026-05-18 18:37:18.222] [error] 

[2026-05-18 18:37:18.238] [error] [comfyui-cadabra] Health check: ok

[2026-05-18 18:37:18.331] [error] [comfyui-cadabra] Health check: ping (timeout=5.0s)...

[2026-05-18 18:37:18.335] [error] [comfyui-cadabra] Health check: ok
[2026-05-18 18:37:18.337] [error] 

[2026-05-18 18:37:18.486] [error] [18:37:18] [CADabra] Starting: CAD Edge Analysis(edges=1122)

[2026-05-18 18:37:18.488] [error] [worker:comfyui-cadabra] INFO: Starting: CAD Edge Analysis(edges=1122)

[2026-05-18 18:37:19.044] [error] [18:37:19] [CADabra] Completed: CAD Edge Analysis(edges=1122) in 0.56s

[2026-05-18 18:37:19.046] [error] [worker:comfyui-cadabra] INFO: Completed: CAD Edge Analysis(edges=1122) in 0.56s

[2026-05-18 18:37:19.362] [error] [comfyui-cadabra] Health check: ping (timeout=5.0s)...

[2026-05-18 18:37:19.364] [error] [comfyui-cadabra] Health check: ok

[2026-05-18 18:37:19.520] [error] [comfyui-cadabra] Health check: ping (timeout=5.0s)...

[2026-05-18 18:37:19.523] [error] [comfyui-cadabra] Health check: ok

[2026-05-18 18:37:19.564] [info]  Prompt executed in 30.55 seconds

