[2026-05-18 18:28:57.490] [info]  setup plugin alembic.autogenerate.schemas
setup plugin alembic.autogenerate.tables
setup plugin alembic.autogenerate.types
setup plugin alembic.autogenerate.constraints
setup plugin alembic.autogenerate.defaults

[2026-05-18 18:28:57.493] [info]  setup plugin alembic.autogenerate.comments

[2026-05-18 18:28:57.736] [info]  Could not autodetect AIMDO implementation, assuming Nvidia

[2026-05-18 18:28:57.737] [info]  comfy-aimdo unsupported operating system: Darwin
NOTE: comfy-aimdo currently only supports Windows and Linux

[2026-05-18 18:28:58.126] [info]  Adding extra search path custom_nodes /Users/runner/Documents/ComfyUI/custom_nodes
Adding extra search path download_model_base /Users/runner/Documents/ComfyUI/models
Adding extra search path custom_nodes /Users/runner/.comfy-test-cache/desktop/ComfyUI.app/Contents/Resources/ComfyUI/custom_nodes
Setting output directory to: /Users/runner/Documents/ComfyUI/output
Setting input directory to: /Users/runner/Documents/ComfyUI/input

[2026-05-18 18:28:58.127] [info]  Setting user directory to: /Users/runner/Documents/ComfyUI/user

[2026-05-18 18:28:59.827] [info]  [START] Security scan
[DONE] Security scan
** ComfyUI startup time: 
[2026-05-18 18:28:59.829] [info]  2026-05-18 18:28:59.826

[2026-05-18 18:28:59.829] [info]  ** Platform: Darwin
** Python version: 3.12.11 (main, Aug 18 2025, 19:02:39) [Clang 20.1.4 ]
** Python executable: /Users/runner/Documents/ComfyUI/.venv/bin/python
** ComfyUI Path: /Users/runner/.comfy-test-cache/desktop/ComfyUI.app/Contents/Resources/ComfyUI
** ComfyUI Base Folder Path: /Users/runner/.comfy-test-cache/desktop/ComfyUI.app/Contents/Resources/ComfyUI
** User directory: /Users/runner/Documents/ComfyUI/user
** ComfyUI-Manager config path: /Users/runner/Documents/ComfyUI/user/__manager/config.ini
** Log path: /Users/runner/Documents/ComfyUI/user/comfyui.log

[2026-05-18 18:29:00.419] [info]  [ComfyUI-Manager] Skipped fixing the 'comfyui-frontend-package' dependency because the ComfyUI is outdated.

[2026-05-18 18:29:00.420] [info]  [PRE] ComfyUI-Manager

[2026-05-18 18:29:07.333] [info]  Found comfy_kitchen backend cuda: {'available': False, 'disabled': True, 'unavailable_reason': 'Extension file not found: /Users/runner/Documents/ComfyUI/.venv/lib/python3.12/site-packages/comfy_kitchen/backends/cuda/_C.abi3.so', 'capabilities': []}

[2026-05-18 18:29:07.335] [info]  Found comfy_kitchen backend eager: {'available': True, 'disabled': False, 'unavailable_reason': None, 'capabilities': ['apply_rope', 'apply_rope1', 'dequantize_mxfp8', 'dequantize_nvfp4', 'dequantize_per_tensor_fp8', 'quantize_mxfp8', 'quantize_nvfp4', 'quantize_per_tensor_fp8', 'scaled_mm_mxfp8', 'scaled_mm_nvfp4']}
Found comfy_kitchen backend triton: {'available': False, 'disabled': True, 'unavailable_reason': "ImportError: No module named 'triton'", 'capabilities': []}

[2026-05-18 18:29:07.366] [info]  Checkpoint files will always be loaded safely.

[2026-05-18 18:29:07.452] [info]  Total VRAM 7168 MB, total RAM 7168 MB

[2026-05-18 18:29:07.453] [info]  pytorch version: 2.10.0

[2026-05-18 18:29:07.454] [info]  Mac Version (15, 7, 4)

[2026-05-18 18:29:07.456] [info]  Set vram state to: SHARED

[2026-05-18 18:29:07.457] [info]  Device: mps

[2026-05-18 18:29:08.407] [info]  Using sub quadratic optimization for attention, if you have memory or speed issues try using: --use-split-cross-attention

[2026-05-18 18:29:14.395] [info]  Python version: 3.12.11 (main, Aug 18 2025, 19:02:39) [Clang 20.1.4 ]

[2026-05-18 18:29:14.399] [info]  ComfyUI version: 0.21.1
comfy-aimdo version: 0.3.0
comfy-kitchen version: 0.2.8
[Prompt Server] web root: /Users/runner/.comfy-test-cache/desktop/ComfyUI.app/Contents/Resources/ComfyUI/web_custom_versions/desktop_app
Asset seeder disabled

[2026-05-18 18:29:14.401] [info]  [START] ComfyUI-Manager

[2026-05-18 18:29:14.731] [info]  [ComfyUI-Manager] Using GitPython backend

[2026-05-18 18:29:14.796] [info]  [ComfyUI-Manager] network_mode: public

[2026-05-18 18:29:14.803] [info]  [ComfyUI-Manager] The matrix sharing feature has been disabled because the `matrix-nio` dependency is not installed.
	To use this feature, please run the following command:
	/Users/runner/Documents/ComfyUI/.venv/bin/python -m pip install matrix-nio


[2026-05-18 18:29:17.808] [info]  
Import times for custom nodes:
   0.0 seconds: /Users/runner/.comfy-test-cache/desktop/ComfyUI.app/Contents/Resources/ComfyUI/custom_nodes/websocket_image_save.py


[2026-05-18 18:29:17.823] [info]  Context impl SQLiteImpl.

[2026-05-18 18:29:17.824] [info]  Will assume non-transactional DDL.

[2026-05-18 18:29:17.833] [info]  Context impl SQLiteImpl.
Will assume non-transactional DDL.

[2026-05-18 18:29:17.836] [info]  Running upgrade  -> 0001_assets, Initial assets schema
Revision ID: 0001_assets
Revises: None
Create Date: 2025-12-10 00:00:00

[2026-05-18 18:29:17.878] [info]  Running upgrade 0001_assets -> 0002_merge_to_asset_references, Merge AssetInfo and AssetCacheState into unified asset_references table.

[2026-05-18 18:29:17.903] [info]  Running upgrade 0002_merge_to_asset_references -> 0003_add_metadata_job_id, Add system_metadata and job_id columns to asset_references.
Change preview_id FK from assets.id to asset_references.id.

[2026-05-18 18:29:17.928] [info]  Database upgraded from None to 0003_add_metadata_job_id

[2026-05-18 18:29:17.974] [info]  Starting server


[2026-05-18 18:29:17.974] [info]  To see the GUI go to: http://127.0.0.1:8000

[2026-05-18 18:30:30.262] [info]  [ComfyUI-Manager] Using uv as Python module for pip operations.

[2026-05-18 18:30:31.505] [error]   0%|          | 0.00/2.91M [00:00<?, ?B/s]
[2026-05-18 18:30:31.536] [error] 100%|██████████| 2.91M/2.91M [00:00<00:00, 46.6MB/s]
[2026-05-18 18:30:31.538] [error] 

[2026-05-18 18:30:31.574] [info]  Extracted zip file to /Users/runner/Documents/ComfyUI/custom_nodes/comfyui-cadabra

[2026-05-18 18:30:31.579] [info]  Install: pip packages

[2026-05-18 18:30:31.634] [info]  
## ComfyUI-Manager: EXECUTE => 
['/Users/runner/Documents/ComfyUI/.venv/bin/python', '-m', 'uv', 'pip', 
'install', 'comfy-env==0.3.89']

[2026-05-18 18:30:31.721] [error] [!] 
[2026-05-18 18:30:31.722] [error] Using Python 3.12.11 environment at: /Users/runner/Documents/ComfyUI/.venv

[2026-05-18 18:30:32.079] [error] [!] Resolved 16 packages in 321ms

[2026-05-18 18:30:32.188] [error] [!]
[2026-05-18 18:30:32.189] [error]  Downloading virtualenv (7.2MiB)

[2026-05-18 18:30:32.390] [error] [!]
[2026-05-18 18:30:32.391] [error]   Downloaded virtualenv

[2026-05-18 18:30:32.392] [error] [!] Prepared 12 packages in 301ms

[2026-05-18 18:30:32.408] [error] [!] Uninstalled 1 package in 16ms

[2026-05-18 18:30:32.472] [error] [!]
[2026-05-18 18:30:32.473] [error]  Installed 12 packages in 64ms
[!]  + cfgv==3.5.0
[!]  + comfy-env==0.3.89
[!]  + distlib==0.4.0
[!]  - filelock==3.20.3
[!] 
[2026-05-18 18:30:32.474] [error]  + filelock==3.29.0
[!]  + identify==2.6.19
[!]  + nodeenv==1.10.0
[!] 
[2026-05-18 18:30:32.474] [error]  + platformdirs==4.9.6
[!]  + pre-commit==4.6.0
[!]  + python-discovery==1.3.1
[!]  + tomli==2.4.1

[2026-05-18 18:30:32.477] [error] [!]  + tomli-w==1.2.0
[!]  + virtualenv==21.3.3

[2026-05-18 18:30:32.491] [info]  
## ComfyUI-Manager: EXECUTE => 
['/Users/runner/Documents/ComfyUI/.venv/bin/python', '-m', 'uv', 'pip', 
'install', 'comfy-3d-viewers==0.2.44']

[2026-05-18 18:30:32.554] [error] [!] 
[2026-05-18 18:30:32.555] [error] Using Python 3.12.11 environment at: /Users/runner/Documents/ComfyUI/.venv

[2026-05-18 18:30:32.707] [error] [!] Resolved 1 package in 98ms
[!] Downloading comfy-3d-viewers (1.2MiB)

[2026-05-18 18:30:32.750] [error] [!] 
[2026-05-18 18:30:32.754] [error]  Downloaded comfy-3d-viewers
[!] Prepared 1 package in 87ms

[2026-05-18 18:30:32.783] [error] [!] Installed 1 package in 32ms

[2026-05-18 18:30:32.784] [error] [!]  + comfy-3d-viewers==0.2.44

[2026-05-18 18:30:32.787] [info]  
## ComfyUI-Manager: EXECUTE => 
['/Users/runner/Documents/ComfyUI/.venv/bin/python', '-m', 'uv', 'pip', 
'install', 'trimesh']

[2026-05-18 18:30:32.838] [error] [!]
[2026-05-18 18:30:32.839] [error]  Using Python 3.12.11 environment at: /Users/runner/Documents/ComfyUI/.venv

[2026-05-18 18:30:33.020] [error] [!] Resolved 31 packages in 173ms

[2026-05-18 18:30:33.051] [error] [!] Downloading shapely (1.6MiB)

[2026-05-18 18:30:33.052] [error] [!] Downloading embreex (4.9MiB)

[2026-05-18 18:30:33.065] [error] [!] Downloading lxml (8.2MiB)

[2026-05-18 18:30:33.315] [error] [!]  Downloaded embreex

[2026-05-18 18:30:33.458] [error] [!]
[2026-05-18 18:30:33.460] [error]   Downloaded shapely

[2026-05-18 18:30:33.489] [error] [!]  Downloaded lxml

[2026-05-18 18:30:33.493] [error] [!] Prepared 18 packages in 468ms

[2026-05-18 18:30:33.617] [error] [!] Installed 18 packages in 126ms

[2026-05-18 18:30:33.619] [error] [!]  + colorlog==6.10.1
[!]  + embreex==4.4.0
[!]  + jsonschema==4.26.0
[!]  + jsonschema-specifications==2025.9.1
[!]  + lxml==6.1.0
[!] 
[2026-05-18 18:30:33.621] [error]  + manifold3d==3.4.1
[!]  + mapbox-earcut==2.0.0
[!]  + pycollada==0.9.3
[!]  + python-dateutil==2.9.0.post0
[!]  + referencing==0.37.0
[!]  + rpds-py==0.30.0
[!]  + rtree==1.4.1

[2026-05-18 18:30:33.626] [error] [!]  + shapely==2.1.2
[!]  + six==1.17.0
[!]  + svg-path==7.0
[!]  + trimesh==4.12.2
[!]  + vhacdx==0.0.10
[!]  + xxhash==3.7.0

[2026-05-18 18:30:33.772] [info]  [ComfyUI-Manager] Skipped fixing the 'comfyui-frontend-package' dependency because the ComfyUI is outdated.

[2026-05-18 18:30:33.773] [info]  Install: install script

[2026-05-18 18:30:33.778] [info]  
## ComfyUI-Manager: EXECUTE => 
['/Users/runner/Documents/ComfyUI/.venv/bin/python', 'install.py']

[2026-05-18 18:30:34.214] [info]   

[2026-05-18 18:30:34.215] [info]   Installing 2 node dependencies...
   Cloning ComfyUI-GeometryPack...

[2026-05-18 18:30:39.469] [info]   
[2026-05-18 18:30:39.479] [info]    Installing requirements for ComfyUI-GeometryPack...

[2026-05-18 18:30:39.566] [info]     Running install.py for ComfyUI-GeometryPack...

[2026-05-18 18:30:40.114] [error] [!] [comfy-env] pixi not found, downloading...

[2026-05-18 18:30:40.782] [error] [!] [comfy-env] pixi installed: /Users/runner/.pixi/bin/pixi

[2026-05-18 18:30:40.804] [info]   [comfy-env] _discover: scanning /Users/runner/Documents/ComfyUI/custom_nodes

[2026-05-18 18:30:40.874] [info]   [comfy-env] _discover: ComfyUI-GeometryPack -> geometrypack-nodes (custom_nodes/ComfyUI-GeometryPack/nodes/comfy-env.toml)
 [comfy-env] _discover: comfyui-cadabra -> cadabra-nodes (custom_nodes/comfyui-cadabra/nodes/comfy-env.toml)
 [comfy-env] Workspace: /Users/runner/.ce
 [comfy-env] ComfyUI: /Users/runner/Documents/ComfyUI
 [comfy-env] Found 2 node config(s):
   - geometrypack-nodes <- custom_nodes/ComfyUI-GeometryPack/nodes/comfy-env.toml (python=host)
   - cadabra-nodes <- custom_nodes/comfyui-cadabra/nodes/comfy-env.toml (python=3.12)

[2026-05-18 18:30:40.875] [error] [!] [comfy-env] Workspace: /Users/runner/.ce

[2026-05-18 18:30:40.892] [info]   [comfy-env] Bootstrap interpreter has python 3.12 + torch 2.10.0 (cpu). Looking for cuda-only wheels matching cpu/torch2.10/cp312.

[2026-05-18 18:30:40.893] [info]   [comfy-env] Desktop app detected: source=/Users/runner/.comfy-test-cache/desktop/ComfyUI.app/Contents/Resources/ComfyUI, data=/Users/runner/Documents/ComfyUI

[2026-05-18 18:30:40.906] [info]   Generated /Users/runner/.ce/pixi.toml
 [comfy-env] Installing 2 environment(s):
   - geometrypack-nodes (python=host, 14 pypi deps, 1 cuda wheels)
   - cadabra-nodes (python=3.12, 11 pypi deps)
 [comfy-env] Running `pixi install -e geometrypack-nodes -e cadabra-nodes`...

[2026-05-18 18:30:51.344] [info]  FETCH ComfyRegistry Data [DONE]

[2026-05-18 18:30:51.734] [info]  [ComfyUI-Manager] default cache updated: https://api.comfy.org/nodes

[2026-05-18 18:30:51.797] [info]  FETCH DATA from: /Users/runner/Documents/ComfyUI/user/__manager/cache/1514988643_custom-node-list.json
[2026-05-18 18:30:51.831] [info]   [DONE]
[2026-05-18 18:30:51.840] [info]  

[2026-05-18 18:30:51.918] [info]  [ComfyUI-Manager] All startup tasks have been completed.

[2026-05-18 18:32:37.519] [info]      WARN Skipped running the post-link scripts because `run-post-link-scripts` = `false`

[2026-05-18 18:32:37.541] [info]     	- bin/.librsvg-pre-unlink.sh
   To enable them, run:
   	pixi config set --local run-post-link-scripts insecure
   More info:

[2026-05-18 18:32:37.546] [info]     	https://pixi.sh/latest/reference/pixi_configuration/#run-post-link-scripts

[2026-05-18 18:33:41.083] [info]      WARN Skipped running the post-link scripts because `run-post-link-scripts` = `false`

[2026-05-18 18:33:41.094] [info]     	- bin/.librsvg-pre-unlink.sh
   To enable them, run:
   	pixi config set --local run-post-link-scripts insecure
   More info:
   	https://pixi.sh/latest/reference/pixi_configuration/#run-post-link-scripts

[2026-05-18 18:33:48.964] [info]     ✔ The following environments have been installed: geometrypack-nodes, cadabra-nodes.

[2026-05-18 18:33:49.495] [info]   [comfy-env] geometrypack-nodes: deduped libomp

[2026-05-18 18:33:49.545] [info]   [comfy-env] cadabra-nodes: deduped libomp

[2026-05-18 18:33:49.546] [info]   [comfy-env] Recorded install hash e7136215fd83 -> /Users/runner/.ce/install.hash
 
[2026-05-18 18:33:49.549] [info]  [comfy-env] Install log: /Users/runner/.ce/install.log
 
 Installation complete!

[2026-05-18 18:33:49.637] [info]     Cloning ComfyUI-Multiband...

[2026-05-18 18:33:50.374] [info]     Installing requirements for ComfyUI-Multiband...

[2026-05-18 18:33:50.905] [info]   
[2026-05-18 18:33:50.909] [info]  
 [requirements] Re-installing main package requirements...
   Installing requirements for comfyui-cadabra...

[2026-05-18 18:33:51.032] [info]   [comfy-env] _discover: scanning /Users/runner/Documents/ComfyUI/custom_nodes

[2026-05-18 18:33:51.078] [info]   [comfy-env] _discover: ComfyUI-GeometryPack -> geometrypack-nodes (custom_nodes/ComfyUI-GeometryPack/nodes/comfy-env.toml)

[2026-05-18 18:33:51.083] [info]   [comfy-env] _discover: ComfyUI-Multiband: no comfy-env.toml found

[2026-05-18 18:33:51.100] [info]   [comfy-env] _discover: comfyui-cadabra -> cadabra-nodes (custom_nodes/comfyui-cadabra/nodes/comfy-env.toml)

[2026-05-18 18:33:51.101] [error] [!] [comfy-env] Workspace: /Users/runner/.ce

[2026-05-18 18:33:51.110] [info]   [comfy-env] Workspace inputs unchanged (hash e7136215fd83) -- skipping install. Delete /Users/runner/.ce/install.hash to force.
 
 Installation complete!

[2026-05-18 18:33:52.430] [info]  
Restarting... [Legacy Mode]


Command: ['/Users/runner/Documents/ComfyUI/.venv/bin/python', '/Users/runner/.comfy-test-cache/desktop/ComfyUI.app/Contents/Resources/ComfyUI/main.py', '--user-directory', '/Users/runner/Documents/ComfyUI/user', '--input-directory', '/Users/runner/Documents/ComfyUI/input', '--output-directory', '/Users/runner/Documents/ComfyUI/output', '--front-end-root', '/Users/runner/.comfy-test-cache/desktop/ComfyUI.app/Contents/Resources/ComfyUI/web_custom_versions/desktop_app', '--base-directory', '/Users/runner/Documents/ComfyUI', '--database-url', 'sqlite:////Users/runner/Documents/ComfyUI/user/comfyui.db', '--extra-model-paths-config', '/Users/runner/Library/Application Support/ComfyUI/extra_models_config.yaml', '--log-stdout', '--listen', '127.0.0.1', '--port', '8000', '--enable-manager']

[2026-05-18 18:33:52.509] [error] /Users/runner/.local/share/uv/python/cpython-3.12.11-macos-aarch64-none/lib/python3.12/multiprocessing/resource_tracker.py:279: UserWarning: resource_tracker: There appear to be 1 leaked semaphore objects to clean up at shutdown
  warnings.warn('resource_tracker: There appear to be %d '

[2026-05-18 18:33:53.324] [info]  setup plugin alembic.autogenerate.schemas
setup plugin alembic.autogenerate.tables
setup plugin alembic.autogenerate.types
setup plugin alembic.autogenerate.constraints
setup plugin alembic.autogenerate.defaults
setup plugin alembic.autogenerate.comments

[2026-05-18 18:33:53.419] [info]  Could not autodetect AIMDO implementation, assuming Nvidia

[2026-05-18 18:33:53.419] [info]  comfy-aimdo unsupported operating system: Darwin
NOTE: comfy-aimdo currently only supports Windows and Linux

[2026-05-18 18:33:53.594] [info]  Adding extra search path custom_nodes /Users/runner/Documents/ComfyUI/custom_nodes
Adding extra search path download_model_base /Users/runner/Documents/ComfyUI/models
Adding extra search path custom_nodes /Users/runner/.comfy-test-cache/desktop/ComfyUI.app/Contents/Resources/ComfyUI/custom_nodes
Setting output directory to: /Users/runner/Documents/ComfyUI/output
Setting input directory to: /Users/runner/Documents/ComfyUI/input
Setting user directory to: /Users/runner/Documents/ComfyUI/user

[2026-05-18 18:33:53.972] [info]  [START] Security scan
[ComfyUI-Manager] Using uv as Python module for pip operations.

[2026-05-18 18:33:54.039] [info]  [DONE] Security scan
** ComfyUI startup time: 2026-05-18 18:33:54.039
** Platform: 
[2026-05-18 18:33:54.040] [info]  Darwin
** Python version: 3.12.11 (main, Aug 18 2025, 19:02:39) [Clang 20.1.4 ]
** Python executable: /Users/runner/Documents/ComfyUI/.venv/bin/python
** ComfyUI Path: /Users/runner/.comfy-test-cache/desktop/ComfyUI.app/Contents/Resources/ComfyUI
** ComfyUI Base Folder Path: /Users/runner/.comfy-test-cache/desktop/ComfyUI.app/Contents/Resources/ComfyUI
** User directory: /Users/runner/Documents/ComfyUI/user
** ComfyUI-Manager config path: /Users/runner/Documents/ComfyUI/user/__manager/config.ini
** Log path: /Users/runner/Documents/ComfyUI/user/comfyui.log

[2026-05-18 18:33:54.121] [info]  [ComfyUI-Manager] Skipped fixing the 'comfyui-frontend-package' dependency because the ComfyUI is outdated.

[2026-05-18 18:33:54.122] [info]  [PRE] ComfyUI-Manager

[2026-05-18 18:33:54.414] [error] [comfy-env] comfyui-cadabra: 1 isolation env(s):
[2026-05-18 18:33:54.414] [error] 
[comfy-env]   nodes -> /Users/runner/Documents/ComfyUI/custom_nodes/comfyui-cadabra/nodes
[comfy-env] Workspace: /Users/runner/.ce
[comfy-env]     env: /Users/runner/.ce/.pixi/envs/cadabra-nodes  [OK]
[2026-05-18 18:33:54.415] [error] 

[2026-05-18 18:33:55.931] [error] [comfy-env] prestartup complete

[2026-05-18 18:33:56.020] [error] [comfy-env] ComfyUI-GeometryPack: 1 isolation env(s):

[2026-05-18 18:33:56.021] [error] [comfy-env]   nodes -> /Users/runner/Documents/ComfyUI/custom_nodes/ComfyUI-GeometryPack/nodes
[comfy-env]     env: /Users/runner/.ce/.pixi/envs/geometrypack-nodes  [OK]

[2026-05-18 18:33:56.024] [error] [comfy-env] prestartup complete

[2026-05-18 18:33:56.249] [info]  WARNING: Potential Error in code: Torch already imported, torch should never be imported before this point.

[2026-05-18 18:33:57.996] [info]  Found comfy_kitchen backend triton: {'available': False, 'disabled': True, 'unavailable_reason': "ImportError: No module named 'triton'", 'capabilities': []}

[2026-05-18 18:33:57.997] [info]  Found comfy_kitchen backend cuda: {'available': False, 'disabled': True, 'unavailable_reason': 'Extension file not found: /Users/runner/Documents/ComfyUI/.venv/lib/python3.12/site-packages/comfy_kitchen/backends/cuda/_C.abi3.so', 'capabilities': []}
Found comfy_kitchen backend eager: {'available': True, 'disabled': False, 'unavailable_reason': None, 'capabilities': ['apply_rope', 'apply_rope1', 'dequantize_mxfp8', 'dequantize_nvfp4', 'dequantize_per_tensor_fp8', 'quantize_mxfp8', 'quantize_nvfp4', 'quantize_per_tensor_fp8', 'scaled_mm_mxfp8', 'scaled_mm_nvfp4']}

[2026-05-18 18:33:58.003] [info]  Checkpoint files will always be loaded safely.

[2026-05-18 18:33:58.054] [info]  Total VRAM 7168 MB, total RAM 7168 MB

[2026-05-18 18:33:58.055] [info]  pytorch version: 2.10.0

[2026-05-18 18:33:58.062] [info]  Mac Version (15, 7, 4)

[2026-05-18 18:33:58.066] [info]  Set vram state to: SHARED
Device: mps

[2026-05-18 18:33:58.530] [info]  Using sub quadratic optimization for attention, if you have memory or speed issues try using: --use-split-cross-attention

[2026-05-18 18:34:03.168] [info]  Python version: 3.12.11 (main, Aug 18 2025, 19:02:39) [Clang 20.1.4 ]

[2026-05-18 18:34:03.171] [info]  ComfyUI version: 0.21.1
comfy-aimdo version: 0.3.0
comfy-kitchen version: 0.2.8

[2026-05-18 18:34:03.174] [info]  [Prompt Server] web root: /Users/runner/.comfy-test-cache/desktop/ComfyUI.app/Contents/Resources/ComfyUI/web_custom_versions/desktop_app

[2026-05-18 18:34:03.176] [info]  Asset seeder disabled

[2026-05-18 18:34:03.177] [info]  [START] ComfyUI-Manager

[2026-05-18 18:34:03.499] [info]  [ComfyUI-Manager] Using GitPython backend

[2026-05-18 18:34:03.605] [info]  [ComfyUI-Manager] network_mode: public

[2026-05-18 18:34:03.616] [info]  [ComfyUI-Manager] The matrix sharing feature has been disabled because the `matrix-nio` dependency is not installed.
	To use this feature, please run the following command:
	/Users/runner/Documents/ComfyUI/.venv/bin/python -m pip install matrix-nio


[2026-05-18 18:34:05.949] [error] [comfy-env] Version: 0.3.89
[2026-05-18 18:34:05.953] [error] 

[2026-05-18 18:34:06.251] [error] [comfy-env] register_nodes: comfyui-cadabra

[2026-05-18 18:34:06.252] [error] [comfy-env] ComfyUI source dir: /Users/runner/.comfy-test-cache/desktop/ComfyUI.app/Contents/Resources/ComfyUI

[2026-05-18 18:34:06.395] [error] [comfy-env] Scanning nodes metadata (isolation root)...
[2026-05-18 18:34:06.396] [error] 

[2026-05-18 18:34:31.809] [error] [comfy-env] Scanned nodes: 39 nodes (25.4s)
[2026-05-18 18:34:31.816] [error] 
[comfy-env] Scanned nodes root: 39 nodes (25.4s)
[comfy-env] Imported nodes root: 39 nodes (isolation)
[comfy-env] Registered 39 total nodes

[2026-05-18 18:34:31.825] [info]  loading...

[2026-05-18 18:34:31.826] [info]  calling register_nodes

[2026-05-18 18:34:31.829] [error] [comfy-env] Version: 0.3.89
[2026-05-18 18:34:31.830] [error] 

[2026-05-18 18:34:31.982] [error] [comfy-env] register_nodes: ComfyUI-GeometryPack
[comfy-env] ComfyUI source dir: /Users/runner/.comfy-test-cache/desktop/ComfyUI.app/Contents/Resources/ComfyUI

[2026-05-18 18:34:32.145] [error] [comfy-env] Scanning nodes metadata (isolation root)...
[2026-05-18 18:34:32.146] [error] 

[2026-05-18 18:34:43.507] [error] [comfy-env] Scanned nodes: 125 nodes (11.3s)

[2026-05-18 18:34:43.512] [error] [comfy-env] Scanned nodes root: 125 nodes (11.4s)

[2026-05-18 18:34:43.870] [error] [comfy-env] Imported nodes root: 125 nodes (isolation)
[2026-05-18 18:34:43.873] [error] 
[comfy-env] Registered 125 total nodes

[2026-05-18 18:34:44.113] [info]  ComfyUI-Multiband loaded: 15 nodes registered

[2026-05-18 18:34:44.115] [info]  
Import times for custom nodes:

[2026-05-18 18:34:44.116] [info]     0.0 seconds: /Users/runner/.comfy-test-cache/desktop/ComfyUI.app/Contents/Resources/ComfyUI/custom_nodes/websocket_image_save.py
   0.2 seconds: /Users/runner/Documents/ComfyUI/custom_nodes/ComfyUI-Multiband
  12.0 seconds: /Users/runner/Documents/ComfyUI/custom_nodes/ComfyUI-GeometryPack
  25.9 seconds: /Users/runner/Documents/ComfyUI/custom_nodes/comfyui-cadabra


[2026-05-18 18:34:44.121] [info]  Context impl SQLiteImpl.
Will assume non-transactional DDL.

[2026-05-18 18:34:44.314] [info]  Starting server


[2026-05-18 18:34:44.316] [info]  To see the GUI go to: http://127.0.0.1:8000

[2026-05-18 18:34:46.797] [info]  [ComfyUI-Manager] The ComfyRegistry cache update is still in progress, so an outdated cache is being used.

[2026-05-18 18:34:46.860] [info]  FETCH DATA from: /Users/runner/Documents/ComfyUI/.venv/lib/python3.12/site-packages/comfyui_manager/custom-node-list.json
[2026-05-18 18:34:46.883] [info]   [DONE]
[2026-05-18 18:34:46.887] [info]  

[2026-05-18 18:34:52.439] [info]  [ComfyUI-Manager] The ComfyRegistry cache update is still in progress, so an outdated cache is being used.

[2026-05-18 18:34:52.552] [info]  FETCH DATA from: /Users/runner/Documents/ComfyUI/.venv/lib/python3.12/site-packages/comfyui_manager/custom-node-list.json
[2026-05-18 18:34:52.591] [info]   [DONE]

[2026-05-18 18:34:57.761] [info]  [ComfyUI-Manager] The ComfyRegistry cache update is still in progress, so an outdated cache is being used.

[2026-05-18 18:34:57.825] [info]  FETCH DATA from: /Users/runner/Documents/ComfyUI/.venv/lib/python3.12/site-packages/comfyui_manager/custom-node-list.json
[2026-05-18 18:34:57.839] [info]   [DONE]

[2026-05-18 18:35:17.030] [info]  got prompt

[2026-05-18 18:35:17.128] [info]  [comfyui-cadabra] python: /Users/runner/.ce/.pixi/envs/cadabra-nodes/bin/python
[comfyui-cadabra] sys_path sent to worker: ['/Users/runner/.comfy-test-cache/desktop/ComfyUI.app/Contents/Resources/ComfyUI', '/Users/runner/Documents/ComfyUI/custom_nodes/comfyui-cadabra', '/Users/runner/.ce/.pixi/envs/cadabra-nodes/lib/python3.1/site-packages', '/Users/runner/Documents/ComfyUI/custom_nodes/comfyui-cadabra']

[2026-05-18 18:35:19.965] [error] [worker:comfyui-cadabra] ERROR: Failed to import comfy_kitchen, Error: No module named 'comfy_kitchen', fp8 and fp4 support will not be available.

[2026-05-18 18:35:35.219] [error] [18:35:35] [CADabra] Starting: IGES ReadFile(file=bellow_pipe.igs)

[2026-05-18 18:35:35.224] [error] [worker:comfyui-cadabra] INFO: Starting: IGES ReadFile(file=bellow_pipe.igs)

[2026-05-18 18:35:35.249] [error] [18:35:35] [CADabra] Completed: IGES ReadFile(file=bellow_pipe.igs) in 0.03s

[2026-05-18 18:35:35.252] [error] [worker:comfyui-cadabra] INFO: Completed: IGES ReadFile(file=bellow_pipe.igs) in 0.03s

[2026-05-18 18:35:35.254] [error] [18:35:35] [CADabra] Starting: IGES TransferRoots(file=bellow_pipe.igs)

[2026-05-18 18:35:35.255] [error] [worker:comfyui-cadabra] INFO: Starting: IGES TransferRoots(file=bellow_pipe.igs)

[2026-05-18 18:35:36.130] [error] [18:35:36] [CADabra] Completed: IGES TransferRoots(file=bellow_pipe.igs) in 0.88s

[2026-05-18 18:35:36.131] [error] [worker:comfyui-cadabra] INFO: Completed: IGES TransferRoots(file=bellow_pipe.igs) in 0.88s

[2026-05-18 18:35:36.197] [error] [comfyui-cadabra] Health check: ping (timeout=5.0s)...
[2026-05-18 18:35:36.199] [error] 

[2026-05-18 18:35:36.208] [error] [comfyui-cadabra] Health check: ok

[2026-05-18 18:35:36.257] [error] [18:35:36] [CADabra] Starting: BRepMesh(linear_deflection=0.1, angular_deflection=0.5)

[2026-05-18 18:35:36.260] [error] [worker:comfyui-cadabra] INFO: Starting: BRepMesh(linear_deflection=0.1, angular_deflection=0.5)

[2026-05-18 18:35:39.169] [error] [18:35:39] [CADabra] Completed: BRepMesh(linear_deflection=0.1, angular_deflection=0.5) in 2.91s

[2026-05-18 18:35:39.173] [error] [worker:comfyui-cadabra] INFO: Completed: BRepMesh(linear_deflection=0.1, angular_deflection=0.5) in 2.91s

[2026-05-18 18:35:43.947] [error] [comfyui-cadabra] Health check: ping (timeout=5.0s)...

[2026-05-18 18:35:43.952] [error] [comfyui-cadabra] Health check: ok

[2026-05-18 18:35:45.291] [error] Error   : Gmsh has not been initialized

[2026-05-18 18:35:45.307] [error] Error   : Gmsh has not been initialized

[2026-05-18 18:35:45.336] [error] !!! Exception during processing !!! Quality analysis failed: Could not get last error

Worker traceback:
Traceback (most recent call last):
  File "/Users/runner/Documents/ComfyUI/custom_nodes/comfyui-cadabra/nodes/cad_nodes.py", line 1600, in execute
    entities = gmsh.model.getEntities()
               ^^^^^^^^^^^^^^^^^^^^^^^^
  File "/Users/runner/.ce/.pixi/envs/cadabra-nodes/lib/python3.1/site-packages/gmsh.py", line 750, in getEntities
    raise Exception(logger.getLastError())
                    ^^^^^^^^^^^^^^^^^^^^^
  File "/Users/runner/.ce/.pixi/envs/cadabra-nodes/lib/python3.1/site-packages/gmsh.py", line 11259, in getLastError
    raise Exception('Could not get last error')
Exception: Could not get last error

During handling of the above exception, another exception occurred:

Traceback (most recent call last):
  File "/var/folders/tb/y368xp_x10s3ty1b_mtl5mxr0000gn/T/comfyui_pvenv_vow9eo_b/persistent_worker.py", line 1762, in main
    result = method(**inputs)
             ^^^^^^^^^^^^^^^^
  File "/Users/runner/.comfy-test-cache/desktop/ComfyUI.app/Contents/Resources/ComfyUI/comfy_api/latest/_io.py", line 1833, in EXECUTE_NORMALIZED
    to_return = cls.execute(*args, **kwargs)
                ^^^^^^^^^^^^^^^^^^^^^^^^^^^^
  File "/Users/runner/Documents/ComfyUI/custom_nodes/comfyui-cadabra/nodes/cad_nodes.py", line 1858, in execute
    raise RuntimeError(f"Quality analysis failed: {str(e)}")
RuntimeError: Quality analysis failed: Could not get last error


[2026-05-18 18:35:45.356] [error] Traceback (most recent call last):
  File "/Users/runner/.comfy-test-cache/desktop/ComfyUI.app/Contents/Resources/ComfyUI/execution.py", line 535, in execute
    output_data, output_ui, has_subgraph, has_pending_tasks = await get_output_data(prompt_id, unique_id, obj, input_data_all, execution_block_cb=execution_block_cb, pre_execute_cb=pre_execute_cb, v3_data=v3_data)
                                                              ^^^^^^^^^^^^^^^^^^^^^^^^^^^^^^^^^^^^^^^^^^^^^^^^^^^^^^^^^^^^^^^^^^^^^^^^^^^^^^^^^^^^^^^^^^^^^^^^^^^^^^^^^^^^^^^^^^^^^^^^^^^^^^^^^^^^^^^^^^^^^^^^^^^^^^^
  File "/Users/runner/.comfy-test-cache/desktop/ComfyUI.app/Contents/Resources/ComfyUI/execution.py", line 335, in get_output_data
    return_values = await _async_map_node_over_list(prompt_id, unique_id, obj, input_data_all, obj.FUNCTION, allow_interrupt=True, execution_block_cb=execution_block_cb, pre_execute_cb=pre_execute_cb, v3_data=v3_data)
                    ^^^^^^^^^^^^^^^^^^^^^^^^^^^^^^^^^^^^^^^^^^^^^^^^^^^^^^^^^^^^^^^^^^^^^^^^^^^^^^^^^^^^^^^^^^^^^^^^^^^^^^^^^^^^^^^^^^^^^^^^^^^^^^^^^^^^^^^^^^^^^^^^^^^^^^^^^^^^^^^^^^^^^^^^^^^^^^^^^^^^^^^^^^^^^^^^^^^^^
  File "/Users/runner/.comfy-test-cache/desktop/ComfyUI.app/Contents/Resources/ComfyUI/execution.py", line 309, in _async_map_node_over_list
    await process_inputs(input_dict, i)
  File "/Users/runner/.comfy-test-cache/desktop/ComfyUI.app/Contents/Resources/ComfyUI/execution.py", line 297, in process_inputs
    result = f(**inputs)
             ^^^^^^^^^^^
  File "/Users/runner/Documents/ComfyUI/.venv/lib/python3.12/site-packages/comfy_env/isolation/metadata.py", line 556, in proxy
    result = worker.call_method(
             ^^^^^^^^^^^^^^^^^^^
  File "/Users/runner/Documents/ComfyUI/.venv/lib/python3.12/site-packages/comfy_env/isolation/workers/subprocess.py", line 674, in call_method
    raise WorkerError(
comfy_env.isolation.workers.base.WorkerError: Quality analysis failed: Could not get last error

Worker traceback:
Traceback (most recent call last):
  File "/Users/runner/Documents/ComfyUI/custom_nodes/comfyui-cadabra/nodes/cad_nodes.py", line 1600, in execute
    entities = gmsh.model.getEntities()
               ^^^^^^^^^^^^^^^^^^^^^^^^
  File "/Users/runner/.ce/.pixi/envs/cadabra-nodes/lib/python3.1/site-packages/gmsh.py", line 750, in getEntities
    raise Exception(logger.getLastError())
                    ^^^^^^^^^^^^^^^^^^^^^
  File "/Users/runner/.ce/.pixi/envs/cadabra-nodes/lib/python3.1/site-packages/gmsh.py", line 11259, in getLastError
    raise Exception('Could not get last error')
Exception: Could not get last error

During handling of the above exception, another exception occurred:

Traceback (most recent call last):
  File "/var/folders/tb/y368xp_x10s3ty1b_mtl5mxr0000gn/T/comfyui_pvenv_vow9eo_b/persistent_worker.py", line 1762, in main
    result = method(**inputs)
             ^^^^^^^^^^^^^^^^
  File "/Users/runner/.comfy-test-cache/desktop/ComfyUI.app/Contents/Resources/ComfyUI/comfy_api/latest/_io.py", line 1833, in EXECUTE_NORMALIZED
    to_return = cls.execute(*args, **kwargs)
                ^^^^^^^^^^^^^^^^^^^^^^^^^^^^
  File "/Users/runner/Documents/ComfyUI/custom_nodes/comfyui-cadabra/nodes/cad_nodes.py", line 1858, in execute
    raise RuntimeError(f"Quality analysis failed: {str(e)}")
RuntimeError: Quality analysis failed: Could not get last error



[2026-05-18 18:35:45.379] [info]  Prompt executed in 28.32 seconds

[2026-05-18 18:35:48.285] [info]  FETCH ComfyRegistry Data [DONE]

[2026-05-18 18:35:48.667] [info]  [ComfyUI-Manager] default cache updated: https://api.comfy.org/nodes

[2026-05-18 18:35:48.740] [info]  FETCH DATA from: /Users/runner/Documents/ComfyUI/user/__manager/cache/1514988643_custom-node-list.json
[2026-05-18 18:35:48.774] [info]   [DONE]

[2026-05-18 18:35:48.890] [info]  [ComfyUI-Manager] All startup tasks have been completed.

