[2026-05-18 18:40:14.345] [info]  setup plugin alembic.autogenerate.schemas
setup plugin alembic.autogenerate.tables
setup plugin alembic.autogenerate.types
setup plugin alembic.autogenerate.constraints

[2026-05-18 18:40:14.350] [info]  setup plugin alembic.autogenerate.defaults
setup plugin alembic.autogenerate.comments

[2026-05-18 18:40:14.471] [info]  Could not autodetect AIMDO implementation, assuming Nvidia
comfy-aimdo unsupported operating system: Darwin
NOTE: comfy-aimdo currently only supports Windows and Linux

[2026-05-18 18:40:14.720] [info]  Adding extra search path custom_nodes /Users/runner/Documents/ComfyUI/custom_nodes
Adding extra search path download_model_base /Users/runner/Documents/ComfyUI/models
Adding extra search path custom_nodes /Users/runner/.comfy-test-cache/desktop/ComfyUI.app/Contents/Resources/ComfyUI/custom_nodes
Setting output directory to: /Users/runner/Documents/ComfyUI/output
Setting input directory to: /Users/runner/Documents/ComfyUI/input
Setting user directory to: /Users/runner/Documents/ComfyUI/user

[2026-05-18 18:40:15.254] [info]  [START] Security scan
[ComfyUI-Manager] Using uv as Python module for pip operations.

[2026-05-18 18:40:15.405] [info]  [DONE] Security scan
** ComfyUI startup time: 2026-05-18 18:40:15.405
** Platform:
[2026-05-18 18:40:15.406] [info]   Darwin
** Python version: 3.12.11 (main, Aug 18 2025, 19:02:39) [Clang 20.1.4 ]
** Python executable: /Users/runner/Documents/ComfyUI/.venv/bin/python
** ComfyUI Path: /Users/runner/.comfy-test-cache/desktop/ComfyUI.app/Contents/Resources/ComfyUI
** ComfyUI Base Folder Path: /Users/runner/.comfy-test-cache/desktop/ComfyUI.app/Contents/Resources/ComfyUI
** User directory: /Users/runner/Documents/ComfyUI/user
** ComfyUI-Manager config path: /Users/runner/Documents/ComfyUI/user/__manager/config.ini
** Log path: /Users/runner/Documents/ComfyUI/user/comfyui.log

[2026-05-18 18:40:15.510] [info]  [ComfyUI-Manager] Skipped fixing the 'comfyui-frontend-package' dependency because the ComfyUI is outdated.
[PRE] ComfyUI-Manager

[2026-05-18 18:40:15.863] [error] [comfy-env] comfyui-cadabra: 1 isolation env(s):
[2026-05-18 18:40:15.865] [error] 
[comfy-env]   nodes -> /Users/runner/Documents/ComfyUI/custom_nodes/comfyui-cadabra/nodes

[2026-05-18 18:40:15.867] [error] [comfy-env] Workspace: /Users/runner/.ce
[2026-05-18 18:40:15.870] [error] 
[comfy-env]     env: /Users/runner/.ce/.pixi/envs/cadabra-nodes  [OK]

[2026-05-18 18:40:17.760] [error] [comfy-env] prestartup complete
[2026-05-18 18:40:17.763] [error] 

[2026-05-18 18:40:17.793] [error] [comfy-env] ComfyUI-GeometryPack: 1 isolation env(s):

[2026-05-18 18:40:17.795] [error] [comfy-env]   nodes -> /Users/runner/Documents/ComfyUI/custom_nodes/ComfyUI-GeometryPack/nodes

[2026-05-18 18:40:17.798] [error] [comfy-env]     env: /Users/runner/.ce/.pixi/envs/geometrypack-nodes  [OK]

[2026-05-18 18:40:17.811] [error] [comfy-env] prestartup complete

[2026-05-18 18:40:17.843] [info]  WARNING: Potential Error in code: Torch already imported, torch should never be imported before this point.

[2026-05-18 18:40:19.765] [info]  Found comfy_kitchen backend eager: {'available': True, 'disabled': False, 'unavailable_reason': None, 'capabilities': ['apply_rope', 'apply_rope1', 'dequantize_mxfp8', 'dequantize_nvfp4', 'dequantize_per_tensor_fp8', 'quantize_mxfp8', 'quantize_nvfp4', 'quantize_per_tensor_fp8', 'scaled_mm_mxfp8', 'scaled_mm_nvfp4']}
Found comfy_kitchen backend cuda: {'available': False, 'disabled': True, 'unavailable_reason': 'Extension file not found: /Users/runner/Documents/ComfyUI/.venv/lib/python3.12/site-packages/comfy_kitchen/backends/cuda/_C.abi3.so', 'capabilities': []}
Found comfy_kitchen backend triton: {'available': False, 'disabled': True, 'unavailable_reason': "ImportError: No module named 'triton'", 'capabilities': []}

[2026-05-18 18:40:19.795] [info]  Checkpoint files will always be loaded safely.

[2026-05-18 18:40:19.872] [info]  Total VRAM 7168 MB, total RAM 7168 MB
pytorch version: 2.10.0

[2026-05-18 18:40:19.881] [info]  Mac Version (15, 7, 4)

[2026-05-18 18:40:19.884] [info]  Set vram state to: SHARED
Device: mps

[2026-05-18 18:40:20.770] [info]  Using sub quadratic optimization for attention, if you have memory or speed issues try using: --use-split-cross-attention

[2026-05-18 18:40:25.387] [info]  Python version: 3.12.11 (main, Aug 18 2025, 19:02:39) [Clang 20.1.4 ]
ComfyUI version: 0.21.1

[2026-05-18 18:40:25.391] [info]  comfy-aimdo version: 0.3.0
comfy-kitchen version: 0.2.8

[2026-05-18 18:40:25.393] [info]  [Prompt Server] web root: /Users/runner/.comfy-test-cache/desktop/ComfyUI.app/Contents/Resources/ComfyUI/web_custom_versions/desktop_app

[2026-05-18 18:40:25.394] [info]  Asset seeder disabled
[START] ComfyUI-Manager

[2026-05-18 18:40:25.586] [info]  [ComfyUI-Manager] Using GitPython backend
[2026-05-18 18:40:25.587] [info]  

[2026-05-18 18:40:25.673] [info]  [ComfyUI-Manager] network_mode: public

[2026-05-18 18:40:25.696] [info]  [ComfyUI-Manager] The matrix sharing feature has been disabled because the `matrix-nio` dependency is not installed.
	To use this feature, please run the following command:
	/Users/runner/Documents/ComfyUI/.venv/bin/python -m pip install matrix-nio


[2026-05-18 18:40:27.884] [error] [comfy-env] Version: 0.3.89
[2026-05-18 18:40:27.885] [error] 

[2026-05-18 18:40:27.886] [info]  [comfy-env] Removed stale socket: /var/folders/tb/y368xp_x10s3ty1b_mtl5mxr0000gn/T/comfy_worker_00a93a6d733f.sock

[2026-05-18 18:40:27.951] [info]  [comfy-env] Removed stale temp dir: /var/folders/tb/y368xp_x10s3ty1b_mtl5mxr0000gn/T/comfyui_pvenv_wuu05flh
[2026-05-18 18:40:27.952] [info]  

[2026-05-18 18:40:28.061] [error] [comfy-env] register_nodes: comfyui-cadabra
[2026-05-18 18:40:28.062] [error] 

[2026-05-18 18:40:28.063] [error] [comfy-env] ComfyUI source dir: /Users/runner/.comfy-test-cache/desktop/ComfyUI.app/Contents/Resources/ComfyUI
[2026-05-18 18:40:28.064] [error] 

[2026-05-18 18:40:28.081] [error] [comfy-env] Scanning nodes metadata (isolation root)...

[2026-05-18 18:40:28.085] [error] [comfy-env] Cache hit for nodes: 39 nodes
[2026-05-18 18:40:28.086] [error] 
[comfy-env] Scanned nodes root: 39 nodes (0.0s)

[2026-05-18 18:40:28.095] [error] [comfy-env] Imported nodes root: 39 nodes (isolation)
[comfy-env] Registered 39 total nodes

[2026-05-18 18:40:28.103] [info]  loading...
calling register_nodes

[2026-05-18 18:40:28.105] [error] [comfy-env] Version: 0.3.89
[2026-05-18 18:40:28.108] [error] 

[2026-05-18 18:40:28.168] [error] [comfy-env] register_nodes: ComfyUI-GeometryPack

[2026-05-18 18:40:28.190] [error] [comfy-env] ComfyUI source dir: /Users/runner/.comfy-test-cache/desktop/ComfyUI.app/Contents/Resources/ComfyUI

[2026-05-18 18:40:28.218] [error] [comfy-env] Scanning nodes metadata (isolation root)...
[2026-05-18 18:40:28.220] [error] 

[2026-05-18 18:40:28.242] [error] [comfy-env] Cache hit for nodes: 125 nodes
[comfy-env] Scanned nodes root: 125 nodes (0.0s)

[2026-05-18 18:40:28.244] [error] [comfy-env] Imported nodes root: 125 nodes (isolation)
[2026-05-18 18:40:28.246] [error] 
[comfy-env] Registered 125 total nodes

[2026-05-18 18:40:28.304] [info]  ComfyUI-Multiband loaded: 15 nodes registered

[2026-05-18 18:40:28.310] [info]  
Import times for custom nodes:

[2026-05-18 18:40:28.312] [info]     0.0 seconds: /Users/runner/.comfy-test-cache/desktop/ComfyUI.app/Contents/Resources/ComfyUI/custom_nodes/websocket_image_save.py
   0.1 seconds: /Users/runner/Documents/ComfyUI/custom_nodes/ComfyUI-Multiband
   0.1 seconds: /Users/runner/Documents/ComfyUI/custom_nodes/ComfyUI-GeometryPack
   0.2 seconds: /Users/runner/Documents/ComfyUI/custom_nodes/comfyui-cadabra


[2026-05-18 18:40:28.328] [info]  Context impl SQLiteImpl.

[2026-05-18 18:40:28.329] [info]  Will assume non-transactional DDL.

[2026-05-18 18:40:28.468] [info]  Starting server

To see the GUI go to: http://127.0.0.1:8000

[2026-05-18 18:40:29.999] [info]  [ComfyUI-Manager] The ComfyRegistry cache update is still in progress, so an outdated cache is being used.

[2026-05-18 18:40:30.070] [info]  FETCH DATA from: /Users/runner/Documents/ComfyUI/.venv/lib/python3.12/site-packages/comfyui_manager/custom-node-list.json
[2026-05-18 18:40:30.103] [info]   [DONE]

[2026-05-18 18:40:32.815] [info]  [ComfyUI-Manager] The ComfyRegistry cache update is still in progress, so an outdated cache is being used.

[2026-05-18 18:40:32.912] [info]  FETCH DATA from: /Users/runner/Documents/ComfyUI/.venv/lib/python3.12/site-packages/comfyui_manager/custom-node-list.json
[2026-05-18 18:40:32.960] [info]   [DONE]

[2026-05-18 18:40:56.109] [info]  got prompt

[2026-05-18 18:40:56.144] [info]  [comfyui-cadabra] python: /Users/runner/.ce/.pixi/envs/cadabra-nodes/bin/python
[2026-05-18 18:40:56.146] [info]  
[comfyui-cadabra] sys_path sent to worker: ['/Users/runner/.comfy-test-cache/desktop/ComfyUI.app/Contents/Resources/ComfyUI', '/Users/runner/Documents/ComfyUI/custom_nodes/comfyui-cadabra', '/Users/runner/.ce/.pixi/envs/cadabra-nodes/lib/python3.1/site-packages', '/Users/runner/Documents/ComfyUI/custom_nodes/comfyui-cadabra']

[2026-05-18 18:40:58.869] [error] [worker:comfyui-cadabra] ERROR: Failed to import comfy_kitchen, Error: No module named 'comfy_kitchen', fp8 and fp4 support will not be available.

[2026-05-18 18:41:13.045] [error] [comfyui-cadabra] Health check: ping (timeout=5.0s)...
[comfyui-cadabra] Health check: ok

[2026-05-18 18:41:13.139] [error] [18:41:13] [CADabra] Starting: BRepMesh(linear_deflection=0.1, angular_deflection=0.5)

[2026-05-18 18:41:13.140] [error] [worker:comfyui-cadabra] INFO: Starting: BRepMesh(linear_deflection=0.1, angular_deflection=0.5)

[2026-05-18 18:41:13.220] [error] [18:41:13] [CADabra] Completed: BRepMesh(linear_deflection=0.1, angular_deflection=0.5) in 0.08s

[2026-05-18 18:41:13.221] [error] [worker:comfyui-cadabra] INFO: Completed: BRepMesh(linear_deflection=0.1, angular_deflection=0.5) in 0.08s

[2026-05-18 18:41:13.387] [error] [comfyui-cadabra] Health check: ping (timeout=5.0s)...

[2026-05-18 18:41:13.389] [error] [comfyui-cadabra] Health check: ok

[2026-05-18 18:41:13.406] [error] [18:41:13] [CADabra] Starting: BRepMesh(linear_deflection=0.1, angular_deflection=0.5, relative=False, parallel=False, min_size=0.0)

[2026-05-18 18:41:13.410] [error] [worker:comfyui-cadabra] INFO: Starting: BRepMesh(linear_deflection=0.1, angular_deflection=0.5, relative=False, parallel=False, min_size=0.0)

[2026-05-18 18:41:13.712] [error] [18:41:13] [CADabra] Completed: BRepMesh(linear_deflection=0.1, angular_deflection=0.5, relative=False, parallel=False, min_size=0.0) in 0.31s

[2026-05-18 18:41:13.715] [error] [worker:comfyui-cadabra] INFO: Completed: BRepMesh(linear_deflection=0.1, angular_deflection=0.5, relative=False, parallel=False, min_size=0.0) in 0.31s

[2026-05-18 18:41:16.048] [info]  [ComfyUI-GeometryPack] python: /Users/runner/.ce/.pixi/envs/geometrypack-nodes/bin/python
[ComfyUI-GeometryPack] sys_path sent to worker: ['/Users/runner/.comfy-test-cache/desktop/ComfyUI.app/Contents/Resources/ComfyUI', '/Users/runner/Documents/ComfyUI/custom_nodes/ComfyUI-GeometryPack', '/Users/runner/.ce/.pixi/envs/geometrypack-nodes/lib/python3.1/site-packages', '/Users/runner/Documents/ComfyUI/custom_nodes/ComfyUI-GeometryPack']

[2026-05-18 18:41:20.447] [error] [worker:ComfyUI-GeometryPack] ERROR: Failed to import comfy_kitchen, Error: No module named 'comfy_kitchen', fp8 and fp4 support will not be available.

[2026-05-18 18:41:25.563] [error] [worker:ComfyUI-GeometryPack] INFO: Layout: side_by_side, Mode: fields
[worker:ComfyUI-GeometryPack] INFO: Mesh 1: Mesh - 2735 vertices, 5470 faces

[2026-05-18 18:41:25.566] [error] [worker:ComfyUI-GeometryPack] INFO: Mesh 2: Mesh - 2735 vertices, 5470 faces
[worker:ComfyUI-GeometryPack] INFO: Mesh 1 fields: ['face.cad_face_id']
[worker:ComfyUI-GeometryPack] INFO: Mesh 2 fields: ['face.cad_face_id']
[worker:ComfyUI-GeometryPack] INFO: Common fields: ['face.cad_face_id']
[worker:ComfyUI-GeometryPack] INFO: Mesh 1 visual: kind=None, texture=False, vertex_colors=False
[worker:ComfyUI-GeometryPack] INFO: Mesh 2 visual: kind=None, texture=False, vertex_colors=False
[worker:ComfyUI-GeometryPack] INFO: Exporting mesh to VTP: /Users/runner/Documents/ComfyUI/output/preview_dual_1_50436aed.vtp

[2026-05-18 18:41:25.584] [error] [worker:ComfyUI-GeometryPack] INFO: Adding normals field (2735 vertices)

[2026-05-18 18:41:25.593] [error] [worker:ComfyUI-GeometryPack] INFO: Adding face field: cad_face_id
[2026-05-18 18:41:25.594] [error] 

[2026-05-18 18:41:25.604] [error] [worker:ComfyUI-GeometryPack] INFO: Export complete: 2735 vertices, 5470 faces

[2026-05-18 18:41:25.605] [error] [worker:ComfyUI-GeometryPack] INFO: Exported VTP with fields: /Users/runner/Documents/ComfyUI/output/preview_dual_1_50436aed.vtp
[worker:ComfyUI-GeometryPack] INFO: Exporting mesh to VTP: /Users/runner/Documents/ComfyUI/output/preview_dual_2_50436aed.vtp

[2026-05-18 18:41:25.617] [error] [worker:ComfyUI-GeometryPack] INFO: Adding normals field (2735 vertices)

[2026-05-18 18:41:25.626] [error] [worker:ComfyUI-GeometryPack] INFO: Adding face field: cad_face_id

[2026-05-18 18:41:25.637] [error] [worker:ComfyUI-GeometryPack] INFO: Export complete: 2735 vertices, 5470 faces

[2026-05-18 18:41:25.639] [error] [worker:ComfyUI-GeometryPack] INFO: Exported VTP with fields: /Users/runner/Documents/ComfyUI/output/preview_dual_2_50436aed.vtp

[2026-05-18 18:41:25.646] [error] [worker:ComfyUI-GeometryPack] INFO: Preview ready
[2026-05-18 18:41:25.647] [error] 

[2026-05-18 18:41:25.659] [info]  Prompt executed in 29.53 seconds

