[2026-05-18 18:38:52.254] [info]  setup plugin alembic.autogenerate.schemas
setup plugin alembic.autogenerate.tables
setup plugin alembic.autogenerate.types
setup plugin alembic.autogenerate.constraints
setup plugin alembic.autogenerate.defaults
setup plugin alembic.autogenerate.comments

[2026-05-18 18:38:52.392] [info]  Could not autodetect AIMDO implementation, assuming Nvidia
comfy-aimdo unsupported operating system: Darwin
NOTE: comfy-aimdo currently only supports Windows and Linux

[2026-05-18 18:38:52.617] [info]  Adding extra search path custom_nodes /Users/runner/Documents/ComfyUI/custom_nodes
Adding extra search path download_model_base /Users/runner/Documents/ComfyUI/models
Adding extra search path custom_nodes /Users/runner/.comfy-test-cache/desktop/ComfyUI.app/Contents/Resources/ComfyUI/custom_nodes

[2026-05-18 18:38:52.619] [info]  Setting output directory to: /Users/runner/Documents/ComfyUI/output
Setting input directory to: /Users/runner/Documents/ComfyUI/input
Setting user directory to: /Users/runner/Documents/ComfyUI/user

[2026-05-18 18:38:53.038] [info]  [START] Security scan
[ComfyUI-Manager] Using uv as Python module for pip operations.

[2026-05-18 18:38:53.200] [info]  [DONE] Security scan
** ComfyUI startup time: 2026-05-18 18:38:53.199
** Platform: Darwin
** Python version: 3.12.11 (main, Aug 18 2025, 19:02:39) [Clang 20.1.4 ]
** Python executable: /Users/runner/Documents/ComfyUI/.venv/bin/python
** ComfyUI Path:
[2026-05-18 18:38:53.203] [info]   /Users/runner/.comfy-test-cache/desktop/ComfyUI.app/Contents/Resources/ComfyUI
** ComfyUI Base Folder Path: /Users/runner/.comfy-test-cache/desktop/ComfyUI.app/Contents/Resources/ComfyUI
** User directory: /Users/runner/Documents/ComfyUI/user
** ComfyUI-Manager config path: /Users/runner/Documents/ComfyUI/user/__manager/config.ini
** Log path: /Users/runner/Documents/ComfyUI/user/comfyui.log

[2026-05-18 18:38:53.320] [info]  [ComfyUI-Manager] Skipped fixing the 'comfyui-frontend-package' dependency because the ComfyUI is outdated.

[2026-05-18 18:38:53.322] [info]  [PRE] ComfyUI-Manager

[2026-05-18 18:38:53.619] [error] [comfy-env] comfyui-cadabra: 1 isolation env(s):
[comfy-env]   nodes -> /Users/runner/Documents/ComfyUI/custom_nodes/comfyui-cadabra/nodes
[2026-05-18 18:38:53.621] [error] 
[comfy-env] Workspace: /Users/runner/.ce
[comfy-env]     env: /Users/runner/.ce/.pixi/envs/cadabra-nodes  [OK]

[2026-05-18 18:38:55.573] [error] [comfy-env] prestartup complete

[2026-05-18 18:38:55.616] [error] [comfy-env] ComfyUI-GeometryPack: 1 isolation env(s):
[comfy-env]   nodes -> /Users/runner/Documents/ComfyUI/custom_nodes/ComfyUI-GeometryPack/nodes

[2026-05-18 18:38:55.618] [error] [comfy-env]     env: /Users/runner/.ce/.pixi/envs/geometrypack-nodes  [OK]

[2026-05-18 18:38:55.624] [error] [comfy-env] prestartup complete

[2026-05-18 18:38:55.665] [info]  WARNING: Potential Error in code: Torch already imported, torch should never be imported before this point.

[2026-05-18 18:38:57.277] [info]  Found comfy_kitchen backend triton: {'available': False, 'disabled': True, 'unavailable_reason': "ImportError: No module named 'triton'", 'capabilities': []}

[2026-05-18 18:38:57.278] [info]  Found comfy_kitchen backend cuda: {'available': False, 'disabled': True, 'unavailable_reason': 'Extension file not found: /Users/runner/Documents/ComfyUI/.venv/lib/python3.12/site-packages/comfy_kitchen/backends/cuda/_C.abi3.so', 'capabilities': []}
Found comfy_kitchen backend eager: {'available': True, 'disabled': False, 'unavailable_reason': None, 'capabilities': ['apply_rope', 'apply_rope1', 'dequantize_mxfp8', 'dequantize_nvfp4', 'dequantize_per_tensor_fp8', 'quantize_mxfp8', 'quantize_nvfp4', 'quantize_per_tensor_fp8', 'scaled_mm_mxfp8', 'scaled_mm_nvfp4']}

[2026-05-18 18:38:57.289] [info]  Checkpoint files will always be loaded safely.

[2026-05-18 18:38:57.320] [info]  Total VRAM 7168 MB, total RAM 7168 MB
pytorch version: 2.10.0

[2026-05-18 18:38:57.328] [info]  Mac Version (15, 7, 4)

[2026-05-18 18:38:57.331] [info]  Set vram state to: SHARED
Device: mps

[2026-05-18 18:38:57.890] [info]  Using sub quadratic optimization for attention, if you have memory or speed issues try using: --use-split-cross-attention

[2026-05-18 18:39:02.799] [info]  Python version: 3.12.11 (main, Aug 18 2025, 19:02:39) [Clang 20.1.4 ]
ComfyUI version: 0.21.1

[2026-05-18 18:39:02.803] [info]  comfy-aimdo version: 0.3.0
comfy-kitchen version: 0.2.8
[Prompt Server] web root: /Users/runner/.comfy-test-cache/desktop/ComfyUI.app/Contents/Resources/ComfyUI/web_custom_versions/desktop_app
Asset seeder disabled
[START] ComfyUI-Manager

[2026-05-18 18:39:02.977] [info]  [ComfyUI-Manager] Using GitPython backend
[2026-05-18 18:39:02.980] [info]  

[2026-05-18 18:39:03.133] [info]  [ComfyUI-Manager] network_mode: public

[2026-05-18 18:39:03.157] [info]  [ComfyUI-Manager] The matrix sharing feature has been disabled because the `matrix-nio` dependency is not installed.
	To use this feature, please run the following command:
	/Users/runner/Documents/ComfyUI/.venv/bin/python -m pip install matrix-nio


[2026-05-18 18:39:06.113] [error] [comfy-env] Version: 0.3.89
[2026-05-18 18:39:06.117] [error] 

[2026-05-18 18:39:06.118] [info]  [comfy-env] Removed stale socket: /var/folders/tb/y368xp_x10s3ty1b_mtl5mxr0000gn/T/comfy_worker_763601abcda6.sock

[2026-05-18 18:39:06.249] [info]  [comfy-env] Removed stale temp dir: /var/folders/tb/y368xp_x10s3ty1b_mtl5mxr0000gn/T/comfyui_pvenv_9awvi09_
[2026-05-18 18:39:06.254] [info]  

[2026-05-18 18:39:06.579] [error] [comfy-env] register_nodes: comfyui-cadabra

[2026-05-18 18:39:06.584] [error] [comfy-env] ComfyUI source dir: /Users/runner/.comfy-test-cache/desktop/ComfyUI.app/Contents/Resources/ComfyUI
[2026-05-18 18:39:06.585] [error] 

[2026-05-18 18:39:06.633] [error] [comfy-env] Scanning nodes metadata (isolation root)...
[2026-05-18 18:39:06.634] [error] 

[2026-05-18 18:39:06.646] [error] [comfy-env] Cache hit for nodes: 39 nodes
[2026-05-18 18:39:06.648] [error] 
[comfy-env] Scanned nodes root: 39 nodes (0.0s)

[2026-05-18 18:39:06.958] [error] [comfy-env] Imported nodes root: 39 nodes (isolation)
[2026-05-18 18:39:06.961] [error] 

[2026-05-18 18:39:06.973] [error] [comfy-env] Registered 39 total nodes

[2026-05-18 18:39:06.974] [info]  loading...
calling register_nodes

[2026-05-18 18:39:06.982] [error] [comfy-env] Version: 0.3.89

[2026-05-18 18:39:07.026] [error] [comfy-env] register_nodes: ComfyUI-GeometryPack
[2026-05-18 18:39:07.028] [error] 

[2026-05-18 18:39:07.041] [error] [comfy-env] ComfyUI source dir: /Users/runner/.comfy-test-cache/desktop/ComfyUI.app/Contents/Resources/ComfyUI
[2026-05-18 18:39:07.044] [error] 

[2026-05-18 18:39:07.078] [error] [comfy-env] Scanning nodes metadata (isolation root)...
[2026-05-18 18:39:07.082] [error] 

[2026-05-18 18:39:07.126] [error] [comfy-env] Cache hit for nodes: 125 nodes
[2026-05-18 18:39:07.128] [error] 
[comfy-env] Scanned nodes root: 125 nodes (0.0s)

[2026-05-18 18:39:07.132] [error] [comfy-env] Imported nodes root: 125 nodes (isolation)
[2026-05-18 18:39:07.137] [error] 
[comfy-env] Registered 125 total nodes

[2026-05-18 18:39:07.206] [info]  ComfyUI-Multiband loaded: 15 nodes registered

[2026-05-18 18:39:07.210] [info]  
Import times for custom nodes:
   0.0 seconds: /Users/runner/.comfy-test-cache/desktop/ComfyUI.app/Contents/Resources/ComfyUI/custom_nodes/websocket_image_save.py
   0.1 seconds: /Users/runner/Documents/ComfyUI/custom_nodes/ComfyUI-Multiband
   0.2 seconds: /Users/runner/Documents/ComfyUI/custom_nodes/ComfyUI-GeometryPack
   0.9 seconds: /Users/runner/Documents/ComfyUI/custom_nodes/comfyui-cadabra

[2026-05-18 18:39:07.217] [info]  

[2026-05-18 18:39:07.221] [info]  Context impl SQLiteImpl.
Will assume non-transactional DDL.

[2026-05-18 18:39:07.344] [info]  Starting server


[2026-05-18 18:39:07.346] [info]  To see the GUI go to: http://127.0.0.1:8000

[2026-05-18 18:39:09.955] [info]  [ComfyUI-Manager] The ComfyRegistry cache update is still in progress, so an outdated cache is being used.

[2026-05-18 18:39:10.095] [info]  FETCH DATA from: /Users/runner/Documents/ComfyUI/.venv/lib/python3.12/site-packages/comfyui_manager/custom-node-list.json
[2026-05-18 18:39:10.149] [info]   [DONE]

[2026-05-18 18:39:13.842] [info]  [ComfyUI-Manager] The ComfyRegistry cache update is still in progress, so an outdated cache is being used.

[2026-05-18 18:39:14.057] [info]  FETCH DATA from: /Users/runner/Documents/ComfyUI/.venv/lib/python3.12/site-packages/comfyui_manager/custom-node-list.json
[2026-05-18 18:39:14.093] [info]   [DONE]

[2026-05-18 18:39:41.025] [info]  got prompt

[2026-05-18 18:39:41.110] [info]  [comfyui-cadabra] python: /Users/runner/.ce/.pixi/envs/cadabra-nodes/bin/python

[2026-05-18 18:39:41.115] [info]  [comfyui-cadabra] sys_path sent to worker: ['/Users/runner/.comfy-test-cache/desktop/ComfyUI.app/Contents/Resources/ComfyUI', '/Users/runner/Documents/ComfyUI/custom_nodes/comfyui-cadabra', '/Users/runner/.ce/.pixi/envs/cadabra-nodes/lib/python3.1/site-packages', '/Users/runner/Documents/ComfyUI/custom_nodes/comfyui-cadabra']

[2026-05-18 18:39:44.077] [error] [worker:comfyui-cadabra] ERROR: Failed to import comfy_kitchen, Error: No module named 'comfy_kitchen', fp8 and fp4 support will not be available.

[2026-05-18 18:39:58.601] [error] [comfyui-cadabra] Health check: ping (timeout=5.0s)...

[2026-05-18 18:39:58.627] [error] [comfyui-cadabra] Health check: ok

[2026-05-18 18:39:58.676] [error] [18:39:58] [CADabra] Starting: CAD Edge Analysis(edges=158)

[2026-05-18 18:39:58.678] [error] [worker:comfyui-cadabra] INFO: Starting: CAD Edge Analysis(edges=158)

[2026-05-18 18:39:58.721] [error] [18:39:58] [CADabra] Completed: CAD Edge Analysis(edges=158) in 0.04s

[2026-05-18 18:39:58.724] [error] [worker:comfyui-cadabra] INFO: Completed: CAD Edge Analysis(edges=158) in 0.04s

[2026-05-18 18:39:58.735] [error] [comfyui-cadabra] Health check: ping (timeout=5.0s)...

[2026-05-18 18:39:58.736] [error] [comfyui-cadabra] Health check: ok

[2026-05-18 18:39:58.748] [error] [comfyui-cadabra] Health check: ping (timeout=5.0s)...

[2026-05-18 18:39:58.751] [error] [comfyui-cadabra] Health check: ok

[2026-05-18 18:39:58.780] [info]  Prompt executed in 17.74 seconds

