[2026-05-12 15:29:30.442] [info]  setup plugin alembic.autogenerate.schemas
setup plugin alembic.autogenerate.tables
setup plugin alembic.autogenerate.types
setup plugin alembic.autogenerate.constraints
setup plugin alembic.autogenerate.defaults
setup plugin alembic.autogenerate.comments

[2026-05-12 15:29:30.651] [info]  Could not autodetect AIMDO implementation, assuming Nvidia

[2026-05-12 15:29:30.652] [info]  comfy-aimdo unsupported operating system: Darwin
NOTE: comfy-aimdo currently only supports Windows and Linux

[2026-05-12 15:29:30.982] [info]  Adding extra search path custom_nodes /Users/runner/Documents/ComfyUI/custom_nodes
Adding extra search path download_model_base /Users/runner/Documents/ComfyUI/models
Adding extra search path custom_nodes /Users/runner/.comfy-test-cache/desktop/ComfyUI.app/Contents/Resources/ComfyUI/custom_nodes
Setting output directory to: /Users/runner/Documents/ComfyUI/output
Setting input directory to: /Users/runner/Documents/ComfyUI/input

[2026-05-12 15:29:30.983] [info]  Setting user directory to: /Users/runner/Documents/ComfyUI/user

[2026-05-12 15:29:32.316] [info]  [START] Security scan
[DONE] Security scan
** ComfyUI startup time: 2026-05-12 15:29:32.315
** Platform: Darwin
** Python version: 
[2026-05-12 15:29:32.318] [info]  3.12.11 (main, Aug 18 2025, 19:02:39) [Clang 20.1.4 ]
** Python executable: /Users/runner/Documents/ComfyUI/.venv/bin/python
** ComfyUI Path: /Users/runner/.comfy-test-cache/desktop/ComfyUI.app/Contents/Resources/ComfyUI
** ComfyUI Base Folder Path: /Users/runner/.comfy-test-cache/desktop/ComfyUI.app/Contents/Resources/ComfyUI
** User directory: /Users/runner/Documents/ComfyUI/user
** ComfyUI-Manager config path: /Users/runner/Documents/ComfyUI/user/__manager/config.ini
** Log path: /Users/runner/Documents/ComfyUI/user/comfyui.log

[2026-05-12 15:29:33.018] [info]  [ComfyUI-Manager] Skipped fixing the 'comfyui-frontend-package' dependency because the ComfyUI is outdated.

[2026-05-12 15:29:33.021] [info]  [PRE] ComfyUI-Manager

[2026-05-12 15:29:39.017] [info]  Found comfy_kitchen backend cuda: {'available': False, 'disabled': True, 'unavailable_reason': 'Extension file not found: /Users/runner/Documents/ComfyUI/.venv/lib/python3.12/site-packages/comfy_kitchen/backends/cuda/_C.abi3.so', 'capabilities': []}
Found comfy_kitchen backend eager: {'available': True, 'disabled': False, 'unavailable_reason': None, 'capabilities': ['apply_rope', 'apply_rope1', 'dequantize_mxfp8', 'dequantize_nvfp4', 'dequantize_per_tensor_fp8', 'quantize_mxfp8', 'quantize_nvfp4', 'quantize_per_tensor_fp8', 'scaled_mm_mxfp8', 'scaled_mm_nvfp4']}

[2026-05-12 15:29:39.018] [info]  Found comfy_kitchen backend triton: {'available': False, 'disabled': True, 'unavailable_reason': "ImportError: No module named 'triton'", 'capabilities': []}

[2026-05-12 15:29:39.070] [info]  Checkpoint files will always be loaded safely.

[2026-05-12 15:29:39.167] [info]  Total VRAM 7168 MB, total RAM 7168 MB
pytorch version: 2.10.0

[2026-05-12 15:29:39.169] [info]  Mac Version (15, 7, 4)

[2026-05-12 15:29:39.172] [info]  Set vram state to: SHARED
Device: mps

[2026-05-12 15:29:40.474] [info]  Using sub quadratic optimization for attention, if you have memory or speed issues try using: --use-split-cross-attention

[2026-05-12 15:29:47.941] [info]  Python version: 3.12.11 (main, Aug 18 2025, 19:02:39) [Clang 20.1.4 ]

[2026-05-12 15:29:47.944] [info]  ComfyUI version: 0.21.0
comfy-aimdo version: 0.3.0

[2026-05-12 15:29:47.946] [info]  comfy-kitchen version: 0.2.8

[2026-05-12 15:29:47.948] [info]  [Prompt Server] web root: /Users/runner/.comfy-test-cache/desktop/ComfyUI.app/Contents/Resources/ComfyUI/web_custom_versions/desktop_app
Asset seeder disabled
[START] ComfyUI-Manager

[2026-05-12 15:29:48.325] [info]  [ComfyUI-Manager] Using GitPython backend
[2026-05-12 15:29:48.327] [info]  

[2026-05-12 15:29:48.454] [info]  [ComfyUI-Manager] network_mode: public

[2026-05-12 15:29:48.476] [info]  [ComfyUI-Manager] The matrix sharing feature has been disabled because the `matrix-nio` dependency is not installed.
	To use this feature, please run the following command:
	/Users/runner/Documents/ComfyUI/.venv/bin/python -m pip install matrix-nio


[2026-05-12 15:29:53.256] [info]  
Import times for custom nodes:

[2026-05-12 15:29:53.263] [info]     0.0 seconds: /Users/runner/.comfy-test-cache/desktop/ComfyUI.app/Contents/Resources/ComfyUI/custom_nodes/websocket_image_save.py


[2026-05-12 15:29:53.306] [info]  Context impl SQLiteImpl.

[2026-05-12 15:29:53.309] [info]  Will assume non-transactional DDL.

[2026-05-12 15:29:53.337] [info]  Context impl SQLiteImpl.

[2026-05-12 15:29:53.341] [info]  Will assume non-transactional DDL.

[2026-05-12 15:29:53.363] [info]  Running upgrade  -> 0001_assets, Initial assets schema
Revision ID: 0001_assets
Revises: None
Create Date: 2025-12-10 00:00:00

[2026-05-12 15:29:53.447] [info]  Running upgrade 0001_assets -> 0002_merge_to_asset_references, Merge AssetInfo and AssetCacheState into unified asset_references table.

[2026-05-12 15:29:53.502] [info]  Running upgrade 0002_merge_to_asset_references -> 0003_add_metadata_job_id, Add system_metadata and job_id columns to asset_references.
Change preview_id FK from assets.id to asset_references.id.

[2026-05-12 15:29:53.566] [info]  Database upgraded from None to 0003_add_metadata_job_id

[2026-05-12 15:29:53.683] [info]  Starting server


[2026-05-12 15:29:53.684] [info]  To see the GUI go to: http://127.0.0.1:8000

[2026-05-12 15:31:05.919] [info]  [ComfyUI-Manager] Using uv as Python module for pip operations.

[2026-05-12 15:31:07.252] [error]   0%|          | 0.00/2.91M [00:00<?, ?B/s]
[2026-05-12 15:31:07.329] [error] 100%|██████████| 2.91M/2.91M [00:00<00:00, 39.5MB/s]
[2026-05-12 15:31:07.331] [error] 

[2026-05-12 15:31:07.378] [info]  Extracted zip file to /Users/runner/Documents/ComfyUI/custom_nodes/comfyui-cadabra

[2026-05-12 15:31:07.383] [info]  Install: pip packages

[2026-05-12 15:31:07.536] [info]  
## ComfyUI-Manager: EXECUTE => 
['/Users/runner/Documents/ComfyUI/.venv/bin/python', '-m', 'uv', 'pip', 
'install', 'comfy-env==0.3.84']

[2026-05-12 15:31:07.647] [error] [!] Using Python 3.12.11 environment at: /Users/runner/Documents/ComfyUI/.venv

[2026-05-12 15:31:08.038] [error] [!]
[2026-05-12 15:31:08.040] [error]  Resolved 16 packages in 350ms

[2026-05-12 15:31:08.059] [error] [!] Downloading virtualenv (7.2MiB)

[2026-05-12 15:31:08.231] [error] [!]  Downloaded virtualenv

[2026-05-12 15:31:08.234] [error] [!] Prepared 12 packages in 189ms

[2026-05-12 15:31:08.255] [error] [!] Uninstalled 1 package in 19ms

[2026-05-12 15:31:08.337] [error] [!] Installed 12 packages in 83ms

[2026-05-12 15:31:08.344] [error] [!]  + cfgv==3.5.0
[!]  + comfy-env==0.3.84
[!]  + distlib==0.4.0
[!]  - filelock==3.20.3
[!]  + filelock==3.29.0
[!]  + identify==2.6.19
[!]  + nodeenv==1.10.0
[!]  + platformdirs==4.9.6
[!]  + pre-commit==4.6.0
[!]  + python-discovery==1.3.0
[!]  + tomli==2.4.1
[!]  + tomli-w==1.2.0
[!]  + virtualenv==21.3.2

[2026-05-12 15:31:08.370] [info]  
## ComfyUI-Manager: EXECUTE => 
['/Users/runner/Documents/ComfyUI/.venv/bin/python', '-m', 'uv', 'pip', 
'install', 'comfy-3d-viewers==0.2.44']

[2026-05-12 15:31:08.446] [error] [!]
[2026-05-12 15:31:08.447] [error]  Using Python 3.12.11 environment at: /Users/runner/Documents/ComfyUI/.venv

[2026-05-12 15:31:08.480] [error] [!]
[2026-05-12 15:31:08.483] [error]  Resolved 1 package in 25ms

[2026-05-12 15:31:08.487] [error] [!] Downloading comfy-3d-viewers (1.2MiB)

[2026-05-12 15:31:08.593] [error] [!]  Downloaded comfy-3d-viewers
[!] Prepared 1 package in 98ms

[2026-05-12 15:31:08.729] [error] [!] Installed 1 package in 146ms
[!]  + comfy-3d-viewers==0.2.44

[2026-05-12 15:31:08.734] [info]  
## ComfyUI-Manager: EXECUTE => 
['/Users/runner/Documents/ComfyUI/.venv/bin/python', '-m', 'uv', 'pip', 
'install', 'trimesh']

[2026-05-12 15:31:08.815] [error] [!] Using Python 3.12.11 environment at: /Users/runner/Documents/ComfyUI/.venv

[2026-05-12 15:31:09.080] [error] [!] 
[2026-05-12 15:31:09.081] [error] Resolved 31 packages in 257ms

[2026-05-12 15:31:09.104] [error] [!] Downloading lxml (8.2MiB)

[2026-05-12 15:31:09.112] [error] [!] Downloading embreex (4.9MiB)

[2026-05-12 15:31:09.135] [error] [!]
[2026-05-12 15:31:09.137] [error]  Downloading shapely (1.6MiB)

[2026-05-12 15:31:09.370] [error] [!]  Downloaded embreex

[2026-05-12 15:31:09.532] [error] [!]  Downloaded shapely

[2026-05-12 15:31:09.588] [error] [!] 
[2026-05-12 15:31:09.590] [error]  Downloaded lxml
[!] Prepared 18 packages in 501ms

[2026-05-12 15:31:09.760] [error] [!] Installed 18 packages in 168ms
[!]  + colorlog==6.10.1
[!]  + embreex==4.4.0
[!] 
[2026-05-12 15:31:09.763] [error]  + jsonschema==4.26.0
[!]  + jsonschema-specifications==2025.9.1
[!]  + lxml==6.1.0
[!]  + manifold3d==3.4.1
[!]  + mapbox-earcut==2.0.0
[!]  + pycollada==0.9.3
[!]  + python-dateutil==2.9.0.post0
[!]
[2026-05-12 15:31:09.764] [error]   + referencing==0.37.0
[!]  + rpds-py==0.30.0
[!]  + rtree==1.4.1
[!]  + shapely==2.1.2
[!]
[2026-05-12 15:31:09.765] [error]   + six==1.17.0
[!]  + svg-path==7.0
[!]  + trimesh==4.12.2
[!]  + vhacdx==0.0.10

[2026-05-12 15:31:09.769] [error] [!]
[2026-05-12 15:31:09.771] [error]   + xxhash==3.7.0

[2026-05-12 15:31:09.922] [info]  [ComfyUI-Manager] Skipped fixing the 'comfyui-frontend-package' dependency because the ComfyUI is outdated.

[2026-05-12 15:31:09.925] [info]  Install: install script

[2026-05-12 15:31:09.926] [info]  
## ComfyUI-Manager: EXECUTE => 
['/Users/runner/Documents/ComfyUI/.venv/bin/python', 'install.py']

[2026-05-12 15:31:10.246] [info]   
 Installing 2 node dependencies...
   Cloning ComfyUI-GeometryPack...

[2026-05-12 15:31:14.197] [info]     Installing requirements for ComfyUI-GeometryPack...

[2026-05-12 15:31:14.288] [info]     Running install.py for ComfyUI-GeometryPack...

[2026-05-12 15:31:14.539] [error] [!]
[2026-05-12 15:31:14.541] [error]  [comfy-env] pixi not found, downloading...

[2026-05-12 15:31:15.058] [error] [!] [comfy-env] pixi installed: /Users/runner/.pixi/bin/pixi

[2026-05-12 15:31:15.058] [info]   [comfy-env] _discover: scanning /Users/runner/Documents/ComfyUI/custom_nodes

[2026-05-12 15:31:15.075] [info]   [comfy-env] _discover: ComfyUI-GeometryPack -> geometrypack-nodes (custom_nodes/ComfyUI-GeometryPack/nodes/comfy-env.toml)

[2026-05-12 15:31:15.080] [info]   [comfy-env] _discover: comfyui-cadabra -> cadabra-nodes (custom_nodes/comfyui-cadabra/nodes/comfy-env.toml)

[2026-05-12 15:31:15.083] [info]   [comfy-env] Workspace: /Users/runner/.ce
 [comfy-env] ComfyUI: /Users/runner/Documents/ComfyUI
 [comfy-env] Found 2 node config(s):
   - geometrypack-nodes <- custom_nodes/ComfyUI-GeometryPack/nodes/comfy-env.toml (python=host)
   - cadabra-nodes <- custom_nodes/comfyui-cadabra/nodes/comfy-env.toml (python=3.12)

[2026-05-12 15:31:15.091] [info]   [comfy-env] Bootstrap interpreter has python 3.12 + torch 2.10.0 (cpu). Looking for cuda-only wheels matching cpu/torch2.10/cp312.

[2026-05-12 15:31:15.097] [info]   [comfy-env] Desktop app detected: source=/Users/runner/.comfy-test-cache/desktop/ComfyUI.app/Contents/Resources/ComfyUI, data=/Users/runner/Documents/ComfyUI

[2026-05-12 15:31:15.109] [info]   Generated /Users/runner/.ce/pixi.toml
 [comfy-env] Installing 2 environment(s):
   - geometrypack-nodes (python=host, 14 pypi deps, 1 cuda wheels)
   - cadabra-nodes (python=3.12, 11 pypi deps)
 [comfy-env] Running `pixi install -e geometrypack-nodes -e cadabra-nodes`...

[2026-05-12 15:31:35.204] [info]  FETCH ComfyRegistry Data [DONE]

[2026-05-12 15:31:35.534] [info]  [ComfyUI-Manager] default cache updated: https://api.comfy.org/nodes

[2026-05-12 15:31:35.564] [info]  FETCH DATA from: /Users/runner/Documents/ComfyUI/user/__manager/cache/1514988643_custom-node-list.json
[2026-05-12 15:31:35.582] [info]   [DONE]
[2026-05-12 15:31:35.583] [info]  

[2026-05-12 15:31:35.634] [info]  [ComfyUI-Manager] All startup tasks have been completed.

[2026-05-12 15:32:05.036] [info]      WARN Skipped running the post-link scripts because `run-post-link-scripts` = `false`

[2026-05-12 15:32:05.057] [info]     	- bin/.librsvg-pre-unlink.sh
   To enable them, run:
   	pixi config set --local run-post-link-scripts insecure
   More info:
   	https://pixi.sh/latest/reference/pixi_configuration/#run-post-link-scripts

[2026-05-12 15:32:49.003] [info]      WARN Skipped running the post-link scripts because `run-post-link-scripts` = `false`

[2026-05-12 15:32:49.015] [info]     	- bin/.librsvg-pre-unlink.sh
   To enable them, run:
   	pixi config set --local run-post-link-scripts insecure
   More info:
   	https://pixi.sh/latest/reference/pixi_configuration/#run-post-link-scripts

[2026-05-12 15:32:53.634] [info]     ✔ The following environments have been installed: geometrypack-nodes, cadabra-nodes.

[2026-05-12 15:32:53.793] [info]   [comfy-env] geometrypack-nodes: deduped libomp

[2026-05-12 15:32:54.054] [info]   [comfy-env] cadabra-nodes: deduped libomp

[2026-05-12 15:32:54.056] [info]   [comfy-env] Recorded install hash 18a40213485e -> /Users/runner/.ce/install.hash
 [comfy-env] Install log: /Users/runner/.ce/install.log
 
 Installation complete!

[2026-05-12 15:32:54.131] [info]     Cloning ComfyUI-Multiband...

[2026-05-12 15:32:54.696] [info]   
[2026-05-12 15:32:54.698] [info]    Installing requirements for ComfyUI-Multiband...

[2026-05-12 15:32:55.050] [info]   

[2026-05-12 15:32:55.051] [info]   [requirements] Re-installing main package requirements...
   Installing requirements for comfyui-cadabra...

[2026-05-12 15:32:55.132] [info]   [comfy-env] _discover: scanning /Users/runner/Documents/ComfyUI/custom_nodes

[2026-05-12 15:32:55.144] [info]   [comfy-env] _discover: ComfyUI-GeometryPack -> geometrypack-nodes (custom_nodes/ComfyUI-GeometryPack/nodes/comfy-env.toml)

[2026-05-12 15:32:55.148] [info]   [comfy-env] _discover: ComfyUI-Multiband: no comfy-env.toml found

[2026-05-12 15:32:55.151] [info]   [comfy-env] _discover: comfyui-cadabra -> cadabra-nodes (custom_nodes/comfyui-cadabra/nodes/comfy-env.toml)

[2026-05-12 15:32:55.154] [info]   [comfy-env] Workspace inputs unchanged (hash 18a40213485e) -- skipping install. Delete /Users/runner/.ce/install.hash to force.
 
 Installation complete!

[2026-05-12 15:32:56.657] [info]  
Restarting... [Legacy Mode]


Command: ['/Users/runner/Documents/ComfyUI/.venv/bin/python', '/Users/runner/.comfy-test-cache/desktop/ComfyUI.app/Contents/Resources/ComfyUI/main.py', '--user-directory', '/Users/runner/Documents/ComfyUI/user', '--input-directory', '/Users/runner/Documents/ComfyUI/input', '--output-directory', '/Users/runner/Documents/ComfyUI/output', '--front-end-root', '/Users/runner/.comfy-test-cache/desktop/ComfyUI.app/Contents/Resources/ComfyUI/web_custom_versions/desktop_app', '--base-directory', '/Users/runner/Documents/ComfyUI', '--database-url', 'sqlite:////Users/runner/Documents/ComfyUI/user/comfyui.db', '--extra-model-paths-config', '/Users/runner/Library/Application Support/ComfyUI/extra_models_config.yaml', '--log-stdout', '--listen', '127.0.0.1', '--port', '8000', '--enable-manager']

[2026-05-12 15:32:56.750] [error] /Users/runner/.local/share/uv/python/cpython-3.12.11-macos-aarch64-none/lib/python3.12/multiprocessing/resource_tracker.py:279: UserWarning: resource_tracker: There appear to be 1 leaked semaphore objects to clean up at shutdown
  warnings.warn('resource_tracker: There appear to be %d '

[2026-05-12 15:32:57.606] [info]  setup plugin alembic.autogenerate.schemas

[2026-05-12 15:32:57.609] [info]  setup plugin alembic.autogenerate.tables
setup plugin alembic.autogenerate.types
setup plugin alembic.autogenerate.constraints
setup plugin alembic.autogenerate.defaults
setup plugin alembic.autogenerate.comments

[2026-05-12 15:32:57.709] [info]  Could not autodetect AIMDO implementation, assuming Nvidia
comfy-aimdo unsupported operating system: Darwin
NOTE: comfy-aimdo currently only supports Windows and Linux

[2026-05-12 15:32:57.998] [info]  Adding extra search path custom_nodes /Users/runner/Documents/ComfyUI/custom_nodes
Adding extra search path download_model_base /Users/runner/Documents/ComfyUI/models
Adding extra search path custom_nodes /Users/runner/.comfy-test-cache/desktop/ComfyUI.app/Contents/Resources/ComfyUI/custom_nodes
Setting output directory to: /Users/runner/Documents/ComfyUI/output
Setting input directory to: /Users/runner/Documents/ComfyUI/input
Setting user directory to: /Users/runner/Documents/ComfyUI/user

[2026-05-12 15:32:58.549] [info]  [START] Security scan
[ComfyUI-Manager] Using uv as Python module for pip operations.

[2026-05-12 15:32:58.666] [info]  [DONE] Security scan
** ComfyUI startup time: 2026-05-12 15:32:58.665
** Platform: Darwin
** Python version: 3.12.11 (main, Aug 18 2025, 19:02:39) [Clang 20.1.4 ]
[2026-05-12 15:32:58.668] [info]  
** Python executable: /Users/runner/Documents/ComfyUI/.venv/bin/python
** ComfyUI Path: /Users/runner/.comfy-test-cache/desktop/ComfyUI.app/Contents/Resources/ComfyUI
** ComfyUI Base Folder Path: /Users/runner/.comfy-test-cache/desktop/ComfyUI.app/Contents/Resources/ComfyUI
** User directory: /Users/runner/Documents/ComfyUI/user
** ComfyUI-Manager config path: /Users/runner/Documents/ComfyUI/user/__manager/config.ini
** Log path: /Users/runner/Documents/ComfyUI/user/comfyui.log

[2026-05-12 15:32:58.869] [info]  [ComfyUI-Manager] Skipped fixing the 'comfyui-frontend-package' dependency because the ComfyUI is outdated.
[PRE] ComfyUI-Manager

[2026-05-12 15:32:59.178] [error] [comfy-env] comfyui-cadabra: 1 isolation env(s):

[2026-05-12 15:32:59.179] [error] [comfy-env]   nodes -> /Users/runner/Documents/ComfyUI/custom_nodes/comfyui-cadabra/nodes

[2026-05-12 15:33:01.168] [error] [comfy-env] prestartup complete

[2026-05-12 15:33:01.303] [error] [comfy-env] ComfyUI-GeometryPack: 1 isolation env(s):
[comfy-env]   nodes -> /Users/runner/Documents/ComfyUI/custom_nodes/ComfyUI-GeometryPack/nodes

[2026-05-12 15:33:01.308] [error] [comfy-env] prestartup complete
[2026-05-12 15:33:01.310] [error] 

[2026-05-12 15:33:01.653] [info]  WARNING: Potential Error in code: Torch already imported, torch should never be imported before this point.

[2026-05-12 15:33:03.620] [info]  Found comfy_kitchen backend triton: {'available': False, 'disabled': True, 'unavailable_reason': "ImportError: No module named 'triton'", 'capabilities': []}
Found comfy_kitchen backend cuda: {'available': False, 'disabled': True, 'unavailable_reason': 'Extension file not found: /Users/runner/Documents/ComfyUI/.venv/lib/python3.12/site-packages/comfy_kitchen/backends/cuda/_C.abi3.so', 'capabilities': []}
Found comfy_kitchen backend eager: {'available': True, 'disabled': False, 'unavailable_reason': None, 'capabilities': ['apply_rope', 'apply_rope1', 'dequantize_mxfp8', 'dequantize_nvfp4', 'dequantize_per_tensor_fp8', 'quantize_mxfp8', 'quantize_nvfp4', 'quantize_per_tensor_fp8', 'scaled_mm_mxfp8', 'scaled_mm_nvfp4']}

[2026-05-12 15:33:03.639] [info]  Checkpoint files will always be loaded safely.

[2026-05-12 15:33:03.720] [info]  Total VRAM 7168 MB, total RAM 7168 MB

[2026-05-12 15:33:03.724] [info]  pytorch version: 2.10.0

[2026-05-12 15:33:03.755] [info]  Mac Version (15, 7, 4)

[2026-05-12 15:33:03.760] [info]  Set vram state to: SHARED

[2026-05-12 15:33:03.761] [info]  Device: mps

[2026-05-12 15:33:04.641] [info]  Using sub quadratic optimization for attention, if you have memory or speed issues try using: --use-split-cross-attention

[2026-05-12 15:33:10.373] [info]  Python version: 3.12.11 (main, Aug 18 2025, 19:02:39) [Clang 20.1.4 ]
ComfyUI version: 0.21.0

[2026-05-12 15:33:10.381] [info]  comfy-aimdo version: 0.3.0
comfy-kitchen version: 0.2.8
[Prompt Server] web root: /Users/runner/.comfy-test-cache/desktop/ComfyUI.app/Contents/Resources/ComfyUI/web_custom_versions/desktop_app
Asset seeder disabled
[START] ComfyUI-Manager

[2026-05-12 15:33:10.604] [info]  [ComfyUI-Manager] Using GitPython backend

[2026-05-12 15:33:10.802] [info]  [ComfyUI-Manager] network_mode: public
[ComfyUI-Manager] The matrix sharing feature has been disabled because the `matrix-nio` dependency is not installed.
	To use this feature, please run the following command:
	/Users/runner/Documents/ComfyUI/.venv/bin/python -m pip install matrix-nio


[2026-05-12 15:33:12.756] [error] [comfy-env] Version: 0.3.84
[2026-05-12 15:33:12.758] [error] 

[2026-05-12 15:33:13.002] [error] [comfy-env] register_nodes: comfyui-cadabra

[2026-05-12 15:33:13.006] [error] [comfy-env] ComfyUI source dir: /Users/runner/.comfy-test-cache/desktop/ComfyUI.app/Contents/Resources/ComfyUI

[2026-05-12 15:33:13.029] [error] [comfy-env] Scanning nodes metadata (isolation root)...

[2026-05-12 15:33:44.070] [error] [comfy-env] Scanned nodes: 39 nodes (31.0s)

[2026-05-12 15:33:44.081] [error] [comfy-env] Scanned nodes root: 39 nodes (31.0s)
[comfy-env] Imported nodes root: 39 nodes (isolation)

[2026-05-12 15:33:44.084] [error] [comfy-env] Registered 39 total nodes

[2026-05-12 15:33:44.103] [info]  loading...

[2026-05-12 15:33:44.106] [info]  calling register_nodes

[2026-05-12 15:33:44.109] [error] [comfy-env] Version: 0.3.84
[2026-05-12 15:33:44.113] [error] 

[2026-05-12 15:33:44.266] [error] [comfy-env] register_nodes: ComfyUI-GeometryPack

[2026-05-12 15:33:44.285] [error] [comfy-env] ComfyUI source dir: /Users/runner/.comfy-test-cache/desktop/ComfyUI.app/Contents/Resources/ComfyUI

[2026-05-12 15:33:44.438] [error] [comfy-env] Scanning nodes metadata (isolation root)...

[2026-05-12 15:34:01.899] [error] [comfy-env] Scanned nodes: 125 nodes (17.4s)

[2026-05-12 15:34:01.906] [error] [comfy-env] Scanned nodes root: 125 nodes (17.5s)

[2026-05-12 15:34:01.913] [error] [comfy-env] Imported nodes root: 125 nodes (isolation)
[2026-05-12 15:34:01.915] [error] 

[2026-05-12 15:34:01.916] [error] [comfy-env] Registered 125 total nodes
[2026-05-12 15:34:01.917] [error] 

[2026-05-12 15:34:02.891] [info]  ComfyUI-Multiband loaded: 15 nodes registered

[2026-05-12 15:34:02.896] [info]  
Import times for custom nodes:

[2026-05-12 15:34:02.899] [info]     0.0 seconds: /Users/runner/.comfy-test-cache/desktop/ComfyUI.app/Contents/Resources/ComfyUI/custom_nodes/websocket_image_save.py
   1.0 seconds: /Users/runner/Documents/ComfyUI/custom_nodes/ComfyUI-Multiband
  17.8 seconds: /Users/runner/Documents/ComfyUI/custom_nodes/ComfyUI-GeometryPack
  31.3 seconds: /Users/runner/Documents/ComfyUI/custom_nodes/comfyui-cadabra


[2026-05-12 15:34:02.909] [info]  Context impl SQLiteImpl.

[2026-05-12 15:34:02.913] [info]  Will assume non-transactional DDL.

[2026-05-12 15:34:03.244] [info]  Starting server


[2026-05-12 15:34:03.245] [info]  To see the GUI go to: http://127.0.0.1:8000

[2026-05-12 15:34:07.297] [info]  [ComfyUI-Manager] The ComfyRegistry cache update is still in progress, so an outdated cache is being used.

[2026-05-12 15:34:07.370] [info]  FETCH DATA from: /Users/runner/Documents/ComfyUI/.venv/lib/python3.12/site-packages/comfyui_manager/custom-node-list.json
[2026-05-12 15:34:07.449] [info]   [DONE]

[2026-05-12 15:34:10.242] [info]  [ComfyUI-Manager] The ComfyRegistry cache update is still in progress, so an outdated cache is being used.

[2026-05-12 15:34:10.327] [info]  FETCH DATA from: /Users/runner/Documents/ComfyUI/.venv/lib/python3.12/site-packages/comfyui_manager/custom-node-list.json
[2026-05-12 15:34:10.342] [info]   [DONE]

[2026-05-12 15:34:15.781] [info]  [ComfyUI-Manager] The ComfyRegistry cache update is still in progress, so an outdated cache is being used.

[2026-05-12 15:34:15.873] [info]  FETCH DATA from: /Users/runner/Documents/ComfyUI/.venv/lib/python3.12/site-packages/comfyui_manager/custom-node-list.json
[2026-05-12 15:34:15.902] [info]   [DONE]

[2026-05-12 15:34:36.092] [info]  got prompt

[2026-05-12 15:34:36.135] [info]  [comfyui-cadabra] python: /Users/runner/.ce/.pixi/envs/cadabra-nodes/bin/python
[comfyui-cadabra] sys_path sent to worker: ['/Users/runner/.comfy-test-cache/desktop/ComfyUI.app/Contents/Resources/ComfyUI', '/Users/runner/Documents/ComfyUI/custom_nodes/comfyui-cadabra', '/Users/runner/.ce/.pixi/envs/cadabra-nodes/lib/python3.1/site-packages', '/Users/runner/Documents/ComfyUI/custom_nodes/comfyui-cadabra']

[2026-05-12 15:34:38.238] [error] [worker:comfyui-cadabra] ERROR: Failed to import comfy_kitchen, Error: No module named 'comfy_kitchen', fp8 and fp4 support will not be available.

[2026-05-12 15:34:51.078] [info]  FETCH ComfyRegistry Data [DONE]

[2026-05-12 15:34:51.388] [info]  [ComfyUI-Manager] default cache updated: https://api.comfy.org/nodes

[2026-05-12 15:34:51.456] [info]  FETCH DATA from: /Users/runner/Documents/ComfyUI/user/__manager/cache/1514988643_custom-node-list.json
[2026-05-12 15:34:51.485] [info]   [DONE]

[2026-05-12 15:34:51.530] [info]  [ComfyUI-Manager] All startup tasks have been completed.

[2026-05-12 15:34:52.748] [error] [15:34:52] [CADabra] Starting: IGES ReadFile(file=bellow_pipe.igs)

[2026-05-12 15:34:52.752] [error] [worker:comfyui-cadabra] INFO: Starting: IGES ReadFile(file=bellow_pipe.igs)

[2026-05-12 15:34:52.802] [error] [15:34:52] [CADabra] Completed: IGES ReadFile(file=bellow_pipe.igs) in 0.06s

[2026-05-12 15:34:52.804] [error] [worker:comfyui-cadabra] INFO: Completed: IGES ReadFile(file=bellow_pipe.igs) in 0.06s

[2026-05-12 15:34:52.806] [error] [15:34:52] [CADabra] Starting: IGES TransferRoots(file=bellow_pipe.igs)

[2026-05-12 15:34:52.807] [error] [worker:comfyui-cadabra] INFO: Starting: IGES TransferRoots(file=bellow_pipe.igs)

[2026-05-12 15:34:53.805] [error] [15:34:53] [CADabra] Completed: IGES TransferRoots(file=bellow_pipe.igs) in 1.00s

[2026-05-12 15:34:53.806] [error] [worker:comfyui-cadabra] INFO: Completed: IGES TransferRoots(file=bellow_pipe.igs) in 1.00s

[2026-05-12 15:34:53.864] [error] [comfyui-cadabra] Health check: ping (timeout=5.0s)...

[2026-05-12 15:34:53.871] [error] [comfyui-cadabra] Health check: ok
[2026-05-12 15:34:53.872] [error] 

[2026-05-12 15:34:53.947] [error] [15:34:53] [CADabra] Starting: BRepMesh(linear_deflection=0.1, angular_deflection=0.5)

[2026-05-12 15:34:53.950] [error] [worker:comfyui-cadabra] INFO: Starting: BRepMesh(linear_deflection=0.1, angular_deflection=0.5)

[2026-05-12 15:34:58.052] [error] [15:34:58] [CADabra] Completed: BRepMesh(linear_deflection=0.1, angular_deflection=0.5) in 4.10s

[2026-05-12 15:34:58.057] [error] [worker:comfyui-cadabra] INFO: Completed: BRepMesh(linear_deflection=0.1, angular_deflection=0.5) in 4.10s

[2026-05-12 15:35:05.841] [error] [comfyui-cadabra] Health check: ping (timeout=5.0s)...
[2026-05-12 15:35:05.853] [error] 
[comfyui-cadabra] Health check: ok

[2026-05-12 15:35:07.940] [error] Error   : Gmsh has not been initialized

[2026-05-12 15:35:07.946] [error] Error   : Gmsh has not been initialized

[2026-05-12 15:35:08.022] [info]  Prompt executed in 31.93 seconds

