[2026-05-19 11:52:34.433] [info]  setup plugin alembic.autogenerate.schemas
setup plugin alembic.autogenerate.tables
setup plugin alembic.autogenerate.types

[2026-05-19 11:52:34.449] [info]  setup plugin alembic.autogenerate.constraints
setup plugin alembic.autogenerate.defaults
setup plugin alembic.autogenerate.comments

[2026-05-19 11:52:34.715] [info]  Could not autodetect AIMDO implementation, assuming Nvidia
comfy-aimdo unsupported operating system: Darwin

[2026-05-19 11:52:34.718] [info]  NOTE: comfy-aimdo currently only supports Windows and Linux

[2026-05-19 11:52:35.082] [info]  Adding extra search path custom_nodes /Users/runner/Documents/ComfyUI/custom_nodes
Adding extra search path download_model_base /Users/runner/Documents/ComfyUI/models
Adding extra search path custom_nodes /Users/runner/.comfy-test-cache/desktop/ComfyUI.app/Contents/Resources/ComfyUI/custom_nodes
Setting output directory to: /Users/runner/Documents/ComfyUI/output

[2026-05-19 11:52:35.092] [info]  Setting input directory to: /Users/runner/Documents/ComfyUI/input
Setting user directory to: /Users/runner/Documents/ComfyUI/user

[2026-05-19 11:52:36.026] [info]  [START] Security scan
[ComfyUI-Manager] Using uv as Python module for pip operations.

[2026-05-19 11:52:36.447] [info]  [DONE] Security scan
** ComfyUI startup time: 2026-05-19 11:52:36.446

[2026-05-19 11:52:36.450] [info]  ** Platform: Darwin
** Python version: 3.12.11 (main, Aug 18 2025, 19:02:39) [Clang 20.1.4 ]
** Python executable: /Users/runner/Documents/ComfyUI/.venv/bin/python
** ComfyUI Path: /Users/runner/.comfy-test-cache/desktop/ComfyUI.app/Contents/Resources/ComfyUI
** ComfyUI Base Folder Path: /Users/runner/.comfy-test-cache/desktop/ComfyUI.app/Contents/Resources/ComfyUI
** User directory: /Users/runner/Documents/ComfyUI/user
** ComfyUI-Manager config path: /Users/runner/Documents/ComfyUI/user/__manager/config.ini
** Log path: /Users/runner/Documents/ComfyUI/user/comfyui.log

[2026-05-19 11:52:36.602] [info]  [ComfyUI-Manager] Skipped fixing the 'comfyui-frontend-package' dependency because the ComfyUI is outdated.

[2026-05-19 11:52:36.603] [info]  [PRE] ComfyUI-Manager

[2026-05-19 11:52:37.108] [error] [comfy-env] comfyui-cadabra: 1 isolation env(s):
[comfy-env]   nodes -> /Users/runner/Documents/ComfyUI/custom_nodes/comfyui-cadabra/nodes

[2026-05-19 11:52:37.116] [error] [comfy-env] Workspace: /Users/runner/.ce
[comfy-env]     env: /Users/runner/.ce/.pixi/envs/cadabra-nodes  [OK]

[2026-05-19 11:52:39.296] [error] [comfy-env] prestartup complete

[2026-05-19 11:52:39.341] [error] [comfy-env] ComfyUI-GeometryPack: 1 isolation env(s):
[comfy-env]   nodes -> /Users/runner/Documents/ComfyUI/custom_nodes/ComfyUI-GeometryPack/nodes
[2026-05-19 11:52:39.342] [error] 

[2026-05-19 11:52:39.344] [error] [comfy-env]     env: /Users/runner/.ce/.pixi/envs/geometrypack-nodes  [OK]

[2026-05-19 11:52:39.355] [error] [comfy-env] prestartup complete

[2026-05-19 11:52:39.399] [info]  WARNING: Potential Error in code: Torch already imported, torch should never be imported before this point.

[2026-05-19 11:52:41.704] [info]  Found comfy_kitchen backend triton: {'available': False, 'disabled': True, 'unavailable_reason': "ImportError: No module named 'triton'", 'capabilities': []}
Found comfy_kitchen backend cuda: {'available': False, 'disabled': True, 'unavailable_reason': 'Extension file not found: /Users/runner/Documents/ComfyUI/.venv/lib/python3.12/site-packages/comfy_kitchen/backends/cuda/_C.abi3.so', 'capabilities': []}

[2026-05-19 11:52:41.709] [info]  Found comfy_kitchen backend eager: {'available': True, 'disabled': False, 'unavailable_reason': None, 'capabilities': ['apply_rope', 'apply_rope1', 'dequantize_mxfp8', 'dequantize_nvfp4', 'dequantize_per_tensor_fp8', 'quantize_mxfp8', 'quantize_nvfp4', 'quantize_per_tensor_fp8', 'scaled_mm_mxfp8', 'scaled_mm_nvfp4']}

[2026-05-19 11:52:41.733] [info]  Checkpoint files will always be loaded safely.

[2026-05-19 11:52:41.804] [info]  Total VRAM 7168 MB, total RAM 7168 MB
pytorch version: 2.10.0

[2026-05-19 11:52:41.823] [info]  Mac Version (15, 7, 4)

[2026-05-19 11:52:41.825] [info]  Set vram state to: SHARED
Device: mps

[2026-05-19 11:52:42.636] [info]  Using sub quadratic optimization for attention, if you have memory or speed issues try using: --use-split-cross-attention

[2026-05-19 11:52:48.397] [info]  Python version: 3.12.11 (main, Aug 18 2025, 19:02:39) [Clang 20.1.4 ]

[2026-05-19 11:52:48.402] [info]  ComfyUI version: 0.21.1
comfy-aimdo version: 0.3.0
comfy-kitchen version: 0.2.8

[2026-05-19 11:52:48.408] [info]  [Prompt Server] web root: /Users/runner/.comfy-test-cache/desktop/ComfyUI.app/Contents/Resources/ComfyUI/web_custom_versions/desktop_app

[2026-05-19 11:52:48.411] [info]  Asset seeder disabled

[2026-05-19 11:52:48.414] [info]  [START] ComfyUI-Manager

[2026-05-19 11:52:48.716] [info]  [ComfyUI-Manager] Using GitPython backend
[2026-05-19 11:52:48.718] [info]  

[2026-05-19 11:52:48.797] [info]  [ComfyUI-Manager] network_mode: public

[2026-05-19 11:52:48.815] [info]  [ComfyUI-Manager] The matrix sharing feature has been disabled because the `matrix-nio` dependency is not installed.
	To use this feature, please run the following command:
	/Users/runner/Documents/ComfyUI/.venv/bin/python -m pip install matrix-nio


[2026-05-19 11:52:51.507] [error] [comfy-env] Version: 0.3.89
[2026-05-19 11:52:51.509] [error] 

[2026-05-19 11:52:51.509] [info]  [comfy-env] Removed stale socket: /var/folders/tb/y368xp_x10s3ty1b_mtl5mxr0000gn/T/comfy_worker_d347cae68e32.sock
[comfy-env] Removed stale socket: /var/folders/tb/y368xp_x10s3ty1b_mtl5mxr0000gn/T/comfy_worker_5986e217d261.sock

[2026-05-19 11:52:51.605] [info]  [comfy-env] Removed stale temp dir: /var/folders/tb/y368xp_x10s3ty1b_mtl5mxr0000gn/T/comfyui_pvenv_ftkocqyq
[2026-05-19 11:52:51.606] [info]  

[2026-05-19 11:52:51.629] [info]  [comfy-env] Removed stale temp dir: /var/folders/tb/y368xp_x10s3ty1b_mtl5mxr0000gn/T/comfyui_pvenv_8y9n_1_p

[2026-05-19 11:52:51.828] [error] [comfy-env] register_nodes: comfyui-cadabra
[2026-05-19 11:52:51.830] [error] 

[2026-05-19 11:52:51.831] [error] [comfy-env] ComfyUI source dir: /Users/runner/.comfy-test-cache/desktop/ComfyUI.app/Contents/Resources/ComfyUI

[2026-05-19 11:52:52.018] [error] [comfy-env] Scanning nodes metadata (isolation root)...
[2026-05-19 11:52:52.019] [error] 

[2026-05-19 11:52:52.023] [error] [comfy-env] Cache hit for nodes: 39 nodes
[2026-05-19 11:52:52.026] [error] 

[2026-05-19 11:52:52.029] [error] [comfy-env] Scanned nodes root: 39 nodes (0.0s)
[comfy-env] Imported nodes root: 39 nodes (isolation)

[2026-05-19 11:52:52.030] [error] [comfy-env] Registered 39 total nodes
[2026-05-19 11:52:52.031] [error] 

[2026-05-19 11:52:52.035] [info]  loading...
calling register_nodes

[2026-05-19 11:52:52.037] [error] [comfy-env] Version: 0.3.89
[2026-05-19 11:52:52.044] [error] 

[2026-05-19 11:52:52.110] [error] [comfy-env] register_nodes: ComfyUI-GeometryPack

[2026-05-19 11:52:52.126] [error] [comfy-env] ComfyUI source dir: /Users/runner/.comfy-test-cache/desktop/ComfyUI.app/Contents/Resources/ComfyUI
[2026-05-19 11:52:52.133] [error] 

[2026-05-19 11:52:52.320] [error] [comfy-env] Scanning nodes metadata (isolation root)...

[2026-05-19 11:52:52.338] [error] [comfy-env] Cache hit for nodes: 125 nodes

[2026-05-19 11:52:52.339] [error] [comfy-env] Scanned nodes root: 125 nodes (0.0s)

[2026-05-19 11:52:52.342] [error] [comfy-env] Imported nodes root: 125 nodes (isolation)
[2026-05-19 11:52:52.345] [error] 
[comfy-env] Registered 125 total nodes

[2026-05-19 11:52:52.392] [info]  ComfyUI-Multiband loaded: 15 nodes registered

[2026-05-19 11:52:52.398] [info]  
Import times for custom nodes:

[2026-05-19 11:52:52.400] [info]     0.0 seconds: /Users/runner/.comfy-test-cache/desktop/ComfyUI.app/Contents/Resources/ComfyUI/custom_nodes/websocket_image_save.py
   0.0 seconds: /Users/runner/Documents/ComfyUI/custom_nodes/ComfyUI-Multiband
   0.3 seconds: /Users/runner/Documents/ComfyUI/custom_nodes/ComfyUI-GeometryPack
   0.5 seconds: /Users/runner/Documents/ComfyUI/custom_nodes/comfyui-cadabra


[2026-05-19 11:52:52.407] [info]  Context impl SQLiteImpl.
Will assume non-transactional DDL.

[2026-05-19 11:52:52.504] [info]  Starting server


[2026-05-19 11:52:52.506] [info]  To see the GUI go to: http://127.0.0.1:8000

[2026-05-19 11:52:54.519] [info]  [ComfyUI-Manager] The ComfyRegistry cache update is still in progress, so an outdated cache is being used.

[2026-05-19 11:52:54.684] [info]  FETCH DATA from: /Users/runner/Documents/ComfyUI/.venv/lib/python3.12/site-packages/comfyui_manager/custom-node-list.json
[2026-05-19 11:52:54.731] [info]   [DONE]

[2026-05-19 11:53:00.301] [info]  [ComfyUI-Manager] The ComfyRegistry cache update is still in progress, so an outdated cache is being used.

[2026-05-19 11:53:00.488] [info]  FETCH DATA from: /Users/runner/Documents/ComfyUI/.venv/lib/python3.12/site-packages/comfyui_manager/custom-node-list.json
[2026-05-19 11:53:00.546] [info]   [DONE]

[2026-05-19 11:53:23.086] [info]  got prompt

[2026-05-19 11:53:23.119] [info]  WARNING: stat: path should be string, bytes, os.PathLike or integer, not NoneType

[2026-05-19 11:53:23.159] [info]  [comfyui-cadabra] python: /Users/runner/.ce/.pixi/envs/cadabra-nodes/bin/python
[comfyui-cadabra] sys_path sent to worker: ['/Users/runner/.comfy-test-cache/desktop/ComfyUI.app/Contents/Resources/ComfyUI', '/Users/runner/Documents/ComfyUI/custom_nodes/comfyui-cadabra', '/Users/runner/.ce/.pixi/envs/cadabra-nodes/lib/python3.1/site-packages', '/Users/runner/Documents/ComfyUI/custom_nodes/comfyui-cadabra']

[2026-05-19 11:53:26.814] [error] [worker:comfyui-cadabra] ERROR: Failed to import comfy_kitchen, Error: No module named 'comfy_kitchen', fp8 and fp4 support will not be available.

[2026-05-19 11:53:41.703] [error] [11:53:41] [CADabra] Starting: STEP ReadFile(file=wc.STEP)

[2026-05-19 11:53:41.721] [error] [worker:comfyui-cadabra] INFO: Starting: STEP ReadFile(file=wc.STEP)

[2026-05-19 11:53:41.825] [error] [11:53:41] [CADabra] Completed: STEP ReadFile(file=wc.STEP) in 0.13s

[2026-05-19 11:53:41.827] [error] [11:53:41] [CADabra] Starting: STEP TransferRoots(file=wc.STEP)
[worker:comfyui-cadabra] INFO: Completed: STEP ReadFile(file=wc.STEP) in 0.13s
[worker:comfyui-cadabra] INFO: Starting: STEP TransferRoots(file=wc.STEP)

[2026-05-19 11:53:42.246] [error] [11:53:42] [CADabra] Completed: STEP TransferRoots(file=wc.STEP) in 0.42s
[worker:comfyui-cadabra] INFO: Completed: STEP TransferRoots(file=wc.STEP) in 0.42s

[2026-05-19 11:53:42.301] [error] [comfyui-cadabra] Health check: ping (timeout=5.0s)...

[2026-05-19 11:53:42.328] [error] [comfyui-cadabra] Health check: ok

[2026-05-19 11:53:42.378] [error] [11:53:42] [CADabra] Starting: BRepMesh(linear_deflection=0.1, angular_deflection=0.5)

[2026-05-19 11:53:42.379] [error] [worker:comfyui-cadabra] INFO: Starting: BRepMesh(linear_deflection=0.1, angular_deflection=0.5)

[2026-05-19 11:53:42.992] [error] [11:53:42] [CADabra] Completed: BRepMesh(linear_deflection=0.1, angular_deflection=0.5) in 0.61s

[2026-05-19 11:53:42.994] [error] [worker:comfyui-cadabra] INFO: Completed: BRepMesh(linear_deflection=0.1, angular_deflection=0.5) in 0.61s

[2026-05-19 11:53:43.899] [error] [comfyui-cadabra] Health check: ping (timeout=5.0s)...

[2026-05-19 11:53:43.902] [error] [comfyui-cadabra] Health check: ok

[2026-05-19 11:53:43.955] [error] [comfyui-cadabra] Health check: ping (timeout=5.0s)...

[2026-05-19 11:53:43.986] [error] [comfyui-cadabra] Health check: ok

[2026-05-19 11:53:44.031] [error] [comfyui-cadabra] Health check: ping (timeout=5.0s)...

[2026-05-19 11:53:44.034] [error] [comfyui-cadabra] Health check: ok

[2026-05-19 11:53:44.178] [error] [comfyui-cadabra] Health check: ping (timeout=5.0s)...

[2026-05-19 11:53:44.186] [error] [comfyui-cadabra] Health check: ok

[2026-05-19 11:53:52.092] [info]  PreviewMultibandImage: Batch=1, Channels=13, Names=['height', 'normal_x', 'normal_y', 'normal_z', 'position_x', 'position_y', 'position_z', 'face_id', 'curv_gauss', 'curv_mean', 'curv_min', 'curv_max', 'hit_mask']

[2026-05-19 11:53:52.516] [info]  Prompt executed in 29.42 seconds

