[2026-05-19 11:55:28.695] [info]  setup plugin alembic.autogenerate.schemas
setup plugin alembic.autogenerate.tables
setup plugin alembic.autogenerate.types
setup plugin alembic.autogenerate.constraints
setup plugin alembic.autogenerate.defaults
setup plugin alembic.autogenerate.comments

[2026-05-19 11:55:28.875] [info]  Could not autodetect AIMDO implementation, assuming Nvidia

[2026-05-19 11:55:28.876] [info]  comfy-aimdo unsupported operating system: Darwin
NOTE: comfy-aimdo currently only supports Windows and Linux

[2026-05-19 11:55:29.226] [info]  Adding extra search path custom_nodes /Users/runner/Documents/ComfyUI/custom_nodes
Adding extra search path download_model_base /Users/runner/Documents/ComfyUI/models
Adding extra search path custom_nodes /Users/runner/.comfy-test-cache/desktop/ComfyUI.app/Contents/Resources/ComfyUI/custom_nodes
Setting output directory to: /Users/runner/Documents/ComfyUI/output
Setting input directory to: /Users/runner/Documents/ComfyUI/input
Setting user directory to: /Users/runner/Documents/ComfyUI/user

[2026-05-19 11:55:29.905] [info]  [START] Security scan
[ComfyUI-Manager] Using uv as Python module for pip operations.

[2026-05-19 11:55:30.146] [info]  [DONE] Security scan
** ComfyUI startup time: 2026-05-19 11:55:30.145
** Platform: Darwin
[2026-05-19 11:55:30.147] [info]  
** Python version: 3.12.11 (main, Aug 18 2025, 19:02:39) [Clang 20.1.4 ]
** Python executable: /Users/runner/Documents/ComfyUI/.venv/bin/python
** ComfyUI Path: /Users/runner/.comfy-test-cache/desktop/ComfyUI.app/Contents/Resources/ComfyUI
** ComfyUI Base Folder Path: /Users/runner/.comfy-test-cache/desktop/ComfyUI.app/Contents/Resources/ComfyUI
** User directory: /Users/runner/Documents/ComfyUI/user
** ComfyUI-Manager config path: /Users/runner/Documents/ComfyUI/user/__manager/config.ini

[2026-05-19 11:55:30.149] [info]  ** Log path: /Users/runner/Documents/ComfyUI/user/comfyui.log

[2026-05-19 11:55:30.396] [info]  [ComfyUI-Manager] Skipped fixing the 'comfyui-frontend-package' dependency because the ComfyUI is outdated.

[2026-05-19 11:55:30.400] [info]  [PRE] ComfyUI-Manager

[2026-05-19 11:55:30.944] [error] [comfy-env] comfyui-cadabra: 1 isolation env(s):
[comfy-env]   nodes -> /Users/runner/Documents/ComfyUI/custom_nodes/comfyui-cadabra/nodes

[2026-05-19 11:55:30.948] [error] [comfy-env] Workspace: /Users/runner/.ce
[comfy-env]     env: /Users/runner/.ce/.pixi/envs/cadabra-nodes  [OK]

[2026-05-19 11:55:32.915] [error] [comfy-env] prestartup complete

[2026-05-19 11:55:32.945] [error] [comfy-env] ComfyUI-GeometryPack: 1 isolation env(s):
[2026-05-19 11:55:32.946] [error] 
[comfy-env]   nodes -> /Users/runner/Documents/ComfyUI/custom_nodes/ComfyUI-GeometryPack/nodes

[2026-05-19 11:55:32.948] [error] [comfy-env]     env: /Users/runner/.ce/.pixi/envs/geometrypack-nodes  [OK]
[2026-05-19 11:55:32.950] [error] 

[2026-05-19 11:55:32.960] [error] [comfy-env] prestartup complete

[2026-05-19 11:55:32.996] [info]  WARNING: Potential Error in code: Torch already imported, torch should never be imported before this point.

[2026-05-19 11:55:34.726] [info]  Found comfy_kitchen backend eager: {'available': True, 'disabled': False, 'unavailable_reason': None, 'capabilities': ['apply_rope', 'apply_rope1', 'dequantize_mxfp8', 'dequantize_nvfp4', 'dequantize_per_tensor_fp8', 'quantize_mxfp8', 'quantize_nvfp4', 'quantize_per_tensor_fp8', 'scaled_mm_mxfp8', 'scaled_mm_nvfp4']}

[2026-05-19 11:55:34.728] [info]  Found comfy_kitchen backend cuda: {'available': False, 'disabled': True, 'unavailable_reason': 'Extension file not found: /Users/runner/Documents/ComfyUI/.venv/lib/python3.12/site-packages/comfy_kitchen/backends/cuda/_C.abi3.so', 'capabilities': []}
Found comfy_kitchen backend triton: {'available': False, 'disabled': True, 'unavailable_reason': "ImportError: No module named 'triton'", 'capabilities': []}

[2026-05-19 11:55:34.745] [info]  Checkpoint files will always be loaded safely.

[2026-05-19 11:55:34.804] [info]  Total VRAM 7168 MB, total RAM 7168 MB
pytorch version: 2.10.0

[2026-05-19 11:55:34.815] [info]  Mac Version (15, 7, 4)

[2026-05-19 11:55:34.816] [info]  Set vram state to: SHARED
Device: mps

[2026-05-19 11:55:35.522] [info]  Using sub quadratic optimization for attention, if you have memory or speed issues try using: --use-split-cross-attention

[2026-05-19 11:55:40.393] [info]  Python version: 3.12.11 (main, Aug 18 2025, 19:02:39) [Clang 20.1.4 ]
ComfyUI version: 0.21.1

[2026-05-19 11:55:40.404] [info]  comfy-aimdo version: 0.3.0
comfy-kitchen version: 0.2.8
[Prompt Server] web root: /Users/runner/.comfy-test-cache/desktop/ComfyUI.app/Contents/Resources/ComfyUI/web_custom_versions/desktop_app
Asset seeder disabled
[START] ComfyUI-Manager

[2026-05-19 11:55:40.651] [info]  [ComfyUI-Manager] Using GitPython backend

[2026-05-19 11:55:40.755] [info]  [ComfyUI-Manager] network_mode: public

[2026-05-19 11:55:40.770] [info]  [ComfyUI-Manager] The matrix sharing feature has been disabled because the `matrix-nio` dependency is not installed.
	To use this feature, please run the following command:
	/Users/runner/Documents/ComfyUI/.venv/bin/python -m pip install matrix-nio


[2026-05-19 11:55:43.970] [error] [comfy-env] Version: 0.3.89
[2026-05-19 11:55:43.974] [error] 

[2026-05-19 11:55:43.976] [info]  [comfy-env] Removed stale socket: /var/folders/tb/y368xp_x10s3ty1b_mtl5mxr0000gn/T/comfy_worker_3d51224926ef.sock

[2026-05-19 11:55:44.104] [info]  [comfy-env] Removed stale temp dir: /var/folders/tb/y368xp_x10s3ty1b_mtl5mxr0000gn/T/comfyui_pvenv_npr5hxwi

[2026-05-19 11:55:44.365] [error] [comfy-env] register_nodes: comfyui-cadabra
[2026-05-19 11:55:44.376] [error] 
[comfy-env] ComfyUI source dir: /Users/runner/.comfy-test-cache/desktop/ComfyUI.app/Contents/Resources/ComfyUI

[2026-05-19 11:55:44.400] [error] [comfy-env] Scanning nodes metadata (isolation root)...

[2026-05-19 11:55:44.425] [error] [comfy-env] Cache hit for nodes: 39 nodes
[comfy-env] Scanned nodes root: 39 nodes (0.0s)
[2026-05-19 11:55:44.427] [error] 

[2026-05-19 11:55:44.430] [error] [comfy-env] Imported nodes root: 39 nodes (isolation)
[2026-05-19 11:55:44.432] [error] 
[comfy-env] Registered 39 total nodes
[2026-05-19 11:55:44.434] [error] 

[2026-05-19 11:55:44.443] [info]  loading...

[2026-05-19 11:55:44.446] [info]  calling register_nodes

[2026-05-19 11:55:44.451] [error] [comfy-env] Version: 0.3.89
[2026-05-19 11:55:44.453] [error] 

[2026-05-19 11:55:44.507] [error] [comfy-env] register_nodes: ComfyUI-GeometryPack
[2026-05-19 11:55:44.509] [error] 

[2026-05-19 11:55:44.518] [error] [comfy-env] ComfyUI source dir: /Users/runner/.comfy-test-cache/desktop/ComfyUI.app/Contents/Resources/ComfyUI

[2026-05-19 11:55:44.556] [error] [comfy-env] Scanning nodes metadata (isolation root)...

[2026-05-19 11:55:44.595] [error] [comfy-env] Cache hit for nodes: 125 nodes
[2026-05-19 11:55:44.597] [error] 

[2026-05-19 11:55:44.599] [error] [comfy-env] Scanned nodes root: 125 nodes (0.0s)
[2026-05-19 11:55:44.602] [error] 

[2026-05-19 11:55:44.603] [error] [comfy-env] Imported nodes root: 125 nodes (isolation)
[2026-05-19 11:55:44.606] [error] 

[2026-05-19 11:55:44.609] [error] [comfy-env] Registered 125 total nodes
[2026-05-19 11:55:44.611] [error] 

[2026-05-19 11:55:44.648] [info]  ComfyUI-Multiband loaded: 15 nodes registered

[2026-05-19 11:55:44.653] [info]  
Import times for custom nodes:
   0.0 seconds: /Users/runner/.comfy-test-cache/desktop/ComfyUI.app/Contents/Resources/ComfyUI/custom_nodes/websocket_image_save.py
   0.0 seconds: /Users/runner/Documents/ComfyUI/custom_nodes/ComfyUI-Multiband
   0.2 seconds: /Users/runner/Documents/ComfyUI/custom_nodes/ComfyUI-GeometryPack

[2026-05-19 11:55:44.660] [info]     0.5 seconds: /Users/runner/Documents/ComfyUI/custom_nodes/comfyui-cadabra


[2026-05-19 11:55:44.952] [info]  Context impl SQLiteImpl.

[2026-05-19 11:55:44.953] [info]  Will assume non-transactional DDL.

[2026-05-19 11:55:45.057] [info]  Starting server


[2026-05-19 11:55:45.060] [info]  To see the GUI go to: http://127.0.0.1:8000

[2026-05-19 11:55:47.453] [info]  [ComfyUI-Manager] The ComfyRegistry cache update is still in progress, so an outdated cache is being used.

[2026-05-19 11:55:47.621] [info]  FETCH DATA from: /Users/runner/Documents/ComfyUI/.venv/lib/python3.12/site-packages/comfyui_manager/custom-node-list.json
[2026-05-19 11:55:47.695] [info]   [DONE]
[2026-05-19 11:55:47.696] [info]  

[2026-05-19 11:55:50.922] [info]  [ComfyUI-Manager] The ComfyRegistry cache update is still in progress, so an outdated cache is being used.

[2026-05-19 11:55:51.032] [info]  FETCH DATA from: /Users/runner/Documents/ComfyUI/.venv/lib/python3.12/site-packages/comfyui_manager/custom-node-list.json
[2026-05-19 11:55:51.088] [info]   [DONE]

[2026-05-19 11:56:14.447] [info]  got prompt

[2026-05-19 11:56:14.484] [info]  [comfyui-cadabra] python: /Users/runner/.ce/.pixi/envs/cadabra-nodes/bin/python
[comfyui-cadabra] sys_path sent to worker: ['/Users/runner/.comfy-test-cache/desktop/ComfyUI.app/Contents/Resources/ComfyUI', '/Users/runner/Documents/ComfyUI/custom_nodes/comfyui-cadabra', '/Users/runner/.ce/.pixi/envs/cadabra-nodes/lib/python3.1/site-packages', '/Users/runner/Documents/ComfyUI/custom_nodes/comfyui-cadabra']

[2026-05-19 11:56:17.500] [error] [worker:comfyui-cadabra] ERROR: Failed to import comfy_kitchen, Error: No module named 'comfy_kitchen', fp8 and fp4 support will not be available.

[2026-05-19 11:56:33.671] [error] [comfyui-cadabra] Health check: ping (timeout=5.0s)...

[2026-05-19 11:56:33.693] [error] [comfyui-cadabra] Health check: ok

[2026-05-19 11:56:33.826] [error] [11:56:33] [CADabra] Starting: CAD Edge Analysis(edges=1122)

[2026-05-19 11:56:33.827] [error] [worker:comfyui-cadabra] INFO: Starting: CAD Edge Analysis(edges=1122)

[2026-05-19 11:56:34.144] [error] [11:56:34] [CADabra] Completed: CAD Edge Analysis(edges=1122) in 0.32s

[2026-05-19 11:56:34.147] [error] [worker:comfyui-cadabra] INFO: Completed: CAD Edge Analysis(edges=1122) in 0.32s

[2026-05-19 11:56:34.315] [error] [comfyui-cadabra] Health check: ping (timeout=5.0s)...

[2026-05-19 11:56:34.318] [error] [comfyui-cadabra] Health check: ok

[2026-05-19 11:56:34.404] [error] [11:56:34] [CADabra] Starting: CAD Face Analysis(faces=236)

[2026-05-19 11:56:34.424] [error] [worker:comfyui-cadabra] INFO: Starting: CAD Face Analysis(faces=236)

[2026-05-19 11:56:34.680] [error] [11:56:34] [CADabra] Completed: CAD Face Analysis(faces=236) in 0.27s

[2026-05-19 11:56:34.687] [error] [worker:comfyui-cadabra] INFO: Completed: CAD Face Analysis(faces=236) in 0.27s

[2026-05-19 11:56:34.693] [error] [11:56:34] [CADabra] Starting: CAD Adjacency Graph(faces=236)
[worker:comfyui-cadabra] INFO: Starting: CAD Adjacency Graph(faces=236)

[2026-05-19 11:56:34.703] [error] [11:56:34] [CADabra] Completed: CAD Adjacency Graph(faces=236) in 0.01s

[2026-05-19 11:56:34.709] [error] [worker:comfyui-cadabra] INFO: Completed: CAD Adjacency Graph(faces=236) in 0.01s

[2026-05-19 11:56:44.376] [error] [comfyui-cadabra] Health check: ping (timeout=5.0s)...
[comfyui-cadabra] Health check: ok

[2026-05-19 11:56:44.500] [error] [comfyui-cadabra] Health check: ping (timeout=5.0s)...
[2026-05-19 11:56:44.501] [error] 

[2026-05-19 11:56:44.533] [error] [comfyui-cadabra] Health check: ok

[2026-05-19 11:56:44.688] [error] [comfyui-cadabra] Health check: ping (timeout=5.0s)...

[2026-05-19 11:56:44.772] [error] [comfyui-cadabra] Health check: ok

[2026-05-19 11:56:44.820] [info]  Prompt executed in 30.36 seconds

