** ComfyUI startup time: 2026-05-19 11:52:36.446
[2026-05-19 11:52:36.446] ** Platform: Darwin
[2026-05-19 11:52:36.447] ** Python version: 3.12.11 (main, Aug 18 2025, 19:02:39) [Clang 20.1.4 ]
[2026-05-19 11:52:36.447] ** Python executable: /Users/runner/Documents/ComfyUI/.venv/bin/python
[2026-05-19 11:52:36.447] ** ComfyUI Path: /Users/runner/.comfy-test-cache/desktop/ComfyUI.app/Contents/Resources/ComfyUI
[2026-05-19 11:52:36.447] ** ComfyUI Base Folder Path: /Users/runner/.comfy-test-cache/desktop/ComfyUI.app/Contents/Resources/ComfyUI
[2026-05-19 11:52:36.447] ** User directory: /Users/runner/Documents/ComfyUI/user
[2026-05-19 11:52:36.447] ** ComfyUI-Manager config path: /Users/runner/Documents/ComfyUI/user/__manager/config.ini
[2026-05-19 11:52:36.447] ** Log path: /Users/runner/Documents/ComfyUI/user/comfyui.log
[ComfyUI-Manager] Skipped fixing the 'comfyui-frontend-package' dependency because the ComfyUI is outdated.
[2026-05-19 11:52:36.602] [PRE] ComfyUI-Manager
[2026-05-19 11:52:37.107] [comfy-env] comfyui-cadabra: 1 isolation env(s):
[2026-05-19 11:52:37.108] [comfy-env]   nodes -> /Users/runner/Documents/ComfyUI/custom_nodes/comfyui-cadabra/nodes
[2026-05-19 11:52:37.109] [comfy-env] Workspace: /Users/runner/.ce
[2026-05-19 11:52:37.110] [comfy-env]     env: /Users/runner/.ce/.pixi/envs/cadabra-nodes  [OK]
[2026-05-19 11:52:39.295] [comfy-env] prestartup complete
[2026-05-19 11:52:39.339] [comfy-env] ComfyUI-GeometryPack: 1 isolation env(s):
[2026-05-19 11:52:39.340] [comfy-env]   nodes -> /Users/runner/Documents/ComfyUI/custom_nodes/ComfyUI-GeometryPack/nodes
[2026-05-19 11:52:39.343] [comfy-env]     env: /Users/runner/.ce/.pixi/envs/geometrypack-nodes  [OK]
[2026-05-19 11:52:39.353] [comfy-env] prestartup complete
[2026-05-19 11:52:39.399] WARNING: Potential Error in code: Torch already imported, torch should never be imported before this point.
[2026-05-19 11:52:41.704] Found comfy_kitchen backend triton: {'available': False, 'disabled': True, 'unavailable_reason': "ImportError: No module named 'triton'", 'capabilities': []}
[2026-05-19 11:52:41.704] Found comfy_kitchen backend cuda: {'available': False, 'disabled': True, 'unavailable_reason': 'Extension file not found: /Users/runner/Documents/ComfyUI/.venv/lib/python3.12/site-packages/comfy_kitchen/backends/cuda/_C.abi3.so', 'capabilities': []}
[2026-05-19 11:52:41.704] Found comfy_kitchen backend eager: {'available': True, 'disabled': False, 'unavailable_reason': None, 'capabilities': ['apply_rope', 'apply_rope1', 'dequantize_mxfp8', 'dequantize_nvfp4', 'dequantize_per_tensor_fp8', 'quantize_mxfp8', 'quantize_nvfp4', 'quantize_per_tensor_fp8', 'scaled_mm_mxfp8', 'scaled_mm_nvfp4']}
[2026-05-19 11:52:41.732] Checkpoint files will always be loaded safely.
[2026-05-19 11:52:41.803] Total VRAM 7168 MB, total RAM 7168 MB
[2026-05-19 11:52:41.803] pytorch version: 2.10.0
[2026-05-19 11:52:41.823] Mac Version (15, 7, 4)
[2026-05-19 11:52:41.823] Set vram state to: SHARED
[2026-05-19 11:52:41.823] Device: mps
[2026-05-19 11:52:42.636] Using sub quadratic optimization for attention, if you have memory or speed issues try using: --use-split-cross-attention
[2026-05-19 11:52:48.396] Python version: 3.12.11 (main, Aug 18 2025, 19:02:39) [Clang 20.1.4 ]
[2026-05-19 11:52:48.396] ComfyUI version: 0.21.1
[2026-05-19 11:52:48.399] comfy-aimdo version: 0.3.0
[2026-05-19 11:52:48.401] comfy-kitchen version: 0.2.8
[2026-05-19 11:52:48.407] [Prompt Server] web root: /Users/runner/.comfy-test-cache/desktop/ComfyUI.app/Contents/Resources/ComfyUI/web_custom_versions/desktop_app
[2026-05-19 11:52:48.410] Asset seeder disabled
[2026-05-19 11:52:48.411] [START] ComfyUI-Manager
[2026-05-19 11:52:48.716] [ComfyUI-Manager] Using GitPython backend
[2026-05-19 11:52:48.796] [ComfyUI-Manager] network_mode: public
[2026-05-19 11:52:48.815] [ComfyUI-Manager] The matrix sharing feature has been disabled because the `matrix-nio` dependency is not installed.
	To use this feature, please run the following command:
	/Users/runner/Documents/ComfyUI/.venv/bin/python -m pip install matrix-nio

[2026-05-19 11:52:51.507] [comfy-env] Version: 0.3.89
[2026-05-19 11:52:51.508] [comfy-env] Removed stale socket: /var/folders/tb/y368xp_x10s3ty1b_mtl5mxr0000gn/T/comfy_worker_d347cae68e32.sock
[2026-05-19 11:52:51.509] [comfy-env] Removed stale socket: /var/folders/tb/y368xp_x10s3ty1b_mtl5mxr0000gn/T/comfy_worker_5986e217d261.sock
[2026-05-19 11:52:51.605] [comfy-env] Removed stale temp dir: /var/folders/tb/y368xp_x10s3ty1b_mtl5mxr0000gn/T/comfyui_pvenv_ftkocqyq
[2026-05-19 11:52:51.629] [comfy-env] Removed stale temp dir: /var/folders/tb/y368xp_x10s3ty1b_mtl5mxr0000gn/T/comfyui_pvenv_8y9n_1_p
[2026-05-19 11:52:51.828] [comfy-env] register_nodes: comfyui-cadabra
[2026-05-19 11:52:51.831] [comfy-env] ComfyUI source dir: /Users/runner/.comfy-test-cache/desktop/ComfyUI.app/Contents/Resources/ComfyUI
[2026-05-19 11:52:52.017] [comfy-env] Scanning nodes metadata (isolation root)...
[2026-05-19 11:52:52.022] [comfy-env] Cache hit for nodes: 39 nodes
[2026-05-19 11:52:52.025] [comfy-env] Scanned nodes root: 39 nodes (0.0s)
[2026-05-19 11:52:52.028] [comfy-env] Imported nodes root: 39 nodes (isolation)
[2026-05-19 11:52:52.029] [comfy-env] Registered 39 total nodes
[2026-05-19 11:52:52.034] loading...
[2026-05-19 11:52:52.034] calling register_nodes
[2026-05-19 11:52:52.037] [comfy-env] Version: 0.3.89
[2026-05-19 11:52:52.109] [comfy-env] register_nodes: ComfyUI-GeometryPack
[2026-05-19 11:52:52.126] [comfy-env] ComfyUI source dir: /Users/runner/.comfy-test-cache/desktop/ComfyUI.app/Contents/Resources/ComfyUI
[2026-05-19 11:52:52.320] [comfy-env] Scanning nodes metadata (isolation root)...
[2026-05-19 11:52:52.337] [comfy-env] Cache hit for nodes: 125 nodes
[2026-05-19 11:52:52.337] [comfy-env] Scanned nodes root: 125 nodes (0.0s)
[2026-05-19 11:52:52.342] [comfy-env] Imported nodes root: 125 nodes (isolation)
[2026-05-19 11:52:52.342] [comfy-env] Registered 125 total nodes
[2026-05-19 11:52:52.392] ComfyUI-Multiband loaded: 15 nodes registered
[2026-05-19 11:52:52.398] 
Import times for custom nodes:
[2026-05-19 11:52:52.398]    0.0 seconds: /Users/runner/.comfy-test-cache/desktop/ComfyUI.app/Contents/Resources/ComfyUI/custom_nodes/websocket_image_save.py
[2026-05-19 11:52:52.398]    0.0 seconds: /Users/runner/Documents/ComfyUI/custom_nodes/ComfyUI-Multiband
[2026-05-19 11:52:52.398]    0.3 seconds: /Users/runner/Documents/ComfyUI/custom_nodes/ComfyUI-GeometryPack
[2026-05-19 11:52:52.398]    0.5 seconds: /Users/runner/Documents/ComfyUI/custom_nodes/comfyui-cadabra
[2026-05-19 11:52:52.398] 
[2026-05-19 11:52:52.406] Context impl SQLiteImpl.
[2026-05-19 11:52:52.407] Will assume non-transactional DDL.
[2026-05-19 11:52:52.504] Starting server

[2026-05-19 11:52:52.505] To see the GUI go to: http://127.0.0.1:8000
[2026-05-19 11:52:54.519] [ComfyUI-Manager] The ComfyRegistry cache update is still in progress, so an outdated cache is being used.
[2026-05-19 11:52:54.683] FETCH DATA from: /Users/runner/Documents/ComfyUI/.venv/lib/python3.12/site-packages/comfyui_manager/custom-node-list.json [DONE]
[2026-05-19 11:53:00.308] [ComfyUI-Manager] The ComfyRegistry cache update is still in progress, so an outdated cache is being used.
[2026-05-19 11:53:00.488] FETCH DATA from: /Users/runner/Documents/ComfyUI/.venv/lib/python3.12/site-packages/comfyui_manager/custom-node-list.json [DONE]
[2026-05-19 11:53:23.081] got prompt
[2026-05-19 11:53:23.122] WARNING: stat: path should be string, bytes, os.PathLike or integer, not NoneType
[2026-05-19 11:53:23.156] [comfyui-cadabra] python: /Users/runner/.ce/.pixi/envs/cadabra-nodes/bin/python
[2026-05-19 11:53:23.156] [comfyui-cadabra] sys_path sent to worker: ['/Users/runner/.comfy-test-cache/desktop/ComfyUI.app/Contents/Resources/ComfyUI', '/Users/runner/Documents/ComfyUI/custom_nodes/comfyui-cadabra', '/Users/runner/.ce/.pixi/envs/cadabra-nodes/lib/python3.1/site-packages', '/Users/runner/Documents/ComfyUI/custom_nodes/comfyui-cadabra']
[2026-05-19 11:53:26.812] [worker:comfyui-cadabra] ERROR: Failed to import comfy_kitchen, Error: No module named 'comfy_kitchen', fp8 and fp4 support will not be available.
[2026-05-19 11:53:41.700] [worker:comfyui-cadabra] INFO: Starting: STEP ReadFile(file=wc.STEP)
[2026-05-19 11:53:41.825] [worker:comfyui-cadabra] INFO: Completed: STEP ReadFile(file=wc.STEP) in 0.13s
[2026-05-19 11:53:41.825] [worker:comfyui-cadabra] INFO: Starting: STEP TransferRoots(file=wc.STEP)
[2026-05-19 11:53:42.245] [worker:comfyui-cadabra] INFO: Completed: STEP TransferRoots(file=wc.STEP) in 0.42s
[2026-05-19 11:53:42.300] [comfyui-cadabra] Health check: ping (timeout=5.0s)...
[2026-05-19 11:53:42.314] [comfyui-cadabra] Health check: ok
[2026-05-19 11:53:42.378] [worker:comfyui-cadabra] INFO: Starting: BRepMesh(linear_deflection=0.1, angular_deflection=0.5)
[2026-05-19 11:53:42.992] [worker:comfyui-cadabra] INFO: Completed: BRepMesh(linear_deflection=0.1, angular_deflection=0.5) in 0.61s
[2026-05-19 11:53:43.898] [comfyui-cadabra] Health check: ping (timeout=5.0s)...
[2026-05-19 11:53:43.900] [comfyui-cadabra] Health check: ok
[2026-05-19 11:53:43.955] [comfyui-cadabra] Health check: ping (timeout=5.0s)...
[2026-05-19 11:53:43.983] [comfyui-cadabra] Health check: ok
[2026-05-19 11:53:44.030] [comfyui-cadabra] Health check: ping (timeout=5.0s)...
[2026-05-19 11:53:44.032] [comfyui-cadabra] Health check: ok
[2026-05-19 11:53:44.177] [comfyui-cadabra] Health check: ping (timeout=5.0s)...
[2026-05-19 11:53:44.186] [comfyui-cadabra] Health check: ok
[2026-05-19 11:53:52.059] PreviewMultibandImage: Batch=1, Channels=13, Names=['height', 'normal_x', 'normal_y', 'normal_z', 'position_x', 'position_y', 'position_z', 'face_id', 'curv_gauss', 'curv_mean', 'curv_min', 'curv_max', 'hit_mask']
[2026-05-19 11:53:52.512] Prompt executed in 29.42 seconds
