[2026-05-11 09:45:18.086] [info]  setup plugin alembic.autogenerate.schemas
setup plugin alembic.autogenerate.tables
setup plugin alembic.autogenerate.types

[2026-05-11 09:45:18.087] [info]  setup plugin alembic.autogenerate.constraints
setup plugin alembic.autogenerate.defaults
setup plugin alembic.autogenerate.comments

[2026-05-11 09:45:18.139] [info]  comfy-aimdo os not supported Darwin
NOTE: comfy-aimdo is currently only support for Windows and Linux

[2026-05-11 09:45:18.256] [info]  Adding extra search path custom_nodes /Users/runner/Documents/ComfyUI/custom_nodes
Adding extra search path download_model_base /Users/runner/Documents/ComfyUI/models
Adding extra search path custom_nodes /Users/runner/.comfy-test-cache/desktop/ComfyUI.app/Contents/Resources/ComfyUI/custom_nodes
Setting output directory to: /Users/runner/Documents/ComfyUI/output
Setting input directory to: /Users/runner/Documents/ComfyUI/input
Setting user directory to: /Users/runner/Documents/ComfyUI/user

[2026-05-11 09:45:18.501] [info]  [START] Security scan
[ComfyUI-Manager] Using uv as Python module for pip operations.

[2026-05-11 09:45:18.613] [info]  [DONE] Security scan
** ComfyUI startup time: 2026-05-11 09:45:18.613
** Platform: Darwin
[2026-05-11 09:45:18.614] [info]  
** Python version: 3.12.11 (main, Aug 18 2025, 19:02:39) [Clang 20.1.4 ]
** Python executable: /Users/runner/Documents/ComfyUI/.venv/bin/python
** ComfyUI Path: /Users/runner/.comfy-test-cache/desktop/ComfyUI.app/Contents/Resources/ComfyUI
** ComfyUI Base Folder Path: /Users/runner/.comfy-test-cache/desktop/ComfyUI.app/Contents/Resources/ComfyUI
** User directory: /Users/runner/Documents/ComfyUI/user
** ComfyUI-Manager config path: /Users/runner/Documents/ComfyUI/user/__manager/config.ini
** Log path: /Users/runner/Documents/ComfyUI/user/comfyui.log

[2026-05-11 09:45:18.689] [info]  [ComfyUI-Manager] Skipped fixing the 'comfyui-frontend-package' dependency because the ComfyUI is outdated.

[2026-05-11 09:45:18.690] [info]  [PRE] ComfyUI-Manager

[2026-05-11 09:45:18.912] [error] [comfy-env] comfyui-cadabra: 1 isolation env(s):

[2026-05-11 09:45:18.913] [error] [comfy-env]   nodes -> /Users/runner/Documents/ComfyUI/custom_nodes/comfyui-cadabra/nodes

[2026-05-11 09:45:19.926] [error] [comfy-env] prestartup complete

[2026-05-11 09:45:19.956] [error] [comfy-env] ComfyUI-GeometryPack: 1 isolation env(s):

[2026-05-11 09:45:19.957] [error] [comfy-env]   nodes -> /Users/runner/Documents/ComfyUI/custom_nodes/ComfyUI-GeometryPack/nodes

[2026-05-11 09:45:19.960] [error] [comfy-env] prestartup complete
[2026-05-11 09:45:19.961] [error] 

[2026-05-11 09:45:19.972] [info]  WARNING: Potential Error in code: Torch already imported, torch should never be imported before this point.

[2026-05-11 09:45:20.833] [info]  Found comfy_kitchen backend eager: {'available': True, 'disabled': False, 'unavailable_reason': None, 'capabilities': ['apply_rope', 'apply_rope1', 'dequantize_mxfp8', 'dequantize_nvfp4', 'dequantize_per_tensor_fp8', 'quantize_mxfp8', 'quantize_nvfp4', 'quantize_per_tensor_fp8', 'scaled_mm_mxfp8', 'scaled_mm_nvfp4']}
Found comfy_kitchen backend cuda: {'available': False, 'disabled': True, 'unavailable_reason': 'Extension file not found: /Users/runner/Documents/ComfyUI/.venv/lib/python3.12/site-packages/comfy_kitchen/backends/cuda/_C.abi3.so', 'capabilities': []}

[2026-05-11 09:45:20.834] [info]  Found comfy_kitchen backend triton: {'available': False, 'disabled': True, 'unavailable_reason': "ImportError: No module named 'triton'", 'capabilities': []}

[2026-05-11 09:45:20.844] [info]  Checkpoint files will always be loaded safely.

[2026-05-11 09:45:20.868] [info]  Total VRAM 7168 MB, total RAM 7168 MB
pytorch version: 2.10.0

[2026-05-11 09:45:20.873] [info]  Mac Version (15, 7, 4)

[2026-05-11 09:45:20.874] [info]  Set vram state to: SHARED
Device: mps

[2026-05-11 09:45:21.197] [info]  Using sub quadratic optimization for attention, if you have memory or speed issues try using: --use-split-cross-attention

[2026-05-11 09:45:23.726] [info]  Python version: 3.12.11 (main, Aug 18 2025, 19:02:39) [Clang 20.1.4 ]
ComfyUI version: 0.20.1
comfy-aimdo version: 0.2.14
comfy-kitchen version: 0.2.8
[Prompt Server] web root: /Users/runner/.comfy-test-cache/desktop/ComfyUI.app/Contents/Resources/ComfyUI/web_custom_versions/desktop_app
Asset seeder disabled
[START] ComfyUI-Manager

[2026-05-11 09:45:23.816] [info]  [ComfyUI-Manager] Using GitPython backend

[2026-05-11 09:45:23.850] [info]  [ComfyUI-Manager] network_mode: public

[2026-05-11 09:45:23.858] [info]  [ComfyUI-Manager] The matrix sharing feature has been disabled because the `matrix-nio` dependency is not installed.
	To use this feature, please run the following command:
	/Users/runner/Documents/ComfyUI/.venv/bin/python -m pip install matrix-nio


[2026-05-11 09:45:24.740] [error] [comfy-env] Version: 0.3.83
[2026-05-11 09:45:24.741] [error] 

[2026-05-11 09:45:24.741] [info]  [comfy-env] Removed stale socket: /var/folders/tb/y368xp_x10s3ty1b_mtl5mxr0000gn/T/comfy_worker_7d8a13e095f6.sock

[2026-05-11 09:45:24.788] [info]  [comfy-env] Removed stale temp dir: /var/folders/tb/y368xp_x10s3ty1b_mtl5mxr0000gn/T/comfyui_pvenv_w66h_gy8

[2026-05-11 09:45:24.895] [error] [comfy-env] register_nodes: comfyui-cadabra

[2026-05-11 09:45:24.896] [error] [comfy-env] ComfyUI source dir: /Users/runner/.comfy-test-cache/desktop/ComfyUI.app/Contents/Resources/ComfyUI
[2026-05-11 09:45:24.897] [error] 

[2026-05-11 09:45:25.019] [error] [comfy-env] Scanning nodes metadata (isolation root)...
[2026-05-11 09:45:25.020] [error] 

[2026-05-11 09:45:25.023] [error] [comfy-env] Cache hit for nodes: 39 nodes
[2026-05-11 09:45:25.024] [error] 
[comfy-env] Scanned nodes root: 39 nodes (0.0s)

[2026-05-11 09:45:25.025] [error] [comfy-env] Imported nodes root: 39 nodes (isolation)
[2026-05-11 09:45:25.025] [error] 
[comfy-env] Registered 39 total nodes

[2026-05-11 09:45:25.027] [info]  loading...

[2026-05-11 09:45:25.028] [info]  calling register_nodes

[2026-05-11 09:45:25.028] [error] [comfy-env] Version: 0.3.83
[2026-05-11 09:45:25.029] [error] 

[2026-05-11 09:45:25.042] [error] [comfy-env] register_nodes: ComfyUI-GeometryPack
[2026-05-11 09:45:25.043] [error] 

[2026-05-11 09:45:25.048] [error] [comfy-env] ComfyUI source dir: /Users/runner/.comfy-test-cache/desktop/ComfyUI.app/Contents/Resources/ComfyUI
[2026-05-11 09:45:25.049] [error] 

[2026-05-11 09:45:25.152] [error] [comfy-env] Scanning nodes metadata (isolation root)...

[2026-05-11 09:45:25.176] [error] [comfy-env] Cache hit for nodes: 125 nodes
[comfy-env] Scanned nodes root: 125 nodes (0.0s)
[2026-05-11 09:45:25.177] [error] 

[2026-05-11 09:45:25.181] [error] [comfy-env] Imported nodes root: 125 nodes (isolation)
[comfy-env] Registered 125 total nodes

[2026-05-11 09:45:25.198] [info]  ComfyUI-Multiband loaded: 15 nodes registered

[2026-05-11 09:45:25.200] [info]  
Import times for custom nodes:

[2026-05-11 09:45:25.200] [info]     0.0 seconds: /Users/runner/.comfy-test-cache/desktop/ComfyUI.app/Contents/Resources/ComfyUI/custom_nodes/websocket_image_save.py
   0.0 seconds: /Users/runner/Documents/ComfyUI/custom_nodes/ComfyUI-Multiband
   0.2 seconds: /Users/runner/Documents/ComfyUI/custom_nodes/ComfyUI-GeometryPack
   0.3 seconds: /Users/runner/Documents/ComfyUI/custom_nodes/comfyui-cadabra


[2026-05-11 09:45:25.203] [info]  Context impl SQLiteImpl.

[2026-05-11 09:45:25.203] [info]  Will assume non-transactional DDL.

[2026-05-11 09:45:25.350] [info]  Starting server


[2026-05-11 09:45:25.351] [info]  To see the GUI go to: http://127.0.0.1:8000

[2026-05-11 09:45:26.597] [info]  [ComfyUI-Manager] The ComfyRegistry cache update is still in progress, so an outdated cache is being used.

[2026-05-11 09:45:26.647] [info]  FETCH DATA from: /Users/runner/Documents/ComfyUI/.venv/lib/python3.12/site-packages/comfyui_manager/custom-node-list.json
[2026-05-11 09:45:26.685] [info]   [DONE]

[2026-05-11 09:45:28.329] [info]  [ComfyUI-Manager] The ComfyRegistry cache update is still in progress, so an outdated cache is being used.

[2026-05-11 09:45:28.371] [info]  FETCH DATA from: /Users/runner/Documents/ComfyUI/.venv/lib/python3.12/site-packages/comfyui_manager/custom-node-list.json
[2026-05-11 09:45:28.383] [info]   [DONE]

[2026-05-11 09:45:50.192] [info]  got prompt

[2026-05-11 09:45:50.220] [info]  [comfyui-cadabra] python: /Users/runner/.ce/.pixi/envs/cadabra-nodes/bin/python
[comfyui-cadabra] sys_path sent to worker: ['/Users/runner/.comfy-test-cache/desktop/ComfyUI.app/Contents/Resources/ComfyUI', '/Users/runner/Documents/ComfyUI/custom_nodes/comfyui-cadabra', '/Users/runner/.ce/.pixi/envs/cadabra-nodes/lib/python3.1/site-packages', '/Users/runner/Documents/ComfyUI/custom_nodes/comfyui-cadabra']

[2026-05-11 09:45:52.498] [error] [worker:comfyui-cadabra] ERROR: Failed to import comfy_kitchen, Error: No module named 'comfy_kitchen', fp8 and fp4 support will not be available.

[2026-05-11 09:46:07.014] [error] [comfyui-cadabra] Health check: ping (timeout=5.0s)...

[2026-05-11 09:46:07.040] [error] [comfyui-cadabra] Health check: ok

[2026-05-11 09:46:07.139] [error] [09:46:07] [CADabra] Starting: BRepMesh(linear_deflection=0.1, angular_deflection=0.5)

[2026-05-11 09:46:07.142] [error] [worker:comfyui-cadabra] INFO: Starting: BRepMesh(linear_deflection=0.1, angular_deflection=0.5)

[2026-05-11 09:46:07.243] [error] [09:46:07] [CADabra] Completed: BRepMesh(linear_deflection=0.1, angular_deflection=0.5) in 0.10s

[2026-05-11 09:46:07.244] [error] [worker:comfyui-cadabra] INFO: Completed: BRepMesh(linear_deflection=0.1, angular_deflection=0.5) in 0.10s

[2026-05-11 09:46:07.381] [error] [comfyui-cadabra] Health check: ping (timeout=5.0s)...
[2026-05-11 09:46:07.383] [error] 
[comfyui-cadabra] Health check: ok

[2026-05-11 09:46:07.454] [error] [09:46:07] [CADabra] Starting: BRepMesh(linear_deflection=0.1, angular_deflection=0.5, relative=False, parallel=False, min_size=0.0)

[2026-05-11 09:46:07.674] [error] [worker:comfyui-cadabra] INFO: Starting: BRepMesh(linear_deflection=0.1, angular_deflection=0.5, relative=False, parallel=False, min_size=0.0)

[2026-05-11 09:46:07.820] [error] [09:46:07] [CADabra] Completed: BRepMesh(linear_deflection=0.1, angular_deflection=0.5, relative=False, parallel=False, min_size=0.0) in 0.37s

[2026-05-11 09:46:07.823] [error] [worker:comfyui-cadabra] INFO: Completed: BRepMesh(linear_deflection=0.1, angular_deflection=0.5, relative=False, parallel=False, min_size=0.0) in 0.37s

[2026-05-11 09:46:11.477] [info]  [ComfyUI-GeometryPack] python: /Users/runner/.ce/.pixi/envs/geometrypack-nodes/bin/python
[ComfyUI-GeometryPack] sys_path sent to worker: ['/Users/runner/.comfy-test-cache/desktop/ComfyUI.app/Contents/Resources/ComfyUI', '/Users/runner/Documents/ComfyUI/custom_nodes/ComfyUI-GeometryPack', '/Users/runner/.ce/.pixi/envs/geometrypack-nodes/lib/python3.1/site-packages', '/Users/runner/Documents/ComfyUI/custom_nodes/ComfyUI-GeometryPack']

[2026-05-11 09:46:16.946] [error] [worker:ComfyUI-GeometryPack] ERROR: Failed to import comfy_kitchen, Error: No module named 'comfy_kitchen', fp8 and fp4 support will not be available.
[2026-05-11 09:46:16.952] [error] 

[2026-05-11 09:46:24.396] [error] [worker:ComfyUI-GeometryPack] INFO: Layout: side_by_side, Mode: fields
[2026-05-11 09:46:24.407] [error] 
[worker:ComfyUI-GeometryPack] INFO: Mesh 1: Mesh - 2735 vertices, 5470 faces
[worker:ComfyUI-GeometryPack] INFO: Mesh 2: Mesh - 2735 vertices, 5470 faces
[worker:ComfyUI-GeometryPack] INFO: Mesh 1 fields: ['face.cad_face_id']
[worker:ComfyUI-GeometryPack] INFO: Mesh 2 fields: ['face.cad_face_id']
[worker:ComfyUI-GeometryPack] INFO: Common fields: ['face.cad_face_id']
[worker:ComfyUI-GeometryPack] INFO: Mesh 1 visual: kind=None, texture=False, vertex_colors=False
[worker:ComfyUI-GeometryPack] INFO: Mesh 2 visual: kind=None, texture=False, vertex_colors=False
[worker:ComfyUI-GeometryPack] INFO: Exporting mesh to VTP: /Users/runner/Documents/ComfyUI/output/preview_dual_1_78c8f709.vtp

[2026-05-11 09:46:24.425] [error] [worker:ComfyUI-GeometryPack] INFO: Adding normals field (2735 vertices)

[2026-05-11 09:46:24.434] [error] [worker:ComfyUI-GeometryPack] INFO: Adding face field: cad_face_id
[2026-05-11 09:46:24.437] [error] 

[2026-05-11 09:46:24.447] [error] [worker:ComfyUI-GeometryPack] INFO: Export complete: 2735 vertices, 5470 faces

[2026-05-11 09:46:24.448] [error] [worker:ComfyUI-GeometryPack] INFO: Exported VTP with fields: /Users/runner/Documents/ComfyUI/output/preview_dual_1_78c8f709.vtp
[worker:ComfyUI-GeometryPack] INFO: Exporting mesh to VTP: /Users/runner/Documents/ComfyUI/output/preview_dual_2_78c8f709.vtp

[2026-05-11 09:46:24.509] [error] [worker:ComfyUI-GeometryPack] INFO: Adding normals field (2735 vertices)
[worker:ComfyUI-GeometryPack] INFO: Adding face field: cad_face_id
[worker:ComfyUI-GeometryPack] INFO: Export complete: 2735 vertices, 5470 faces

[2026-05-11 09:46:24.510] [error] [worker:ComfyUI-GeometryPack] INFO: Exported VTP with fields: /Users/runner/Documents/ComfyUI/output/preview_dual_2_78c8f709.vtp

[2026-05-11 09:46:24.531] [error] [worker:ComfyUI-GeometryPack] INFO: Preview ready

[2026-05-11 09:46:24.548] [info]  Prompt executed in 34.34 seconds

