[2026-05-10 22:19:27.039] [info]  setup plugin alembic.autogenerate.schemas
setup plugin alembic.autogenerate.tables
setup plugin alembic.autogenerate.types

[2026-05-10 22:19:27.040] [info]  setup plugin alembic.autogenerate.constraints
setup plugin alembic.autogenerate.defaults
setup plugin alembic.autogenerate.comments

[2026-05-10 22:19:27.215] [info]  comfy-aimdo os not supported Darwin
NOTE: comfy-aimdo is currently only support for Windows and Linux

[2026-05-10 22:19:27.524] [info]  Adding extra search path custom_nodes /Users/runner/Documents/ComfyUI/custom_nodes
Adding extra search path download_model_base /Users/runner/Documents/ComfyUI/models
Adding extra search path custom_nodes /Users/runner/.comfy-test-cache/desktop/ComfyUI.app/Contents/Resources/ComfyUI/custom_nodes
Setting output directory to: /Users/runner/Documents/ComfyUI/output
Setting input directory to: /Users/runner/Documents/ComfyUI/input
Setting user directory to: /Users/runner/Documents/ComfyUI/user

[2026-05-10 22:19:28.784] [info]  [START] Security scan
[DONE] Security scan
** ComfyUI startup time: 2026-05-10 22:19:28.783
** Platform:
[2026-05-10 22:19:28.785] [info]   Darwin
** Python version: 3.12.11 (main, Aug 18 2025, 19:02:39) [Clang 20.1.4 ]
** Python executable: /Users/runner/Documents/ComfyUI/.venv/bin/python
** ComfyUI Path: /Users/runner/.comfy-test-cache/desktop/ComfyUI.app/Contents/Resources/ComfyUI
** ComfyUI Base Folder Path: /Users/runner/.comfy-test-cache/desktop/ComfyUI.app/Contents/Resources/ComfyUI
** User directory: /Users/runner/Documents/ComfyUI/user
** ComfyUI-Manager config path: /Users/runner/Documents/ComfyUI/user/__manager/config.ini
** Log path: /Users/runner/Documents/ComfyUI/user/comfyui.log

[2026-05-10 22:19:29.218] [info]  [ComfyUI-Manager] Skipped fixing the 'comfyui-frontend-package' dependency because the ComfyUI is outdated.

[2026-05-10 22:19:29.219] [info]  [PRE] ComfyUI-Manager

[2026-05-10 22:19:34.452] [info]  Found comfy_kitchen backend cuda: {'available': False, 'disabled': True, 'unavailable_reason': 'Extension file not found: /Users/runner/Documents/ComfyUI/.venv/lib/python3.12/site-packages/comfy_kitchen/backends/cuda/_C.abi3.so', 'capabilities': []}
Found comfy_kitchen backend triton: {'available': False, 'disabled': True, 'unavailable_reason': "ImportError: No module named 'triton'", 'capabilities': []}

[2026-05-10 22:19:34.453] [info]  Found comfy_kitchen backend eager: {'available': True, 'disabled': False, 'unavailable_reason': None, 'capabilities': ['apply_rope', 'apply_rope1', 'dequantize_mxfp8', 'dequantize_nvfp4', 'dequantize_per_tensor_fp8', 'quantize_mxfp8', 'quantize_nvfp4', 'quantize_per_tensor_fp8', 'scaled_mm_mxfp8', 'scaled_mm_nvfp4']}

[2026-05-10 22:19:34.483] [info]  Checkpoint files will always be loaded safely.

[2026-05-10 22:19:34.546] [info]  Total VRAM 7168 MB, total RAM 7168 MB

[2026-05-10 22:19:34.548] [info]  pytorch version: 2.10.0

[2026-05-10 22:19:34.548] [info]  Mac Version (15, 7, 4)
Set vram state to: SHARED
Device: mps

[2026-05-10 22:19:35.303] [info]  Using sub quadratic optimization for attention, if you have memory or speed issues try using: --use-split-cross-attention

[2026-05-10 22:19:39.473] [info]  Python version: 3.12.11 (main, Aug 18 2025, 19:02:39) [Clang 20.1.4 ]
ComfyUI version: 0.20.1

[2026-05-10 22:19:39.473] [info]  comfy-aimdo version: 0.2.14
comfy-kitchen version: 0.2.8

[2026-05-10 22:19:39.474] [info]  [Prompt Server] web root: /Users/runner/.comfy-test-cache/desktop/ComfyUI.app/Contents/Resources/ComfyUI/web_custom_versions/desktop_app

[2026-05-10 22:19:39.476] [info]  Asset seeder disabled

[2026-05-10 22:19:39.476] [info]  [START] ComfyUI-Manager

[2026-05-10 22:19:39.694] [info]  [ComfyUI-Manager] Using GitPython backend
[2026-05-10 22:19:39.695] [info]  

[2026-05-10 22:19:39.748] [info]  [ComfyUI-Manager] network_mode: public

[2026-05-10 22:19:39.755] [info]  [ComfyUI-Manager] The matrix sharing feature has been disabled because the `matrix-nio` dependency is not installed.
	To use this feature, please run the following command:
	/Users/runner/Documents/ComfyUI/.venv/bin/python -m pip install matrix-nio


[2026-05-10 22:19:41.864] [info]  
Import times for custom nodes:

[2026-05-10 22:19:41.865] [info]     0.0 seconds: /Users/runner/.comfy-test-cache/desktop/ComfyUI.app/Contents/Resources/ComfyUI/custom_nodes/websocket_image_save.py


[2026-05-10 22:19:41.879] [info]  Context impl SQLiteImpl.
Will assume non-transactional DDL.

[2026-05-10 22:19:41.888] [info]  Context impl SQLiteImpl.
Will assume non-transactional DDL.

[2026-05-10 22:19:41.892] [info]  Running upgrade  -> 0001_assets, Initial assets schema
Revision ID: 0001_assets
Revises: None
Create Date: 2025-12-10 00:00:00

[2026-05-10 22:19:41.925] [info]  Running upgrade 0001_assets -> 0002_merge_to_asset_references, Merge AssetInfo and AssetCacheState into unified asset_references table.

[2026-05-10 22:19:41.952] [info]  Running upgrade 0002_merge_to_asset_references -> 0003_add_metadata_job_id, Add system_metadata and job_id columns to asset_references.
Change preview_id FK from assets.id to asset_references.id.

[2026-05-10 22:19:41.979] [info]  Database upgraded from None to 0003_add_metadata_job_id

[2026-05-10 22:19:42.022] [info]  Starting server


[2026-05-10 22:19:42.023] [info]  To see the GUI go to: http://127.0.0.1:8000

[2026-05-10 22:20:54.850] [info]  [ComfyUI-Manager] Using uv as Python module for pip operations.

[2026-05-10 22:20:55.720] [error]   0%|          | 0.00/2.83M [00:00<?, ?B/s]
[2026-05-10 22:20:55.786] [error] 100%|██████████| 2.83M/2.83M [00:00<00:00, 42.8MB/s]
[2026-05-10 22:20:55.788] [error] 

[2026-05-10 22:20:55.863] [info]  Extracted zip file to /Users/runner/Documents/ComfyUI/custom_nodes/comfyui-cadabra

[2026-05-10 22:20:55.910] [info]  Install: pip packages

[2026-05-10 22:20:56.002] [info]  
## ComfyUI-Manager: EXECUTE => 
['/Users/runner/Documents/ComfyUI/.venv/bin/python', '-m', 'uv', 'pip', 
'install', 'comfy-env==0.3.82']

[2026-05-10 22:20:56.087] [error] [!]
[2026-05-10 22:20:56.088] [error]  Using Python 3.12.11 environment at: /Users/runner/Documents/ComfyUI/.venv

[2026-05-10 22:20:56.269] [error] [!]
[2026-05-10 22:20:56.271] [error]  Resolved 16 packages in 152ms

[2026-05-10 22:20:56.290] [error] [!] Downloading virtualenv (7.2MiB)

[2026-05-10 22:20:56.437] [error] [!]
[2026-05-10 22:20:56.439] [error]   Downloaded virtualenv
[!] Prepared 12 packages in 165ms

[2026-05-10 22:20:56.445] [error] [!] Uninstalled 1 package in 7ms

[2026-05-10 22:20:56.505] [error] [!]
[2026-05-10 22:20:56.506] [error]  Installed 12 packages in 60ms
[!]  + cfgv==3.5.0

[2026-05-10 22:20:56.508] [error] [!]  + comfy-env==0.3.82
[!]  + distlib==0.4.0
[!]  - filelock==3.20.3
[!]  + filelock==3.29.0
[!]  + identify==2.6.19
[!]  + nodeenv==1.10.0
[!]  + platformdirs==4.9.6
[!]  + pre-commit==4.6.0
[!]  + python-discovery==1.3.0

[2026-05-10 22:20:56.510] [error] [!]  + tomli==2.4.1
[!]  + tomli-w==1.2.0
[!]  + virtualenv==21.3.1

[2026-05-10 22:20:56.518] [info]  
## ComfyUI-Manager: EXECUTE => 
['/Users/runner/Documents/ComfyUI/.venv/bin/python', '-m', 'uv', 'pip', 
'install', 'comfy-3d-viewers==0.2.44']

[2026-05-10 22:20:56.614] [error] [!] Using Python 3.12.11 environment at: /Users/runner/Documents/ComfyUI/.venv

[2026-05-10 22:20:56.649] [error] [!]
[2026-05-10 22:20:56.650] [error]  Resolved 1 package in 25ms

[2026-05-10 22:20:56.654] [error] [!] Downloading comfy-3d-viewers (1.2MiB)

[2026-05-10 22:20:56.738] [error] [!]  Downloaded comfy-3d-viewers
[!]
[2026-05-10 22:20:56.740] [error]  Prepared 1 package in 88ms

[2026-05-10 22:20:56.773] [error] [!] Installed 1 package in 33ms

[2026-05-10 22:20:56.774] [error] [!]  + comfy-3d-viewers==0.2.44

[2026-05-10 22:20:56.785] [info]  
## ComfyUI-Manager: EXECUTE => 
['/Users/runner/Documents/ComfyUI/.venv/bin/python', '-m', 'uv', 'pip', 
'install', 'trimesh']

[2026-05-10 22:20:56.887] [error] [!] Using Python 3.12.11 environment at: /Users/runner/Documents/ComfyUI/.venv

[2026-05-10 22:20:57.120] [error] [!] Resolved 31 packages in 246ms

[2026-05-10 22:20:57.136] [error] [!] Downloading lxml (8.2MiB)

[2026-05-10 22:20:57.137] [error] [!] Downloading shapely (1.6MiB)

[2026-05-10 22:20:57.192] [error] [!]
[2026-05-10 22:20:57.194] [error]  Downloading embreex (4.9MiB)

[2026-05-10 22:20:57.476] [error] [!]  Downloaded embreex

[2026-05-10 22:20:57.587] [error] [!]  Downloaded shapely

[2026-05-10 22:20:57.607] [error] [!]  Downloaded lxml
[!] Prepared 18 packages in 486ms

[2026-05-10 22:20:57.711] [error] [!]
[2026-05-10 22:20:57.713] [error]  Installed 18 packages in 104ms
[!]  + colorlog==6.10.1
[!]  + embreex==4.4.0
[!]  + jsonschema==4.26.0
[!]  + jsonschema-specifications==2025.9.1
[!]  + lxml==6.1.0
[!]  + manifold3d==3.4.1
[!]  + mapbox-earcut==2.0.0
[!]  + pycollada==0.9.3
[!]  + python-dateutil==2.9.0.post0
[!]  + referencing==0.37.0
[!]  + rpds-py==0.30.0
[!]  + rtree==1.4.1
[!]
[2026-05-10 22:20:57.714] [error]   + shapely==2.1.2
[!]  + six==1.17.0
[!]  + svg-path==7.0
[!]
[2026-05-10 22:20:57.715] [error]  
[2026-05-10 22:20:57.718] [error]  + trimesh==4.12.2
[!]  + vhacdx==0.0.10

[2026-05-10 22:20:57.720] [error] [!]  + xxhash==3.7.0

[2026-05-10 22:20:57.805] [info]  [ComfyUI-Manager] Skipped fixing the 'comfyui-frontend-package' dependency because the ComfyUI is outdated.

[2026-05-10 22:20:57.807] [info]  Install: install script

[2026-05-10 22:20:57.808] [info]  
## ComfyUI-Manager: EXECUTE => 
['/Users/runner/Documents/ComfyUI/.venv/bin/python', 'install.py']

[2026-05-10 22:20:58.065] [info]   

[2026-05-10 22:20:58.066] [info]   Installing 2 node dependencies...
   Cloning ComfyUI-GeometryPack...

[2026-05-10 22:21:00.355] [info]     Installing requirements for ComfyUI-GeometryPack...

[2026-05-10 22:21:00.419] [info]     Running install.py for ComfyUI-GeometryPack...

[2026-05-10 22:21:00.684] [error] [!] [comfy-env] pixi not found, downloading...

[2026-05-10 22:21:01.357] [error] [!] [comfy-env] pixi installed: /Users/runner/.pixi/bin/pixi

[2026-05-10 22:21:01.358] [info]   [comfy-env] _discover: scanning /Users/runner/Documents/ComfyUI/custom_nodes

[2026-05-10 22:21:01.365] [info]   [comfy-env] _discover: ComfyUI-GeometryPack -> geometrypack-nodes (custom_nodes/ComfyUI-GeometryPack/nodes/comfy-env.toml)
 [comfy-env] _discover: comfyui-cadabra -> cadabra-nodes (custom_nodes/comfyui-cadabra/nodes/comfy-env.toml)
 [comfy-env] Workspace: /Users/runner/.ce
 [comfy-env] ComfyUI: /Users/runner/Documents/ComfyUI
 [comfy-env] Found 2 node config(s):
   - geometrypack-nodes <- custom_nodes/ComfyUI-GeometryPack/nodes/comfy-env.toml (python=host)
   - cadabra-nodes <- custom_nodes/comfyui-cadabra/nodes/comfy-env.toml (python=3.12)

[2026-05-10 22:21:01.370] [info]   [comfy-env] Bootstrap interpreter has python 3.12 + torch 2.10.0 (cpu). Looking for cuda-only wheels matching cpu/torch2.10/cp312.

[2026-05-10 22:21:01.373] [info]   [comfy-env] Desktop app detected: source=/Users/runner/.comfy-test-cache/desktop/ComfyUI.app/Contents/Resources/ComfyUI, data=/Users/runner/Documents/ComfyUI

[2026-05-10 22:21:01.384] [info]   Generated /Users/runner/.ce/pixi.toml
 [comfy-env] Installing 2 environment(s):
   - geometrypack-nodes (python=host, 14 pypi deps, 1 cuda wheels)
   - cadabra-nodes (python=3.12, 11 pypi deps)
 [comfy-env] Running `pixi install -e geometrypack-nodes -e cadabra-nodes`...

[2026-05-10 22:21:16.374] [info]  FETCH ComfyRegistry Data [DONE]

[2026-05-10 22:21:16.661] [info]  [ComfyUI-Manager] default cache updated: https://api.comfy.org/nodes

[2026-05-10 22:21:16.687] [info]  FETCH DATA from: /Users/runner/Documents/ComfyUI/user/__manager/cache/1514988643_custom-node-list.json
[2026-05-10 22:21:16.708] [info]   [DONE]

[2026-05-10 22:21:16.770] [info]  [ComfyUI-Manager] All startup tasks have been completed.

[2026-05-10 22:21:42.325] [info]      WARN Skipped running the post-link scripts because `run-post-link-scripts` = `false`
   	- bin/.librsvg-pre-unlink.sh
   To enable them, run:
   	pixi config set --local run-post-link-scripts insecure
   More info:
   	https://pixi.sh/latest/reference/pixi_configuration/#run-post-link-scripts

[2026-05-10 22:22:23.187] [info]      WARN Skipped running the post-link scripts because `run-post-link-scripts` = `false`

[2026-05-10 22:22:23.195] [info]     	- bin/.librsvg-pre-unlink.sh
   To enable them, run:
   	pixi config set --local run-post-link-scripts insecure
   More info:
   	https://pixi.sh/latest/reference/pixi_configuration/#run-post-link-scripts

[2026-05-10 22:22:28.530] [info]     ✔ The following environments have been installed: geometrypack-nodes, cadabra-nodes.

[2026-05-10 22:22:28.844] [info]   [comfy-env] geometrypack-nodes: deduped libomp

[2026-05-10 22:22:29.262] [info]   [comfy-env] cadabra-nodes: deduped libomp

[2026-05-10 22:22:29.263] [info]   
[2026-05-10 22:22:29.267] [info]  [comfy-env] Install log: /Users/runner/.ce/install.log

[2026-05-10 22:22:29.270] [info]   
 Installation complete!

[2026-05-10 22:22:29.323] [info]   
[2026-05-10 22:22:29.330] [info]    Cloning ComfyUI-Multiband...

[2026-05-10 22:22:30.058] [info]     Installing requirements for ComfyUI-Multiband...

[2026-05-10 22:22:30.790] [info]   
 [requirements] Re-installing main package requirements...

[2026-05-10 22:22:30.794] [info]     Installing requirements for comfyui-cadabra...

[2026-05-10 22:22:30.882] [info]   [comfy-env] _discover: scanning /Users/runner/Documents/ComfyUI/custom_nodes

[2026-05-10 22:22:30.905] [info]   [comfy-env] _discover: ComfyUI-GeometryPack -> geometrypack-nodes (custom_nodes/ComfyUI-GeometryPack/nodes/comfy-env.toml)

[2026-05-10 22:22:30.907] [info]   
[2026-05-10 22:22:30.908] [info]  [comfy-env] _discover: ComfyUI-Multiband: no comfy-env.toml found

[2026-05-10 22:22:30.912] [info]   
[2026-05-10 22:22:30.914] [info]  [comfy-env] _discover: comfyui-cadabra -> cadabra-nodes (custom_nodes/comfyui-cadabra/nodes/comfy-env.toml)

[2026-05-10 22:22:30.919] [info]   [comfy-env] Workspace: /Users/runner/.ce
 [comfy-env] ComfyUI: /Users/runner/Documents/ComfyUI
 
[2026-05-10 22:22:30.921] [info]  [comfy-env] Found 2 node config(s):
   - geometrypack-nodes <- custom_nodes/ComfyUI-GeometryPack/nodes/comfy-env.toml (python=host)
   - cadabra-nodes <- custom_nodes/comfyui-cadabra/nodes/comfy-env.toml (python=3.12)

[2026-05-10 22:22:30.928] [info]   [comfy-env] Bootstrap interpreter has python 3.12 + torch 2.10.0 (cpu). Looking for cuda-only wheels matching cpu/torch2.10/cp312.

[2026-05-10 22:22:30.934] [info]   [comfy-env] Desktop app detected: source=/Users/runner/.comfy-test-cache/desktop/ComfyUI.app/Contents/Resources/ComfyUI, data=/Users/runner/Documents/ComfyUI

[2026-05-10 22:22:30.948] [info]   Generated /Users/runner/.ce/pixi.toml
 [comfy-env] Installing 2 environment(s):
   - geometrypack-nodes (python=host, 14 pypi deps, 1 cuda wheels)
   - cadabra-nodes (python=3.12, 11 pypi deps)
 [comfy-env] Running `pixi install -e geometrypack-nodes -e cadabra-nodes`...

[2026-05-10 22:22:31.248] [info]     ✔ The following environments have been installed: geometrypack-nodes, cadabra-nodes.

[2026-05-10 22:22:31.279] [info]   [comfy-env] geometrypack-nodes: deduped libomp

[2026-05-10 22:22:31.292] [info]   
[2026-05-10 22:22:31.294] [info]  [comfy-env] cadabra-nodes: deduped libomp
 [comfy-env] Install log: /Users/runner/.ce/install.log
 
 Installation complete!

[2026-05-10 22:22:33.096] [info]  
Restarting... [Legacy Mode]


Command: ['/Users/runner/Documents/ComfyUI/.venv/bin/python', '/Users/runner/.comfy-test-cache/desktop/ComfyUI.app/Contents/Resources/ComfyUI/main.py', '--user-directory', '/Users/runner/Documents/ComfyUI/user', '--input-directory', '/Users/runner/Documents/ComfyUI/input', '--output-directory', '/Users/runner/Documents/ComfyUI/output', '--front-end-root', '/Users/runner/.comfy-test-cache/desktop/ComfyUI.app/Contents/Resources/ComfyUI/web_custom_versions/desktop_app', '--base-directory', '/Users/runner/Documents/ComfyUI', '--database-url', 'sqlite:////Users/runner/Documents/ComfyUI/user/comfyui.db', '--extra-model-paths-config', '/Users/runner/Library/Application Support/ComfyUI/extra_models_config.yaml', '--log-stdout', '--listen', '127.0.0.1', '--port', '8000', '--enable-manager']

[2026-05-10 22:22:33.172] [error] /Users/runner/.local/share/uv/python/cpython-3.12.11-macos-aarch64-none/lib/python3.12/multiprocessing/resource_tracker.py:279: UserWarning: resource_tracker: There appear to be 1 leaked semaphore objects to clean up at shutdown
  warnings.warn('resource_tracker: There appear to be %d '

[2026-05-10 22:22:34.001] [info]  setup plugin alembic.autogenerate.schemas
setup plugin alembic.autogenerate.tables

[2026-05-10 22:22:34.002] [info]  setup plugin alembic.autogenerate.types
setup plugin alembic.autogenerate.constraints
setup plugin alembic.autogenerate.defaults
setup plugin alembic.autogenerate.comments

[2026-05-10 22:22:34.070] [info]  comfy-aimdo os not supported Darwin
NOTE: comfy-aimdo is currently only support for Windows and Linux

[2026-05-10 22:22:34.212] [info]  Adding extra search path custom_nodes /Users/runner/Documents/ComfyUI/custom_nodes
Adding extra search path download_model_base /Users/runner/Documents/ComfyUI/models
Adding extra search path custom_nodes /Users/runner/.comfy-test-cache/desktop/ComfyUI.app/Contents/Resources/ComfyUI/custom_nodes
Setting output directory to: /Users/runner/Documents/ComfyUI/output
Setting input directory to: /Users/runner/Documents/ComfyUI/input
Setting user directory to: /Users/runner/Documents/ComfyUI/user

[2026-05-10 22:22:34.662] [info]  [START] Security scan
[ComfyUI-Manager] Using uv as Python module for pip operations.

[2026-05-10 22:22:34.728] [info]  [DONE] Security scan
** ComfyUI startup time: 2026-05-10 22:22:34.727
** Platform: Darwin
** Python version: 3.12.11 (main, Aug 18 2025, 19:02:39) [Clang 20.1.4 ]
** Python executable: 
[2026-05-10 22:22:34.730] [info]  /Users/runner/Documents/ComfyUI/.venv/bin/python
** ComfyUI Path: /Users/runner/.comfy-test-cache/desktop/ComfyUI.app/Contents/Resources/ComfyUI
** ComfyUI Base Folder Path: /Users/runner/.comfy-test-cache/desktop/ComfyUI.app/Contents/Resources/ComfyUI
** User directory: /Users/runner/Documents/ComfyUI/user
** ComfyUI-Manager config path: /Users/runner/Documents/ComfyUI/user/__manager/config.ini
** Log path: /Users/runner/Documents/ComfyUI/user/comfyui.log

[2026-05-10 22:22:34.817] [info]  [ComfyUI-Manager] Skipped fixing the 'comfyui-frontend-package' dependency because the ComfyUI is outdated.

[2026-05-10 22:22:34.818] [info]  [PRE] ComfyUI-Manager

[2026-05-10 22:22:35.033] [error] [comfy-env] comfyui-cadabra: 1 isolation env(s):
[2026-05-10 22:22:35.035] [error] 
[comfy-env]   nodes -> /Users/runner/Documents/ComfyUI/custom_nodes/comfyui-cadabra/nodes

[2026-05-10 22:22:36.388] [error] [comfy-env] prestartup complete

[2026-05-10 22:22:36.513] [error] [comfy-env] ComfyUI-GeometryPack: 1 isolation env(s):
[2026-05-10 22:22:36.514] [error] 
[comfy-env]   nodes -> /Users/runner/Documents/ComfyUI/custom_nodes/ComfyUI-GeometryPack/nodes

[2026-05-10 22:22:36.521] [error] [comfy-env] prestartup complete
[2026-05-10 22:22:36.522] [error] 

[2026-05-10 22:22:36.874] [info]  WARNING: Potential Error in code: Torch already imported, torch should never be imported before this point.

[2026-05-10 22:22:39.484] [info]  Found comfy_kitchen backend triton: {'available': False, 'disabled': True, 'unavailable_reason': "ImportError: No module named 'triton'", 'capabilities': []}

[2026-05-10 22:22:39.487] [info]  Found comfy_kitchen backend eager: {'available': True, 'disabled': False, 'unavailable_reason': None, 'capabilities': ['apply_rope', 'apply_rope1', 'dequantize_mxfp8', 'dequantize_nvfp4', 'dequantize_per_tensor_fp8', 'quantize_mxfp8', 'quantize_nvfp4', 'quantize_per_tensor_fp8', 'scaled_mm_mxfp8', 'scaled_mm_nvfp4']}
Found comfy_kitchen backend cuda: {'available': False, 'disabled': True, 'unavailable_reason': 'Extension file not found: /Users/runner/Documents/ComfyUI/.venv/lib/python3.12/site-packages/comfy_kitchen/backends/cuda/_C.abi3.so', 'capabilities': []}

[2026-05-10 22:22:39.501] [info]  Checkpoint files will always be loaded safely.

[2026-05-10 22:22:39.544] [info]  Total VRAM 7168 MB, total RAM 7168 MB
pytorch version: 2.10.0

[2026-05-10 22:22:39.550] [info]  Mac Version (15, 7, 4)

[2026-05-10 22:22:39.552] [info]  Set vram state to: SHARED
Device: mps

[2026-05-10 22:22:40.131] [info]  Using sub quadratic optimization for attention, if you have memory or speed issues try using: --use-split-cross-attention

[2026-05-10 22:22:44.753] [info]  Python version: 3.12.11 (main, Aug 18 2025, 19:02:39) [Clang 20.1.4 ]
ComfyUI version: 0.20.1

[2026-05-10 22:22:44.754] [info]  comfy-aimdo version: 0.2.14

[2026-05-10 22:22:44.755] [info]  comfy-kitchen version: 0.2.8

[2026-05-10 22:22:44.758] [info]  [Prompt Server] web root: /Users/runner/.comfy-test-cache/desktop/ComfyUI.app/Contents/Resources/ComfyUI/web_custom_versions/desktop_app

[2026-05-10 22:22:44.759] [info]  Asset seeder disabled
[START] ComfyUI-Manager

[2026-05-10 22:22:44.896] [info]  [ComfyUI-Manager] Using GitPython backend

[2026-05-10 22:22:44.948] [info]  [ComfyUI-Manager] network_mode: public

[2026-05-10 22:22:44.954] [info]  [ComfyUI-Manager] The matrix sharing feature has been disabled because the `matrix-nio` dependency is not installed.
	To use this feature, please run the following command:
	/Users/runner/Documents/ComfyUI/.venv/bin/python -m pip install matrix-nio


[2026-05-10 22:22:46.551] [error] [comfy-env] Version: 0.3.82
[2026-05-10 22:22:46.552] [error] 

[2026-05-10 22:22:46.756] [error] [comfy-env] register_nodes: comfyui-cadabra
[2026-05-10 22:22:46.758] [error] 

[2026-05-10 22:22:46.762] [error] [comfy-env] ComfyUI source dir: /Users/runner/.comfy-test-cache/desktop/ComfyUI.app/Contents/Resources/ComfyUI
[2026-05-10 22:22:46.763] [error] 

[2026-05-10 22:22:47.008] [error] [comfy-env] Scanning nodes metadata (isolation root)...

[2026-05-10 22:23:08.930] [error] [comfy-env] Scanned nodes: 39 nodes (21.9s)
[2026-05-10 22:23:08.932] [error] 
[comfy-env] Scanned nodes root: 39 nodes (21.9s)
[2026-05-10 22:23:08.932] [error] 

[2026-05-10 22:23:08.934] [error] [comfy-env] Imported nodes root: 39 nodes (isolation)

[2026-05-10 22:23:08.935] [error] [comfy-env] Registered 39 total nodes

[2026-05-10 22:23:08.946] [info]  loading...
calling register_nodes

[2026-05-10 22:23:08.947] [error] [comfy-env] Version: 0.3.82
[2026-05-10 22:23:08.948] [error] 

[2026-05-10 22:23:08.987] [error] [comfy-env] register_nodes: ComfyUI-GeometryPack
[2026-05-10 22:23:08.988] [error] 

[2026-05-10 22:23:08.997] [error] [comfy-env] ComfyUI source dir: /Users/runner/.comfy-test-cache/desktop/ComfyUI.app/Contents/Resources/ComfyUI
[2026-05-10 22:23:08.997] [error] 

[2026-05-10 22:23:09.099] [error] [comfy-env] Scanning nodes metadata (isolation root)...
[2026-05-10 22:23:09.100] [error] 

[2026-05-10 22:23:18.729] [error] [comfy-env] Scanned nodes: 125 nodes (9.6s)
[2026-05-10 22:23:18.731] [error] 

[2026-05-10 22:23:18.731] [error] [comfy-env] Scanned nodes root: 125 nodes (9.6s)

[2026-05-10 22:23:18.733] [error] [comfy-env] Imported nodes root: 125 nodes (isolation)
[2026-05-10 22:23:18.733] [error] 
[comfy-env] Registered 125 total nodes

[2026-05-10 22:23:19.007] [info]  ComfyUI-Multiband loaded: 15 nodes registered

[2026-05-10 22:23:19.010] [info]  
Import times for custom nodes:

[2026-05-10 22:23:19.011] [info]     0.0 seconds: /Users/runner/.comfy-test-cache/desktop/ComfyUI.app/Contents/Resources/ComfyUI/custom_nodes/websocket_image_save.py
   0.3 seconds: /Users/runner/Documents/ComfyUI/custom_nodes/ComfyUI-Multiband
   9.8 seconds: /Users/runner/Documents/ComfyUI/custom_nodes/ComfyUI-GeometryPack
  22.4 seconds: /Users/runner/Documents/ComfyUI/custom_nodes/comfyui-cadabra


[2026-05-10 22:23:19.015] [info]  Context impl SQLiteImpl.

[2026-05-10 22:23:19.015] [info]  Will assume non-transactional DDL.

[2026-05-10 22:23:19.192] [info]  Starting server


[2026-05-10 22:23:19.193] [info]  To see the GUI go to: http://127.0.0.1:8000

[2026-05-10 22:23:21.383] [info]  [ComfyUI-Manager] The ComfyRegistry cache update is still in progress, so an outdated cache is being used.

[2026-05-10 22:23:21.436] [info]  FETCH DATA from: /Users/runner/Documents/ComfyUI/.venv/lib/python3.12/site-packages/comfyui_manager/custom-node-list.json
[2026-05-10 22:23:21.458] [info]   [DONE]

[2026-05-10 22:23:25.934] [info]  [ComfyUI-Manager] The ComfyRegistry cache update is still in progress, so an outdated cache is being used.

[2026-05-10 22:23:25.984] [info]  FETCH DATA from: /Users/runner/Documents/ComfyUI/.venv/lib/python3.12/site-packages/comfyui_manager/custom-node-list.json
[2026-05-10 22:23:26.004] [info]   [DONE]
[2026-05-10 22:23:26.005] [info]  

[2026-05-10 22:23:31.010] [info]  [ComfyUI-Manager] The ComfyRegistry cache update is still in progress, so an outdated cache is being used.

[2026-05-10 22:23:31.052] [info]  FETCH DATA from: /Users/runner/Documents/ComfyUI/.venv/lib/python3.12/site-packages/comfyui_manager/custom-node-list.json
[2026-05-10 22:23:31.064] [info]   [DONE]

[2026-05-10 22:23:52.673] [info]  got prompt

[2026-05-10 22:23:52.708] [info]  [comfyui-cadabra] python: /Users/runner/.ce/.pixi/envs/cadabra-nodes/bin/python
[comfyui-cadabra] sys_path sent to worker: ['/Users/runner/.comfy-test-cache/desktop/ComfyUI.app/Contents/Resources/ComfyUI', '/Users/runner/Documents/ComfyUI/custom_nodes/comfyui-cadabra', '/Users/runner/.ce/.pixi/envs/cadabra-nodes/lib/python3.1/site-packages', '/Users/runner/Documents/ComfyUI/custom_nodes/comfyui-cadabra']

[2026-05-10 22:23:54.139] [error] [worker:comfyui-cadabra] ERROR: Failed to import comfy_kitchen, Error: No module named 'comfy_kitchen', fp8 and fp4 support will not be available.

[2026-05-10 22:24:01.567] [error] [22:24:01] [CADabra] Starting: IGES ReadFile(file=bellow_pipe.igs)

[2026-05-10 22:24:01.569] [error] [worker:comfyui-cadabra] INFO: Starting: IGES ReadFile(file=bellow_pipe.igs)

[2026-05-10 22:24:01.588] [error] [22:24:01] [CADabra] Completed: IGES ReadFile(file=bellow_pipe.igs) in 0.02s

[2026-05-10 22:24:01.588] [error] [worker:comfyui-cadabra] INFO: Completed: IGES ReadFile(file=bellow_pipe.igs) in 0.02s

[2026-05-10 22:24:01.589] [error] [22:24:01] [CADabra] Starting: IGES TransferRoots(file=bellow_pipe.igs)
[worker:comfyui-cadabra] INFO: Starting: IGES TransferRoots(file=bellow_pipe.igs)

[2026-05-10 22:24:02.045] [error] [22:24:02] [CADabra] Completed: IGES TransferRoots(file=bellow_pipe.igs) in 0.46s

[2026-05-10 22:24:02.046] [error] [worker:comfyui-cadabra] INFO: Completed: IGES TransferRoots(file=bellow_pipe.igs) in 0.46s

[2026-05-10 22:24:02.078] [error] [comfyui-cadabra] Health check: ping (timeout=5.0s)...

[2026-05-10 22:24:02.080] [error] [comfyui-cadabra] Health check: ok

[2026-05-10 22:24:02.122] [error] [22:24:02] [CADabra] Starting: BRepMesh(linear_deflection=0.1, angular_deflection=0.5)
[worker:comfyui-cadabra] INFO: Starting: BRepMesh(linear_deflection=0.1, angular_deflection=0.5)

[2026-05-10 22:24:03.986] [error] [22:24:03] [CADabra] Completed: BRepMesh(linear_deflection=0.1, angular_deflection=0.5) in 1.87s

[2026-05-10 22:24:03.987] [error] [worker:comfyui-cadabra] INFO: Completed: BRepMesh(linear_deflection=0.1, angular_deflection=0.5) in 1.87s

[2026-05-10 22:24:07.425] [error] [comfyui-cadabra] Health check: ping (timeout=5.0s)...
[2026-05-10 22:24:07.426] [error] 
[comfyui-cadabra] Health check: ok

[2026-05-10 22:24:08.020] [error] Error   : Gmsh has not been initialized

[2026-05-10 22:24:08.022] [error] Error   : Gmsh has not been initialized

[2026-05-10 22:24:08.029] [error] !!! Exception during processing !!! Quality analysis failed: Could not get last error

Worker traceback:
Traceback (most recent call last):
  File "/Users/runner/Documents/ComfyUI/custom_nodes/comfyui-cadabra/nodes/cad_nodes.py", line 1600, in execute
    entities = gmsh.model.getEntities()
               ^^^^^^^^^^^^^^^^^^^^^^^^
  File "/Users/runner/.ce/.pixi/envs/cadabra-nodes/lib/python3.1/site-packages/gmsh.py", line 750, in getEntities
    raise Exception(logger.getLastError())
                    ^^^^^^^^^^^^^^^^^^^^^
  File "/Users/runner/.ce/.pixi/envs/cadabra-nodes/lib/python3.1/site-packages/gmsh.py", line 11259, in getLastError
    raise Exception('Could not get last error')
Exception: Could not get last error

During handling of the above exception, another exception occurred:

Traceback (most recent call last):
  File "/var/folders/tb/y368xp_x10s3ty1b_mtl5mxr0000gn/T/comfyui_pvenv_gqcdrp2x/persistent_worker.py", line 1762, in main
    result = method(**inputs)
             ^^^^^^^^^^^^^^^^
  File "/Users/runner/.comfy-test-cache/desktop/ComfyUI.app/Contents/Resources/ComfyUI/comfy_api/latest/_io.py", line 1826, in EXECUTE_NORMALIZED
    to_return = cls.execute(*args, **kwargs)
                ^^^^^^^^^^^^^^^^^^^^^^^^^^^^
  File "/Users/runner/Documents/ComfyUI/custom_nodes/comfyui-cadabra/nodes/cad_nodes.py", line 1858, in execute
    raise RuntimeError(f"Quality analysis failed: {str(e)}")
RuntimeError: Quality analysis failed: Could not get last error


[2026-05-10 22:24:08.033] [error] Traceback (most recent call last):
  File "/Users/runner/.comfy-test-cache/desktop/ComfyUI.app/Contents/Resources/ComfyUI/execution.py", line 534, in execute
    output_data, output_ui, has_subgraph, has_pending_tasks = await get_output_data(prompt_id, unique_id, obj, input_data_all, execution_block_cb=execution_block_cb, pre_execute_cb=pre_execute_cb, v3_data=v3_data)
                                                              ^^^^^^^^^^^^^^^^^^^^^^^^^^^^^^^^^^^^^^^^^^^^^^^^^^^^^^^^^^^^^^^^^^^^^^^^^^^^^^^^^^^^^^^^^^^^^^^^^^^^^^^^^^^^^^^^^^^^^^^^^^^^^^^^^^^^^^^^^^^^^^^^^^^^^^^
  File "/Users/runner/.comfy-test-cache/desktop/ComfyUI.app/Contents/Resources/ComfyUI/execution.py", line 334, in get_output_data
    return_values = await _async_map_node_over_list(prompt_id, unique_id, obj, input_data_all, obj.FUNCTION, allow_interrupt=True, execution_block_cb=execution_block_cb, pre_execute_cb=pre_execute_cb, v3_data=v3_data)
                    ^^^^^^^^^^^^^^^^^^^^^^^^^^^^^^^^^^^^^^^^^^^^^^^^^^^^^^^^^^^^^^^^^^^^^^^^^^^^^^^^^^^^^^^^^^^^^^^^^^^^^^^^^^^^^^^^^^^^^^^^^^^^^^^^^^^^^^^^^^^^^^^^^^^^^^^^^^^^^^^^^^^^^^^^^^^^^^^^^^^^^^^^^^^^^^^^^^^^^
  File "/Users/runner/.comfy-test-cache/desktop/ComfyUI.app/Contents/Resources/ComfyUI/execution.py", line 308, in _async_map_node_over_list
    await process_inputs(input_dict, i)
  File "/Users/runner/.comfy-test-cache/desktop/ComfyUI.app/Contents/Resources/ComfyUI/execution.py", line 296, in process_inputs
    result = f(**inputs)
             ^^^^^^^^^^^
  File "/Users/runner/Documents/ComfyUI/.venv/lib/python3.12/site-packages/comfy_env/isolation/metadata.py", line 536, in proxy
    result = worker.call_method(
             ^^^^^^^^^^^^^^^^^^^
  File "/Users/runner/Documents/ComfyUI/.venv/lib/python3.12/site-packages/comfy_env/isolation/workers/subprocess.py", line 674, in call_method
    raise WorkerError(
comfy_env.isolation.workers.base.WorkerError: Quality analysis failed: Could not get last error

Worker traceback:
Traceback (most recent call last):
  File "/Users/runner/Documents/ComfyUI/custom_nodes/comfyui-cadabra/nodes/cad_nodes.py", line 1600, in execute
    entities = gmsh.model.getEntities()
               ^^^^^^^^^^^^^^^^^^^^^^^^
  File "/Users/runner/.ce/.pixi/envs/cadabra-nodes/lib/python3.1/site-packages/gmsh.py", line 750, in getEntities
    raise Exception(logger.getLastError())
                    ^^^^^^^^^^^^^^^^^^^^^
  File "/Users/runner/.ce/.pixi/envs/cadabra-nodes/lib/python3.1/site-packages/gmsh.py", line 11259, in getLastError
    raise Exception('Could not get last error')
Exception: Could not get last error

During handling of the above exception, another exception occurred:

Traceback (most recent call last):
  File "/var/folders/tb/y368xp_x10s3ty1b_mtl5mxr0000gn/T/comfyui_pvenv_gqcdrp2x/persistent_worker.py", line 1762, in main
    result = method(**inputs)
             ^^^^^^^^^^^^^^^^
  File "/Users/runner/.comfy-test-cache/desktop/ComfyUI.app/Contents/Resources/ComfyUI/comfy_api/latest/_io.py", line 1826, in EXECUTE_NORMALIZED
    to_return = cls.execute(*args, **kwargs)
                ^^^^^^^^^^^^^^^^^^^^^^^^^^^^
  File "/Users/runner/Documents/ComfyUI/custom_nodes/comfyui-cadabra/nodes/cad_nodes.py", line 1858, in execute
    raise RuntimeError(f"Quality analysis failed: {str(e)}")
RuntimeError: Quality analysis failed: Could not get last error



[2026-05-10 22:24:08.035] [info]  Prompt executed in 15.36 seconds

