[2026-05-12 15:35:28.044] [info]  setup plugin alembic.autogenerate.schemas

[2026-05-12 15:35:28.047] [info]  setup plugin alembic.autogenerate.tables
setup plugin alembic.autogenerate.types
setup plugin alembic.autogenerate.constraints
setup plugin alembic.autogenerate.defaults
setup plugin alembic.autogenerate.comments

[2026-05-12 15:35:28.207] [info]  Could not autodetect AIMDO implementation, assuming Nvidia

[2026-05-12 15:35:28.211] [info]  comfy-aimdo unsupported operating system: Darwin
NOTE: comfy-aimdo currently only supports Windows and Linux

[2026-05-12 15:35:28.512] [info]  Adding extra search path custom_nodes /Users/runner/Documents/ComfyUI/custom_nodes
Adding extra search path download_model_base /Users/runner/Documents/ComfyUI/models
Adding extra search path custom_nodes /Users/runner/.comfy-test-cache/desktop/ComfyUI.app/Contents/Resources/ComfyUI/custom_nodes
Setting output directory to: /Users/runner/Documents/ComfyUI/output
Setting input directory to: /Users/runner/Documents/ComfyUI/input
Setting user directory to: /Users/runner/Documents/ComfyUI/user

[2026-05-12 15:35:29.166] [info]  [START] Security scan
[ComfyUI-Manager] Using uv as Python module for pip operations.

[2026-05-12 15:35:29.382] [info]  [DONE] Security scan
** ComfyUI startup time: 2026-05-12 15:35:29.380

[2026-05-12 15:35:29.385] [info]  ** Platform: Darwin
** Python version: 3.12.11 (main, Aug 18 2025, 19:02:39) [Clang 20.1.4 ]
** Python executable: /Users/runner/Documents/ComfyUI/.venv/bin/python
** ComfyUI Path: /Users/runner/.comfy-test-cache/desktop/ComfyUI.app/Contents/Resources/ComfyUI
** ComfyUI Base Folder Path: /Users/runner/.comfy-test-cache/desktop/ComfyUI.app/Contents/Resources/ComfyUI
** User directory: /Users/runner/Documents/ComfyUI/user
** ComfyUI-Manager config path: /Users/runner/Documents/ComfyUI/user/__manager/config.ini
** Log path: /Users/runner/Documents/ComfyUI/user/comfyui.log

[2026-05-12 15:35:29.588] [info]  [ComfyUI-Manager] Skipped fixing the 'comfyui-frontend-package' dependency because the ComfyUI is outdated.

[2026-05-12 15:35:29.590] [info]  [PRE] ComfyUI-Manager

[2026-05-12 15:35:30.030] [error] [comfy-env] comfyui-cadabra: 1 isolation env(s):
[2026-05-12 15:35:30.031] [error] 
[comfy-env]   nodes -> /Users/runner/Documents/ComfyUI/custom_nodes/comfyui-cadabra/nodes

[2026-05-12 15:35:31.890] [error] [comfy-env] prestartup complete
[2026-05-12 15:35:31.892] [error] 

[2026-05-12 15:35:31.964] [error] [comfy-env] ComfyUI-GeometryPack: 1 isolation env(s):
[comfy-env]   nodes -> /Users/runner/Documents/ComfyUI/custom_nodes/ComfyUI-GeometryPack/nodes
[2026-05-12 15:35:31.966] [error] 

[2026-05-12 15:35:31.974] [error] [comfy-env] prestartup complete
[2026-05-12 15:35:31.976] [error] 

[2026-05-12 15:35:32.024] [info]  WARNING: Potential Error in code: Torch already imported, torch should never be imported before this point.

[2026-05-12 15:35:34.632] [info]  Found comfy_kitchen backend eager: {'available': True, 'disabled': False, 'unavailable_reason': None, 'capabilities': ['apply_rope', 'apply_rope1', 'dequantize_mxfp8', 'dequantize_nvfp4', 'dequantize_per_tensor_fp8', 'quantize_mxfp8', 'quantize_nvfp4', 'quantize_per_tensor_fp8', 'scaled_mm_mxfp8', 'scaled_mm_nvfp4']}
Found comfy_kitchen backend cuda: {'available': False, 'disabled': True, 'unavailable_reason': 'Extension file not found: /Users/runner/Documents/ComfyUI/.venv/lib/python3.12/site-packages/comfy_kitchen/backends/cuda/_C.abi3.so', 'capabilities': []}
Found comfy_kitchen backend triton: {'available': False, 'disabled': True, 'unavailable_reason': "ImportError: No module named 'triton'", 'capabilities': []}

[2026-05-12 15:35:34.662] [info]  Checkpoint files will always be loaded safely.

[2026-05-12 15:35:34.747] [info]  Total VRAM 7168 MB, total RAM 7168 MB
pytorch version: 2.10.0

[2026-05-12 15:35:34.757] [info]  Mac Version (15, 7, 4)

[2026-05-12 15:35:34.758] [info]  Set vram state to: SHARED

[2026-05-12 15:35:34.759] [info]  Device: mps

[2026-05-12 15:35:35.556] [info]  Using sub quadratic optimization for attention, if you have memory or speed issues try using: --use-split-cross-attention

[2026-05-12 15:35:40.669] [info]  Python version: 3.12.11 (main, Aug 18 2025, 19:02:39) [Clang 20.1.4 ]

[2026-05-12 15:35:40.675] [info]  ComfyUI version: 0.21.0
comfy-aimdo version: 0.3.0
comfy-kitchen version: 0.2.8
[Prompt Server] web root: /Users/runner/.comfy-test-cache/desktop/ComfyUI.app/Contents/Resources/ComfyUI/web_custom_versions/desktop_app
Asset seeder disabled
[START] ComfyUI-Manager

[2026-05-12 15:35:40.820] [info]  [ComfyUI-Manager] Using GitPython backend

[2026-05-12 15:35:40.900] [info]  [ComfyUI-Manager] network_mode: public

[2026-05-12 15:35:40.913] [info]  [ComfyUI-Manager] The matrix sharing feature has been disabled because the `matrix-nio` dependency is not installed.
	To use this feature, please run the following command:
	/Users/runner/Documents/ComfyUI/.venv/bin/python -m pip install matrix-nio


[2026-05-12 15:35:43.158] [error] [comfy-env] Version: 0.3.84
[2026-05-12 15:35:43.160] [error] 

[2026-05-12 15:35:43.161] [info]  [comfy-env] Removed stale socket: /var/folders/tb/y368xp_x10s3ty1b_mtl5mxr0000gn/T/comfy_worker_4c520000d2c9.sock

[2026-05-12 15:35:43.241] [info]  [comfy-env] Removed stale temp dir: /var/folders/tb/y368xp_x10s3ty1b_mtl5mxr0000gn/T/comfyui_pvenv_rnc0tzwu

[2026-05-12 15:35:43.452] [error] [comfy-env] register_nodes: comfyui-cadabra
[2026-05-12 15:35:43.454] [error] 

[2026-05-12 15:35:43.457] [error] [comfy-env] ComfyUI source dir: /Users/runner/.comfy-test-cache/desktop/ComfyUI.app/Contents/Resources/ComfyUI
[2026-05-12 15:35:43.460] [error] 

[2026-05-12 15:35:43.630] [error] [comfy-env] Scanning nodes metadata (isolation root)...
[comfy-env] Cache hit for nodes: 39 nodes
[comfy-env] Scanned nodes root: 39 nodes (0.0s)
[comfy-env] Imported nodes root: 39 nodes (isolation)
[comfy-env] Registered 39 total nodes
[comfy-env] Version: 0.3.84

[2026-05-12 15:35:43.631] [info]  loading...
calling register_nodes

[2026-05-12 15:35:43.717] [error] [comfy-env] register_nodes: ComfyUI-GeometryPack
[2026-05-12 15:35:43.719] [error] 

[2026-05-12 15:35:43.729] [error] [comfy-env] ComfyUI source dir: /Users/runner/.comfy-test-cache/desktop/ComfyUI.app/Contents/Resources/ComfyUI
[2026-05-12 15:35:43.731] [error] 

[2026-05-12 15:35:43.939] [error] [comfy-env] Scanning nodes metadata (isolation root)...

[2026-05-12 15:35:43.957] [error] [comfy-env] Cache hit for nodes: 125 nodes
[2026-05-12 15:35:43.959] [error] 
[comfy-env] Scanned nodes root: 125 nodes (0.0s)

[2026-05-12 15:35:43.967] [error] [comfy-env] Imported nodes root: 125 nodes (isolation)

[2026-05-12 15:35:43.969] [error] [comfy-env] Registered 125 total nodes

[2026-05-12 15:35:44.004] [info]  ComfyUI-Multiband loaded: 15 nodes registered

[2026-05-12 15:35:44.006] [info]  
Import times for custom nodes:
   0.0 seconds: /Users/runner/.comfy-test-cache/desktop/ComfyUI.app/Contents/Resources/ComfyUI/custom_nodes/websocket_image_save.py

[2026-05-12 15:35:44.007] [info]     0.0 seconds: /Users/runner/Documents/ComfyUI/custom_nodes/ComfyUI-Multiband
   0.4 seconds: /Users/runner/Documents/ComfyUI/custom_nodes/ComfyUI-GeometryPack
   0.5 seconds: /Users/runner/Documents/ComfyUI/custom_nodes/comfyui-cadabra


[2026-05-12 15:35:44.012] [info]  Context impl SQLiteImpl.
Will assume non-transactional DDL.

[2026-05-12 15:35:44.092] [info]  Starting server


[2026-05-12 15:35:44.094] [info]  To see the GUI go to: http://127.0.0.1:8000

[2026-05-12 15:35:46.534] [info]  [ComfyUI-Manager] The ComfyRegistry cache update is still in progress, so an outdated cache is being used.

[2026-05-12 15:35:46.639] [info]  FETCH DATA from: /Users/runner/Documents/ComfyUI/.venv/lib/python3.12/site-packages/comfyui_manager/custom-node-list.json
[2026-05-12 15:35:46.672] [info]   [DONE]
[2026-05-12 15:35:46.674] [info]  

[2026-05-12 15:35:49.570] [info]  [ComfyUI-Manager] The ComfyRegistry cache update is still in progress, so an outdated cache is being used.

[2026-05-12 15:35:49.651] [info]  FETCH DATA from: /Users/runner/Documents/ComfyUI/.venv/lib/python3.12/site-packages/comfyui_manager/custom-node-list.json
[2026-05-12 15:35:49.677] [info]   [DONE]

[2026-05-12 15:36:12.631] [info]  got prompt

[2026-05-12 15:36:12.706] [info]  [comfyui-cadabra] python: /Users/runner/.ce/.pixi/envs/cadabra-nodes/bin/python
[comfyui-cadabra] sys_path sent to worker: ['/Users/runner/.comfy-test-cache/desktop/ComfyUI.app/Contents/Resources/ComfyUI', '/Users/runner/Documents/ComfyUI/custom_nodes/comfyui-cadabra', '/Users/runner/.ce/.pixi/envs/cadabra-nodes/lib/python3.1/site-packages', '/Users/runner/Documents/ComfyUI/custom_nodes/comfyui-cadabra']

[2026-05-12 15:36:18.030] [error] [worker:comfyui-cadabra] ERROR: Failed to import comfy_kitchen, Error: No module named 'comfy_kitchen', fp8 and fp4 support will not be available.

[2026-05-12 15:36:36.600] [error] [comfyui-cadabra] Health check: ping (timeout=5.0s)...

[2026-05-12 15:36:36.620] [error] [comfyui-cadabra] Health check: ok

[2026-05-12 15:36:36.755] [error] [15:36:36] [CADabra] Starting: CAD Face Analysis(faces=236)

[2026-05-12 15:36:36.757] [error] [worker:comfyui-cadabra] INFO: Starting: CAD Face Analysis(faces=236)

[2026-05-12 15:36:36.947] [error] [15:36:36] [CADabra] Completed: CAD Face Analysis(faces=236) in 0.19s

[2026-05-12 15:36:36.948] [error] [worker:comfyui-cadabra] INFO: Completed: CAD Face Analysis(faces=236) in 0.19s
[15:36:36] [CADabra] Starting: CAD Adjacency Graph(faces=236)
[worker:comfyui-cadabra] INFO: Starting: CAD Adjacency Graph(faces=236)

[2026-05-12 15:36:36.956] [error] [15:36:36] [CADabra] Completed: CAD Adjacency Graph(faces=236) in 0.01s

[2026-05-12 15:36:36.957] [error] [worker:comfyui-cadabra] INFO: Completed: CAD Adjacency Graph(faces=236) in 0.01s

[2026-05-12 15:36:44.206] [error] [comfyui-cadabra] Health check: ping (timeout=5.0s)...
[2026-05-12 15:36:44.213] [error] 
[comfyui-cadabra] Health check: ok

[2026-05-12 15:36:44.251] [error] [comfyui-cadabra] Health check: ping (timeout=5.0s)...

[2026-05-12 15:36:44.254] [error] [comfyui-cadabra] Health check: ok

[2026-05-12 15:36:44.424] [error] [15:36:44] [CADabra] Starting: CAD Edge Analysis(edges=1122)

[2026-05-12 15:36:44.427] [error] [worker:comfyui-cadabra] INFO: Starting: CAD Edge Analysis(edges=1122)

[2026-05-12 15:36:45.058] [error] [15:36:45] [CADabra] Completed: CAD Edge Analysis(edges=1122) in 0.64s

[2026-05-12 15:36:45.071] [error] [worker:comfyui-cadabra] INFO: Completed: CAD Edge Analysis(edges=1122) in 0.64s

[2026-05-12 15:36:45.215] [error] [comfyui-cadabra] Health check: ping (timeout=5.0s)...

[2026-05-12 15:36:45.216] [error] [comfyui-cadabra] Health check: ok

[2026-05-12 15:36:45.322] [error] [comfyui-cadabra] Health check: ping (timeout=5.0s)...

[2026-05-12 15:36:45.350] [error] [comfyui-cadabra] Health check: ok

[2026-05-12 15:36:45.444] [info]  Prompt executed in 32.79 seconds

