[2026-05-19 11:54:09.393] [info]  setup plugin alembic.autogenerate.schemas
setup plugin alembic.autogenerate.tables
setup plugin alembic.autogenerate.types
setup plugin alembic.autogenerate.constraints
setup plugin alembic.autogenerate.defaults
setup plugin alembic.autogenerate.comments

[2026-05-19 11:54:09.517] [info]  Could not autodetect AIMDO implementation, assuming Nvidia

[2026-05-19 11:54:09.519] [info]  comfy-aimdo unsupported operating system: Darwin
NOTE: comfy-aimdo currently only supports Windows and Linux

[2026-05-19 11:54:09.787] [info]  Adding extra search path custom_nodes /Users/runner/Documents/ComfyUI/custom_nodes
Adding extra search path download_model_base /Users/runner/Documents/ComfyUI/models
Adding extra search path custom_nodes /Users/runner/.comfy-test-cache/desktop/ComfyUI.app/Contents/Resources/ComfyUI/custom_nodes
Setting output directory to: /Users/runner/Documents/ComfyUI/output
Setting input directory to: /Users/runner/Documents/ComfyUI/input

[2026-05-19 11:54:09.789] [info]  Setting user directory to: /Users/runner/Documents/ComfyUI/user

[2026-05-19 11:54:10.392] [info]  [START] Security scan
[ComfyUI-Manager] Using uv as Python module for pip operations.

[2026-05-19 11:54:10.595] [info]  [DONE] Security scan
** ComfyUI startup time: 2026-05-19 11:54:10.593
** Platform: Darwin
** Python version: 3.12.11 (main, Aug 18 2025, 19:02:39) [Clang 20.1.4 ]
** Python executable: /Users/runner/Documents/ComfyUI/.venv/bin/python
** ComfyUI Path: /Users/runner/.comfy-test-cache/desktop/ComfyUI.app/Contents/Resources/ComfyUI
** ComfyUI Base Folder Path: /Users/runner/.comfy-test-cache/desktop/ComfyUI.app/Contents/Resources/ComfyUI
** User directory: /Users/runner/Documents/ComfyUI/user
** ComfyUI-Manager config path: /Users/runner/Documents/ComfyUI/user/__manager/config.ini
** Log path: /Users/runner/Documents/ComfyUI/user/comfyui.log

[2026-05-19 11:54:10.752] [info]  [ComfyUI-Manager] Skipped fixing the 'comfyui-frontend-package' dependency because the ComfyUI is outdated.

[2026-05-19 11:54:10.753] [info]  [PRE] ComfyUI-Manager

[2026-05-19 11:54:11.173] [error] [comfy-env] comfyui-cadabra: 1 isolation env(s):

[2026-05-19 11:54:11.174] [error] [comfy-env]   nodes -> /Users/runner/Documents/ComfyUI/custom_nodes/comfyui-cadabra/nodes

[2026-05-19 11:54:11.175] [error] [comfy-env] Workspace: /Users/runner/.ce
[comfy-env]     env: /Users/runner/.ce/.pixi/envs/cadabra-nodes  [OK]

[2026-05-19 11:54:13.148] [error] [comfy-env] prestartup complete

[2026-05-19 11:54:13.200] [error] [comfy-env] ComfyUI-GeometryPack: 1 isolation env(s):
[comfy-env]   nodes -> /Users/runner/Documents/ComfyUI/custom_nodes/ComfyUI-GeometryPack/nodes
[comfy-env]     env: /Users/runner/.ce/.pixi/envs/geometrypack-nodes  [OK]

[2026-05-19 11:54:13.203] [error] [comfy-env] prestartup complete

[2026-05-19 11:54:13.242] [info]  WARNING: Potential Error in code: Torch already imported, torch should never be imported before this point.

[2026-05-19 11:54:15.387] [info]  Found comfy_kitchen backend cuda: {'available': False, 'disabled': True, 'unavailable_reason': 'Extension file not found: /Users/runner/Documents/ComfyUI/.venv/lib/python3.12/site-packages/comfy_kitchen/backends/cuda/_C.abi3.so', 'capabilities': []}
Found comfy_kitchen backend triton: {'available': False, 'disabled': True, 'unavailable_reason': "ImportError: No module named 'triton'", 'capabilities': []}

[2026-05-19 11:54:15.390] [info]  Found comfy_kitchen backend eager: {'available': True, 'disabled': False, 'unavailable_reason': None, 'capabilities': ['apply_rope', 'apply_rope1', 'dequantize_mxfp8', 'dequantize_nvfp4', 'dequantize_per_tensor_fp8', 'quantize_mxfp8', 'quantize_nvfp4', 'quantize_per_tensor_fp8', 'scaled_mm_mxfp8', 'scaled_mm_nvfp4']}

[2026-05-19 11:54:15.403] [info]  Checkpoint files will always be loaded safely.

[2026-05-19 11:54:15.475] [info]  Total VRAM 7168 MB, total RAM 7168 MB
pytorch version: 2.10.0

[2026-05-19 11:54:15.485] [info]  Mac Version (15, 7, 4)

[2026-05-19 11:54:15.486] [info]  Set vram state to: SHARED
Device: mps

[2026-05-19 11:54:16.210] [info]  Using sub quadratic optimization for attention, if you have memory or speed issues try using: --use-split-cross-attention

[2026-05-19 11:54:22.305] [info]  Python version: 3.12.11 (main, Aug 18 2025, 19:02:39) [Clang 20.1.4 ]

[2026-05-19 11:54:22.311] [info]  ComfyUI version: 0.21.1
comfy-aimdo version: 0.3.0

[2026-05-19 11:54:22.314] [info]  comfy-kitchen version: 0.2.8

[2026-05-19 11:54:22.322] [info]  [Prompt Server] web root: /Users/runner/.comfy-test-cache/desktop/ComfyUI.app/Contents/Resources/ComfyUI/web_custom_versions/desktop_app

[2026-05-19 11:54:22.328] [info]  Asset seeder disabled

[2026-05-19 11:54:22.333] [info]  [START] ComfyUI-Manager

[2026-05-19 11:54:22.727] [info]  [ComfyUI-Manager] Using GitPython backend

[2026-05-19 11:54:22.855] [info]  [ComfyUI-Manager] network_mode: public

[2026-05-19 11:54:22.874] [info]  [ComfyUI-Manager] The matrix sharing feature has been disabled because the `matrix-nio` dependency is not installed.
	To use this feature, please run the following command:
	/Users/runner/Documents/ComfyUI/.venv/bin/python -m pip install matrix-nio


[2026-05-19 11:54:25.435] [error] [comfy-env] Version: 0.3.89

[2026-05-19 11:54:25.441] [info]  [comfy-env] Removed stale socket: /var/folders/tb/y368xp_x10s3ty1b_mtl5mxr0000gn/T/comfy_worker_b47fb13db8a1.sock

[2026-05-19 11:54:25.570] [info]  [comfy-env] Removed stale temp dir: /var/folders/tb/y368xp_x10s3ty1b_mtl5mxr0000gn/T/comfyui_pvenv_k279w_2n
[2026-05-19 11:54:25.572] [info]  

[2026-05-19 11:54:25.814] [error] [comfy-env] register_nodes: comfyui-cadabra
[2026-05-19 11:54:25.816] [error] 

[2026-05-19 11:54:25.819] [error] [comfy-env] ComfyUI source dir: /Users/runner/.comfy-test-cache/desktop/ComfyUI.app/Contents/Resources/ComfyUI

[2026-05-19 11:54:25.842] [error] [comfy-env] Scanning nodes metadata (isolation root)...
[2026-05-19 11:54:25.844] [error] 

[2026-05-19 11:54:25.852] [error] [comfy-env] Cache hit for nodes: 39 nodes
[2026-05-19 11:54:25.854] [error] 
[comfy-env] Scanned nodes root: 39 nodes (0.0s)
[2026-05-19 11:54:25.859] [error] 
[comfy-env] Imported nodes root: 39 nodes (isolation)
[2026-05-19 11:54:25.861] [error] 
[comfy-env] Registered 39 total nodes

[2026-05-19 11:54:25.865] [info]  loading...

[2026-05-19 11:54:25.867] [info]  calling register_nodes

[2026-05-19 11:54:25.873] [error] [comfy-env] Version: 0.3.89
[2026-05-19 11:54:25.876] [error] 

[2026-05-19 11:54:25.925] [error] [comfy-env] register_nodes: ComfyUI-GeometryPack
[2026-05-19 11:54:25.929] [error] 

[2026-05-19 11:54:25.941] [error] [comfy-env] ComfyUI source dir: /Users/runner/.comfy-test-cache/desktop/ComfyUI.app/Contents/Resources/ComfyUI

[2026-05-19 11:54:25.991] [error] [comfy-env] Scanning nodes metadata (isolation root)...
[2026-05-19 11:54:25.993] [error] 

[2026-05-19 11:54:26.013] [error] [comfy-env] Cache hit for nodes: 125 nodes

[2026-05-19 11:54:26.016] [error] [comfy-env] Scanned nodes root: 125 nodes (0.0s)

[2026-05-19 11:54:26.022] [error] [comfy-env] Imported nodes root: 125 nodes (isolation)
[comfy-env] Registered 125 total nodes

[2026-05-19 11:54:26.057] [info]  ComfyUI-Multiband loaded: 15 nodes registered

[2026-05-19 11:54:26.065] [info]  
Import times for custom nodes:
   0.0 seconds: /Users/runner/.comfy-test-cache/desktop/ComfyUI.app/Contents/Resources/ComfyUI/custom_nodes/websocket_image_save.py
   0.0 seconds: /Users/runner/Documents/ComfyUI/custom_nodes/ComfyUI-Multiband

[2026-05-19 11:54:26.066] [info]     0.2 seconds: /Users/runner/Documents/ComfyUI/custom_nodes/ComfyUI-GeometryPack
   0.5 seconds: /Users/runner/Documents/ComfyUI/custom_nodes/comfyui-cadabra


[2026-05-19 11:54:26.069] [info]  Context impl SQLiteImpl.
Will assume non-transactional DDL.

[2026-05-19 11:54:26.172] [info]  Starting server


[2026-05-19 11:54:26.175] [info]  To see the GUI go to: http://127.0.0.1:8000

[2026-05-19 11:54:29.672] [info]  [ComfyUI-Manager] The ComfyRegistry cache update is still in progress, so an outdated cache is being used.

[2026-05-19 11:54:29.827] [info]  FETCH DATA from: /Users/runner/Documents/ComfyUI/.venv/lib/python3.12/site-packages/comfyui_manager/custom-node-list.json
[2026-05-19 11:54:29.859] [info]   [DONE]

[2026-05-19 11:54:32.529] [info]  [ComfyUI-Manager] The ComfyRegistry cache update is still in progress, so an outdated cache is being used.

[2026-05-19 11:54:32.631] [info]  FETCH DATA from: /Users/runner/Documents/ComfyUI/.venv/lib/python3.12/site-packages/comfyui_manager/custom-node-list.json
[2026-05-19 11:54:32.671] [info]   [DONE]

[2026-05-19 11:54:55.279] [info]  got prompt

[2026-05-19 11:54:55.313] [info]  WARNING: stat: path should be string, bytes, os.PathLike or integer, not NoneType

[2026-05-19 11:54:55.374] [info]  [comfyui-cadabra] python: /Users/runner/.ce/.pixi/envs/cadabra-nodes/bin/python
[comfyui-cadabra] sys_path sent to worker: ['/Users/runner/.comfy-test-cache/desktop/ComfyUI.app/Contents/Resources/ComfyUI', '/Users/runner/Documents/ComfyUI/custom_nodes/comfyui-cadabra', '/Users/runner/.ce/.pixi/envs/cadabra-nodes/lib/python3.1/site-packages', '/Users/runner/Documents/ComfyUI/custom_nodes/comfyui-cadabra']

[2026-05-19 11:54:58.561] [error] [worker:comfyui-cadabra] ERROR: Failed to import comfy_kitchen, Error: No module named 'comfy_kitchen', fp8 and fp4 support will not be available.

[2026-05-19 11:55:10.818] [error] [comfyui-cadabra] Health check: ping (timeout=5.0s)...

[2026-05-19 11:55:10.876] [error] [comfyui-cadabra] Health check: ok
[2026-05-19 11:55:10.878] [error] 

[2026-05-19 11:55:10.898] [error] [11:55:10] [CADabra] Starting: BRepMesh ROI Selector(linear_deflection=0.1, angular_deflection=0.5)

[2026-05-19 11:55:10.901] [error] [worker:comfyui-cadabra] INFO: Starting: BRepMesh ROI Selector(linear_deflection=0.1, angular_deflection=0.5)

[2026-05-19 11:55:10.988] [error] [11:55:10] [CADabra] Completed: BRepMesh ROI Selector(linear_deflection=0.1, angular_deflection=0.5) in 0.09s

[2026-05-19 11:55:10.989] [error] [worker:comfyui-cadabra] INFO: Completed: BRepMesh ROI Selector(linear_deflection=0.1, angular_deflection=0.5) in 0.09s

[2026-05-19 11:55:11.283] [error] [comfyui-cadabra] Health check: ping (timeout=5.0s)...

[2026-05-19 11:55:11.284] [error] [comfyui-cadabra] Health check: ok
[2026-05-19 11:55:11.297] [error] 

[2026-05-19 11:55:11.372] [error] [11:55:11] [CADabra] Starting: BRepMesh(linear_deflection=0.1, angular_deflection=0.5)

[2026-05-19 11:55:11.373] [error] [worker:comfyui-cadabra] INFO: Starting: BRepMesh(linear_deflection=0.1, angular_deflection=0.5)

[2026-05-19 11:55:11.441] [error] [11:55:11] [CADabra] Completed: BRepMesh(linear_deflection=0.1, angular_deflection=0.5) in 0.07s

[2026-05-19 11:55:11.442] [error] [worker:comfyui-cadabra] INFO: Completed: BRepMesh(linear_deflection=0.1, angular_deflection=0.5) in 0.07s

[2026-05-19 11:55:11.548] [error] [comfyui-cadabra] Health check: ping (timeout=5.0s)...
[2026-05-19 11:55:11.559] [error] 
[comfyui-cadabra] Health check: ok

[2026-05-19 11:55:11.599] [error] [comfyui-cadabra] Health check: ping (timeout=5.0s)...

[2026-05-19 11:55:11.600] [error] [comfyui-cadabra] Health check: ok

[2026-05-19 11:55:11.611] [error] [comfyui-cadabra] Health check: ping (timeout=5.0s)...

[2026-05-19 11:55:11.614] [error] [comfyui-cadabra] Health check: ok
[2026-05-19 11:55:11.615] [error] 

[2026-05-19 11:55:11.652] [error] [comfyui-cadabra] Health check: ping (timeout=5.0s)...

[2026-05-19 11:55:11.654] [error] [comfyui-cadabra] Health check: ok

[2026-05-19 11:55:12.961] [info]  Prompt executed in 17.67 seconds

