[2026-05-19 11:49:49.967] [info]  setup plugin alembic.autogenerate.schemas
setup plugin alembic.autogenerate.tables
setup plugin alembic.autogenerate.types
setup plugin alembic.autogenerate.constraints
setup plugin alembic.autogenerate.defaults
setup plugin alembic.autogenerate.comments

[2026-05-19 11:49:50.167] [info]  Could not autodetect AIMDO implementation, assuming Nvidia

[2026-05-19 11:49:50.172] [info]  comfy-aimdo unsupported operating system: Darwin
NOTE: comfy-aimdo currently only supports Windows and Linux

[2026-05-19 11:49:50.589] [info]  Adding extra search path custom_nodes /Users/runner/Documents/ComfyUI/custom_nodes
Adding extra search path download_model_base /Users/runner/Documents/ComfyUI/models
Adding extra search path custom_nodes /Users/runner/.comfy-test-cache/desktop/ComfyUI.app/Contents/Resources/ComfyUI/custom_nodes
Setting output directory to: /Users/runner/Documents/ComfyUI/output
Setting input directory to: /Users/runner/Documents/ComfyUI/input
Setting user directory to: /Users/runner/Documents/ComfyUI/user

[2026-05-19 11:49:51.482] [info]  [START] Security scan
[ComfyUI-Manager] Using uv as Python module for pip operations.

[2026-05-19 11:49:51.694] [info]  [DONE] Security scan
** ComfyUI startup time: 2026-05-19 11:49:51.693
[2026-05-19 11:49:51.695] [info]  
** Platform: Darwin
** Python version: 3.12.11 (main, Aug 18 2025, 19:02:39) [Clang 20.1.4 ]
** Python executable: /Users/runner/Documents/ComfyUI/.venv/bin/python
** ComfyUI Path: /Users/runner/.comfy-test-cache/desktop/ComfyUI.app/Contents/Resources/ComfyUI
** ComfyUI Base Folder Path: /Users/runner/.comfy-test-cache/desktop/ComfyUI.app/Contents/Resources/ComfyUI
** User directory: /Users/runner/Documents/ComfyUI/user
** ComfyUI-Manager config path: /Users/runner/Documents/ComfyUI/user/__manager/config.ini
** Log path: /Users/runner/Documents/ComfyUI/user/comfyui.log

[2026-05-19 11:49:51.862] [info]  [ComfyUI-Manager] Skipped fixing the 'comfyui-frontend-package' dependency because the ComfyUI is outdated.

[2026-05-19 11:49:51.864] [info]  [PRE] ComfyUI-Manager

[2026-05-19 11:49:52.245] [error] [comfy-env] comfyui-cadabra: 1 isolation env(s):
[2026-05-19 11:49:52.246] [error] 
[comfy-env]   nodes -> /Users/runner/Documents/ComfyUI/custom_nodes/comfyui-cadabra/nodes

[2026-05-19 11:49:52.246] [error] [comfy-env] Workspace: /Users/runner/.ce
[2026-05-19 11:49:52.247] [error] 
[comfy-env]     env: /Users/runner/.ce/.pixi/envs/cadabra-nodes  [OK]

[2026-05-19 11:49:54.403] [error] [comfy-env] prestartup complete

[2026-05-19 11:49:54.461] [error] [comfy-env] ComfyUI-GeometryPack: 1 isolation env(s):
[comfy-env]   nodes -> /Users/runner/Documents/ComfyUI/custom_nodes/ComfyUI-GeometryPack/nodes

[2026-05-19 11:49:54.463] [error] [comfy-env]     env: /Users/runner/.ce/.pixi/envs/geometrypack-nodes  [OK]

[2026-05-19 11:49:54.468] [error] [comfy-env] prestartup complete

[2026-05-19 11:49:54.509] [info]  WARNING: Potential Error in code: Torch already imported, torch should never be imported before this point.

[2026-05-19 11:49:56.067] [info]  Found comfy_kitchen backend eager: {'available': True, 'disabled': False, 'unavailable_reason': None, 'capabilities': ['apply_rope', 'apply_rope1', 'dequantize_mxfp8', 'dequantize_nvfp4', 'dequantize_per_tensor_fp8', 'quantize_mxfp8', 'quantize_nvfp4', 'quantize_per_tensor_fp8', 'scaled_mm_mxfp8', 'scaled_mm_nvfp4']}
Found comfy_kitchen backend cuda: {'available': False, 'disabled': True, 'unavailable_reason': 'Extension file not found: /Users/runner/Documents/ComfyUI/.venv/lib/python3.12/site-packages/comfy_kitchen/backends/cuda/_C.abi3.so', 'capabilities': []}

[2026-05-19 11:49:56.068] [info]  Found comfy_kitchen backend triton: {'available': False, 'disabled': True, 'unavailable_reason': "ImportError: No module named 'triton'", 'capabilities': []}

[2026-05-19 11:49:56.079] [info]  Checkpoint files will always be loaded safely.

[2026-05-19 11:49:56.129] [info]  Total VRAM 7168 MB, total RAM 7168 MB

[2026-05-19 11:49:56.130] [info]  pytorch version: 2.10.0

[2026-05-19 11:49:56.136] [info]  Mac Version (15, 7, 4)

[2026-05-19 11:49:56.139] [info]  Set vram state to: SHARED

[2026-05-19 11:49:56.140] [info]  Device: mps

[2026-05-19 11:49:56.732] [info]  Using sub quadratic optimization for attention, if you have memory or speed issues try using: --use-split-cross-attention

[2026-05-19 11:50:00.808] [info]  Python version: 3.12.11 (main, Aug 18 2025, 19:02:39) [Clang 20.1.4 ]

[2026-05-19 11:50:00.812] [info]  ComfyUI version: 0.21.1
comfy-aimdo version: 0.3.0
comfy-kitchen version: 0.2.8
[Prompt Server] web root: /Users/runner/.comfy-test-cache/desktop/ComfyUI.app/Contents/Resources/ComfyUI/web_custom_versions/desktop_app

[2026-05-19 11:50:00.816] [info]  Asset seeder disabled

[2026-05-19 11:50:00.817] [info]  [START] ComfyUI-Manager

[2026-05-19 11:50:00.958] [info]  [ComfyUI-Manager] Using GitPython backend

[2026-05-19 11:50:01.017] [info]  [ComfyUI-Manager] network_mode: public

[2026-05-19 11:50:01.033] [info]  [ComfyUI-Manager] The matrix sharing feature has been disabled because the `matrix-nio` dependency is not installed.
	To use this feature, please run the following command:
	/Users/runner/Documents/ComfyUI/.venv/bin/python -m pip install matrix-nio


[2026-05-19 11:50:03.444] [error] [comfy-env] Version: 0.3.89

[2026-05-19 11:50:03.448] [info]  [comfy-env] Removed stale socket: /var/folders/tb/y368xp_x10s3ty1b_mtl5mxr0000gn/T/comfy_worker_1daa4af6faec.sock

[2026-05-19 11:50:03.537] [info]  [comfy-env] Removed stale temp dir: /var/folders/tb/y368xp_x10s3ty1b_mtl5mxr0000gn/T/comfyui_pvenv_9gl6wvaz

[2026-05-19 11:50:03.806] [error] [comfy-env] register_nodes: comfyui-cadabra
[2026-05-19 11:50:03.809] [error] 

[2026-05-19 11:50:03.812] [error] [comfy-env] ComfyUI source dir: /Users/runner/.comfy-test-cache/desktop/ComfyUI.app/Contents/Resources/ComfyUI
[2026-05-19 11:50:03.815] [error] 

[2026-05-19 11:50:03.843] [error] [comfy-env] Scanning nodes metadata (isolation root)...

[2026-05-19 11:50:03.852] [error] [comfy-env] Cache hit for nodes: 39 nodes
[2026-05-19 11:50:03.864] [error] 
[comfy-env] Scanned nodes root: 39 nodes (0.0s)
[2026-05-19 11:50:03.865] [error] 

[2026-05-19 11:50:03.868] [error] [comfy-env] Imported nodes root: 39 nodes (isolation)

[2026-05-19 11:50:03.869] [error] [comfy-env] Registered 39 total nodes

[2026-05-19 11:50:03.881] [info]  loading...
calling register_nodes

[2026-05-19 11:50:03.885] [error] [comfy-env] Version: 0.3.89
[2026-05-19 11:50:03.886] [error] 

[2026-05-19 11:50:03.928] [error] [comfy-env] register_nodes: ComfyUI-GeometryPack

[2026-05-19 11:50:03.937] [error] [comfy-env] ComfyUI source dir: /Users/runner/.comfy-test-cache/desktop/ComfyUI.app/Contents/Resources/ComfyUI
[2026-05-19 11:50:03.937] [error] 

[2026-05-19 11:50:03.983] [error] [comfy-env] Scanning nodes metadata (isolation root)...
[2026-05-19 11:50:03.984] [error] 

[2026-05-19 11:50:04.020] [error] [comfy-env] Cache hit for nodes: 125 nodes
[comfy-env] Scanned nodes root: 125 nodes (0.0s)
[comfy-env] Imported nodes root: 125 nodes (isolation)
[comfy-env] Registered 125 total nodes

[2026-05-19 11:50:04.044] [info]  ComfyUI-Multiband loaded: 15 nodes registered

[2026-05-19 11:50:04.047] [info]  
Import times for custom nodes:
   0.0 seconds: /Users/runner/.comfy-test-cache/desktop/ComfyUI.app/Contents/Resources/ComfyUI/custom_nodes/websocket_image_save.py

[2026-05-19 11:50:04.048] [info]     0.0 seconds: /Users/runner/Documents/ComfyUI/custom_nodes/ComfyUI-Multiband
   0.1 seconds: /Users/runner/Documents/ComfyUI/custom_nodes/ComfyUI-GeometryPack
   0.5 seconds: /Users/runner/Documents/ComfyUI/custom_nodes/comfyui-cadabra


[2026-05-19 11:50:04.342] [info]  Context impl SQLiteImpl.

[2026-05-19 11:50:04.343] [info]  Will assume non-transactional DDL.

[2026-05-19 11:50:04.420] [info]  Starting server


[2026-05-19 11:50:04.423] [info]  To see the GUI go to: http://127.0.0.1:8000

[2026-05-19 11:50:05.960] [info]  [ComfyUI-Manager] The ComfyRegistry cache update is still in progress, so an outdated cache is being used.

[2026-05-19 11:50:06.037] [info]  FETCH DATA from: /Users/runner/Documents/ComfyUI/.venv/lib/python3.12/site-packages/comfyui_manager/custom-node-list.json
[2026-05-19 11:50:06.087] [info]   [DONE]

[2026-05-19 11:50:08.533] [info]  [ComfyUI-Manager] The ComfyRegistry cache update is still in progress, so an outdated cache is being used.

[2026-05-19 11:50:08.673] [info]  FETCH DATA from: /Users/runner/Documents/ComfyUI/.venv/lib/python3.12/site-packages/comfyui_manager/custom-node-list.json
[2026-05-19 11:50:08.702] [info]   [DONE]

[2026-05-19 11:50:29.916] [info]  got prompt

[2026-05-19 11:50:29.966] [info]  [comfyui-cadabra] python: /Users/runner/.ce/.pixi/envs/cadabra-nodes/bin/python
[comfyui-cadabra] sys_path sent to worker: ['/Users/runner/.comfy-test-cache/desktop/ComfyUI.app/Contents/Resources/ComfyUI', '/Users/runner/Documents/ComfyUI/custom_nodes/comfyui-cadabra', '/Users/runner/.ce/.pixi/envs/cadabra-nodes/lib/python3.1/site-packages', '/Users/runner/Documents/ComfyUI/custom_nodes/comfyui-cadabra']

[2026-05-19 11:50:32.931] [error] [worker:comfyui-cadabra] ERROR: Failed to import comfy_kitchen, Error: No module named 'comfy_kitchen', fp8 and fp4 support will not be available.

[2026-05-19 11:50:44.103] [error] [comfyui-cadabra] Health check: ping (timeout=5.0s)...

[2026-05-19 11:50:44.119] [error] [comfyui-cadabra] Health check: ok

[2026-05-19 11:50:44.167] [error] [11:50:44] [CADabra] Starting: CAD Edge Analysis(edges=158)

[2026-05-19 11:50:44.169] [error] [worker:comfyui-cadabra] INFO: Starting: CAD Edge Analysis(edges=158)

[2026-05-19 11:50:44.196] [error] [11:50:44] [CADabra] Completed: CAD Edge Analysis(edges=158) in 0.03s

[2026-05-19 11:50:44.204] [error] [worker:comfyui-cadabra] INFO: Completed: CAD Edge Analysis(edges=158) in 0.03s

[2026-05-19 11:50:44.223] [error] [comfyui-cadabra] Health check: ping (timeout=5.0s)...

[2026-05-19 11:50:44.225] [error] [comfyui-cadabra] Health check: ok

[2026-05-19 11:50:44.257] [error] [comfyui-cadabra] Health check: ping (timeout=5.0s)...

[2026-05-19 11:50:44.260] [error] [comfyui-cadabra] Health check: ok

[2026-05-19 11:50:44.279] [info]  Prompt executed in 14.35 seconds

