[2026-05-18 18:43:09.418] [info]  setup plugin alembic.autogenerate.schemas
setup plugin alembic.autogenerate.tables
setup plugin alembic.autogenerate.types
setup plugin alembic.autogenerate.constraints
setup plugin alembic.autogenerate.defaults
setup plugin alembic.autogenerate.comments

[2026-05-18 18:43:09.551] [info]  Could not autodetect AIMDO implementation, assuming Nvidia
comfy-aimdo unsupported operating system: Darwin
NOTE: comfy-aimdo currently only supports Windows and Linux

[2026-05-18 18:43:09.831] [info]  Adding extra search path custom_nodes /Users/runner/Documents/ComfyUI/custom_nodes
Adding extra search path download_model_base /Users/runner/Documents/ComfyUI/models
Adding extra search path custom_nodes /Users/runner/.comfy-test-cache/desktop/ComfyUI.app/Contents/Resources/ComfyUI/custom_nodes
Setting output directory to: /Users/runner/Documents/ComfyUI/output
Setting input directory to: /Users/runner/Documents/ComfyUI/input
Setting user directory to: /Users/runner/Documents/ComfyUI/user

[2026-05-18 18:43:10.360] [info]  [START] Security scan
[ComfyUI-Manager] Using uv as Python module for pip operations.

[2026-05-18 18:43:10.571] [info]  [DONE] Security scan
** ComfyUI startup time: 2026-05-18 18:43:10.570
** Platform: 
[2026-05-18 18:43:10.573] [info]  Darwin
** Python version: 3.12.11 (main, Aug 18 2025, 19:02:39) [Clang 20.1.4 ]
** Python executable: /Users/runner/Documents/ComfyUI/.venv/bin/python
** ComfyUI Path: /Users/runner/.comfy-test-cache/desktop/ComfyUI.app/Contents/Resources/ComfyUI
** ComfyUI Base Folder Path: /Users/runner/.comfy-test-cache/desktop/ComfyUI.app/Contents/Resources/ComfyUI
** User directory: /Users/runner/Documents/ComfyUI/user
** ComfyUI-Manager config path: /Users/runner/Documents/ComfyUI/user/__manager/config.ini
** Log path: /Users/runner/Documents/ComfyUI/user/comfyui.log

[2026-05-18 18:43:10.730] [info]  [ComfyUI-Manager] Skipped fixing the 'comfyui-frontend-package' dependency because the ComfyUI is outdated.

[2026-05-18 18:43:10.734] [info]  [PRE] ComfyUI-Manager

[2026-05-18 18:43:11.125] [error] [comfy-env] comfyui-cadabra: 1 isolation env(s):
[2026-05-18 18:43:11.127] [error] 
[comfy-env]   nodes -> /Users/runner/Documents/ComfyUI/custom_nodes/comfyui-cadabra/nodes

[2026-05-18 18:43:11.129] [error] [comfy-env] Workspace: /Users/runner/.ce
[2026-05-18 18:43:11.131] [error] 
[comfy-env]     env: /Users/runner/.ce/.pixi/envs/cadabra-nodes  [OK]

[2026-05-18 18:43:13.907] [error] [comfy-env] prestartup complete
[2026-05-18 18:43:13.909] [error] 

[2026-05-18 18:43:13.996] [error] [comfy-env] ComfyUI-GeometryPack: 1 isolation env(s):

[2026-05-18 18:43:13.998] [error] [comfy-env]   nodes -> /Users/runner/Documents/ComfyUI/custom_nodes/ComfyUI-GeometryPack/nodes
[comfy-env]     env: /Users/runner/.ce/.pixi/envs/geometrypack-nodes  [OK]

[2026-05-18 18:43:14.006] [error] [comfy-env] prestartup complete
[2026-05-18 18:43:14.017] [error] 

[2026-05-18 18:43:14.059] [info]  WARNING: Potential Error in code: Torch already imported, torch should never be imported before this point.

[2026-05-18 18:43:16.600] [info]  Found comfy_kitchen backend eager: {'available': True, 'disabled': False, 'unavailable_reason': None, 'capabilities': ['apply_rope', 'apply_rope1', 'dequantize_mxfp8', 'dequantize_nvfp4', 'dequantize_per_tensor_fp8', 'quantize_mxfp8', 'quantize_nvfp4', 'quantize_per_tensor_fp8', 'scaled_mm_mxfp8', 'scaled_mm_nvfp4']}

[2026-05-18 18:43:16.603] [info]  Found comfy_kitchen backend triton: {'available': False, 'disabled': True, 'unavailable_reason': "ImportError: No module named 'triton'", 'capabilities': []}
Found comfy_kitchen backend cuda: {'available': False, 'disabled': True, 'unavailable_reason': 'Extension file not found: /Users/runner/Documents/ComfyUI/.venv/lib/python3.12/site-packages/comfy_kitchen/backends/cuda/_C.abi3.so', 'capabilities': []}

[2026-05-18 18:43:16.619] [info]  Checkpoint files will always be loaded safely.

[2026-05-18 18:43:16.710] [info]  Total VRAM 7168 MB, total RAM 7168 MB

[2026-05-18 18:43:16.712] [info]  pytorch version: 2.10.0

[2026-05-18 18:43:16.720] [info]  Mac Version (15, 7, 4)

[2026-05-18 18:43:16.721] [info]  Set vram state to: SHARED
Device: mps

[2026-05-18 18:43:17.589] [info]  Using sub quadratic optimization for attention, if you have memory or speed issues try using: --use-split-cross-attention

[2026-05-18 18:43:25.008] [info]  Python version: 3.12.11 (main, Aug 18 2025, 19:02:39) [Clang 20.1.4 ]

[2026-05-18 18:43:25.011] [info]  ComfyUI version: 0.21.1
comfy-aimdo version: 0.3.0
comfy-kitchen version: 0.2.8

[2026-05-18 18:43:25.017] [info]  [Prompt Server] web root: /Users/runner/.comfy-test-cache/desktop/ComfyUI.app/Contents/Resources/ComfyUI/web_custom_versions/desktop_app

[2026-05-18 18:43:25.020] [info]  Asset seeder disabled

[2026-05-18 18:43:25.022] [info]  [START] ComfyUI-Manager

[2026-05-18 18:43:25.322] [info]  [ComfyUI-Manager] Using GitPython backend

[2026-05-18 18:43:25.436] [info]  [ComfyUI-Manager] network_mode: public

[2026-05-18 18:43:25.457] [info]  [ComfyUI-Manager] The matrix sharing feature has been disabled because the `matrix-nio` dependency is not installed.
	To use this feature, please run the following command:
	/Users/runner/Documents/ComfyUI/.venv/bin/python -m pip install matrix-nio


[2026-05-18 18:43:29.998] [error] [comfy-env] Version: 0.3.89

[2026-05-18 18:43:30.002] [info]  [comfy-env] Removed stale socket: /var/folders/tb/y368xp_x10s3ty1b_mtl5mxr0000gn/T/comfy_worker_6aee1494945b.sock

[2026-05-18 18:43:30.191] [info]  [comfy-env] Removed stale temp dir: /var/folders/tb/y368xp_x10s3ty1b_mtl5mxr0000gn/T/comfyui_pvenv_b332_hda

[2026-05-18 18:43:30.493] [error] [comfy-env] register_nodes: comfyui-cadabra
[2026-05-18 18:43:30.494] [error] 

[2026-05-18 18:43:30.498] [error] [comfy-env] ComfyUI source dir: /Users/runner/.comfy-test-cache/desktop/ComfyUI.app/Contents/Resources/ComfyUI
[2026-05-18 18:43:30.499] [error] 

[2026-05-18 18:43:30.811] [error] [comfy-env] Scanning nodes metadata (isolation root)...
[2026-05-18 18:43:30.812] [error] 

[2026-05-18 18:43:30.834] [error] [comfy-env] Cache hit for nodes: 39 nodes
[2026-05-18 18:43:30.837] [error] 

[2026-05-18 18:43:30.838] [error] [comfy-env] Scanned nodes root: 39 nodes (0.0s)

[2026-05-18 18:43:30.839] [error] [comfy-env] Imported nodes root: 39 nodes (isolation)
[2026-05-18 18:43:30.840] [error] 
[comfy-env] Registered 39 total nodes

[2026-05-18 18:43:30.844] [info]  loading...
calling register_nodes

[2026-05-18 18:43:30.853] [error] [comfy-env] Version: 0.3.89

[2026-05-18 18:43:30.900] [error] [comfy-env] register_nodes: ComfyUI-GeometryPack

[2026-05-18 18:43:30.909] [error] [comfy-env] ComfyUI source dir: /Users/runner/.comfy-test-cache/desktop/ComfyUI.app/Contents/Resources/ComfyUI
[2026-05-18 18:43:30.911] [error] 

[2026-05-18 18:43:31.422] [error] [comfy-env] Scanning nodes metadata (isolation root)...
[2026-05-18 18:43:31.426] [error] 

[2026-05-18 18:43:31.475] [error] [comfy-env] Cache hit for nodes: 125 nodes
[2026-05-18 18:43:31.477] [error] 
[comfy-env] Scanned nodes root: 125 nodes (0.1s)

[2026-05-18 18:43:31.480] [error] [comfy-env] Imported nodes root: 125 nodes (isolation)
[2026-05-18 18:43:31.482] [error] 
[comfy-env] Registered 125 total nodes

[2026-05-18 18:43:31.550] [info]  ComfyUI-Multiband loaded: 15 nodes registered

[2026-05-18 18:43:31.565] [info]  
Import times for custom nodes:
   0.0 seconds: /Users/runner/.comfy-test-cache/desktop/ComfyUI.app/Contents/Resources/ComfyUI/custom_nodes/websocket_image_save.py
   0.1 seconds: /Users/runner/Documents/ComfyUI/custom_nodes/ComfyUI-Multiband
   0.6 seconds: /Users/runner/Documents/ComfyUI/custom_nodes/ComfyUI-GeometryPack
   0.9 seconds: /Users/runner/Documents/ComfyUI/custom_nodes/comfyui-cadabra


[2026-05-18 18:43:31.596] [info]  Context impl SQLiteImpl.
Will assume non-transactional DDL.

[2026-05-18 18:43:31.767] [info]  Starting server


[2026-05-18 18:43:31.768] [info]  To see the GUI go to: http://127.0.0.1:8000

[2026-05-18 18:43:33.890] [info]  [ComfyUI-Manager] The ComfyRegistry cache update is still in progress, so an outdated cache is being used.

[2026-05-18 18:43:34.298] [info]  FETCH DATA from: /Users/runner/Documents/ComfyUI/.venv/lib/python3.12/site-packages/comfyui_manager/custom-node-list.json
[2026-05-18 18:43:34.348] [info]   [DONE]

[2026-05-18 18:43:38.647] [info]  [ComfyUI-Manager] The ComfyRegistry cache update is still in progress, so an outdated cache is being used.

[2026-05-18 18:43:38.808] [info]  FETCH DATA from: /Users/runner/Documents/ComfyUI/.venv/lib/python3.12/site-packages/comfyui_manager/custom-node-list.json
[2026-05-18 18:43:38.906] [info]   [DONE]

[2026-05-18 18:44:00.503] [info]  got prompt

[2026-05-18 18:44:00.576] [info]  WARNING: stat: path should be string, bytes, os.PathLike or integer, not NoneType

[2026-05-18 18:44:00.596] [info]  [comfyui-cadabra] python: /Users/runner/.ce/.pixi/envs/cadabra-nodes/bin/python
[comfyui-cadabra] sys_path sent to worker: ['/Users/runner/.comfy-test-cache/desktop/ComfyUI.app/Contents/Resources/ComfyUI', '/Users/runner/Documents/ComfyUI/custom_nodes/comfyui-cadabra', '/Users/runner/.ce/.pixi/envs/cadabra-nodes/lib/python3.1/site-packages', '/Users/runner/Documents/ComfyUI/custom_nodes/comfyui-cadabra']

[2026-05-18 18:44:03.719] [error] [worker:comfyui-cadabra] ERROR: Failed to import comfy_kitchen, Error: No module named 'comfy_kitchen', fp8 and fp4 support will not be available.
[2026-05-18 18:44:03.723] [error] 

[2026-05-18 18:44:17.724] [error] [comfyui-cadabra] Health check: ping (timeout=5.0s)...
[2026-05-18 18:44:17.749] [error] 
[comfyui-cadabra] Health check: ok

[2026-05-18 18:44:17.822] [error] [18:44:17] [CADabra] Starting: BRepMesh(linear_deflection=0.1, angular_deflection=0.5)

[2026-05-18 18:44:17.824] [error] [worker:comfyui-cadabra] INFO: Starting: BRepMesh(linear_deflection=0.1, angular_deflection=0.5)

[2026-05-18 18:44:17.925] [error] [18:44:17] [CADabra] Completed: BRepMesh(linear_deflection=0.1, angular_deflection=0.5) in 0.10s

[2026-05-18 18:44:17.927] [error] [worker:comfyui-cadabra] INFO: Completed: BRepMesh(linear_deflection=0.1, angular_deflection=0.5) in 0.10s

[2026-05-18 18:44:18.065] [error] [comfyui-cadabra] Health check: ping (timeout=5.0s)...
[2026-05-18 18:44:18.066] [error] 
[comfyui-cadabra] Health check: ok

[2026-05-18 18:44:18.093] [error] [18:44:18] [CADabra] Starting: BRepMesh ROI Selector(linear_deflection=0.1, angular_deflection=0.5)

[2026-05-18 18:44:18.096] [error] [worker:comfyui-cadabra] INFO: Starting: BRepMesh ROI Selector(linear_deflection=0.1, angular_deflection=0.5)

[2026-05-18 18:44:18.250] [error] [18:44:18] [CADabra] Completed: BRepMesh ROI Selector(linear_deflection=0.1, angular_deflection=0.5) in 0.16s

[2026-05-18 18:44:18.252] [error] [worker:comfyui-cadabra] INFO: Completed: BRepMesh ROI Selector(linear_deflection=0.1, angular_deflection=0.5) in 0.16s

[2026-05-18 18:44:18.622] [error] !!! Exception during processing !!! [Errno 2] No such file or directory: '/Users/runner/.comfy-test-cache/desktop/ComfyUI.app/Contents/Resources/ComfyUI/temp/roi_selector_4560395072.glb'

Worker traceback:
Traceback (most recent call last):
  File "/var/folders/tb/y368xp_x10s3ty1b_mtl5mxr0000gn/T/comfyui_pvenv_jdhsuqrz/persistent_worker.py", line 1762, in main
    result = method(**inputs)
             ^^^^^^^^^^^^^^^^
  File "/Users/runner/.comfy-test-cache/desktop/ComfyUI.app/Contents/Resources/ComfyUI/comfy_api/latest/_io.py", line 1833, in EXECUTE_NORMALIZED
    to_return = cls.execute(*args, **kwargs)
                ^^^^^^^^^^^^^^^^^^^^^^^^^^^^
  File "/Users/runner/Documents/ComfyUI/custom_nodes/comfyui-cadabra/nodes/cad_roi_selector_node.py", line 191, in execute
    cls._export_glb_with_colors(vertices_array, faces_array, colors_array, glb_filepath)
  File "/Users/runner/Documents/ComfyUI/custom_nodes/comfyui-cadabra/nodes/cad_roi_selector_node.py", line 316, in _export_glb_with_colors
    gltf.save(filepath)
  File "/Users/runner/.ce/.pixi/envs/cadabra-nodes/lib/python3.1/site-packages/pygltflib/__init__.py", line 1112, in save
    return self.save_binary(fname)
           ^^^^^^^^^^^^^^^^^^^^^^^
  File "/Users/runner/.ce/.pixi/envs/cadabra-nodes/lib/python3.1/site-packages/pygltflib/__init__.py", line 1098, in save_binary
    with open(fname, 'wb') as f:
         ^^^^^^^^^^^^^^^^^
FileNotFoundError: [Errno 2] No such file or directory: '/Users/runner/.comfy-test-cache/desktop/ComfyUI.app/Contents/Resources/ComfyUI/temp/roi_selector_4560395072.glb'


[2026-05-18 18:44:18.636] [error] Traceback (most recent call last):
  File "/Users/runner/.comfy-test-cache/desktop/ComfyUI.app/Contents/Resources/ComfyUI/execution.py", line 535, in execute
    output_data, output_ui, has_subgraph, has_pending_tasks = await get_output_data(prompt_id, unique_id, obj, input_data_all, execution_block_cb=execution_block_cb, pre_execute_cb=pre_execute_cb, v3_data=v3_data)
                                                              ^^^^^^^^^^^^^^^^^^^^^^^^^^^^^^^^^^^^^^^^^^^^^^^^^^^^^^^^^^^^^^^^^^^^^^^^^^^^^^^^^^^^^^^^^^^^^^^^^^^^^^^^^^^^^^^^^^^^^^^^^^^^^^^^^^^^^^^^^^^^^^^^^^^^^^^
  File "/Users/runner/.comfy-test-cache/desktop/ComfyUI.app/Contents/Resources/ComfyUI/execution.py", line 335, in get_output_data
    return_values = await _async_map_node_over_list(prompt_id, unique_id, obj, input_data_all, obj.FUNCTION, allow_interrupt=True, execution_block_cb=execution_block_cb, pre_execute_cb=pre_execute_cb, v3_data=v3_data)
                    ^^^^^^^^^^^^^^^^^^^^^^^^^^^^^^^^^^^^^^^^^^^^^^^^^^^^^^^^^^^^^^^^^^^^^^^^^^^^^^^^^^^^^^^^^^^^^^^^^^^^^^^^^^^^^^^^^^^^^^^^^^^^^^^^^^^^^^^^^^^^^^^^^^^^^^^^^^^^^^^^^^^^^^^^^^^^^^^^^^^^^^^^^^^^^^^^^^^^^
  File "/Users/runner/.comfy-test-cache/desktop/ComfyUI.app/Contents/Resources/ComfyUI/execution.py", line 309, in _async_map_node_over_list
    await process_inputs(input_dict, i)
  File "/Users/runner/.comfy-test-cache/desktop/ComfyUI.app/Contents/Resources/ComfyUI/execution.py", line 297, in process_inputs
    result = f(**inputs)
             ^^^^^^^^^^^
  File "/Users/runner/Documents/ComfyUI/.venv/lib/python3.12/site-packages/comfy_env/isolation/metadata.py", line 556, in proxy
    result = worker.call_method(
             ^^^^^^^^^^^^^^^^^^^
  File "/Users/runner/Documents/ComfyUI/.venv/lib/python3.12/site-packages/comfy_env/isolation/workers/subprocess.py", line 674, in call_method
    raise WorkerError(
comfy_env.isolation.workers.base.WorkerError: [Errno 2] No such file or directory: '/Users/runner/.comfy-test-cache/desktop/ComfyUI.app/Contents/Resources/ComfyUI/temp/roi_selector_4560395072.glb'

Worker traceback:
Traceback (most recent call last):
  File "/var/folders/tb/y368xp_x10s3ty1b_mtl5mxr0000gn/T/comfyui_pvenv_jdhsuqrz/persistent_worker.py", line 1762, in main
    result = method(**inputs)
             ^^^^^^^^^^^^^^^^
  File "/Users/runner/.comfy-test-cache/desktop/ComfyUI.app/Contents/Resources/ComfyUI/comfy_api/latest/_io.py", line 1833, in EXECUTE_NORMALIZED
    to_return = cls.execute(*args, **kwargs)
                ^^^^^^^^^^^^^^^^^^^^^^^^^^^^
  File "/Users/runner/Documents/ComfyUI/custom_nodes/comfyui-cadabra/nodes/cad_roi_selector_node.py", line 191, in execute
    cls._export_glb_with_colors(vertices_array, faces_array, colors_array, glb_filepath)
  File "/Users/runner/Documents/ComfyUI/custom_nodes/comfyui-cadabra/nodes/cad_roi_selector_node.py", line 316, in _export_glb_with_colors
    gltf.save(filepath)
  File "/Users/runner/.ce/.pixi/envs/cadabra-nodes/lib/python3.1/site-packages/pygltflib/__init__.py", line 1112, in save
    return self.save_binary(fname)
           ^^^^^^^^^^^^^^^^^^^^^^^
  File "/Users/runner/.ce/.pixi/envs/cadabra-nodes/lib/python3.1/site-packages/pygltflib/__init__.py", line 1098, in save_binary
    with open(fname, 'wb') as f:
         ^^^^^^^^^^^^^^^^^
FileNotFoundError: [Errno 2] No such file or directory: '/Users/runner/.comfy-test-cache/desktop/ComfyUI.app/Contents/Resources/ComfyUI/temp/roi_selector_4560395072.glb'



[2026-05-18 18:44:18.642] [info]  Prompt executed in 18.12 seconds

