[2026-05-11 09:42:14.248] [info]  setup plugin alembic.autogenerate.schemas
setup plugin alembic.autogenerate.tables
setup plugin alembic.autogenerate.types

[2026-05-11 09:42:14.249] [info]  setup plugin alembic.autogenerate.constraints
setup plugin alembic.autogenerate.defaults
setup plugin alembic.autogenerate.comments

[2026-05-11 09:42:14.316] [info]  comfy-aimdo os not supported Darwin
NOTE: comfy-aimdo is currently only support for Windows and Linux

[2026-05-11 09:42:14.449] [info]  Adding extra search path custom_nodes /Users/runner/Documents/ComfyUI/custom_nodes
Adding extra search path download_model_base /Users/runner/Documents/ComfyUI/models
Adding extra search path custom_nodes /Users/runner/.comfy-test-cache/desktop/ComfyUI.app/Contents/Resources/ComfyUI/custom_nodes
Setting output directory to: /Users/runner/Documents/ComfyUI/output
Setting input directory to: /Users/runner/Documents/ComfyUI/input
Setting user directory to: /Users/runner/Documents/ComfyUI/user

[2026-05-11 09:42:14.820] [info]  [START] Security scan
[ComfyUI-Manager] Using uv as Python module for pip operations.

[2026-05-11 09:42:14.977] [info]  [DONE] Security scan
** ComfyUI startup time: 2026-05-11 09:42:14.976
** Platform: 
[2026-05-11 09:42:14.979] [info]  Darwin
** Python version: 3.12.11 (main, Aug 18 2025, 19:02:39) [Clang 20.1.4 ]
** Python executable: /Users/runner/Documents/ComfyUI/.venv/bin/python
** ComfyUI Path: /Users/runner/.comfy-test-cache/desktop/ComfyUI.app/Contents/Resources/ComfyUI
** ComfyUI Base Folder Path: /Users/runner/.comfy-test-cache/desktop/ComfyUI.app/Contents/Resources/ComfyUI
** User directory: /Users/runner/Documents/ComfyUI/user
** ComfyUI-Manager config path: /Users/runner/Documents/ComfyUI/user/__manager/config.ini
** Log path: /Users/runner/Documents/ComfyUI/user/comfyui.log

[2026-05-11 09:42:15.085] [info]  [ComfyUI-Manager] Skipped fixing the 'comfyui-frontend-package' dependency because the ComfyUI is outdated.

[2026-05-11 09:42:15.086] [info]  [PRE] ComfyUI-Manager

[2026-05-11 09:42:15.341] [error] [comfy-env] comfyui-cadabra: 1 isolation env(s):

[2026-05-11 09:42:15.342] [error] [comfy-env]   nodes -> /Users/runner/Documents/ComfyUI/custom_nodes/comfyui-cadabra/nodes

[2026-05-11 09:42:16.435] [error] [comfy-env] prestartup complete

[2026-05-11 09:42:16.465] [error] [comfy-env] ComfyUI-GeometryPack: 1 isolation env(s):

[2026-05-11 09:42:16.466] [error] [comfy-env]   nodes -> /Users/runner/Documents/ComfyUI/custom_nodes/ComfyUI-GeometryPack/nodes

[2026-05-11 09:42:16.468] [error] [comfy-env] prestartup complete
[2026-05-11 09:42:16.469] [error] 

[2026-05-11 09:42:16.490] [info]  WARNING: Potential Error in code: Torch already imported, torch should never be imported before this point.

[2026-05-11 09:42:17.518] [info]  Found comfy_kitchen backend cuda: {'available': False, 'disabled': True, 'unavailable_reason': 'Extension file not found: /Users/runner/Documents/ComfyUI/.venv/lib/python3.12/site-packages/comfy_kitchen/backends/cuda/_C.abi3.so', 'capabilities': []}

[2026-05-11 09:42:17.520] [info]  Found comfy_kitchen backend eager: {'available': True, 'disabled': False, 'unavailable_reason': None, 'capabilities': ['apply_rope', 'apply_rope1', 'dequantize_mxfp8', 'dequantize_nvfp4', 'dequantize_per_tensor_fp8', 'quantize_mxfp8', 'quantize_nvfp4', 'quantize_per_tensor_fp8', 'scaled_mm_mxfp8', 'scaled_mm_nvfp4']}
Found comfy_kitchen backend triton: {'available': False, 'disabled': True, 'unavailable_reason': "ImportError: No module named 'triton'", 'capabilities': []}

[2026-05-11 09:42:17.534] [info]  Checkpoint files will always be loaded safely.

[2026-05-11 09:42:17.580] [info]  Total VRAM 7168 MB, total RAM 7168 MB
pytorch version: 2.10.0

[2026-05-11 09:42:17.588] [info]  Mac Version (15, 7, 4)

[2026-05-11 09:42:17.589] [info]  Set vram state to: SHARED
Device: mps

[2026-05-11 09:42:17.983] [info]  Using sub quadratic optimization for attention, if you have memory or speed issues try using: --use-split-cross-attention

[2026-05-11 09:42:20.845] [info]  Python version: 3.12.11 (main, Aug 18 2025, 19:02:39) [Clang 20.1.4 ]
ComfyUI version: 0.20.1

[2026-05-11 09:42:20.847] [info]  comfy-aimdo version: 0.2.14
comfy-kitchen version: 0.2.8

[2026-05-11 09:42:20.850] [info]  [Prompt Server] web root: /Users/runner/.comfy-test-cache/desktop/ComfyUI.app/Contents/Resources/ComfyUI/web_custom_versions/desktop_app

[2026-05-11 09:42:20.851] [info]  Asset seeder disabled

[2026-05-11 09:42:20.852] [info]  [START] ComfyUI-Manager

[2026-05-11 09:42:20.967] [info]  [ComfyUI-Manager] Using GitPython backend

[2026-05-11 09:42:21.008] [info]  [ComfyUI-Manager] network_mode: public

[2026-05-11 09:42:21.013] [info]  [ComfyUI-Manager] The matrix sharing feature has been disabled because the `matrix-nio` dependency is not installed.
	To use this feature, please run the following command:
	/Users/runner/Documents/ComfyUI/.venv/bin/python -m pip install matrix-nio


[2026-05-11 09:42:22.539] [error] [comfy-env] Version: 0.3.83
[2026-05-11 09:42:22.541] [error] 

[2026-05-11 09:42:22.542] [info]  [comfy-env] Removed stale socket: /var/folders/tb/y368xp_x10s3ty1b_mtl5mxr0000gn/T/comfy_worker_fff0f5bed58f.sock

[2026-05-11 09:42:22.591] [info]  [comfy-env] Removed stale temp dir: /var/folders/tb/y368xp_x10s3ty1b_mtl5mxr0000gn/T/comfyui_pvenv_zawlnz3p

[2026-05-11 09:42:22.716] [error] [comfy-env] register_nodes: comfyui-cadabra
[2026-05-11 09:42:22.717] [error] 

[2026-05-11 09:42:22.719] [error] [comfy-env] ComfyUI source dir: /Users/runner/.comfy-test-cache/desktop/ComfyUI.app/Contents/Resources/ComfyUI

[2026-05-11 09:42:22.841] [error] [comfy-env] Scanning nodes metadata (isolation root)...
[2026-05-11 09:42:22.842] [error] 

[2026-05-11 09:42:22.845] [error] [comfy-env] Cache hit for nodes: 39 nodes
[2026-05-11 09:42:22.845] [error] 
[comfy-env] Scanned nodes root: 39 nodes (0.0s)

[2026-05-11 09:42:22.846] [error] [comfy-env] Imported nodes root: 39 nodes (isolation)

[2026-05-11 09:42:22.846] [error] [comfy-env] Registered 39 total nodes

[2026-05-11 09:42:22.851] [info]  loading...

[2026-05-11 09:42:22.853] [info]  calling register_nodes

[2026-05-11 09:42:22.854] [error] [comfy-env] Version: 0.3.83

[2026-05-11 09:42:22.895] [error] [comfy-env] register_nodes: ComfyUI-GeometryPack

[2026-05-11 09:42:22.905] [error] [comfy-env] ComfyUI source dir: /Users/runner/.comfy-test-cache/desktop/ComfyUI.app/Contents/Resources/ComfyUI

[2026-05-11 09:42:23.021] [error] [comfy-env] Scanning nodes metadata (isolation root)...

[2026-05-11 09:42:23.034] [error] [comfy-env] Cache hit for nodes: 125 nodes

[2026-05-11 09:42:23.035] [error] [comfy-env] Scanned nodes root: 125 nodes (0.0s)

[2026-05-11 09:42:23.037] [error] [comfy-env] Imported nodes root: 125 nodes (isolation)
[2026-05-11 09:42:23.038] [error] 
[comfy-env] Registered 125 total nodes

[2026-05-11 09:42:23.060] [info]  ComfyUI-Multiband loaded: 15 nodes registered

[2026-05-11 09:42:23.062] [info]  
Import times for custom nodes:
   0.0 seconds: /Users/runner/.comfy-test-cache/desktop/ComfyUI.app/Contents/Resources/ComfyUI/custom_nodes/websocket_image_save.py

[2026-05-11 09:42:23.062] [info]     0.0 seconds: /Users/runner/Documents/ComfyUI/custom_nodes/ComfyUI-Multiband
   0.2 seconds: /Users/runner/Documents/ComfyUI/custom_nodes/ComfyUI-GeometryPack
   0.3 seconds: /Users/runner/Documents/ComfyUI/custom_nodes/comfyui-cadabra


[2026-05-11 09:42:23.067] [info]  Context impl SQLiteImpl.
Will assume non-transactional DDL.

[2026-05-11 09:42:23.112] [info]  Starting server


[2026-05-11 09:42:23.113] [info]  To see the GUI go to: http://127.0.0.1:8000

[2026-05-11 09:42:24.617] [info]  [ComfyUI-Manager] The ComfyRegistry cache update is still in progress, so an outdated cache is being used.

[2026-05-11 09:42:24.679] [info]  FETCH DATA from: /Users/runner/Documents/ComfyUI/.venv/lib/python3.12/site-packages/comfyui_manager/custom-node-list.json
[2026-05-11 09:42:24.695] [info]   [DONE]
[2026-05-11 09:42:24.696] [info]  

[2026-05-11 09:42:26.355] [info]  [ComfyUI-Manager] The ComfyRegistry cache update is still in progress, so an outdated cache is being used.

[2026-05-11 09:42:26.401] [info]  FETCH DATA from: /Users/runner/Documents/ComfyUI/.venv/lib/python3.12/site-packages/comfyui_manager/custom-node-list.json
[2026-05-11 09:42:26.414] [info]   [DONE]

[2026-05-11 09:42:48.746] [info]  got prompt

[2026-05-11 09:42:48.775] [info]  [comfyui-cadabra] python: /Users/runner/.ce/.pixi/envs/cadabra-nodes/bin/python
[comfyui-cadabra] sys_path sent to worker: ['/Users/runner/.comfy-test-cache/desktop/ComfyUI.app/Contents/Resources/ComfyUI', '/Users/runner/Documents/ComfyUI/custom_nodes/comfyui-cadabra', '/Users/runner/.ce/.pixi/envs/cadabra-nodes/lib/python3.1/site-packages', '/Users/runner/Documents/ComfyUI/custom_nodes/comfyui-cadabra']

[2026-05-11 09:42:50.668] [error] [worker:comfyui-cadabra] ERROR: Failed to import comfy_kitchen, Error: No module named 'comfy_kitchen', fp8 and fp4 support will not be available.

[2026-05-11 09:42:59.900] [error] [comfyui-cadabra] Health check: ping (timeout=5.0s)...

[2026-05-11 09:42:59.909] [error] [comfyui-cadabra] Health check: ok

[2026-05-11 09:43:00.014] [error] [09:43:00] [CADabra] Starting: CAD Face Analysis(faces=236)

[2026-05-11 09:43:00.017] [error] [worker:comfyui-cadabra] INFO: Starting: CAD Face Analysis(faces=236)

[2026-05-11 09:43:00.140] [error] [09:43:00] [CADabra] Completed: CAD Face Analysis(faces=236) in 0.13s

[2026-05-11 09:43:00.141] [error] [worker:comfyui-cadabra] INFO: Completed: CAD Face Analysis(faces=236) in 0.13s
[09:43:00] [CADabra] Starting: CAD Adjacency Graph(faces=236)
[worker:comfyui-cadabra] INFO: Starting: CAD Adjacency Graph(faces=236)

[2026-05-11 09:43:00.148] [error] [09:43:00] [CADabra] Completed: CAD Adjacency Graph(faces=236) in 0.01s

[2026-05-11 09:43:00.149] [error] [worker:comfyui-cadabra] INFO: Completed: CAD Adjacency Graph(faces=236) in 0.01s

[2026-05-11 09:43:04.955] [error] [comfyui-cadabra] Health check: ping (timeout=5.0s)...
[2026-05-11 09:43:04.957] [error] 
[comfyui-cadabra] Health check: ok

[2026-05-11 09:43:04.986] [error] [comfyui-cadabra] Health check: ping (timeout=5.0s)...

[2026-05-11 09:43:04.991] [error] [comfyui-cadabra] Health check: ok

[2026-05-11 09:43:05.121] [error] [09:43:05] [CADabra] Starting: CAD Edge Analysis(edges=1122)

[2026-05-11 09:43:05.123] [error] [worker:comfyui-cadabra] INFO: Starting: CAD Edge Analysis(edges=1122)

[2026-05-11 09:43:05.385] [error] [09:43:05] [CADabra] Completed: CAD Edge Analysis(edges=1122) in 0.26s

[2026-05-11 09:43:05.388] [error] [worker:comfyui-cadabra] INFO: Completed: CAD Edge Analysis(edges=1122) in 0.26s

[2026-05-11 09:43:05.485] [error] [comfyui-cadabra] Health check: ping (timeout=5.0s)...

[2026-05-11 09:43:05.488] [error] [comfyui-cadabra] Health check: ok

[2026-05-11 09:43:05.547] [error] [comfyui-cadabra] Health check: ping (timeout=5.0s)...

[2026-05-11 09:43:05.554] [error] [comfyui-cadabra] Health check: ok
[2026-05-11 09:43:05.555] [error] 

[2026-05-11 09:43:05.609] [info]  Prompt executed in 16.84 seconds

