[2026-05-08 07:06:16.894] [info]  setup plugin alembic.autogenerate.schemas
setup plugin alembic.autogenerate.tables
setup plugin alembic.autogenerate.types
setup plugin alembic.autogenerate.constraints
setup plugin alembic.autogenerate.defaults
setup plugin alembic.autogenerate.comments

[2026-05-08 07:06:17.088] [info]  comfy-aimdo os not supported Darwin
NOTE: comfy-aimdo is currently only support for Windows and Linux

[2026-05-08 07:06:17.440] [info]  Adding extra search path custom_nodes /Users/runner/Documents/ComfyUI/custom_nodes
Adding extra search path download_model_base /Users/runner/Documents/ComfyUI/models
Adding extra search path custom_nodes /Users/runner/work/comfy-gpu-ci/comfy-gpu-ci/ComfyUI.app/Contents/Resources/ComfyUI/custom_nodes
Setting output directory to: /Users/runner/Documents/ComfyUI/output
Setting input directory to: /Users/runner/Documents/ComfyUI/input

[2026-05-08 07:06:17.441] [info]  Setting user directory to: /Users/runner/Documents/ComfyUI/user

[2026-05-08 07:06:19.239] [info]  [START] Security scan
[DONE] Security scan
** ComfyUI startup time: 2026-05-08 07:06:19.237
** Platform: Darwin
** Python version: 
[2026-05-08 07:06:19.240] [info]  3.12.11 (main, Aug 18 2025, 19:02:39) [Clang 20.1.4 ]
** Python executable: /Users/runner/Documents/ComfyUI/.venv/bin/python
** ComfyUI Path: /Users/runner/work/comfy-gpu-ci/comfy-gpu-ci/ComfyUI.app/Contents/Resources/ComfyUI
** ComfyUI Base Folder Path: /Users/runner/work/comfy-gpu-ci/comfy-gpu-ci/ComfyUI.app/Contents/Resources/ComfyUI
** User directory: /Users/runner/Documents/ComfyUI/user
** ComfyUI-Manager config path: /Users/runner/Documents/ComfyUI/user/__manager/config.ini
** Log path: /Users/runner/Documents/ComfyUI/user/comfyui.log

[2026-05-08 07:06:19.775] [info]  [ComfyUI-Manager] Skipped fixing the 'comfyui-frontend-package' dependency because the ComfyUI is outdated.

[2026-05-08 07:06:19.777] [info]  [PRE] ComfyUI-Manager

[2026-05-08 07:06:27.296] [info]  Found comfy_kitchen backend triton: {'available': False, 'disabled': True, 'unavailable_reason': "ImportError: No module named 'triton'", 'capabilities': []}

[2026-05-08 07:06:27.297] [info]  Found comfy_kitchen backend eager: {'available': True, 'disabled': False, 'unavailable_reason': None, 'capabilities': ['apply_rope', 'apply_rope1', 'dequantize_mxfp8', 'dequantize_nvfp4', 'dequantize_per_tensor_fp8', 'quantize_mxfp8', 'quantize_nvfp4', 'quantize_per_tensor_fp8', 'scaled_mm_mxfp8', 'scaled_mm_nvfp4']}
Found comfy_kitchen backend cuda: {'available': False, 'disabled': True, 'unavailable_reason': 'Extension file not found: /Users/runner/Documents/ComfyUI/.venv/lib/python3.12/site-packages/comfy_kitchen/backends/cuda/_C.abi3.so', 'capabilities': []}

[2026-05-08 07:06:27.337] [info]  Checkpoint files will always be loaded safely.

[2026-05-08 07:06:27.430] [info]  Total VRAM 7168 MB, total RAM 7168 MB
pytorch version: 2.10.0

[2026-05-08 07:06:27.432] [info]  Mac Version (15, 7, 4)

[2026-05-08 07:06:27.434] [info]  Set vram state to: SHARED
Device: mps

[2026-05-08 07:06:28.494] [info]  Using sub quadratic optimization for attention, if you have memory or speed issues try using: --use-split-cross-attention

[2026-05-08 07:06:34.806] [info]  Python version: 3.12.11 (main, Aug 18 2025, 19:02:39) [Clang 20.1.4 ]

[2026-05-08 07:06:34.808] [info]  ComfyUI version: 0.20.1
comfy-aimdo version: 0.2.14
comfy-kitchen version: 0.2.8

[2026-05-08 07:06:34.810] [info]  [Prompt Server] web root: /Users/runner/work/comfy-gpu-ci/comfy-gpu-ci/ComfyUI.app/Contents/Resources/ComfyUI/web_custom_versions/desktop_app

[2026-05-08 07:06:34.811] [info]  Asset seeder disabled
[START] ComfyUI-Manager

[2026-05-08 07:06:35.108] [info]  [ComfyUI-Manager] Using GitPython backend

[2026-05-08 07:06:35.181] [info]  [ComfyUI-Manager] network_mode: public

[2026-05-08 07:06:35.188] [info]  [ComfyUI-Manager] The matrix sharing feature has been disabled because the `matrix-nio` dependency is not installed.
	To use this feature, please run the following command:
	/Users/runner/Documents/ComfyUI/.venv/bin/python -m pip install matrix-nio


[2026-05-08 07:06:38.333] [info]  
Import times for custom nodes:

[2026-05-08 07:06:38.335] [info]     0.0 seconds: /Users/runner/work/comfy-gpu-ci/comfy-gpu-ci/ComfyUI.app/Contents/Resources/ComfyUI/custom_nodes/websocket_image_save.py


[2026-05-08 07:06:38.362] [info]  Context impl SQLiteImpl.

[2026-05-08 07:06:38.363] [info]  Will assume non-transactional DDL.

[2026-05-08 07:06:38.383] [info]  Context impl SQLiteImpl.
Will assume non-transactional DDL.

[2026-05-08 07:06:38.395] [info]  Running upgrade  -> 0001_assets, Initial assets schema
Revision ID: 0001_assets
Revises: None
Create Date: 2025-12-10 00:00:00

[2026-05-08 07:06:38.463] [info]  Running upgrade 0001_assets -> 0002_merge_to_asset_references, Merge AssetInfo and AssetCacheState into unified asset_references table.

[2026-05-08 07:06:38.518] [info]  Running upgrade 0002_merge_to_asset_references -> 0003_add_metadata_job_id, Add system_metadata and job_id columns to asset_references.
Change preview_id FK from assets.id to asset_references.id.

[2026-05-08 07:06:38.582] [info]  Database upgraded from None to 0003_add_metadata_job_id

[2026-05-08 07:06:38.678] [info]  Starting server


[2026-05-08 07:06:38.680] [info]  To see the GUI go to: http://127.0.0.1:8000

[2026-05-08 07:07:23.915] [info]  [ComfyUI-Manager] Using uv as Python module for pip operations.

[2026-05-08 07:07:24.831] [error]   0%|          | 0.00/2.83M [00:00<?, ?B/s]
[2026-05-08 07:07:24.910] [error] 100%|██████████| 2.83M/2.83M [00:00<00:00, 36.4MB/s]
[2026-05-08 07:07:24.912] [error] 

[2026-05-08 07:07:24.985] [info]  Extracted zip file to /Users/runner/Documents/ComfyUI/custom_nodes/comfyui-cadabra

[2026-05-08 07:07:24.996] [info]  Install: pip packages

[2026-05-08 07:07:25.148] [info]  
## ComfyUI-Manager: EXECUTE => 
['/Users/runner/Documents/ComfyUI/.venv/bin/python', '-m', 'uv', 'pip', 
'install', 'comfy-env==0.3.70']

[2026-05-08 07:07:25.321] [error] [!] Using Python 3.12.11 environment at: /Users/runner/Documents/ComfyUI/.venv

[2026-05-08 07:07:25.691] [error] [!] 
[2026-05-08 07:07:25.694] [error] Resolved 16 packages in 292ms

[2026-05-08 07:07:25.712] [error] [!] Downloading virtualenv (7.2MiB)

[2026-05-08 07:07:25.924] [error] [!]  Downloaded virtualenv

[2026-05-08 07:07:25.927] [error] [!] Prepared 12 packages in 232ms

[2026-05-08 07:07:25.942] [error] [!] Uninstalled 1 package in 13ms

[2026-05-08 07:07:25.996] [error] [!] Installed 12 packages in 53ms
[!] 
[2026-05-08 07:07:25.999] [error]  + cfgv==3.5.0
[!]  + comfy-env==0.3.70
[!]  + distlib==0.4.0
[!] 
[2026-05-08 07:07:26.007] [error]  - filelock==3.20.3
[!]  + filelock==3.29.0
[!]  + identify==2.6.19
[!]  + nodeenv==1.10.0
[!]  + platformdirs==4.9.6
[!]  + pre-commit==4.6.0
[!]  + python-discovery==1.3.0
[!]  + tomli==2.4.1
[!]  + tomli-w==1.2.0
[!]  + virtualenv==21.3.1

[2026-05-08 07:07:26.023] [info]  
## ComfyUI-Manager: EXECUTE => 
['/Users/runner/Documents/ComfyUI/.venv/bin/python', '-m', 'uv', 'pip', 
'install', 'comfy-3d-viewers==0.2.44']

[2026-05-08 07:07:26.172] [error] [!] Using Python 3.12.11 environment at: /Users/runner/Documents/ComfyUI/.venv

[2026-05-08 07:07:26.214] [error] [!] 
[2026-05-08 07:07:26.217] [error] Resolved 1 package in 33ms

[2026-05-08 07:07:26.232] [error] [!] Downloading comfy-3d-viewers (1.2MiB)

[2026-05-08 07:07:26.303] [error] [!]
[2026-05-08 07:07:26.307] [error]   Downloaded comfy-3d-viewers

[2026-05-08 07:07:26.310] [error] [!] 
[2026-05-08 07:07:26.311] [error] Prepared 1 package in 96ms

[2026-05-08 07:07:26.315] [error] [!]
[2026-05-08 07:07:26.316] [error]  Installed 1 package in 3ms
[!]  + comfy-3d-viewers==0.2.44

[2026-05-08 07:07:26.329] [info]  
## ComfyUI-Manager: EXECUTE => 
['/Users/runner/Documents/ComfyUI/.venv/bin/python', '-m', 'uv', 'pip', 
'install', 'trimesh']

[2026-05-08 07:07:26.408] [error] [!] Using Python 3.12.11 environment at: /Users/runner/Documents/ComfyUI/.venv

[2026-05-08 07:07:26.877] [error] [!]
[2026-05-08 07:07:26.880] [error]  Resolved 31 packages in 458ms

[2026-05-08 07:07:26.898] [error] [!] Downloading shapely (1.6MiB)

[2026-05-08 07:07:26.906] [error] [!] Downloading lxml (8.2MiB)

[2026-05-08 07:07:26.948] [error] [!]
[2026-05-08 07:07:26.950] [error]  Downloading embreex (4.9MiB)

[2026-05-08 07:07:27.666] [error] [!]  Downloaded embreex

[2026-05-08 07:07:27.923] [error] [!] 
[2026-05-08 07:07:27.924] [error]  Downloaded shapely

[2026-05-08 07:07:27.939] [error] [!]
[2026-05-08 07:07:27.940] [error]   Downloaded lxml
[!] Prepared 18 packages in 1.06s

[2026-05-08 07:07:27.986] [error] [!] Installed 18 packages in 46ms

[2026-05-08 07:07:27.988] [error] [!]  + colorlog==6.10.1
[!]
[2026-05-08 07:07:27.989] [error]   + embreex==4.4.0
[!]  + jsonschema==4.26.0

[2026-05-08 07:07:27.990] [error] [!]  + jsonschema-specifications==2025.9.1
[!]  + lxml==6.1.0
[!]  + manifold3d==3.4.1
[!]  + mapbox-earcut==2.0.0
[!] 
[2026-05-08 07:07:27.991] [error]  + pycollada==0.9.3
[!]  + python-dateutil==2.9.0.post0

[2026-05-08 07:07:27.993] [error] [!]  + referencing==0.37.0
[!]  + rpds-py==0.30.0
[!]  + rtree==1.4.1
[!]  + shapely==2.1.2

[2026-05-08 07:07:27.996] [error] [!]  + six==1.17.0
[!]  + svg-path==7.0
[!]  + trimesh==4.12.2
[!]  + vhacdx==0.0.10
[!]  + xxhash==3.7.0

[2026-05-08 07:07:28.124] [info]  [ComfyUI-Manager] Skipped fixing the 'comfyui-frontend-package' dependency because the ComfyUI is outdated.

[2026-05-08 07:07:28.127] [info]  Install: install script

[2026-05-08 07:07:28.130] [info]  
## ComfyUI-Manager: EXECUTE => 
['/Users/runner/Documents/ComfyUI/.venv/bin/python', 'install.py']

[2026-05-08 07:07:28.798] [info]   
 Installing 2 node dependencies...
   Cloning ComfyUI-GeometryPack...

[2026-05-08 07:07:32.491] [info]   
[2026-05-08 07:07:32.494] [info]    Installing requirements for ComfyUI-GeometryPack...

[2026-05-08 07:07:32.636] [info]     Running install.py for ComfyUI-GeometryPack...

[2026-05-08 07:07:32.951] [error] [!] 
[2026-05-08 07:07:32.954] [error] [comfy-env] pixi not found, downloading...

[2026-05-08 07:07:34.343] [error] [!] [comfy-env] pixi installed: /Users/runner/.pixi/bin/pixi

[2026-05-08 07:07:34.370] [info]   [comfy-env] Workspace: /Users/runner/Documents/ComfyUI/.ce
 [comfy-env] ComfyUI: /Users/runner/Documents/ComfyUI

[2026-05-08 07:07:34.374] [info]   [comfy-env] Found 4 node config(s):
   - geometrypack-blender <- custom_nodes/ComfyUI-GeometryPack/nodes/blender/comfy-env.toml (python=3.11)
   - geometrypack-gpu <- custom_nodes/ComfyUI-GeometryPack/nodes/gpu/comfy-env.toml (python=host)
 
[2026-05-08 07:07:34.377] [info]    - geometrypack-main <- custom_nodes/ComfyUI-GeometryPack/nodes/main/comfy-env.toml (python=host)
   - cadabra-nodes <- custom_nodes/comfyui-cadabra/nodes/comfy-env.toml (python=3.12)
 [comfy-env] Bootstrap interpreter has python 3.12 + torch 2.10.0 (cpu). Looking for cuda-only wheels matching cpu/torch2.10/cp312.
 [comfy-env] Root conda deps from ComfyUI-GeometryPack: ['av', 'ffmpeg']
 
[2026-05-08 07:07:34.380] [info]  [comfy-env] Root conda deps from comfyui-cadabra: ['av', 'ffmpeg']

[2026-05-08 07:07:34.399] [info]   [comfy-env] WARNING: /Users/runner/Documents/ComfyUI/requirements.txt not found -- comfyui feature will be empty
 [comfy-env] Root conda deps injected into comfyui feature: ['av', 'ffmpeg']

[2026-05-08 07:07:34.404] [info]   Generated /Users/runner/Documents/ComfyUI/.ce/pixi.toml
 [comfy-env] Installing 4 environment(s):
   - geometrypack-blender (python=3.11, 2 pypi deps)
   - geometrypack-gpu (python=host, 2 pypi deps, 1 cuda wheels)
   - geometrypack-main (python=host, 12 pypi deps)
   - cadabra-nodes (python=3.12, 10 pypi deps)
 [comfy-env] Running `pixi install --all`...

[2026-05-08 07:07:58.742] [error] /Users/runner/.local/share/uv/python/cpython-3.12.11-macos-aarch64-none/lib/python3.12/multiprocessing/resource_tracker.py:279: UserWarning: resource_tracker: There appear to be 1 leaked semaphore objects to clean up at shutdown
  warnings.warn('resource_tracker: There appear to be %d '

