[2026-05-10 22:24:22.550] [info]  setup plugin alembic.autogenerate.schemas
setup plugin alembic.autogenerate.tables

[2026-05-10 22:24:22.552] [info]  setup plugin alembic.autogenerate.types
setup plugin alembic.autogenerate.constraints
setup plugin alembic.autogenerate.defaults
setup plugin alembic.autogenerate.comments

[2026-05-10 22:24:22.629] [info]  comfy-aimdo os not supported Darwin
NOTE: comfy-aimdo is currently only support for Windows and Linux

[2026-05-10 22:24:22.789] [info]  Adding extra search path custom_nodes /Users/runner/Documents/ComfyUI/custom_nodes
Adding extra search path download_model_base /Users/runner/Documents/ComfyUI/models
Adding extra search path custom_nodes /Users/runner/.comfy-test-cache/desktop/ComfyUI.app/Contents/Resources/ComfyUI/custom_nodes
Setting output directory to: /Users/runner/Documents/ComfyUI/output

[2026-05-10 22:24:22.791] [info]  Setting input directory to: /Users/runner/Documents/ComfyUI/input
Setting user directory to: /Users/runner/Documents/ComfyUI/user

[2026-05-10 22:24:23.131] [info]  [START] Security scan
[ComfyUI-Manager] Using uv as Python module for pip operations.

[2026-05-10 22:24:23.299] [info]  [DONE] Security scan
** ComfyUI startup time: 2026-05-10 22:24:23.298

[2026-05-10 22:24:23.301] [info]  ** Platform: Darwin
** Python version: 3.12.11 (main, Aug 18 2025, 19:02:39) [Clang 20.1.4 ]
** Python executable: /Users/runner/Documents/ComfyUI/.venv/bin/python
** ComfyUI Path: /Users/runner/.comfy-test-cache/desktop/ComfyUI.app/Contents/Resources/ComfyUI
** ComfyUI Base Folder Path: /Users/runner/.comfy-test-cache/desktop/ComfyUI.app/Contents/Resources/ComfyUI
** User directory: /Users/runner/Documents/ComfyUI/user
** ComfyUI-Manager config path: /Users/runner/Documents/ComfyUI/user/__manager/config.ini
** Log path: 
[2026-05-10 22:24:23.302] [info]  /Users/runner/Documents/ComfyUI/user/comfyui.log

[2026-05-10 22:24:23.403] [info]  [ComfyUI-Manager] Skipped fixing the 'comfyui-frontend-package' dependency because the ComfyUI is outdated.

[2026-05-10 22:24:23.404] [info]  [PRE] ComfyUI-Manager

[2026-05-10 22:24:23.625] [error] [comfy-env] comfyui-cadabra: 1 isolation env(s):

[2026-05-10 22:24:23.627] [error] [comfy-env]   nodes -> /Users/runner/Documents/ComfyUI/custom_nodes/comfyui-cadabra/nodes

[2026-05-10 22:24:24.599] [error] [comfy-env] prestartup complete

[2026-05-10 22:24:24.622] [error] [comfy-env] ComfyUI-GeometryPack: 1 isolation env(s):
[comfy-env]   nodes -> /Users/runner/Documents/ComfyUI/custom_nodes/ComfyUI-GeometryPack/nodes
[2026-05-10 22:24:24.623] [error] 

[2026-05-10 22:24:24.628] [error] [comfy-env] prestartup complete

[2026-05-10 22:24:24.639] [info]  WARNING: Potential Error in code: Torch already imported, torch should never be imported before this point.

[2026-05-10 22:24:25.538] [info]  Found comfy_kitchen backend eager: {'available': True, 'disabled': False, 'unavailable_reason': None, 'capabilities': ['apply_rope', 'apply_rope1', 'dequantize_mxfp8', 'dequantize_nvfp4', 'dequantize_per_tensor_fp8', 'quantize_mxfp8', 'quantize_nvfp4', 'quantize_per_tensor_fp8', 'scaled_mm_mxfp8', 'scaled_mm_nvfp4']}
Found comfy_kitchen backend triton: {'available': False, 'disabled': True, 'unavailable_reason': "ImportError: No module named 'triton'", 'capabilities': []}

[2026-05-10 22:24:25.539] [info]  Found comfy_kitchen backend cuda: {'available': False, 'disabled': True, 'unavailable_reason': 'Extension file not found: /Users/runner/Documents/ComfyUI/.venv/lib/python3.12/site-packages/comfy_kitchen/backends/cuda/_C.abi3.so', 'capabilities': []}

[2026-05-10 22:24:25.548] [info]  Checkpoint files will always be loaded safely.

[2026-05-10 22:24:25.573] [info]  Total VRAM 7168 MB, total RAM 7168 MB
pytorch version: 2.10.0

[2026-05-10 22:24:25.577] [info]  Mac Version (15, 7, 4)

[2026-05-10 22:24:25.580] [info]  Set vram state to: SHARED
Device: mps

[2026-05-10 22:24:25.891] [info]  Using sub quadratic optimization for attention, if you have memory or speed issues try using: --use-split-cross-attention

[2026-05-10 22:24:28.605] [info]  Python version: 3.12.11 (main, Aug 18 2025, 19:02:39) [Clang 20.1.4 ]
ComfyUI version: 0.20.1

[2026-05-10 22:24:28.607] [info]  comfy-aimdo version: 0.2.14
comfy-kitchen version: 0.2.8

[2026-05-10 22:24:28.607] [info]  [Prompt Server] web root: /Users/runner/.comfy-test-cache/desktop/ComfyUI.app/Contents/Resources/ComfyUI/web_custom_versions/desktop_app

[2026-05-10 22:24:28.609] [info]  Asset seeder disabled

[2026-05-10 22:24:28.610] [info]  [START] ComfyUI-Manager

[2026-05-10 22:24:28.690] [info]  [ComfyUI-Manager] Using GitPython backend

[2026-05-10 22:24:28.727] [info]  [ComfyUI-Manager] network_mode: public

[2026-05-10 22:24:28.734] [info]  [ComfyUI-Manager] The matrix sharing feature has been disabled because the `matrix-nio` dependency is not installed.
	To use this feature, please run the following command:
	/Users/runner/Documents/ComfyUI/.venv/bin/python -m pip install matrix-nio


[2026-05-10 22:24:29.768] [error] [comfy-env] Version: 0.3.82
[2026-05-10 22:24:29.770] [error] 

[2026-05-10 22:24:29.770] [info]  [comfy-env] Removed stale socket: /var/folders/tb/y368xp_x10s3ty1b_mtl5mxr0000gn/T/comfy_worker_6a1009d7b114.sock

[2026-05-10 22:24:29.810] [info]  [comfy-env] Removed stale temp dir: /var/folders/tb/y368xp_x10s3ty1b_mtl5mxr0000gn/T/comfyui_pvenv_gqcdrp2x
[2026-05-10 22:24:29.811] [info]  

[2026-05-10 22:24:29.900] [error] [comfy-env] register_nodes: comfyui-cadabra

[2026-05-10 22:24:29.901] [error] [comfy-env] ComfyUI source dir: /Users/runner/.comfy-test-cache/desktop/ComfyUI.app/Contents/Resources/ComfyUI
[2026-05-10 22:24:29.902] [error] 

[2026-05-10 22:24:29.958] [error] [comfy-env] Scanning nodes metadata (isolation root)...
[2026-05-10 22:24:29.959] [error] 

[2026-05-10 22:24:29.962] [error] [comfy-env] Cache hit for nodes: 39 nodes

[2026-05-10 22:24:29.963] [error] [comfy-env] Scanned nodes root: 39 nodes (0.0s)
[comfy-env] Imported nodes root: 39 nodes (isolation)

[2026-05-10 22:24:29.964] [error] [comfy-env] Registered 39 total nodes

[2026-05-10 22:24:29.966] [info]  loading...

[2026-05-10 22:24:29.966] [info]  calling register_nodes

[2026-05-10 22:24:29.967] [error] [comfy-env] Version: 0.3.82
[2026-05-10 22:24:29.968] [error] 

[2026-05-10 22:24:29.984] [error] [comfy-env] register_nodes: ComfyUI-GeometryPack

[2026-05-10 22:24:29.990] [error] [comfy-env] ComfyUI source dir: /Users/runner/.comfy-test-cache/desktop/ComfyUI.app/Contents/Resources/ComfyUI

[2026-05-10 22:24:30.083] [error] [comfy-env] Scanning nodes metadata (isolation root)...
[2026-05-10 22:24:30.084] [error] 

[2026-05-10 22:24:30.094] [error] [comfy-env] Cache hit for nodes: 125 nodes

[2026-05-10 22:24:30.095] [error] [comfy-env] Scanned nodes root: 125 nodes (0.0s)

[2026-05-10 22:24:30.097] [error] [comfy-env] Imported nodes root: 125 nodes (isolation)
[2026-05-10 22:24:30.097] [error] 
[comfy-env] Registered 125 total nodes

[2026-05-10 22:24:30.118] [info]  ComfyUI-Multiband loaded: 15 nodes registered

[2026-05-10 22:24:30.123] [info]  
Import times for custom nodes:

[2026-05-10 22:24:30.124] [info]     0.0 seconds: /Users/runner/.comfy-test-cache/desktop/ComfyUI.app/Contents/Resources/ComfyUI/custom_nodes/websocket_image_save.py
   0.0 seconds: /Users/runner/Documents/ComfyUI/custom_nodes/ComfyUI-Multiband
   0.1 seconds: /Users/runner/Documents/ComfyUI/custom_nodes/ComfyUI-GeometryPack
   0.2 seconds: /Users/runner/Documents/ComfyUI/custom_nodes/comfyui-cadabra


[2026-05-10 22:24:30.128] [info]  Context impl SQLiteImpl.
Will assume non-transactional DDL.

[2026-05-10 22:24:30.170] [info]  Starting server


[2026-05-10 22:24:30.171] [info]  To see the GUI go to: http://127.0.0.1:8000

[2026-05-10 22:24:32.104] [info]  [ComfyUI-Manager] The ComfyRegistry cache update is still in progress, so an outdated cache is being used.

[2026-05-10 22:24:32.369] [info]  FETCH DATA from: /Users/runner/Documents/ComfyUI/.venv/lib/python3.12/site-packages/comfyui_manager/custom-node-list.json
[2026-05-10 22:24:32.403] [info]   [DONE]

[2026-05-10 22:24:34.935] [info]  [ComfyUI-Manager] The ComfyRegistry cache update is still in progress, so an outdated cache is being used.

[2026-05-10 22:24:35.014] [info]  FETCH DATA from: /Users/runner/Documents/ComfyUI/.venv/lib/python3.12/site-packages/comfyui_manager/custom-node-list.json
[2026-05-10 22:24:35.031] [info]   [DONE]

[2026-05-10 22:24:57.953] [info]  got prompt

[2026-05-10 22:24:57.970] [info]  [comfyui-cadabra] python: /Users/runner/.ce/.pixi/envs/cadabra-nodes/bin/python

[2026-05-10 22:24:57.971] [info]  [comfyui-cadabra] sys_path sent to worker: ['/Users/runner/.comfy-test-cache/desktop/ComfyUI.app/Contents/Resources/ComfyUI', '/Users/runner/Documents/ComfyUI/custom_nodes/comfyui-cadabra', '/Users/runner/.ce/.pixi/envs/cadabra-nodes/lib/python3.1/site-packages', '/Users/runner/Documents/ComfyUI/custom_nodes/comfyui-cadabra']

[2026-05-10 22:24:59.824] [error] [worker:comfyui-cadabra] ERROR: Failed to import comfy_kitchen, Error: No module named 'comfy_kitchen', fp8 and fp4 support will not be available.

[2026-05-10 22:25:08.862] [error] [comfyui-cadabra] Health check: ping (timeout=5.0s)...

[2026-05-10 22:25:08.868] [error] [comfyui-cadabra] Health check: ok

[2026-05-10 22:25:08.924] [error] [22:25:08] [CADabra] Starting: CAD Edge Analysis(edges=1122)

[2026-05-10 22:25:08.925] [error] [worker:comfyui-cadabra] INFO: Starting: CAD Edge Analysis(edges=1122)

[2026-05-10 22:25:09.042] [error] [22:25:09] [CADabra] Completed: CAD Edge Analysis(edges=1122) in 0.12s

[2026-05-10 22:25:09.043] [error] [worker:comfyui-cadabra] INFO: Completed: CAD Edge Analysis(edges=1122) in 0.12s

[2026-05-10 22:25:09.114] [error] [comfyui-cadabra] Health check: ping (timeout=5.0s)...
[2026-05-10 22:25:09.115] [error] 
[comfyui-cadabra] Health check: ok

[2026-05-10 22:25:09.141] [error] [comfyui-cadabra] Health check: ping (timeout=5.0s)...
[2026-05-10 22:25:09.158] [error] 

[2026-05-10 22:25:09.164] [error] [comfyui-cadabra] Health check: ok

[2026-05-10 22:25:09.235] [error] [comfyui-cadabra] Health check: ping (timeout=5.0s)...
[2026-05-10 22:25:09.236] [error] 

[2026-05-10 22:25:09.237] [error] [comfyui-cadabra] Health check: ok

[2026-05-10 22:25:09.280] [error] [22:25:09] [CADabra] Starting: CAD Face Analysis(faces=236)

[2026-05-10 22:25:09.316] [error] [worker:comfyui-cadabra] INFO: Starting: CAD Face Analysis(faces=236)

[2026-05-10 22:25:09.464] [error] [22:25:09] [CADabra] Completed: CAD Face Analysis(faces=236) in 0.18s

[2026-05-10 22:25:09.465] [error] [worker:comfyui-cadabra] INFO: Completed: CAD Face Analysis(faces=236) in 0.18s
[22:25:09] [CADabra] Starting: CAD Adjacency Graph(faces=236)

[2026-05-10 22:25:09.466] [error] [worker:comfyui-cadabra] INFO: Starting: CAD Adjacency Graph(faces=236)

[2026-05-10 22:25:09.470] [error] [22:25:09] [CADabra] Completed: CAD Adjacency Graph(faces=236) in 0.01s

[2026-05-10 22:25:09.471] [error] [worker:comfyui-cadabra] INFO: Completed: CAD Adjacency Graph(faces=236) in 0.01s

[2026-05-10 22:25:14.407] [error] [comfyui-cadabra] Health check: ping (timeout=5.0s)...
[2026-05-10 22:25:14.409] [error] 

[2026-05-10 22:25:14.413] [error] [comfyui-cadabra] Health check: ok

[2026-05-10 22:25:14.449] [info]  Prompt executed in 16.49 seconds

