[2026-05-11 09:43:20.855] [info]  setup plugin alembic.autogenerate.schemas
setup plugin alembic.autogenerate.tables
setup plugin alembic.autogenerate.types

[2026-05-11 09:43:20.857] [info]  setup plugin alembic.autogenerate.constraints
setup plugin alembic.autogenerate.defaults
setup plugin alembic.autogenerate.comments

[2026-05-11 09:43:20.925] [info]  comfy-aimdo os not supported Darwin
NOTE: comfy-aimdo is currently only support for Windows and Linux

[2026-05-11 09:43:21.087] [info]  Adding extra search path custom_nodes /Users/runner/Documents/ComfyUI/custom_nodes
Adding extra search path download_model_base /Users/runner/Documents/ComfyUI/models
Adding extra search path custom_nodes /Users/runner/.comfy-test-cache/desktop/ComfyUI.app/Contents/Resources/ComfyUI/custom_nodes
Setting output directory to: /Users/runner/Documents/ComfyUI/output
Setting input directory to: /Users/runner/Documents/ComfyUI/input
Setting user directory to: /Users/runner/Documents/ComfyUI/user

[2026-05-11 09:43:21.397] [info]  [START] Security scan
[ComfyUI-Manager] Using uv as Python module for pip operations.

[2026-05-11 09:43:21.517] [info]  [DONE] Security scan
** ComfyUI startup time: 2026-05-11 09:43:21.517

[2026-05-11 09:43:21.518] [info]  ** Platform: Darwin
** Python version: 3.12.11 (main, Aug 18 2025, 19:02:39) [Clang 20.1.4 ]
** Python executable: /Users/runner/Documents/ComfyUI/.venv/bin/python
** ComfyUI Path: /Users/runner/.comfy-test-cache/desktop/ComfyUI.app/Contents/Resources/ComfyUI
** ComfyUI Base Folder Path: /Users/runner/.comfy-test-cache/desktop/ComfyUI.app/Contents/Resources/ComfyUI
** User directory: /Users/runner/Documents/ComfyUI/user
** ComfyUI-Manager config path: /Users/runner/Documents/ComfyUI/user/__manager/config.ini
** Log path: /Users/runner/Documents/ComfyUI/user/comfyui.log

[2026-05-11 09:43:21.590] [info]  [ComfyUI-Manager] Skipped fixing the 'comfyui-frontend-package' dependency because the ComfyUI is outdated.

[2026-05-11 09:43:21.591] [info]  [PRE] ComfyUI-Manager

[2026-05-11 09:43:21.752] [error] [comfy-env] comfyui-cadabra: 1 isolation env(s):
[2026-05-11 09:43:21.753] [error] 
[comfy-env]   nodes -> /Users/runner/Documents/ComfyUI/custom_nodes/comfyui-cadabra/nodes

[2026-05-11 09:43:22.610] [error] [comfy-env] prestartup complete

[2026-05-11 09:43:22.628] [error] [comfy-env] ComfyUI-GeometryPack: 1 isolation env(s):
[2026-05-11 09:43:22.629] [error] 
[comfy-env]   nodes -> /Users/runner/Documents/ComfyUI/custom_nodes/ComfyUI-GeometryPack/nodes

[2026-05-11 09:43:22.632] [error] [comfy-env] prestartup complete
[2026-05-11 09:43:22.632] [error] 

[2026-05-11 09:43:22.642] [info]  WARNING: Potential Error in code: Torch already imported, torch should never be imported before this point.

[2026-05-11 09:43:23.486] [info]  Found comfy_kitchen backend eager: {'available': True, 'disabled': False, 'unavailable_reason': None, 'capabilities': ['apply_rope', 'apply_rope1', 'dequantize_mxfp8', 'dequantize_nvfp4', 'dequantize_per_tensor_fp8', 'quantize_mxfp8', 'quantize_nvfp4', 'quantize_per_tensor_fp8', 'scaled_mm_mxfp8', 'scaled_mm_nvfp4']}
Found comfy_kitchen backend cuda: {'available': False, 'disabled': True, 'unavailable_reason': 'Extension file not found: /Users/runner/Documents/ComfyUI/.venv/lib/python3.12/site-packages/comfy_kitchen/backends/cuda/_C.abi3.so', 'capabilities': []}

[2026-05-11 09:43:23.488] [info]  Found comfy_kitchen backend triton: {'available': False, 'disabled': True, 'unavailable_reason': "ImportError: No module named 'triton'", 'capabilities': []}

[2026-05-11 09:43:23.495] [info]  Checkpoint files will always be loaded safely.

[2026-05-11 09:43:23.530] [info]  Total VRAM 7168 MB, total RAM 7168 MB
pytorch version: 2.10.0

[2026-05-11 09:43:23.539] [info]  Mac Version (15, 7, 4)
Set vram state to: SHARED
Device: mps

[2026-05-11 09:43:23.860] [info]  Using sub quadratic optimization for attention, if you have memory or speed issues try using: --use-split-cross-attention

[2026-05-11 09:43:26.510] [info]  Python version: 3.12.11 (main, Aug 18 2025, 19:02:39) [Clang 20.1.4 ]
ComfyUI version: 0.20.1

[2026-05-11 09:43:26.513] [info]  comfy-aimdo version: 0.2.14
comfy-kitchen version: 0.2.8

[2026-05-11 09:43:26.516] [info]  [Prompt Server] web root: /Users/runner/.comfy-test-cache/desktop/ComfyUI.app/Contents/Resources/ComfyUI/web_custom_versions/desktop_app

[2026-05-11 09:43:26.518] [info]  Asset seeder disabled

[2026-05-11 09:43:26.519] [info]  [START] ComfyUI-Manager

[2026-05-11 09:43:26.618] [info]  [ComfyUI-Manager] Using GitPython backend

[2026-05-11 09:43:26.650] [info]  [ComfyUI-Manager] network_mode: public

[2026-05-11 09:43:26.656] [info]  [ComfyUI-Manager] The matrix sharing feature has been disabled because the `matrix-nio` dependency is not installed.
	To use this feature, please run the following command:
	/Users/runner/Documents/ComfyUI/.venv/bin/python -m pip install matrix-nio


[2026-05-11 09:43:27.723] [error] [comfy-env] Version: 0.3.83
[2026-05-11 09:43:27.725] [error] 

[2026-05-11 09:43:27.725] [info]  [comfy-env] Removed stale socket: /var/folders/tb/y368xp_x10s3ty1b_mtl5mxr0000gn/T/comfy_worker_5455c31e7ef0.sock

[2026-05-11 09:43:27.776] [info]  [comfy-env] Removed stale temp dir: /var/folders/tb/y368xp_x10s3ty1b_mtl5mxr0000gn/T/comfyui_pvenv_iid2gpx4

[2026-05-11 09:43:27.880] [error] [comfy-env] register_nodes: comfyui-cadabra

[2026-05-11 09:43:27.882] [error] [comfy-env] ComfyUI source dir: /Users/runner/.comfy-test-cache/desktop/ComfyUI.app/Contents/Resources/ComfyUI
[2026-05-11 09:43:27.883] [error] 

[2026-05-11 09:43:27.949] [error] [comfy-env] Scanning nodes metadata (isolation root)...
[2026-05-11 09:43:27.950] [error] 

[2026-05-11 09:43:27.953] [error] [comfy-env] Cache hit for nodes: 39 nodes
[2026-05-11 09:43:27.955] [error] 
[comfy-env] Scanned nodes root: 39 nodes (0.0s)

[2026-05-11 09:43:27.957] [error] [comfy-env] Imported nodes root: 39 nodes (isolation)
[comfy-env] Registered 39 total nodes

[2026-05-11 09:43:27.960] [info]  loading...

[2026-05-11 09:43:27.961] [info]  calling register_nodes

[2026-05-11 09:43:27.961] [error] [comfy-env] Version: 0.3.83

[2026-05-11 09:43:27.996] [error] [comfy-env] register_nodes: ComfyUI-GeometryPack

[2026-05-11 09:43:28.005] [error] [comfy-env] ComfyUI source dir: /Users/runner/.comfy-test-cache/desktop/ComfyUI.app/Contents/Resources/ComfyUI
[2026-05-11 09:43:28.008] [error] 

[2026-05-11 09:43:28.127] [error] [comfy-env] Scanning nodes metadata (isolation root)...

[2026-05-11 09:43:28.140] [error] [comfy-env] Cache hit for nodes: 125 nodes

[2026-05-11 09:43:28.141] [error] [comfy-env] Scanned nodes root: 125 nodes (0.0s)

[2026-05-11 09:43:28.142] [error] [comfy-env] Imported nodes root: 125 nodes (isolation)
[2026-05-11 09:43:28.142] [error] 
[comfy-env] Registered 125 total nodes

[2026-05-11 09:43:28.159] [info]  ComfyUI-Multiband loaded: 15 nodes registered

[2026-05-11 09:43:28.161] [info]  
Import times for custom nodes:

[2026-05-11 09:43:28.161] [info]     0.0 seconds: /Users/runner/.comfy-test-cache/desktop/ComfyUI.app/Contents/Resources/ComfyUI/custom_nodes/websocket_image_save.py
   0.0 seconds: /Users/runner/Documents/ComfyUI/custom_nodes/ComfyUI-Multiband
   0.2 seconds: /Users/runner/Documents/ComfyUI/custom_nodes/ComfyUI-GeometryPack
   0.2 seconds: /Users/runner/Documents/ComfyUI/custom_nodes/comfyui-cadabra


[2026-05-11 09:43:28.164] [info]  Context impl SQLiteImpl.

[2026-05-11 09:43:28.166] [info]  Will assume non-transactional DDL.

[2026-05-11 09:43:28.215] [info]  Starting server


[2026-05-11 09:43:28.216] [info]  To see the GUI go to: http://127.0.0.1:8000

[2026-05-11 09:43:30.023] [info]  [ComfyUI-Manager] The ComfyRegistry cache update is still in progress, so an outdated cache is being used.

[2026-05-11 09:43:30.091] [info]  FETCH DATA from: /Users/runner/Documents/ComfyUI/.venv/lib/python3.12/site-packages/comfyui_manager/custom-node-list.json
[2026-05-11 09:43:30.129] [info]   [DONE]

[2026-05-11 09:43:32.124] [info]  [ComfyUI-Manager] The ComfyRegistry cache update is still in progress, so an outdated cache is being used.

[2026-05-11 09:43:32.175] [info]  FETCH DATA from: /Users/runner/Documents/ComfyUI/.venv/lib/python3.12/site-packages/comfyui_manager/custom-node-list.json
[2026-05-11 09:43:32.189] [info]   [DONE]

[2026-05-11 09:43:54.094] [info]  got prompt

[2026-05-11 09:43:54.139] [info]  [comfyui-cadabra] python: /Users/runner/.ce/.pixi/envs/cadabra-nodes/bin/python
[comfyui-cadabra] sys_path sent to worker: ['/Users/runner/.comfy-test-cache/desktop/ComfyUI.app/Contents/Resources/ComfyUI', '/Users/runner/Documents/ComfyUI/custom_nodes/comfyui-cadabra', '/Users/runner/.ce/.pixi/envs/cadabra-nodes/lib/python3.1/site-packages', '/Users/runner/Documents/ComfyUI/custom_nodes/comfyui-cadabra']

[2026-05-11 09:43:56.084] [error] [worker:comfyui-cadabra] ERROR: Failed to import comfy_kitchen, Error: No module named 'comfy_kitchen', fp8 and fp4 support will not be available.

[2026-05-11 09:44:05.723] [error] [09:44:05] [CADabra] Starting: STEP ReadFile(file=spiral_wind_turbine.stp)

[2026-05-11 09:44:05.727] [error] [worker:comfyui-cadabra] INFO: Starting: STEP ReadFile(file=spiral_wind_turbine.stp)

[2026-05-11 09:44:05.738] [error] [09:44:05] [CADabra] Completed: STEP ReadFile(file=spiral_wind_turbine.stp) in 0.02s

[2026-05-11 09:44:05.739] [error] [worker:comfyui-cadabra] INFO: Completed: STEP ReadFile(file=spiral_wind_turbine.stp) in 0.02s
[09:44:05] [CADabra] Starting: STEP TransferRoots(file=spiral_wind_turbine.stp)
[worker:comfyui-cadabra] INFO: Starting: STEP TransferRoots(file=spiral_wind_turbine.stp)

[2026-05-11 09:44:05.825] [error] [09:44:05] [CADabra] Completed: STEP TransferRoots(file=spiral_wind_turbine.stp) in 0.09s

[2026-05-11 09:44:05.826] [error] [worker:comfyui-cadabra] INFO: Completed: STEP TransferRoots(file=spiral_wind_turbine.stp) in 0.09s

[2026-05-11 09:44:05.837] [error] [comfyui-cadabra] Health check: ping (timeout=5.0s)...
[2026-05-11 09:44:05.853] [error] 
[comfyui-cadabra] Health check: ok

[2026-05-11 09:44:05.871] [error] [09:44:05] [CADabra] Starting: BRepMesh(linear_deflection=0.1, angular_deflection=0.5)

[2026-05-11 09:44:05.873] [error] [worker:comfyui-cadabra] INFO: Starting: BRepMesh(linear_deflection=0.1, angular_deflection=0.5)

[2026-05-11 09:44:05.925] [error] [09:44:05] [CADabra] Completed: BRepMesh(linear_deflection=0.1, angular_deflection=0.5) in 0.06s

[2026-05-11 09:44:05.926] [error] [worker:comfyui-cadabra] INFO: Completed: BRepMesh(linear_deflection=0.1, angular_deflection=0.5) in 0.06s

[2026-05-11 09:44:05.991] [error] [comfyui-cadabra] Health check: ping (timeout=5.0s)...
[2026-05-11 09:44:05.992] [error] 
[comfyui-cadabra] Health check: ok
[2026-05-11 09:44:05.996] [error] 

[2026-05-11 09:44:06.044] [error] [comfyui-cadabra] Health check: ping (timeout=5.0s)...
[2026-05-11 09:44:06.046] [error] 

[2026-05-11 09:44:06.052] [error] [comfyui-cadabra] Health check: ok

[2026-05-11 09:44:06.072] [error] [comfyui-cadabra] Health check: ping (timeout=5.0s)...

[2026-05-11 09:44:06.079] [error] [comfyui-cadabra] Health check: ok
[2026-05-11 09:44:06.080] [error] 

[2026-05-11 09:44:07.921] [error] [comfyui-cadabra] Health check: ping (timeout=5.0s)...

[2026-05-11 09:44:07.929] [error] [comfyui-cadabra] Health check: ok
[2026-05-11 09:44:07.930] [error] 

[2026-05-11 09:44:07.971] [error] [09:44:07] [CADabra] Starting: BRepMesh(linear_deflection=0.1, angular_deflection=0.5)

[2026-05-11 09:44:07.972] [error] [worker:comfyui-cadabra] INFO: Starting: BRepMesh(linear_deflection=0.1, angular_deflection=0.5)

[2026-05-11 09:44:07.995] [error] [09:44:07] [CADabra] Completed: BRepMesh(linear_deflection=0.1, angular_deflection=0.5) in 0.02s

[2026-05-11 09:44:07.996] [error] [worker:comfyui-cadabra] INFO: Completed: BRepMesh(linear_deflection=0.1, angular_deflection=0.5) in 0.02s

[2026-05-11 09:44:08.015] [info]  Prompt executed in 13.90 seconds

