** ComfyUI startup time: 2026-05-19 11:55:30.145
[2026-05-19 11:55:30.145] ** Platform: Darwin
[2026-05-19 11:55:30.146] ** Python version: 3.12.11 (main, Aug 18 2025, 19:02:39) [Clang 20.1.4 ]
[2026-05-19 11:55:30.146] ** Python executable: /Users/runner/Documents/ComfyUI/.venv/bin/python
[2026-05-19 11:55:30.146] ** ComfyUI Path: /Users/runner/.comfy-test-cache/desktop/ComfyUI.app/Contents/Resources/ComfyUI
[2026-05-19 11:55:30.146] ** ComfyUI Base Folder Path: /Users/runner/.comfy-test-cache/desktop/ComfyUI.app/Contents/Resources/ComfyUI
[2026-05-19 11:55:30.146] ** User directory: /Users/runner/Documents/ComfyUI/user
[2026-05-19 11:55:30.146] ** ComfyUI-Manager config path: /Users/runner/Documents/ComfyUI/user/__manager/config.ini
[2026-05-19 11:55:30.146] ** Log path: /Users/runner/Documents/ComfyUI/user/comfyui.log
[ComfyUI-Manager] Skipped fixing the 'comfyui-frontend-package' dependency because the ComfyUI is outdated.
[2026-05-19 11:55:30.399] [PRE] ComfyUI-Manager
[2026-05-19 11:55:30.942] [comfy-env] comfyui-cadabra: 1 isolation env(s):
[2026-05-19 11:55:30.943] [comfy-env]   nodes -> /Users/runner/Documents/ComfyUI/custom_nodes/comfyui-cadabra/nodes
[2026-05-19 11:55:30.944] [comfy-env] Workspace: /Users/runner/.ce
[2026-05-19 11:55:30.945] [comfy-env]     env: /Users/runner/.ce/.pixi/envs/cadabra-nodes  [OK]
[2026-05-19 11:55:32.910] [comfy-env] prestartup complete
[2026-05-19 11:55:32.944] [comfy-env] ComfyUI-GeometryPack: 1 isolation env(s):
[2026-05-19 11:55:32.945] [comfy-env]   nodes -> /Users/runner/Documents/ComfyUI/custom_nodes/ComfyUI-GeometryPack/nodes
[2026-05-19 11:55:32.947] [comfy-env]     env: /Users/runner/.ce/.pixi/envs/geometrypack-nodes  [OK]
[2026-05-19 11:55:32.958] [comfy-env] prestartup complete
[2026-05-19 11:55:32.996] WARNING: Potential Error in code: Torch already imported, torch should never be imported before this point.
[2026-05-19 11:55:34.726] Found comfy_kitchen backend eager: {'available': True, 'disabled': False, 'unavailable_reason': None, 'capabilities': ['apply_rope', 'apply_rope1', 'dequantize_mxfp8', 'dequantize_nvfp4', 'dequantize_per_tensor_fp8', 'quantize_mxfp8', 'quantize_nvfp4', 'quantize_per_tensor_fp8', 'scaled_mm_mxfp8', 'scaled_mm_nvfp4']}
[2026-05-19 11:55:34.726] Found comfy_kitchen backend cuda: {'available': False, 'disabled': True, 'unavailable_reason': 'Extension file not found: /Users/runner/Documents/ComfyUI/.venv/lib/python3.12/site-packages/comfy_kitchen/backends/cuda/_C.abi3.so', 'capabilities': []}
[2026-05-19 11:55:34.726] Found comfy_kitchen backend triton: {'available': False, 'disabled': True, 'unavailable_reason': "ImportError: No module named 'triton'", 'capabilities': []}
[2026-05-19 11:55:34.745] Checkpoint files will always be loaded safely.
[2026-05-19 11:55:34.804] Total VRAM 7168 MB, total RAM 7168 MB
[2026-05-19 11:55:34.804] pytorch version: 2.10.0
[2026-05-19 11:55:34.814] Mac Version (15, 7, 4)
[2026-05-19 11:55:34.815] Set vram state to: SHARED
[2026-05-19 11:55:34.815] Device: mps
[2026-05-19 11:55:35.513] Using sub quadratic optimization for attention, if you have memory or speed issues try using: --use-split-cross-attention
[2026-05-19 11:55:40.391] Python version: 3.12.11 (main, Aug 18 2025, 19:02:39) [Clang 20.1.4 ]
[2026-05-19 11:55:40.392] ComfyUI version: 0.21.1
[2026-05-19 11:55:40.392] comfy-aimdo version: 0.3.0
[2026-05-19 11:55:40.393] comfy-kitchen version: 0.2.8
[2026-05-19 11:55:40.394] [Prompt Server] web root: /Users/runner/.comfy-test-cache/desktop/ComfyUI.app/Contents/Resources/ComfyUI/web_custom_versions/desktop_app
[2026-05-19 11:55:40.399] Asset seeder disabled
[2026-05-19 11:55:40.400] [START] ComfyUI-Manager
[2026-05-19 11:55:40.650] [ComfyUI-Manager] Using GitPython backend
[2026-05-19 11:55:40.755] [ComfyUI-Manager] network_mode: public
[2026-05-19 11:55:40.769] [ComfyUI-Manager] The matrix sharing feature has been disabled because the `matrix-nio` dependency is not installed.
	To use this feature, please run the following command:
	/Users/runner/Documents/ComfyUI/.venv/bin/python -m pip install matrix-nio

[2026-05-19 11:55:43.968] [comfy-env] Version: 0.3.89
[2026-05-19 11:55:43.974] [comfy-env] Removed stale socket: /var/folders/tb/y368xp_x10s3ty1b_mtl5mxr0000gn/T/comfy_worker_3d51224926ef.sock
[2026-05-19 11:55:44.099] [comfy-env] Removed stale temp dir: /var/folders/tb/y368xp_x10s3ty1b_mtl5mxr0000gn/T/comfyui_pvenv_npr5hxwi
[2026-05-19 11:55:44.364] [comfy-env] register_nodes: comfyui-cadabra
[2026-05-19 11:55:44.366] [comfy-env] ComfyUI source dir: /Users/runner/.comfy-test-cache/desktop/ComfyUI.app/Contents/Resources/ComfyUI
[2026-05-19 11:55:44.400] [comfy-env] Scanning nodes metadata (isolation root)...
[2026-05-19 11:55:44.424] [comfy-env] Cache hit for nodes: 39 nodes
[2026-05-19 11:55:44.424] [comfy-env] Scanned nodes root: 39 nodes (0.0s)
[2026-05-19 11:55:44.429] [comfy-env] Imported nodes root: 39 nodes (isolation)
[2026-05-19 11:55:44.432] [comfy-env] Registered 39 total nodes
[2026-05-19 11:55:44.442] loading...
[2026-05-19 11:55:44.443] calling register_nodes
[2026-05-19 11:55:44.450] [comfy-env] Version: 0.3.89
[2026-05-19 11:55:44.506] [comfy-env] register_nodes: ComfyUI-GeometryPack
[2026-05-19 11:55:44.518] [comfy-env] ComfyUI source dir: /Users/runner/.comfy-test-cache/desktop/ComfyUI.app/Contents/Resources/ComfyUI
[2026-05-19 11:55:44.556] [comfy-env] Scanning nodes metadata (isolation root)...
[2026-05-19 11:55:44.594] [comfy-env] Cache hit for nodes: 125 nodes
[2026-05-19 11:55:44.598] [comfy-env] Scanned nodes root: 125 nodes (0.0s)
[2026-05-19 11:55:44.603] [comfy-env] Imported nodes root: 125 nodes (isolation)
[2026-05-19 11:55:44.607] [comfy-env] Registered 125 total nodes
[2026-05-19 11:55:44.648] ComfyUI-Multiband loaded: 15 nodes registered
[2026-05-19 11:55:44.653] 
Import times for custom nodes:
[2026-05-19 11:55:44.653]    0.0 seconds: /Users/runner/.comfy-test-cache/desktop/ComfyUI.app/Contents/Resources/ComfyUI/custom_nodes/websocket_image_save.py
[2026-05-19 11:55:44.653]    0.0 seconds: /Users/runner/Documents/ComfyUI/custom_nodes/ComfyUI-Multiband
[2026-05-19 11:55:44.653]    0.2 seconds: /Users/runner/Documents/ComfyUI/custom_nodes/ComfyUI-GeometryPack
[2026-05-19 11:55:44.653]    0.5 seconds: /Users/runner/Documents/ComfyUI/custom_nodes/comfyui-cadabra
[2026-05-19 11:55:44.653] 
[2026-05-19 11:55:44.952] Context impl SQLiteImpl.
[2026-05-19 11:55:44.952] Will assume non-transactional DDL.
[2026-05-19 11:55:45.057] Starting server

[2026-05-19 11:55:45.058] To see the GUI go to: http://127.0.0.1:8000
[2026-05-19 11:55:47.452] [ComfyUI-Manager] The ComfyRegistry cache update is still in progress, so an outdated cache is being used.
[2026-05-19 11:55:47.620] FETCH DATA from: /Users/runner/Documents/ComfyUI/.venv/lib/python3.12/site-packages/comfyui_manager/custom-node-list.json [DONE]
[2026-05-19 11:55:50.921] [ComfyUI-Manager] The ComfyRegistry cache update is still in progress, so an outdated cache is being used.
[2026-05-19 11:55:51.031] FETCH DATA from: /Users/runner/Documents/ComfyUI/.venv/lib/python3.12/site-packages/comfyui_manager/custom-node-list.json [DONE]
[2026-05-19 11:56:14.447] got prompt
[2026-05-19 11:56:14.484] [comfyui-cadabra] python: /Users/runner/.ce/.pixi/envs/cadabra-nodes/bin/python
[2026-05-19 11:56:14.484] [comfyui-cadabra] sys_path sent to worker: ['/Users/runner/.comfy-test-cache/desktop/ComfyUI.app/Contents/Resources/ComfyUI', '/Users/runner/Documents/ComfyUI/custom_nodes/comfyui-cadabra', '/Users/runner/.ce/.pixi/envs/cadabra-nodes/lib/python3.1/site-packages', '/Users/runner/Documents/ComfyUI/custom_nodes/comfyui-cadabra']
[2026-05-19 11:56:17.498] [worker:comfyui-cadabra] ERROR: Failed to import comfy_kitchen, Error: No module named 'comfy_kitchen', fp8 and fp4 support will not be available.
[2026-05-19 11:56:33.664] [comfyui-cadabra] Health check: ping (timeout=5.0s)...
[2026-05-19 11:56:33.676] [comfyui-cadabra] Health check: ok
[2026-05-19 11:56:33.826] [worker:comfyui-cadabra] INFO: Starting: CAD Edge Analysis(edges=1122)
[2026-05-19 11:56:34.143] [worker:comfyui-cadabra] INFO: Completed: CAD Edge Analysis(edges=1122) in 0.32s
[2026-05-19 11:56:34.314] [comfyui-cadabra] Health check: ping (timeout=5.0s)...
[2026-05-19 11:56:34.317] [comfyui-cadabra] Health check: ok
[2026-05-19 11:56:34.422] [worker:comfyui-cadabra] INFO: Starting: CAD Face Analysis(faces=236)
[2026-05-19 11:56:34.681] [worker:comfyui-cadabra] INFO: Completed: CAD Face Analysis(faces=236) in 0.27s
[2026-05-19 11:56:34.689] [worker:comfyui-cadabra] INFO: Starting: CAD Adjacency Graph(faces=236)
[2026-05-19 11:56:34.703] [worker:comfyui-cadabra] INFO: Completed: CAD Adjacency Graph(faces=236) in 0.01s
[2026-05-19 11:56:44.332] [comfyui-cadabra] Health check: ping (timeout=5.0s)...
[2026-05-19 11:56:44.350] [comfyui-cadabra] Health check: ok
[2026-05-19 11:56:44.499] [comfyui-cadabra] Health check: ping (timeout=5.0s)...
[2026-05-19 11:56:44.504] [comfyui-cadabra] Health check: ok
[2026-05-19 11:56:44.679] [comfyui-cadabra] Health check: ping (timeout=5.0s)...
[2026-05-19 11:56:44.746] [comfyui-cadabra] Health check: ok
[2026-05-19 11:56:44.818] Prompt executed in 30.36 seconds
