[2026-05-19 11:40:43.650] [info]  setup plugin alembic.autogenerate.schemas
setup plugin alembic.autogenerate.tables
setup plugin alembic.autogenerate.types

[2026-05-19 11:40:43.651] [info]  setup plugin alembic.autogenerate.constraints
setup plugin alembic.autogenerate.defaults
setup plugin alembic.autogenerate.comments

[2026-05-19 11:40:43.873] [info]  Could not autodetect AIMDO implementation, assuming Nvidia
comfy-aimdo unsupported operating system: Darwin
NOTE: comfy-aimdo currently only supports Windows and Linux

[2026-05-19 11:40:44.306] [info]  Adding extra search path custom_nodes /Users/runner/Documents/ComfyUI/custom_nodes
Adding extra search path download_model_base /Users/runner/Documents/ComfyUI/models
Adding extra search path custom_nodes /Users/runner/.comfy-test-cache/desktop/ComfyUI.app/Contents/Resources/ComfyUI/custom_nodes
Setting output directory to: /Users/runner/Documents/ComfyUI/output
Setting input directory to: /Users/runner/Documents/ComfyUI/input
Setting user directory to: /Users/runner/Documents/ComfyUI/user

[2026-05-19 11:40:46.641] [info]  [START] Security scan
[DONE] Security scan
** ComfyUI startup time: 2026-05-19 11:40:46.639

[2026-05-19 11:40:46.642] [info]  ** Platform: Darwin
** Python version: 3.12.11 (main, Aug 18 2025, 19:02:39) [Clang 20.1.4 ]
** Python executable: /Users/runner/Documents/ComfyUI/.venv/bin/python
** ComfyUI Path: /Users/runner/.comfy-test-cache/desktop/ComfyUI.app/Contents/Resources/ComfyUI
** ComfyUI Base Folder Path: /Users/runner/.comfy-test-cache/desktop/ComfyUI.app/Contents/Resources/ComfyUI
** User directory: /Users/runner/Documents/ComfyUI/user
** ComfyUI-Manager config path: /Users/runner/Documents/ComfyUI/user/__manager/config.ini
** Log path: /Users/runner/Documents/ComfyUI/user/comfyui.log

[2026-05-19 11:40:47.211] [info]  [ComfyUI-Manager] Skipped fixing the 'comfyui-frontend-package' dependency because the ComfyUI is outdated.

[2026-05-19 11:40:47.212] [info]  [PRE] ComfyUI-Manager

[2026-05-19 11:40:54.446] [info]  Found comfy_kitchen backend triton: {'available': False, 'disabled': True, 'unavailable_reason': "ImportError: No module named 'triton'", 'capabilities': []}

[2026-05-19 11:40:54.449] [info]  Found comfy_kitchen backend cuda: {'available': False, 'disabled': True, 'unavailable_reason': 'Extension file not found: /Users/runner/Documents/ComfyUI/.venv/lib/python3.12/site-packages/comfy_kitchen/backends/cuda/_C.abi3.so', 'capabilities': []}
Found comfy_kitchen backend eager: {'available': True, 'disabled': False, 'unavailable_reason': None, 'capabilities': ['apply_rope', 'apply_rope1', 'dequantize_mxfp8', 'dequantize_nvfp4', 'dequantize_per_tensor_fp8', 'quantize_mxfp8', 'quantize_nvfp4', 'quantize_per_tensor_fp8', 'scaled_mm_mxfp8', 'scaled_mm_nvfp4']}

[2026-05-19 11:40:54.494] [info]  Checkpoint files will always be loaded safely.

[2026-05-19 11:40:54.576] [info]  Total VRAM 7168 MB, total RAM 7168 MB
pytorch version: 2.10.0

[2026-05-19 11:40:54.578] [info]  Mac Version (15, 7, 4)

[2026-05-19 11:40:54.580] [info]  Set vram state to: SHARED
Device: mps

[2026-05-19 11:40:55.706] [info]  Using sub quadratic optimization for attention, if you have memory or speed issues try using: --use-split-cross-attention

[2026-05-19 11:41:03.344] [info]  Python version: 3.12.11 (main, Aug 18 2025, 19:02:39) [Clang 20.1.4 ]

[2026-05-19 11:41:03.347] [info]  ComfyUI version: 0.21.1
comfy-aimdo version: 0.3.0

[2026-05-19 11:41:03.349] [info]  comfy-kitchen version: 0.2.8

[2026-05-19 11:41:03.351] [info]  [Prompt Server] web root: /Users/runner/.comfy-test-cache/desktop/ComfyUI.app/Contents/Resources/ComfyUI/web_custom_versions/desktop_app

[2026-05-19 11:41:03.353] [info]  Asset seeder disabled

[2026-05-19 11:41:03.354] [info]  [START] ComfyUI-Manager

[2026-05-19 11:41:03.796] [info]  [ComfyUI-Manager] Using GitPython backend

[2026-05-19 11:41:03.922] [info]  [ComfyUI-Manager] network_mode: public

[2026-05-19 11:41:03.932] [info]  [ComfyUI-Manager] The matrix sharing feature has been disabled because the `matrix-nio` dependency is not installed.
	To use this feature, please run the following command:
	/Users/runner/Documents/ComfyUI/.venv/bin/python -m pip install matrix-nio


[2026-05-19 11:41:08.017] [info]  
Import times for custom nodes:
   0.0 seconds: /Users/runner/.comfy-test-cache/desktop/ComfyUI.app/Contents/Resources/ComfyUI/custom_nodes/websocket_image_save.py

[2026-05-19 11:41:08.021] [info]  

[2026-05-19 11:41:08.100] [info]  Context impl SQLiteImpl.
Will assume non-transactional DDL.

[2026-05-19 11:41:08.136] [info]  Context impl SQLiteImpl.
Will assume non-transactional DDL.

[2026-05-19 11:41:08.145] [info]  Running upgrade  -> 0001_assets, Initial assets schema
Revision ID: 0001_assets
Revises: None
Create Date: 2025-12-10 00:00:00

[2026-05-19 11:41:08.228] [info]  Running upgrade 0001_assets -> 0002_merge_to_asset_references, Merge AssetInfo and AssetCacheState into unified asset_references table.

[2026-05-19 11:41:08.296] [info]  Running upgrade 0002_merge_to_asset_references -> 0003_add_metadata_job_id, Add system_metadata and job_id columns to asset_references.
Change preview_id FK from assets.id to asset_references.id.

[2026-05-19 11:41:08.347] [info]  Database upgraded from None to 0003_add_metadata_job_id

[2026-05-19 11:41:08.500] [info]  Starting server


[2026-05-19 11:41:08.502] [info]  To see the GUI go to: http://127.0.0.1:8000

[2026-05-19 11:42:23.284] [info]  [ComfyUI-Manager] Using uv as Python module for pip operations.

[2026-05-19 11:42:24.418] [error]   0%|          | 0.00/2.91M [00:00<?, ?B/s]
[2026-05-19 11:42:24.519] [error]  53%|█████▎    | 1.54M/2.91M [00:00<00:00, 15.1MB/s]
[2026-05-19 11:42:24.542] [error] 100%|██████████| 2.91M/2.91M [00:00<00:00, 23.7MB/s]

[2026-05-19 11:42:24.598] [info]  Extracted zip file to /Users/runner/Documents/ComfyUI/custom_nodes/comfyui-cadabra

[2026-05-19 11:42:24.644] [info]  Install: pip packages

[2026-05-19 11:42:24.718] [info]  
## ComfyUI-Manager: EXECUTE => 
['/Users/runner/Documents/ComfyUI/.venv/bin/python', '-m', 'uv', 'pip', 
'install', 'comfy-env==0.3.89']

[2026-05-19 11:42:24.787] [error] [!]
[2026-05-19 11:42:24.788] [error]  Using Python 3.12.11 environment at: /Users/runner/Documents/ComfyUI/.venv

[2026-05-19 11:42:25.153] [error] [!]
[2026-05-19 11:42:25.154] [error]  Resolved 16 packages in 335ms

[2026-05-19 11:42:25.188] [error] [!] Downloading virtualenv (7.2MiB)

[2026-05-19 11:42:25.383] [error] [!]
[2026-05-19 11:42:25.386] [error]   Downloaded virtualenv
[!] Prepared 12 packages in 224ms

[2026-05-19 11:42:25.402] [error] [!]
[2026-05-19 11:42:25.403] [error]  Uninstalled 1 package in 18ms

[2026-05-19 11:42:25.565] [error] [!] Installed 12 packages in 162ms

[2026-05-19 11:42:25.586] [error] [!]  + cfgv==3.5.0
[!]  + comfy-env==0.3.89
[!]  + distlib==0.4.0
[!]  - filelock==3.20.3
[!]  + filelock==3.29.0
[!]
[2026-05-19 11:42:25.591] [error]   + identify==2.6.19
[!]  + nodeenv==1.10.0
[!]  + platformdirs==4.9.6
[!]  + pre-commit==4.6.0
[!]  + python-discovery==1.3.1
[!]  + tomli==2.4.1
[!]  + tomli-w==1.2.0
[!]
[2026-05-19 11:42:25.593] [error]   + virtualenv==21.3.3

[2026-05-19 11:42:25.602] [info]  
## ComfyUI-Manager: EXECUTE => 
['/Users/runner/Documents/ComfyUI/.venv/bin/python', '-m', 'uv', 'pip', 
'install', 'comfy-3d-viewers==0.2.45']

[2026-05-19 11:42:25.749] [error] [!] Using Python 3.12.11 environment at: /Users/runner/Documents/ComfyUI/.venv

[2026-05-19 11:42:25.841] [error] [!] Resolved 1 package in 54ms

[2026-05-19 11:42:25.911] [error] [!] 
[2026-05-19 11:42:25.914] [error] Downloading comfy-3d-viewers (1.2MiB)

[2026-05-19 11:42:25.965] [error] [!]  Downloaded comfy-3d-viewers

[2026-05-19 11:42:25.969] [error] [!] 
[2026-05-19 11:42:25.970] [error] Prepared 1 package in 135ms

[2026-05-19 11:42:26.000] [error] [!] 
[2026-05-19 11:42:26.001] [error] Installed 1 package in 30ms
[!]  + comfy-3d-viewers==0.2.45

[2026-05-19 11:42:26.005] [info]  
## ComfyUI-Manager: EXECUTE => 
['/Users/runner/Documents/ComfyUI/.venv/bin/python', '-m', 'uv', 'pip', 
'install', 'trimesh']

[2026-05-19 11:42:26.076] [error] [!] Using Python 3.12.11 environment at: /Users/runner/Documents/ComfyUI/.venv

[2026-05-19 11:42:26.463] [error] [!] Resolved 31 packages in 372ms

[2026-05-19 11:42:26.485] [error] [!] Downloading lxml (8.2MiB)

[2026-05-19 11:42:26.498] [error] [!] Downloading embreex (4.9MiB)

[2026-05-19 11:42:26.500] [error] [!] Downloading shapely (1.6MiB)

[2026-05-19 11:42:27.127] [error] [!]
[2026-05-19 11:42:27.131] [error]   Downloaded embreex

[2026-05-19 11:42:27.361] [error] [!]
[2026-05-19 11:42:27.365] [error]   Downloaded shapely

[2026-05-19 11:42:27.389] [error] [!]  Downloaded lxml

[2026-05-19 11:42:27.392] [error] [!] Prepared 18 packages in 928ms

[2026-05-19 11:42:27.557] [error] [!] Installed 18 packages in 163ms

[2026-05-19 11:42:27.561] [error] [!]  + colorlog==6.10.1
[!]  + embreex==4.4.0
[!]  + jsonschema==4.26.0
[!]  + jsonschema-specifications==2025.9.1
[!]  + lxml==6.1.1
[!]  + manifold3d==3.4.1
[!]  + mapbox-earcut==2.0.0
[!]  + pycollada==0.9.3
[!]  + python-dateutil==2.9.0.post0
[!]  + referencing==0.37.0
[!]  + rpds-py==0.30.0
[!]  + rtree==1.4.1
[!]  + shapely==2.1.2
[!]  + six==1.17.0
[!]  + svg-path==7.0

[2026-05-19 11:42:27.569] [error] [!]  + trimesh==4.12.2

[2026-05-19 11:42:27.575] [error] [!]  + vhacdx==0.0.10
[!]  + xxhash==3.7.0

[2026-05-19 11:42:27.697] [info]  [ComfyUI-Manager] Skipped fixing the 'comfyui-frontend-package' dependency because the ComfyUI is outdated.

[2026-05-19 11:42:27.699] [info]  Install: install script

[2026-05-19 11:42:27.701] [info]  
## ComfyUI-Manager: EXECUTE => 
['/Users/runner/Documents/ComfyUI/.venv/bin/python', 'install.py']

[2026-05-19 11:42:28.197] [info]   
 Installing 2 node dependencies...

[2026-05-19 11:42:28.202] [info]     Cloning ComfyUI-GeometryPack...

[2026-05-19 11:42:30.920] [info]   
[2026-05-19 11:42:30.923] [info]    Installing requirements for ComfyUI-GeometryPack...

[2026-05-19 11:42:30.998] [info]   
[2026-05-19 11:42:31.000] [info]    Running install.py for ComfyUI-GeometryPack...

[2026-05-19 11:42:31.353] [error] [!] 
[2026-05-19 11:42:31.354] [error] [comfy-env] pixi not found, downloading...

[2026-05-19 11:42:32.050] [error] [!] 
[2026-05-19 11:42:32.054] [error] [comfy-env] pixi installed: /Users/runner/.pixi/bin/pixi

[2026-05-19 11:42:32.055] [info]   [comfy-env] _discover: scanning /Users/runner/Documents/ComfyUI/custom_nodes

[2026-05-19 11:42:32.076] [info]   [comfy-env] _discover: ComfyUI-GeometryPack -> geometrypack-nodes (custom_nodes/ComfyUI-GeometryPack/nodes/comfy-env.toml)

[2026-05-19 11:42:32.083] [info]   [comfy-env] _discover: comfyui-cadabra -> cadabra-nodes (custom_nodes/comfyui-cadabra/nodes/comfy-env.toml)
 [comfy-env] Workspace: /Users/runner/.ce

[2026-05-19 11:42:32.085] [info]   [comfy-env] ComfyUI: /Users/runner/Documents/ComfyUI
 [comfy-env] Found 2 node config(s):
   - geometrypack-nodes <- custom_nodes/ComfyUI-GeometryPack/nodes/comfy-env.toml (python=host)

[2026-05-19 11:42:32.086] [info]     - cadabra-nodes <- custom_nodes/comfyui-cadabra/nodes/comfy-env.toml (python=3.12)

[2026-05-19 11:42:32.086] [error] [!] 
[2026-05-19 11:42:32.091] [error] [comfy-env] Workspace: /Users/runner/.ce

[2026-05-19 11:42:32.096] [info]   [comfy-env] Bootstrap interpreter has python 3.12 + torch 2.10.0 (cpu). Looking for cuda-only wheels matching cpu/torch2.10/cp312.
 [comfy-env] Desktop app detected: source=/Users/runner/.comfy-test-cache/desktop/ComfyUI.app/Contents/Resources/ComfyUI, data=/Users/runner/Documents/ComfyUI

[2026-05-19 11:42:32.109] [info]   Generated /Users/runner/.ce/pixi.toml
 [comfy-env] Installing 2 environment(s):
   - geometrypack-nodes (python=host, 14 pypi deps, 1 cuda wheels)
   - cadabra-nodes (python=3.12, 11 pypi deps)
 [comfy-env] Running `pixi install -e geometrypack-nodes -e cadabra-nodes`...

[2026-05-19 11:42:44.021] [info]  FETCH ComfyRegistry Data [DONE]

[2026-05-19 11:42:44.375] [info]  [ComfyUI-Manager] default cache updated: https://api.comfy.org/nodes

[2026-05-19 11:42:44.395] [info]  FETCH DATA from: /Users/runner/Documents/ComfyUI/user/__manager/cache/1514988643_custom-node-list.json
[2026-05-19 11:42:44.410] [info]   [DONE]

[2026-05-19 11:42:44.435] [info]  [ComfyUI-Manager] All startup tasks have been completed.

[2026-05-19 11:43:24.268] [info]      WARN Skipped running the post-link scripts because `run-post-link-scripts` = `false`

[2026-05-19 11:43:24.275] [info]     	- bin/.librsvg-pre-unlink.sh
   To enable them, run:
   	pixi config set --local run-post-link-scripts insecure

[2026-05-19 11:43:24.276] [info]     More info:
   	https://pixi.sh/latest/reference/pixi_configuration/#run-post-link-scripts

[2026-05-19 11:44:35.940] [info]   
[2026-05-19 11:44:35.953] [info]     WARN Skipped running the post-link scripts because `run-post-link-scripts` = `false`
   	- bin/.librsvg-pre-unlink.sh
   To enable them, run:
   	pixi config set --local run-post-link-scripts insecure
   More info:
   	https://pixi.sh/latest/reference/pixi_configuration/#run-post-link-scripts

[2026-05-19 11:44:42.314] [info]   
[2026-05-19 11:44:42.316] [info]    ✔ The following environments have been installed: geometrypack-nodes, cadabra-nodes.

[2026-05-19 11:44:42.554] [info]   [comfy-env] geometrypack-nodes: deduped libomp

[2026-05-19 11:44:43.097] [info]   [comfy-env] cadabra-nodes: deduped libomp
 [comfy-env] Recorded install hash ed75c94113ad -> /Users/runner/.ce/install.hash

[2026-05-19 11:44:43.126] [info]   [comfy-env] Install log: /Users/runner/.ce/install.log
 
 Installation complete!

[2026-05-19 11:44:43.205] [info]     Cloning ComfyUI-Multiband...

[2026-05-19 11:44:43.857] [info]     Installing requirements for ComfyUI-Multiband...

[2026-05-19 11:44:44.718] [info]   

[2026-05-19 11:44:44.720] [info]   [requirements] Re-installing main package requirements...
   Installing requirements for comfyui-cadabra...

[2026-05-19 11:44:44.858] [info]   [comfy-env] _discover: scanning /Users/runner/Documents/ComfyUI/custom_nodes

[2026-05-19 11:44:44.906] [info]   [comfy-env] _discover: ComfyUI-GeometryPack -> geometrypack-nodes (custom_nodes/ComfyUI-GeometryPack/nodes/comfy-env.toml)

[2026-05-19 11:44:44.917] [info]   [comfy-env] _discover: ComfyUI-Multiband: no comfy-env.toml found

[2026-05-19 11:44:44.928] [info]   [comfy-env] _discover: comfyui-cadabra -> cadabra-nodes (custom_nodes/comfyui-cadabra/nodes/comfy-env.toml)

[2026-05-19 11:44:44.928] [error] [!] [comfy-env] Workspace: /Users/runner/.ce

[2026-05-19 11:44:44.943] [info]   [comfy-env] Workspace inputs unchanged (hash ed75c94113ad) -- skipping install. Delete /Users/runner/.ce/install.hash to force.
 
 Installation complete!

[2026-05-19 11:44:47.142] [info]  
Restarting... [Legacy Mode]


Command: ['/Users/runner/Documents/ComfyUI/.venv/bin/python', '/Users/runner/.comfy-test-cache/desktop/ComfyUI.app/Contents/Resources/ComfyUI/main.py', '--user-directory', '/Users/runner/Documents/ComfyUI/user', '--input-directory', '/Users/runner/Documents/ComfyUI/input', '--output-directory', '/Users/runner/Documents/ComfyUI/output', '--front-end-root', '/Users/runner/.comfy-test-cache/desktop/ComfyUI.app/Contents/Resources/ComfyUI/web_custom_versions/desktop_app', '--base-directory', '/Users/runner/Documents/ComfyUI', '--database-url', 'sqlite:////Users/runner/Documents/ComfyUI/user/comfyui.db', '--extra-model-paths-config', '/Users/runner/Library/Application Support/ComfyUI/extra_models_config.yaml', '--log-stdout', '--listen', '127.0.0.1', '--port', '8000', '--enable-manager']

[2026-05-19 11:44:47.251] [error] /Users/runner/.local/share/uv/python/cpython-3.12.11-macos-aarch64-none/lib/python3.12/multiprocessing/resource_tracker.py:279: UserWarning: resource_tracker: There appear to be 1 leaked semaphore objects to clean up at shutdown
  warnings.warn('resource_tracker: There appear to be %d '

[2026-05-19 11:44:48.608] [info]  setup plugin alembic.autogenerate.schemas
setup plugin alembic.autogenerate.tables
setup plugin alembic.autogenerate.types
setup plugin alembic.autogenerate.constraints
setup plugin alembic.autogenerate.defaults
setup plugin alembic.autogenerate.comments

[2026-05-19 11:44:48.801] [info]  Could not autodetect AIMDO implementation, assuming Nvidia
comfy-aimdo unsupported operating system: Darwin
NOTE: comfy-aimdo currently only supports Windows and Linux

[2026-05-19 11:44:49.159] [info]  Adding extra search path custom_nodes /Users/runner/Documents/ComfyUI/custom_nodes
Adding extra search path download_model_base /Users/runner/Documents/ComfyUI/models
Adding extra search path custom_nodes /Users/runner/.comfy-test-cache/desktop/ComfyUI.app/Contents/Resources/ComfyUI/custom_nodes
Setting output directory to: /Users/runner/Documents/ComfyUI/output
Setting input directory to: /Users/runner/Documents/ComfyUI/input
Setting user directory to: /Users/runner/Documents/ComfyUI/user

[2026-05-19 11:44:49.957] [info]  [START] Security scan
[ComfyUI-Manager] Using uv as Python module for pip operations.

[2026-05-19 11:44:50.066] [info]  [DONE] Security scan
** ComfyUI startup time: 2026-05-19 11:44:50.065
** Platform: Darwin
** Python version: 
[2026-05-19 11:44:50.066] [info]  3.12.11 (main, Aug 18 2025, 19:02:39) [Clang 20.1.4 ]
** Python executable: /Users/runner/Documents/ComfyUI/.venv/bin/python
** ComfyUI Path: /Users/runner/.comfy-test-cache/desktop/ComfyUI.app/Contents/Resources/ComfyUI
** ComfyUI Base Folder Path: /Users/runner/.comfy-test-cache/desktop/ComfyUI.app/Contents/Resources/ComfyUI
** User directory: /Users/runner/Documents/ComfyUI/user
** ComfyUI-Manager config path: /Users/runner/Documents/ComfyUI/user/__manager/config.ini
** Log path: /Users/runner/Documents/ComfyUI/user/comfyui.log

[2026-05-19 11:44:50.178] [info]  [ComfyUI-Manager] Skipped fixing the 'comfyui-frontend-package' dependency because the ComfyUI is outdated.

[2026-05-19 11:44:50.180] [info]  [PRE] ComfyUI-Manager

[2026-05-19 11:44:50.487] [error] [comfy-env] comfyui-cadabra: 1 isolation env(s):
[2026-05-19 11:44:50.488] [error] 
[comfy-env]   nodes -> /Users/runner/Documents/ComfyUI/custom_nodes/comfyui-cadabra/nodes
[comfy-env] Workspace: /Users/runner/.ce

[2026-05-19 11:44:50.489] [error] [comfy-env]     env: /Users/runner/.ce/.pixi/envs/cadabra-nodes  [OK]

[2026-05-19 11:44:53.844] [error] [comfy-env] prestartup complete

[2026-05-19 11:44:53.954] [error] [comfy-env] ComfyUI-GeometryPack: 1 isolation env(s):
[comfy-env]   nodes -> /Users/runner/Documents/ComfyUI/custom_nodes/ComfyUI-GeometryPack/nodes

[2026-05-19 11:44:53.958] [error] [comfy-env]     env: /Users/runner/.ce/.pixi/envs/geometrypack-nodes  [OK]

[2026-05-19 11:44:53.961] [error] [comfy-env] prestartup complete

[2026-05-19 11:44:54.205] [info]  WARNING: Potential Error in code: Torch already imported, torch should never be imported before this point.

[2026-05-19 11:44:56.639] [info]  Found comfy_kitchen backend triton: {'available': False, 'disabled': True, 'unavailable_reason': "ImportError: No module named 'triton'", 'capabilities': []}
Found comfy_kitchen backend eager: {'available': True, 'disabled': False, 'unavailable_reason': None, 'capabilities': ['apply_rope', 'apply_rope1', 'dequantize_mxfp8', 'dequantize_nvfp4', 'dequantize_per_tensor_fp8', 'quantize_mxfp8', 'quantize_nvfp4', 'quantize_per_tensor_fp8', 'scaled_mm_mxfp8', 'scaled_mm_nvfp4']}
Found comfy_kitchen backend cuda: {'available': False, 'disabled': True, 'unavailable_reason': 'Extension file not found: /Users/runner/Documents/ComfyUI/.venv/lib/python3.12/site-packages/comfy_kitchen/backends/cuda/_C.abi3.so', 'capabilities': []}

[2026-05-19 11:44:56.661] [info]  Checkpoint files will always be loaded safely.

[2026-05-19 11:44:56.707] [info]  Total VRAM 7168 MB, total RAM 7168 MB
pytorch version: 2.10.0

[2026-05-19 11:44:56.719] [info]  Mac Version (15, 7, 4)

[2026-05-19 11:44:56.721] [info]  Set vram state to: SHARED
Device: mps

[2026-05-19 11:44:57.495] [info]  Using sub quadratic optimization for attention, if you have memory or speed issues try using: --use-split-cross-attention

[2026-05-19 11:45:03.368] [info]  Python version: 3.12.11 (main, Aug 18 2025, 19:02:39) [Clang 20.1.4 ]

[2026-05-19 11:45:03.372] [info]  ComfyUI version: 0.21.1
comfy-aimdo version: 0.3.0
comfy-kitchen version: 0.2.8
[Prompt Server] web root: /Users/runner/.comfy-test-cache/desktop/ComfyUI.app/Contents/Resources/ComfyUI/web_custom_versions/desktop_app

[2026-05-19 11:45:03.376] [info]  Asset seeder disabled

[2026-05-19 11:45:03.378] [info]  [START] ComfyUI-Manager

[2026-05-19 11:45:03.501] [info]  [ComfyUI-Manager] Using GitPython backend

[2026-05-19 11:45:03.545] [info]  [ComfyUI-Manager] network_mode: public

[2026-05-19 11:45:03.550] [info]  [ComfyUI-Manager] The matrix sharing feature has been disabled because the `matrix-nio` dependency is not installed.
	To use this feature, please run the following command:
	/Users/runner/Documents/ComfyUI/.venv/bin/python -m pip install matrix-nio


[2026-05-19 11:45:06.370] [error] [comfy-env] Version: 0.3.89

[2026-05-19 11:45:06.742] [error] [comfy-env] register_nodes: comfyui-cadabra
[2026-05-19 11:45:06.744] [error] 

[2026-05-19 11:45:06.749] [error] [comfy-env] ComfyUI source dir: /Users/runner/.comfy-test-cache/desktop/ComfyUI.app/Contents/Resources/ComfyUI
[2026-05-19 11:45:06.753] [error] 

[2026-05-19 11:45:06.804] [error] [comfy-env] Scanning nodes metadata (isolation root)...
[2026-05-19 11:45:06.807] [error] 

[2026-05-19 11:45:37.905] [error] [comfy-env] Scanned nodes: 39 nodes (31.1s)
[2026-05-19 11:45:37.916] [error] 
[comfy-env] Scanned nodes root: 39 nodes (31.1s)

[2026-05-19 11:45:37.919] [error] [comfy-env] Imported nodes root: 39 nodes (isolation)
[2026-05-19 11:45:37.920] [error] 

[2026-05-19 11:45:37.922] [error] [comfy-env] Registered 39 total nodes

[2026-05-19 11:45:37.952] [info]  loading...

[2026-05-19 11:45:37.953] [info]  calling register_nodes

[2026-05-19 11:45:37.957] [error] [comfy-env] Version: 0.3.89
[2026-05-19 11:45:37.958] [error] 

[2026-05-19 11:45:38.103] [error] [comfy-env] register_nodes: ComfyUI-GeometryPack

[2026-05-19 11:45:38.119] [error] [comfy-env] ComfyUI source dir: /Users/runner/.comfy-test-cache/desktop/ComfyUI.app/Contents/Resources/ComfyUI

[2026-05-19 11:45:38.269] [error] [comfy-env] Scanning nodes metadata (isolation root)...

[2026-05-19 11:45:49.764] [error] [comfy-env] Scanned nodes: 125 nodes (11.5s)
[2026-05-19 11:45:49.768] [error] 
[comfy-env] Scanned nodes root: 125 nodes (11.5s)

[2026-05-19 11:45:50.381] [error] [comfy-env] Imported nodes root: 125 nodes (isolation)
[2026-05-19 11:45:50.383] [error] 
[comfy-env] Registered 125 total nodes

[2026-05-19 11:45:50.733] [info]  ComfyUI-Multiband loaded: 15 nodes registered

[2026-05-19 11:45:50.736] [info]  
Import times for custom nodes:

[2026-05-19 11:45:50.737] [info]     0.0 seconds: /Users/runner/.comfy-test-cache/desktop/ComfyUI.app/Contents/Resources/ComfyUI/custom_nodes/websocket_image_save.py
   0.3 seconds: /Users/runner/Documents/ComfyUI/custom_nodes/ComfyUI-Multiband
  12.4 seconds: /Users/runner/Documents/ComfyUI/custom_nodes/ComfyUI-GeometryPack
  31.6 seconds: /Users/runner/Documents/ComfyUI/custom_nodes/comfyui-cadabra


[2026-05-19 11:45:50.746] [info]  Context impl SQLiteImpl.
Will assume non-transactional DDL.

[2026-05-19 11:45:51.150] [info]  Starting server


[2026-05-19 11:45:51.151] [info]  To see the GUI go to: http://127.0.0.1:8000

[2026-05-19 11:45:55.160] [info]  [ComfyUI-Manager] The ComfyRegistry cache update is still in progress, so an outdated cache is being used.

[2026-05-19 11:45:55.268] [info]  FETCH DATA from: /Users/runner/Documents/ComfyUI/.venv/lib/python3.12/site-packages/comfyui_manager/custom-node-list.json
[2026-05-19 11:45:55.292] [info]   [DONE]

[2026-05-19 11:45:57.825] [info]  [ComfyUI-Manager] The ComfyRegistry cache update is still in progress, so an outdated cache is being used.

[2026-05-19 11:45:57.933] [info]  FETCH DATA from: /Users/runner/Documents/ComfyUI/.venv/lib/python3.12/site-packages/comfyui_manager/custom-node-list.json
[2026-05-19 11:45:57.987] [info]   [DONE]

[2026-05-19 11:46:03.106] [info]  [ComfyUI-Manager] The ComfyRegistry cache update is still in progress, so an outdated cache is being used.

[2026-05-19 11:46:03.170] [info]  FETCH DATA from: /Users/runner/Documents/ComfyUI/.venv/lib/python3.12/site-packages/comfyui_manager/custom-node-list.json
[2026-05-19 11:46:03.212] [info]   [DONE]

[2026-05-19 11:46:26.103] [info]  got prompt

[2026-05-19 11:46:26.153] [info]  [comfyui-cadabra] python: /Users/runner/.ce/.pixi/envs/cadabra-nodes/bin/python
[comfyui-cadabra] sys_path sent to worker: ['/Users/runner/.comfy-test-cache/desktop/ComfyUI.app/Contents/Resources/ComfyUI', '/Users/runner/Documents/ComfyUI/custom_nodes/comfyui-cadabra', '/Users/runner/.ce/.pixi/envs/cadabra-nodes/lib/python3.1/site-packages', '/Users/runner/Documents/ComfyUI/custom_nodes/comfyui-cadabra']
[2026-05-19 11:46:26.154] [info]  

[2026-05-19 11:46:29.726] [error] [worker:comfyui-cadabra] ERROR: Failed to import comfy_kitchen, Error: No module named 'comfy_kitchen', fp8 and fp4 support will not be available.

[2026-05-19 11:46:43.364] [error] [11:46:43] [CADabra] Starting: IGES ReadFile(file=bellow_pipe.igs)

[2026-05-19 11:46:43.368] [error] [worker:comfyui-cadabra] INFO: Starting: IGES ReadFile(file=bellow_pipe.igs)

[2026-05-19 11:46:43.389] [error] [11:46:43] [CADabra] Completed: IGES ReadFile(file=bellow_pipe.igs) in 0.03s

[2026-05-19 11:46:43.390] [error] [worker:comfyui-cadabra] INFO: Completed: IGES ReadFile(file=bellow_pipe.igs) in 0.03s

[2026-05-19 11:46:43.395] [error] [11:46:43] [CADabra] Starting: IGES TransferRoots(file=bellow_pipe.igs)

[2026-05-19 11:46:43.395] [error] [worker:comfyui-cadabra] INFO: Starting: IGES TransferRoots(file=bellow_pipe.igs)

[2026-05-19 11:46:44.049] [error] [11:46:44] [CADabra] Completed: IGES TransferRoots(file=bellow_pipe.igs) in 0.65s

[2026-05-19 11:46:44.056] [error] [worker:comfyui-cadabra] INFO: Completed: IGES TransferRoots(file=bellow_pipe.igs) in 0.65s

[2026-05-19 11:46:44.127] [error] [comfyui-cadabra] Health check: ping (timeout=5.0s)...
[2026-05-19 11:46:44.128] [error] 
[comfyui-cadabra] Health check: ok

[2026-05-19 11:46:44.192] [error] [11:46:44] [CADabra] Starting: BRepMesh(linear_deflection=0.1, angular_deflection=0.5)

[2026-05-19 11:46:44.194] [error] [worker:comfyui-cadabra] INFO: Starting: BRepMesh(linear_deflection=0.1, angular_deflection=0.5)

[2026-05-19 11:46:44.535] [info]  FETCH ComfyRegistry Data [DONE]

[2026-05-19 11:46:44.879] [info]  [ComfyUI-Manager] default cache updated: https://api.comfy.org/nodes

[2026-05-19 11:46:44.934] [info]  FETCH DATA from: /Users/runner/Documents/ComfyUI/user/__manager/cache/1514988643_custom-node-list.json
[2026-05-19 11:46:44.985] [info]   [DONE]

[2026-05-19 11:46:45.042] [info]  [ComfyUI-Manager] All startup tasks have been completed.

[2026-05-19 11:46:47.461] [error] [11:46:47] [CADabra] Completed: BRepMesh(linear_deflection=0.1, angular_deflection=0.5) in 3.27s

[2026-05-19 11:46:47.463] [error] [worker:comfyui-cadabra] INFO: Completed: BRepMesh(linear_deflection=0.1, angular_deflection=0.5) in 3.27s

[2026-05-19 11:46:52.224] [error] [comfyui-cadabra] Health check: ping (timeout=5.0s)...
[2026-05-19 11:46:52.256] [error] 
[comfyui-cadabra] Health check: ok

[2026-05-19 11:46:53.209] [error] Error   : Gmsh has not been initialized

[2026-05-19 11:46:53.210] [error] Error   : Gmsh has not been initialized

[2026-05-19 11:46:53.218] [info]  Prompt executed in 27.10 seconds

