[2026-05-10 03:48:43.779] [info]  setup plugin alembic.autogenerate.schemas

[2026-05-10 03:48:43.792] [info]  setup plugin alembic.autogenerate.tables
setup plugin alembic.autogenerate.types
setup plugin alembic.autogenerate.constraints
setup plugin alembic.autogenerate.defaults
setup plugin alembic.autogenerate.comments

[2026-05-10 03:48:44.096] [info]  comfy-aimdo os not supported Darwin
NOTE: comfy-aimdo is currently only support for Windows and Linux

[2026-05-10 03:48:44.587] [info]  Adding extra search path custom_nodes /Users/runner/Documents/ComfyUI/custom_nodes

[2026-05-10 03:48:44.590] [info]  Adding extra search path download_model_base /Users/runner/Documents/ComfyUI/models
Adding extra search path custom_nodes /Users/runner/.comfy-test-cache/desktop/ComfyUI.app/Contents/Resources/ComfyUI/custom_nodes

[2026-05-10 03:48:44.595] [info]  Setting output directory to: /Users/runner/Documents/ComfyUI/output

[2026-05-10 03:48:44.609] [info]  Setting input directory to: /Users/runner/Documents/ComfyUI/input

[2026-05-10 03:48:44.612] [info]  Setting user directory to: /Users/runner/Documents/ComfyUI/user

[2026-05-10 03:48:45.792] [info]  [START] Security scan
[ComfyUI-Manager] Using uv as Python module for pip operations.

[2026-05-10 03:48:46.392] [info]  [DONE] Security scan
** ComfyUI startup time:
[2026-05-10 03:48:46.404] [info]   2026-05-10 03:48:46.390
** Platform: 
[2026-05-10 03:48:46.410] [info]  Darwin

[2026-05-10 03:48:46.413] [info]  ** Python version: 3.12.11 (main, Aug 18 2025, 19:02:39) [Clang 20.1.4 ]
** Python executable:
[2026-05-10 03:48:46.423] [info]   
[2026-05-10 03:48:46.428] [info]  /Users/runner/Documents/ComfyUI/.venv/bin/python
[2026-05-10 03:48:46.431] [info]  
** ComfyUI Path:
[2026-05-10 03:48:46.435] [info]   
[2026-05-10 03:48:46.440] [info]  /Users/runner/.comfy-test-cache/desktop/ComfyUI.app/Contents/Resources/ComfyUI
[2026-05-10 03:48:46.442] [info]  
** ComfyUI Base Folder Path: 
[2026-05-10 03:48:46.443] [info]  /Users/runner/.comfy-test-cache/desktop/ComfyUI.app/Contents/Resources/ComfyUI
** User directory: /Users/runner/Documents/ComfyUI/user
** ComfyUI-Manager config path: 
[2026-05-10 03:48:46.445] [info]  /Users/runner/Documents/ComfyUI/user/__manager/config.ini
** Log path: /Users/runner/Documents/ComfyUI/user/comfyui.log

[2026-05-10 03:48:46.772] [info]  [ComfyUI-Manager] Skipped fixing the 'comfyui-frontend-package' dependency because the ComfyUI is outdated.

[2026-05-10 03:48:46.777] [info]  [PRE] ComfyUI-Manager

[2026-05-10 03:48:47.779] [error] [comfy-env] comfyui-cadabra: 1 isolation env(s):
[2026-05-10 03:48:47.787] [error] 

[2026-05-10 03:48:47.799] [error] [comfy-env]   nodes -> /Users/runner/Documents/ComfyUI/custom_nodes/comfyui-cadabra/nodes

[2026-05-10 03:48:52.015] [error] [comfy-env] prestartup complete
[2026-05-10 03:48:52.025] [error] 

[2026-05-10 03:48:52.259] [error] [comfy-env] ComfyUI-GeometryPack: 1 isolation env(s):

[2026-05-10 03:48:52.263] [error] [comfy-env]   nodes -> /Users/runner/Documents/ComfyUI/custom_nodes/ComfyUI-GeometryPack/nodes

[2026-05-10 03:48:52.280] [error] [comfy-env] prestartup complete

[2026-05-10 03:48:52.331] [info]  WARNING: Potential Error in code: Torch already imported, torch should never be imported before this point.

[2026-05-10 03:48:56.963] [info]  Found comfy_kitchen backend triton: {'available': False, 'disabled': True, 'unavailable_reason': "ImportError: No module named 'triton'", 'capabilities': []}

[2026-05-10 03:48:56.973] [info]  Found comfy_kitchen backend eager: {'available': True, 'disabled': False, 'unavailable_reason': None, 'capabilities': ['apply_rope', 'apply_rope1', 'dequantize_mxfp8', 'dequantize_nvfp4', 'dequantize_per_tensor_fp8', 'quantize_mxfp8', 'quantize_nvfp4', 'quantize_per_tensor_fp8', 'scaled_mm_mxfp8', 'scaled_mm_nvfp4']}

[2026-05-10 03:48:56.976] [info]  Found comfy_kitchen backend cuda: {'available': False, 'disabled': True, 'unavailable_reason': 'Extension file not found: /Users/runner/Documents/ComfyUI/.venv/lib/python3.12/site-packages/comfy_kitchen/backends/cuda/_C.abi3.so', 'capabilities': []}

[2026-05-10 03:48:57.106] [info]  Checkpoint files will always be loaded safely.

[2026-05-10 03:48:57.339] [info]  Total VRAM 7168 MB, total RAM 7168 MB
pytorch version: 2.10.0

[2026-05-10 03:48:57.386] [info]  Mac Version (15, 7, 4)
Set vram state to: SHARED
Device: mps

[2026-05-10 03:48:58.733] [info]  Using sub quadratic optimization for attention, if you have memory or speed issues try using: --use-split-cross-attention

[2026-05-10 03:49:10.389] [info]  Python version: 3.12.11 (main, Aug 18 2025, 19:02:39) [Clang 20.1.4 ]

[2026-05-10 03:49:10.415] [info]  ComfyUI version: 0.20.1

[2026-05-10 03:49:10.462] [info]  comfy-aimdo version: 0.2.14

[2026-05-10 03:49:10.478] [info]  comfy-kitchen version: 0.2.8

[2026-05-10 03:49:10.511] [info]  [Prompt Server] web root: /Users/runner/.comfy-test-cache/desktop/ComfyUI.app/Contents/Resources/ComfyUI/web_custom_versions/desktop_app

[2026-05-10 03:49:10.543] [info]  Asset seeder disabled

[2026-05-10 03:49:10.553] [info]  [START] ComfyUI-Manager

[2026-05-10 03:49:10.913] [info]  [ComfyUI-Manager] Using GitPython backend

[2026-05-10 03:49:11.094] [info]  [ComfyUI-Manager] network_mode: public

[2026-05-10 03:49:11.130] [info]  [ComfyUI-Manager] The matrix sharing feature has been disabled because the `matrix-nio` dependency is not installed.
	To use this feature, please run the following command:
	/Users/runner/Documents/ComfyUI/.venv/bin/python -m pip install matrix-nio


[2026-05-10 03:49:14.757] [error] [comfy-env] Version: 0.3.78
[2026-05-10 03:49:14.760] [error] 

[2026-05-10 03:49:14.772] [info]  [comfy-env] Removed stale socket: /var/folders/tb/y368xp_x10s3ty1b_mtl5mxr0000gn/T/comfy_worker_c396835d490c.sock

[2026-05-10 03:49:14.935] [info]  [comfy-env] Removed stale temp dir: /var/folders/tb/y368xp_x10s3ty1b_mtl5mxr0000gn/T/comfyui_pvenv_t1lwemyq

[2026-05-10 03:49:15.325] [error] [comfy-env] register_nodes: comfyui-cadabra
[2026-05-10 03:49:15.328] [error] 

[2026-05-10 03:49:15.342] [error] [comfy-env] ComfyUI source dir: /Users/runner/.comfy-test-cache/desktop/ComfyUI.app/Contents/Resources/ComfyUI
[2026-05-10 03:49:15.344] [error] 

[2026-05-10 03:49:15.621] [error] [comfy-env] Scanning nodes metadata (isolation root)...
[2026-05-10 03:49:15.625] [error] 

[2026-05-10 03:49:15.641] [error] [comfy-env] Cache hit for nodes: 39 nodes
[2026-05-10 03:49:15.644] [error] 

[2026-05-10 03:49:15.648] [error] [comfy-env] Scanned nodes root: 39 nodes (0.0s)
[2026-05-10 03:49:15.661] [error] 

[2026-05-10 03:49:15.672] [error] [comfy-env] Imported nodes root: 39 nodes (isolation)
[2026-05-10 03:49:15.676] [error] 

[2026-05-10 03:49:15.679] [error] [comfy-env] Registered 39 total nodes
[2026-05-10 03:49:15.691] [error] 

[2026-05-10 03:49:15.729] [info]  loading...

[2026-05-10 03:49:15.742] [info]  calling register_nodes

[2026-05-10 03:49:15.755] [error] [comfy-env] Version: 0.3.78
[2026-05-10 03:49:15.758] [error] 

[2026-05-10 03:49:15.856] [error] [comfy-env] register_nodes: ComfyUI-GeometryPack
[2026-05-10 03:49:15.858] [error] 

[2026-05-10 03:49:15.894] [error] [comfy-env] ComfyUI source dir: /Users/runner/.comfy-test-cache/desktop/ComfyUI.app/Contents/Resources/ComfyUI
[2026-05-10 03:49:15.903] [error] 

[2026-05-10 03:49:16.062] [error] [comfy-env] Scanning nodes metadata (isolation root)...

[2026-05-10 03:49:16.156] [error] [comfy-env] Cache hit for nodes: 125 nodes
[2026-05-10 03:49:16.160] [error] 

[2026-05-10 03:49:16.173] [error] [comfy-env] Scanned nodes root: 125 nodes (0.1s)
[2026-05-10 03:49:16.177] [error] 

[2026-05-10 03:49:16.229] [error] [comfy-env] Imported nodes root: 125 nodes (isolation)
[2026-05-10 03:49:16.236] [error] 

[2026-05-10 03:49:16.242] [error] [comfy-env] Registered 125 total nodes
[2026-05-10 03:49:16.245] [error] 

[2026-05-10 03:49:16.322] [info]  ComfyUI-Multiband loaded: 15 nodes registered

[2026-05-10 03:49:16.330] [info]  
Import times for custom nodes:

[2026-05-10 03:49:16.336] [info]     0.0 seconds: /Users/runner/.comfy-test-cache/desktop/ComfyUI.app/Contents/Resources/ComfyUI/custom_nodes/websocket_image_save.py
   0.1 seconds: /Users/runner/Documents/ComfyUI/custom_nodes/ComfyUI-Multiband

[2026-05-10 03:49:16.342] [info]     0.5 seconds: /Users/runner/Documents/ComfyUI/custom_nodes/ComfyUI-GeometryPack

[2026-05-10 03:49:16.344] [info]     1.0 seconds: /Users/runner/Documents/ComfyUI/custom_nodes/comfyui-cadabra

[2026-05-10 03:49:16.346] [info]  

[2026-05-10 03:49:16.392] [info]  Context impl SQLiteImpl.

[2026-05-10 03:49:16.395] [info]  Will assume non-transactional DDL.

[2026-05-10 03:49:16.536] [info]  Starting server


[2026-05-10 03:49:16.540] [info]  To see the GUI go to: http://127.0.0.1:8000

[2026-05-10 03:49:18.609] [info]  [ComfyUI-Manager] The ComfyRegistry cache update is still in progress, so an outdated cache is being used.

[2026-05-10 03:49:18.692] [info]  FETCH DATA from: /Users/runner/Documents/ComfyUI/.venv/lib/python3.12/site-packages/comfyui_manager/custom-node-list.json
[2026-05-10 03:49:18.724] [info]   [DONE]

[2026-05-10 03:49:24.837] [info]  [ComfyUI-Manager] The ComfyRegistry cache update is still in progress, so an outdated cache is being used.

[2026-05-10 03:49:24.946] [info]  FETCH DATA from: /Users/runner/Documents/ComfyUI/.venv/lib/python3.12/site-packages/comfyui_manager/custom-node-list.json
[2026-05-10 03:49:25.010] [info]   [DONE]

[2026-05-10 03:49:58.755] [info]  got prompt

[2026-05-10 03:49:58.789] [info]  WARNING: stat: path should be string, bytes, os.PathLike or integer, not NoneType

[2026-05-10 03:49:58.813] [info]  [comfyui-cadabra] python: /Users/runner/Documents/ComfyUI/.ce/.pixi/envs/cadabra-nodes/bin/python
[comfyui-cadabra] sys_path sent to worker: ['/Users/runner/.comfy-test-cache/desktop/ComfyUI.app/Contents/Resources/ComfyUI', '/Users/runner/Documents/ComfyUI/custom_nodes/comfyui-cadabra', '/Users/runner/Documents/ComfyUI/.ce/.pixi/envs/cadabra-nodes/lib/python3.1/site-packages', '/Users/runner/Documents/ComfyUI/custom_nodes/comfyui-cadabra']

[2026-05-10 03:50:54.625] [info]  FETCH ComfyRegistry Data [DONE]

[2026-05-10 03:50:55.106] [error] [comfyui-cadabra] Health check: ping (timeout=5.0s)...

[2026-05-10 03:50:55.188] [error] [comfyui-cadabra] Health check: ok

[2026-05-10 03:50:55.450] [error] [03:50:55] [CADabra] Starting: BRepMesh ROI Selector(linear_deflection=0.1, angular_deflection=0.5)

[2026-05-10 03:50:55.458] [error] [worker:comfyui-cadabra] INFO: Starting: BRepMesh ROI Selector(linear_deflection=0.1, angular_deflection=0.5)

[2026-05-10 03:50:55.779] [error] [03:50:55] [CADabra] Completed: BRepMesh ROI Selector(linear_deflection=0.1, angular_deflection=0.5) in 0.33s

[2026-05-10 03:50:55.792] [error] [worker:comfyui-cadabra] INFO: Completed: BRepMesh ROI Selector(linear_deflection=0.1, angular_deflection=0.5) in 0.33s

[2026-05-10 03:50:55.860] [info]  [ComfyUI-Manager] default cache updated: https://api.comfy.org/nodes

[2026-05-10 03:50:56.012] [info]  FETCH DATA from: /Users/runner/Documents/ComfyUI/user/__manager/cache/1514988643_custom-node-list.json
[2026-05-10 03:50:56.080] [info]   [DONE]

[2026-05-10 03:50:56.243] [info]  [ComfyUI-Manager] All startup tasks have been completed.

[2026-05-10 03:50:56.714] [error] !!! Exception during processing !!! [Errno 2] No such file or directory: '/Users/runner/.comfy-test-cache/desktop/ComfyUI.app/Contents/Resources/ComfyUI/temp/roi_selector_4624458880.glb'

Worker traceback:
Traceback (most recent call last):
  File "/var/folders/tb/y368xp_x10s3ty1b_mtl5mxr0000gn/T/comfyui_pvenv_i3wtmm_k/persistent_worker.py", line 1762, in main
    result = method(**inputs)
             ^^^^^^^^^^^^^^^^
  File "/Users/runner/.comfy-test-cache/desktop/ComfyUI.app/Contents/Resources/ComfyUI/comfy_api/latest/_io.py", line 1826, in EXECUTE_NORMALIZED
    to_return = cls.execute(*args, **kwargs)
                ^^^^^^^^^^^^^^^^^^^^^^^^^^^^
  File "/Users/runner/Documents/ComfyUI/custom_nodes/comfyui-cadabra/nodes/cad_roi_selector_node.py", line 191, in execute
    cls._export_glb_with_colors(vertices_array, faces_array, colors_array, glb_filepath)
  File "/Users/runner/Documents/ComfyUI/custom_nodes/comfyui-cadabra/nodes/cad_roi_selector_node.py", line 316, in _export_glb_with_colors
    gltf.save(filepath)
  File "/Users/runner/Documents/ComfyUI/.ce/.pixi/envs/cadabra-nodes/lib/python3.1/site-packages/pygltflib/__init__.py", line 1112, in save
    return self.save_binary(fname)
           ^^^^^^^^^^^^^^^^^^^^^^^
  File "/Users/runner/Documents/ComfyUI/.ce/.pixi/envs/cadabra-nodes/lib/python3.1/site-packages/pygltflib/__init__.py", line 1098, in save_binary
    with open(fname, 'wb') as f:
         ^^^^^^^^^^^^^^^^^
FileNotFoundError: [Errno 2] No such file or directory: '/Users/runner/.comfy-test-cache/desktop/ComfyUI.app/Contents/Resources/ComfyUI/temp/roi_selector_4624458880.glb'


[2026-05-10 03:50:56.762] [error] Traceback (most recent call last):
  File "/Users/runner/.comfy-test-cache/desktop/ComfyUI.app/Contents/Resources/ComfyUI/execution.py", line 534, in execute
    output_data, output_ui, has_subgraph, has_pending_tasks = await get_output_data(prompt_id, unique_id, obj, input_data_all, execution_block_cb=execution_block_cb, pre_execute_cb=pre_execute_cb, v3_data=v3_data)
                                                              ^^^^^^^^^^^^^^^^^^^^^^^^^^^^^^^^^^^^^^^^^^^^^^^^^^^^^^^^^^^^^^^^^^^^^^^^^^^^^^^^^^^^^^^^^^^^^^^^^^^^^^^^^^^^^^^^^^^^^^^^^^^^^^^^^^^^^^^^^^^^^^^^^^^^^^^
  File "/Users/runner/.comfy-test-cache/desktop/ComfyUI.app/Contents/Resources/ComfyUI/execution.py", line 334, in get_output_data
    return_values = await _async_map_node_over_list(prompt_id, unique_id, obj, input_data_all, obj.FUNCTION, allow_interrupt=True, execution_block_cb=execution_block_cb, pre_execute_cb=pre_execute_cb, v3_data=v3_data)
                    ^^^^^^^^^^^^^^^^^^^^^^^^^^^^^^^^^^^^^^^^^^^^^^^^^^^^^^^^^^^^^^^^^^^^^^^^^^^^^^^^^^^^^^^^^^^^^^^^^^^^^^^^^^^^^^^^^^^^^^^^^^^^^^^^^^^^^^^^^^^^^^^^^^^^^^^^^^^^^^^^^^^^^^^^^^^^^^^^^^^^^^^^^^^^^^^^^^^^^
  File "/Users/runner/.comfy-test-cache/desktop/ComfyUI.app/Contents/Resources/ComfyUI/execution.py", line 308, in _async_map_node_over_list
    await process_inputs(input_dict, i)
  File "/Users/runner/.comfy-test-cache/desktop/ComfyUI.app/Contents/Resources/ComfyUI/execution.py", line 296, in process_inputs
    result = f(**inputs)
             ^^^^^^^^^^^
  File "/Users/runner/Documents/ComfyUI/.venv/lib/python3.12/site-packages/comfy_env/isolation/metadata.py", line 536, in proxy
    result = worker.call_method(
             ^^^^^^^^^^^^^^^^^^^
  File "/Users/runner/Documents/ComfyUI/.venv/lib/python3.12/site-packages/comfy_env/isolation/workers/subprocess.py", line 674, in call_method
    raise WorkerError(
comfy_env.isolation.workers.base.WorkerError: [Errno 2] No such file or directory: '/Users/runner/.comfy-test-cache/desktop/ComfyUI.app/Contents/Resources/ComfyUI/temp/roi_selector_4624458880.glb'

Worker traceback:
Traceback (most recent call last):
  File "/var/folders/tb/y368xp_x10s3ty1b_mtl5mxr0000gn/T/comfyui_pvenv_i3wtmm_k/persistent_worker.py", line 1762, in main
    result = method(**inputs)
             ^^^^^^^^^^^^^^^^
  File "/Users/runner/.comfy-test-cache/desktop/ComfyUI.app/Contents/Resources/ComfyUI/comfy_api/latest/_io.py", line 1826, in EXECUTE_NORMALIZED
    to_return = cls.execute(*args, **kwargs)
                ^^^^^^^^^^^^^^^^^^^^^^^^^^^^
  File "/Users/runner/Documents/ComfyUI/custom_nodes/comfyui-cadabra/nodes/cad_roi_selector_node.py", line 191, in execute
    cls._export_glb_with_colors(vertices_array, faces_array, colors_array, glb_filepath)
  File "/Users/runner/Documents/ComfyUI/custom_nodes/comfyui-cadabra/nodes/cad_roi_selector_node.py", line 316, in _export_glb_with_colors
    gltf.save(filepath)
  File "/Users/runner/Documents/ComfyUI/.ce/.pixi/envs/cadabra-nodes/lib/python3.1/site-packages/pygltflib/__init__.py", line 1112, in save
    return self.save_binary(fname)
           ^^^^^^^^^^^^^^^^^^^^^^^
  File "/Users/runner/Documents/ComfyUI/.ce/.pixi/envs/cadabra-nodes/lib/python3.1/site-packages/pygltflib/__init__.py", line 1098, in save_binary
    with open(fname, 'wb') as f:
         ^^^^^^^^^^^^^^^^^
FileNotFoundError: [Errno 2] No such file or directory: '/Users/runner/.comfy-test-cache/desktop/ComfyUI.app/Contents/Resources/ComfyUI/temp/roi_selector_4624458880.glb'



[2026-05-10 03:50:56.793] [info]  Prompt executed in 58.03 seconds

