[2026-05-10 22:28:17.671] [info]  setup plugin alembic.autogenerate.schemas
setup plugin alembic.autogenerate.tables
setup plugin alembic.autogenerate.types

[2026-05-10 22:28:17.672] [info]  setup plugin alembic.autogenerate.constraints
setup plugin alembic.autogenerate.defaults
setup plugin alembic.autogenerate.comments

[2026-05-10 22:28:17.728] [info]  comfy-aimdo os not supported Darwin
NOTE: comfy-aimdo is currently only support for Windows and Linux

[2026-05-10 22:28:17.851] [info]  Adding extra search path custom_nodes /Users/runner/Documents/ComfyUI/custom_nodes
Adding extra search path download_model_base /Users/runner/Documents/ComfyUI/models
Adding extra search path custom_nodes /Users/runner/.comfy-test-cache/desktop/ComfyUI.app/Contents/Resources/ComfyUI/custom_nodes
Setting output directory to: /Users/runner/Documents/ComfyUI/output

[2026-05-10 22:28:17.853] [info]  Setting input directory to: /Users/runner/Documents/ComfyUI/input
Setting user directory to: /Users/runner/Documents/ComfyUI/user

[2026-05-10 22:28:18.110] [info]  [START] Security scan
[ComfyUI-Manager] Using uv as Python module for pip operations.

[2026-05-10 22:28:18.230] [info]  [DONE] Security scan
** ComfyUI startup time: 2026-05-10 22:28:18.229
** Platform:
[2026-05-10 22:28:18.231] [info]   Darwin
** Python version: 3.12.11 (main, Aug 18 2025, 19:02:39) [Clang 20.1.4 ]
** Python executable: /Users/runner/Documents/ComfyUI/.venv/bin/python
** ComfyUI Path: /Users/runner/.comfy-test-cache/desktop/ComfyUI.app/Contents/Resources/ComfyUI
** ComfyUI Base Folder Path: /Users/runner/.comfy-test-cache/desktop/ComfyUI.app/Contents/Resources/ComfyUI
** User directory: /Users/runner/Documents/ComfyUI/user
** ComfyUI-Manager config path: /Users/runner/Documents/ComfyUI/user/__manager/config.ini
** Log path: /Users/runner/Documents/ComfyUI/user/comfyui.log

[2026-05-10 22:28:18.312] [info]  [ComfyUI-Manager] Skipped fixing the 'comfyui-frontend-package' dependency because the ComfyUI is outdated.

[2026-05-10 22:28:18.313] [info]  [PRE] ComfyUI-Manager

[2026-05-10 22:28:18.481] [error] [comfy-env] comfyui-cadabra: 1 isolation env(s):
[2026-05-10 22:28:18.482] [error] 
[comfy-env]   nodes -> /Users/runner/Documents/ComfyUI/custom_nodes/comfyui-cadabra/nodes

[2026-05-10 22:28:19.360] [error] [comfy-env] prestartup complete
[2026-05-10 22:28:19.361] [error] 

[2026-05-10 22:28:19.380] [error] [comfy-env] ComfyUI-GeometryPack: 1 isolation env(s):

[2026-05-10 22:28:19.381] [error] [comfy-env]   nodes -> /Users/runner/Documents/ComfyUI/custom_nodes/ComfyUI-GeometryPack/nodes

[2026-05-10 22:28:19.384] [error] [comfy-env] prestartup complete

[2026-05-10 22:28:19.396] [info]  WARNING: Potential Error in code: Torch already imported, torch should never be imported before this point.

[2026-05-10 22:28:20.315] [info]  Found comfy_kitchen backend triton: {'available': False, 'disabled': True, 'unavailable_reason': "ImportError: No module named 'triton'", 'capabilities': []}

[2026-05-10 22:28:20.316] [info]  Found comfy_kitchen backend eager: {'available': True, 'disabled': False, 'unavailable_reason': None, 'capabilities': ['apply_rope', 'apply_rope1', 'dequantize_mxfp8', 'dequantize_nvfp4', 'dequantize_per_tensor_fp8', 'quantize_mxfp8', 'quantize_nvfp4', 'quantize_per_tensor_fp8', 'scaled_mm_mxfp8', 'scaled_mm_nvfp4']}
Found comfy_kitchen backend cuda: {'available': False, 'disabled': True, 'unavailable_reason': 'Extension file not found: /Users/runner/Documents/ComfyUI/.venv/lib/python3.12/site-packages/comfy_kitchen/backends/cuda/_C.abi3.so', 'capabilities': []}

[2026-05-10 22:28:20.322] [info]  Checkpoint files will always be loaded safely.

[2026-05-10 22:28:20.350] [info]  Total VRAM 7168 MB, total RAM 7168 MB

[2026-05-10 22:28:20.351] [info]  pytorch version: 2.10.0

[2026-05-10 22:28:20.354] [info]  Mac Version (15, 7, 4)

[2026-05-10 22:28:20.355] [info]  Set vram state to: SHARED
Device: mps

[2026-05-10 22:28:20.675] [info]  Using sub quadratic optimization for attention, if you have memory or speed issues try using: --use-split-cross-attention

[2026-05-10 22:28:23.030] [info]  Python version: 3.12.11 (main, Aug 18 2025, 19:02:39) [Clang 20.1.4 ]
ComfyUI version: 0.20.1

[2026-05-10 22:28:23.032] [info]  comfy-aimdo version: 0.2.14
comfy-kitchen version: 0.2.8

[2026-05-10 22:28:23.033] [info]  [Prompt Server] web root: /Users/runner/.comfy-test-cache/desktop/ComfyUI.app/Contents/Resources/ComfyUI/web_custom_versions/desktop_app

[2026-05-10 22:28:23.035] [info]  Asset seeder disabled

[2026-05-10 22:28:23.037] [info]  [START] ComfyUI-Manager

[2026-05-10 22:28:23.125] [info]  [ComfyUI-Manager] Using GitPython backend

[2026-05-10 22:28:23.167] [info]  [ComfyUI-Manager] network_mode: public

[2026-05-10 22:28:23.177] [info]  [ComfyUI-Manager] The matrix sharing feature has been disabled because the `matrix-nio` dependency is not installed.
	To use this feature, please run the following command:
	/Users/runner/Documents/ComfyUI/.venv/bin/python -m pip install matrix-nio


[2026-05-10 22:28:24.299] [error] [comfy-env] Version: 0.3.82
[2026-05-10 22:28:24.301] [error] 

[2026-05-10 22:28:24.301] [info]  [comfy-env] Removed stale socket: /var/folders/tb/y368xp_x10s3ty1b_mtl5mxr0000gn/T/comfy_worker_a931bdc5f2e5.sock

[2026-05-10 22:28:24.303] [info]  [comfy-env] Removed stale socket: /var/folders/tb/y368xp_x10s3ty1b_mtl5mxr0000gn/T/comfy_worker_a80f29841167.sock

[2026-05-10 22:28:24.367] [info]  [comfy-env] Removed stale temp dir: /var/folders/tb/y368xp_x10s3ty1b_mtl5mxr0000gn/T/comfyui_pvenv_qshxuc4o

[2026-05-10 22:28:24.379] [info]  [comfy-env] Removed stale temp dir: /var/folders/tb/y368xp_x10s3ty1b_mtl5mxr0000gn/T/comfyui_pvenv_2ljql84d

[2026-05-10 22:28:24.509] [error] [comfy-env] register_nodes: comfyui-cadabra
[2026-05-10 22:28:24.511] [error] 

[2026-05-10 22:28:24.512] [error] [comfy-env] ComfyUI source dir: /Users/runner/.comfy-test-cache/desktop/ComfyUI.app/Contents/Resources/ComfyUI

[2026-05-10 22:28:24.529] [error] [comfy-env] Scanning nodes metadata (isolation root)...
[2026-05-10 22:28:24.530] [error] 

[2026-05-10 22:28:24.533] [error] [comfy-env] Cache hit for nodes: 39 nodes
[2026-05-10 22:28:24.534] [error] 
[comfy-env] Scanned nodes root: 39 nodes (0.0s)
[comfy-env] Imported nodes root: 39 nodes (isolation)

[2026-05-10 22:28:24.535] [error] [comfy-env] Registered 39 total nodes

[2026-05-10 22:28:24.539] [info]  loading...

[2026-05-10 22:28:24.540] [info]  calling register_nodes

[2026-05-10 22:28:24.540] [error] [comfy-env] Version: 0.3.82

[2026-05-10 22:28:24.571] [error] [comfy-env] register_nodes: ComfyUI-GeometryPack
[2026-05-10 22:28:24.572] [error] 

[2026-05-10 22:28:24.579] [error] [comfy-env] ComfyUI source dir: /Users/runner/.comfy-test-cache/desktop/ComfyUI.app/Contents/Resources/ComfyUI
[2026-05-10 22:28:24.580] [error] 

[2026-05-10 22:28:24.595] [error] [comfy-env] Scanning nodes metadata (isolation root)...

[2026-05-10 22:28:24.633] [error] [comfy-env] Cache hit for nodes: 125 nodes
[comfy-env] Scanned nodes root: 125 nodes (0.0s)
[comfy-env] Imported nodes root: 125 nodes (isolation)
[comfy-env] Registered 125 total nodes

[2026-05-10 22:28:24.645] [info]  ComfyUI-Multiband loaded: 15 nodes registered
[2026-05-10 22:28:24.647] [info]  

[2026-05-10 22:28:24.648] [info]  
Import times for custom nodes:

[2026-05-10 22:28:24.649] [info]     0.0 seconds: /Users/runner/.comfy-test-cache/desktop/ComfyUI.app/Contents/Resources/ComfyUI/custom_nodes/websocket_image_save.py
   0.0 seconds: /Users/runner/Documents/ComfyUI/custom_nodes/ComfyUI-Multiband
   0.1 seconds: /Users/runner/Documents/ComfyUI/custom_nodes/ComfyUI-GeometryPack
   0.2 seconds: /Users/runner/Documents/ComfyUI/custom_nodes/comfyui-cadabra


[2026-05-10 22:28:24.653] [info]  Context impl SQLiteImpl.
Will assume non-transactional DDL.

[2026-05-10 22:28:24.713] [info]  Starting server


[2026-05-10 22:28:24.714] [info]  To see the GUI go to: http://127.0.0.1:8000

[2026-05-10 22:28:26.436] [info]  [ComfyUI-Manager] The ComfyRegistry cache update is still in progress, so an outdated cache is being used.

[2026-05-10 22:28:26.538] [info]  FETCH DATA from: /Users/runner/Documents/ComfyUI/.venv/lib/python3.12/site-packages/comfyui_manager/custom-node-list.json
[2026-05-10 22:28:26.569] [info]   [DONE]

[2026-05-10 22:28:28.045] [info]  [ComfyUI-Manager] The ComfyRegistry cache update is still in progress, so an outdated cache is being used.

[2026-05-10 22:28:28.131] [info]  FETCH DATA from: /Users/runner/Documents/ComfyUI/.venv/lib/python3.12/site-packages/comfyui_manager/custom-node-list.json
[2026-05-10 22:28:28.166] [info]   [DONE]

[2026-05-10 22:28:50.712] [info]  got prompt

[2026-05-10 22:28:50.722] [info]  WARNING: stat: path should be string, bytes, os.PathLike or integer, not NoneType

[2026-05-10 22:28:50.741] [info]  [comfyui-cadabra] python: /Users/runner/.ce/.pixi/envs/cadabra-nodes/bin/python
[comfyui-cadabra] sys_path sent to worker: ['/Users/runner/.comfy-test-cache/desktop/ComfyUI.app/Contents/Resources/ComfyUI', '/Users/runner/Documents/ComfyUI/custom_nodes/comfyui-cadabra', '/Users/runner/.ce/.pixi/envs/cadabra-nodes/lib/python3.1/site-packages', '/Users/runner/Documents/ComfyUI/custom_nodes/comfyui-cadabra']

[2026-05-10 22:28:52.253] [error] [worker:comfyui-cadabra] ERROR: Failed to import comfy_kitchen, Error: No module named 'comfy_kitchen', fp8 and fp4 support will not be available.

[2026-05-10 22:28:58.919] [error] [22:28:58] [CADabra] Starting: STEP ReadFile(file=wc.STEP)

[2026-05-10 22:28:58.922] [error] [worker:comfyui-cadabra] INFO: Starting: STEP ReadFile(file=wc.STEP)

[2026-05-10 22:28:58.948] [error] [22:28:58] [CADabra] Completed: STEP ReadFile(file=wc.STEP) in 0.03s

[2026-05-10 22:28:58.949] [error] [worker:comfyui-cadabra] INFO: Completed: STEP ReadFile(file=wc.STEP) in 0.03s
[22:28:58] [CADabra] Starting: STEP TransferRoots(file=wc.STEP)
[worker:comfyui-cadabra] INFO: Starting: STEP TransferRoots(file=wc.STEP)

[2026-05-10 22:28:59.179] [error] [22:28:59] [CADabra] Completed: STEP TransferRoots(file=wc.STEP) in 0.23s

[2026-05-10 22:28:59.180] [error] [worker:comfyui-cadabra] INFO: Completed: STEP TransferRoots(file=wc.STEP) in 0.23s

[2026-05-10 22:28:59.204] [error] [comfyui-cadabra] Health check: ping (timeout=5.0s)...
[2026-05-10 22:28:59.209] [error] 
[comfyui-cadabra] Health check: ok

[2026-05-10 22:28:59.226] [error] [22:28:59] [CADabra] Starting: BRepMesh(linear_deflection=0.1, angular_deflection=0.5)

[2026-05-10 22:28:59.228] [error] [worker:comfyui-cadabra] INFO: Starting: BRepMesh(linear_deflection=0.1, angular_deflection=0.5)

[2026-05-10 22:28:59.555] [error] [22:28:59] [CADabra] Completed: BRepMesh(linear_deflection=0.1, angular_deflection=0.5) in 0.33s

[2026-05-10 22:28:59.556] [error] [worker:comfyui-cadabra] INFO: Completed: BRepMesh(linear_deflection=0.1, angular_deflection=0.5) in 0.33s

[2026-05-10 22:29:00.109] [error] [comfyui-cadabra] Health check: ping (timeout=5.0s)...
[2026-05-10 22:29:00.112] [error] 

[2026-05-10 22:29:00.115] [error] [comfyui-cadabra] Health check: ok

[2026-05-10 22:29:00.147] [error] [comfyui-cadabra] Health check: ping (timeout=5.0s)...

[2026-05-10 22:29:00.153] [error] [comfyui-cadabra] Health check: ok

[2026-05-10 22:29:00.160] [error] [comfyui-cadabra] Health check: ping (timeout=5.0s)...
[2026-05-10 22:29:00.162] [error] 

[2026-05-10 22:29:00.165] [error] [comfyui-cadabra] Health check: ok

[2026-05-10 22:29:00.203] [error] [comfyui-cadabra] Health check: ping (timeout=5.0s)...
[2026-05-10 22:29:00.204] [error] 
[comfyui-cadabra] Health check: ok

[2026-05-10 22:29:03.934] [info]  PreviewMultibandImage: Batch=1, Channels=13, Names=['height', 'normal_x', 'normal_y', 'normal_z', 'position_x', 'position_y', 'position_z', 'face_id', 'curv_gauss', 'curv_mean', 'curv_min', 'curv_max', 'hit_mask']
[2026-05-10 22:29:03.939] [info]  

[2026-05-10 22:29:04.113] [info]  Prompt executed in 13.39 seconds

