[2026-05-10 03:41:44.885] [info]  setup plugin alembic.autogenerate.schemas

[2026-05-10 03:41:44.890] [info]  setup plugin alembic.autogenerate.tables

[2026-05-10 03:41:44.892] [info]  setup plugin alembic.autogenerate.types

[2026-05-10 03:41:44.895] [info]  setup plugin alembic.autogenerate.constraints

[2026-05-10 03:41:44.909] [info]  setup plugin alembic.autogenerate.defaults

[2026-05-10 03:41:44.916] [info]  setup plugin alembic.autogenerate.comments

[2026-05-10 03:41:45.075] [info]  comfy-aimdo os not supported Darwin

[2026-05-10 03:41:45.077] [info]  NOTE: comfy-aimdo is currently only support for Windows and Linux

[2026-05-10 03:41:45.445] [info]  Adding extra search path custom_nodes /Users/runner/Documents/ComfyUI/custom_nodes

[2026-05-10 03:41:45.455] [info]  Adding extra search path download_model_base /Users/runner/Documents/ComfyUI/models

[2026-05-10 03:41:45.459] [info]  Adding extra search path custom_nodes /Users/runner/.comfy-test-cache/desktop/ComfyUI.app/Contents/Resources/ComfyUI/custom_nodes
Setting output directory to: /Users/runner/Documents/ComfyUI/output

[2026-05-10 03:41:45.461] [info]  Setting input directory to: /Users/runner/Documents/ComfyUI/input
Setting user directory to: /Users/runner/Documents/ComfyUI/user

[2026-05-10 03:41:46.570] [info]  [START] Security scan
[ComfyUI-Manager] Using uv as Python module for pip operations.

[2026-05-10 03:41:46.899] [info]  [DONE] Security scan
** ComfyUI startup time:
[2026-05-10 03:41:46.903] [info]   2026-05-10 03:41:46.898

[2026-05-10 03:41:46.909] [info]  ** Platform:
[2026-05-10 03:41:46.912] [info]   Darwin
** Python version: 3.12.11 (main, Aug 18 2025, 19:02:39) [Clang 20.1.4 ]
** Python executable: /Users/runner/Documents/ComfyUI/.venv/bin/python
** ComfyUI Path:
[2026-05-10 03:41:46.913] [info]   
[2026-05-10 03:41:46.920] [info]  /Users/runner/.comfy-test-cache/desktop/ComfyUI.app/Contents/Resources/ComfyUI
[2026-05-10 03:41:46.927] [info]  

[2026-05-10 03:41:46.934] [info]  ** ComfyUI Base Folder Path:
[2026-05-10 03:41:46.940] [info]   /Users/runner/.comfy-test-cache/desktop/ComfyUI.app/Contents/Resources/ComfyUI

[2026-05-10 03:41:46.942] [info]  ** User directory: /Users/runner/Documents/ComfyUI/user

[2026-05-10 03:41:46.943] [info]  ** ComfyUI-Manager config path:
[2026-05-10 03:41:46.952] [info]   /Users/runner/Documents/ComfyUI/user/__manager/config.ini
** Log path: /Users/runner/Documents/ComfyUI/user/comfyui.log

[2026-05-10 03:41:47.281] [info]  [ComfyUI-Manager] Skipped fixing the 'comfyui-frontend-package' dependency because the ComfyUI is outdated.
[PRE] ComfyUI-Manager

[2026-05-10 03:41:47.923] [error] [comfy-env] comfyui-cadabra: 1 isolation env(s):
[2026-05-10 03:41:47.928] [error] 

[2026-05-10 03:41:47.939] [error] [comfy-env]   nodes -> /Users/runner/Documents/ComfyUI/custom_nodes/comfyui-cadabra/nodes

[2026-05-10 03:41:51.135] [error] [comfy-env] prestartup complete

[2026-05-10 03:41:51.210] [error] [comfy-env] ComfyUI-GeometryPack: 1 isolation env(s):
[2026-05-10 03:41:51.213] [error] 
[comfy-env]   nodes -> /Users/runner/Documents/ComfyUI/custom_nodes/ComfyUI-GeometryPack/nodes

[2026-05-10 03:41:51.230] [error] [comfy-env] prestartup complete
[2026-05-10 03:41:51.239] [error] 

[2026-05-10 03:41:51.315] [info]  WARNING: Potential Error in code: Torch already imported, torch should never be imported before this point.

[2026-05-10 03:41:54.448] [info]  Found comfy_kitchen backend cuda: {'available': False, 'disabled': True, 'unavailable_reason': 'Extension file not found: /Users/runner/Documents/ComfyUI/.venv/lib/python3.12/site-packages/comfy_kitchen/backends/cuda/_C.abi3.so', 'capabilities': []}

[2026-05-10 03:41:54.457] [info]  Found comfy_kitchen backend triton: {'available': False, 'disabled': True, 'unavailable_reason': "ImportError: No module named 'triton'", 'capabilities': []}

[2026-05-10 03:41:54.459] [info]  Found comfy_kitchen backend eager: {'available': True, 'disabled': False, 'unavailable_reason': None, 'capabilities': ['apply_rope', 'apply_rope1', 'dequantize_mxfp8', 'dequantize_nvfp4', 'dequantize_per_tensor_fp8', 'quantize_mxfp8', 'quantize_nvfp4', 'quantize_per_tensor_fp8', 'scaled_mm_mxfp8', 'scaled_mm_nvfp4']}

[2026-05-10 03:41:54.574] [info]  Checkpoint files will always be loaded safely.

[2026-05-10 03:41:54.708] [info]  Total VRAM 7168 MB, total RAM 7168 MB

[2026-05-10 03:41:54.710] [info]  pytorch version: 2.10.0

[2026-05-10 03:41:54.745] [info]  Mac Version (15, 7, 4)

[2026-05-10 03:41:54.756] [info]  Set vram state to: SHARED
Device: mps

[2026-05-10 03:41:56.050] [info]  Using sub quadratic optimization for attention, if you have memory or speed issues try using: --use-split-cross-attention

[2026-05-10 03:42:04.496] [info]  Python version: 3.12.11 (main, Aug 18 2025, 19:02:39) [Clang 20.1.4 ]

[2026-05-10 03:42:04.530] [info]  ComfyUI version: 0.20.1

[2026-05-10 03:42:04.596] [info]  comfy-aimdo version: 0.2.14

[2026-05-10 03:42:04.608] [info]  comfy-kitchen version: 0.2.8

[2026-05-10 03:42:04.614] [info]  [Prompt Server] web root: /Users/runner/.comfy-test-cache/desktop/ComfyUI.app/Contents/Resources/ComfyUI/web_custom_versions/desktop_app

[2026-05-10 03:42:04.626] [info]  Asset seeder disabled

[2026-05-10 03:42:04.628] [info]  [START] ComfyUI-Manager

[2026-05-10 03:42:05.149] [info]  [ComfyUI-Manager] Using GitPython backend

[2026-05-10 03:42:05.269] [info]  [ComfyUI-Manager] network_mode: public

[2026-05-10 03:42:05.290] [info]  [ComfyUI-Manager] The matrix sharing feature has been disabled because the `matrix-nio` dependency is not installed.
	To use this feature, please run the following command:
	/Users/runner/Documents/ComfyUI/.venv/bin/python -m pip install matrix-nio


[2026-05-10 03:42:09.517] [error] [comfy-env] Version: 0.3.78
[2026-05-10 03:42:09.520] [error] 

[2026-05-10 03:42:09.541] [info]  [comfy-env] Removed stale socket: /var/folders/tb/y368xp_x10s3ty1b_mtl5mxr0000gn/T/comfy_worker_0ee60ab2b82d.sock
[2026-05-10 03:42:09.542] [info]  

[2026-05-10 03:42:09.690] [info]  [comfy-env] Removed stale temp dir: /var/folders/tb/y368xp_x10s3ty1b_mtl5mxr0000gn/T/comfyui_pvenv_iderjcb8

[2026-05-10 03:42:10.097] [error] [comfy-env] register_nodes: comfyui-cadabra

[2026-05-10 03:42:10.107] [error] [comfy-env] ComfyUI source dir: /Users/runner/.comfy-test-cache/desktop/ComfyUI.app/Contents/Resources/ComfyUI
[2026-05-10 03:42:10.110] [error] 

[2026-05-10 03:42:10.168] [error] [comfy-env] Scanning nodes metadata (isolation root)...
[2026-05-10 03:42:10.177] [error] 

[2026-05-10 03:42:10.197] [error] [comfy-env] Cache hit for nodes: 39 nodes
[2026-05-10 03:42:10.208] [error] 

[2026-05-10 03:42:10.211] [error] [comfy-env] Scanned nodes root: 39 nodes (0.0s)
[2026-05-10 03:42:10.213] [error] 

[2026-05-10 03:42:10.230] [error] [comfy-env] Imported nodes root: 39 nodes (isolation)
[2026-05-10 03:42:10.246] [error] 

[2026-05-10 03:42:10.257] [error] [comfy-env] Registered 39 total nodes

[2026-05-10 03:42:10.277] [info]  loading...

[2026-05-10 03:42:10.280] [info]  calling register_nodes

[2026-05-10 03:42:10.293] [error] [comfy-env] Version: 0.3.78

[2026-05-10 03:42:10.409] [error] [comfy-env] register_nodes: ComfyUI-GeometryPack

[2026-05-10 03:42:10.442] [error] [comfy-env] ComfyUI source dir: /Users/runner/.comfy-test-cache/desktop/ComfyUI.app/Contents/Resources/ComfyUI
[2026-05-10 03:42:10.445] [error] 

[2026-05-10 03:42:10.494] [error] [comfy-env] Scanning nodes metadata (isolation root)...
[2026-05-10 03:42:10.500] [error] 

[2026-05-10 03:42:10.556] [error] [comfy-env] Cache hit for nodes: 125 nodes
[2026-05-10 03:42:10.561] [error] 

[2026-05-10 03:42:10.563] [error] [comfy-env] Scanned nodes root: 125 nodes (0.1s)
[2026-05-10 03:42:10.577] [error] 

[2026-05-10 03:42:10.593] [error] [comfy-env] Imported nodes root: 125 nodes (isolation)
[2026-05-10 03:42:10.602] [error] 

[2026-05-10 03:42:10.607] [error] [comfy-env] Registered 125 total nodes
[2026-05-10 03:42:10.611] [error] 

[2026-05-10 03:42:10.688] [info]  ComfyUI-Multiband loaded: 15 nodes registered

[2026-05-10 03:42:10.694] [info]  
Import times for custom nodes:

[2026-05-10 03:42:10.700] [info]     0.0 seconds: /Users/runner/.comfy-test-cache/desktop/ComfyUI.app/Contents/Resources/ComfyUI/custom_nodes/websocket_image_save.py
   0.1 seconds: /Users/runner/Documents/ComfyUI/custom_nodes/ComfyUI-Multiband
   0.4 seconds: /Users/runner/Documents/ComfyUI/custom_nodes/ComfyUI-GeometryPack
   0.8 seconds: /Users/runner/Documents/ComfyUI/custom_nodes/comfyui-cadabra


[2026-05-10 03:42:10.708] [info]  Context impl SQLiteImpl.

[2026-05-10 03:42:10.710] [info]  Will assume non-transactional DDL.

[2026-05-10 03:42:10.895] [info]  Starting server


[2026-05-10 03:42:10.904] [info]  To see the GUI go to: http://127.0.0.1:8000

[2026-05-10 03:42:13.259] [info]  [ComfyUI-Manager] The ComfyRegistry cache update is still in progress, so an outdated cache is being used.

[2026-05-10 03:42:13.353] [info]  FETCH DATA from: /Users/runner/Documents/ComfyUI/.venv/lib/python3.12/site-packages/comfyui_manager/custom-node-list.json
[2026-05-10 03:42:13.380] [info]   [DONE]

[2026-05-10 03:42:16.509] [info]  [ComfyUI-Manager] The ComfyRegistry cache update is still in progress, so an outdated cache is being used.

[2026-05-10 03:42:16.575] [info]  FETCH DATA from: /Users/runner/Documents/ComfyUI/.venv/lib/python3.12/site-packages/comfyui_manager/custom-node-list.json
[2026-05-10 03:42:16.592] [info]   [DONE]

[2026-05-10 03:42:53.296] [info]  got prompt

[2026-05-10 03:42:53.913] [info]  [comfyui-cadabra] python: /Users/runner/Documents/ComfyUI/.ce/.pixi/envs/cadabra-nodes/bin/python
[comfyui-cadabra] sys_path sent to worker: ['/Users/runner/.comfy-test-cache/desktop/ComfyUI.app/Contents/Resources/ComfyUI', '/Users/runner/Documents/ComfyUI/custom_nodes/comfyui-cadabra', '/Users/runner/Documents/ComfyUI/.ce/.pixi/envs/cadabra-nodes/lib/python3.1/site-packages', '/Users/runner/Documents/ComfyUI/custom_nodes/comfyui-cadabra']

[2026-05-10 03:43:30.549] [error] [comfyui-cadabra] Health check: ping (timeout=5.0s)...
[2026-05-10 03:43:30.560] [error] 

[2026-05-10 03:43:30.624] [error] [comfyui-cadabra] Health check: ok

[2026-05-10 03:43:30.777] [error] [03:43:30] [CADabra] Starting: CAD Edge Analysis(edges=158)

[2026-05-10 03:43:30.788] [error] [worker:comfyui-cadabra] INFO: Starting: CAD Edge Analysis(edges=158)
[2026-05-10 03:43:30.789] [error] 

[2026-05-10 03:43:30.841] [error] [03:43:30] [CADabra] Completed: CAD Edge Analysis(edges=158) in 0.06s

[2026-05-10 03:43:30.843] [error] [worker:comfyui-cadabra] INFO: Completed: CAD Edge Analysis(edges=158) in 0.06s
[2026-05-10 03:43:30.845] [error] 

[2026-05-10 03:43:30.868] [error] [comfyui-cadabra] Health check: ping (timeout=5.0s)...
[2026-05-10 03:43:30.869] [error] 

[2026-05-10 03:43:30.919] [error] [comfyui-cadabra] Health check: ok

[2026-05-10 03:43:31.010] [error] [comfyui-cadabra] Health check: ping (timeout=5.0s)...

[2026-05-10 03:43:31.149] [error] [comfyui-cadabra] Health check: ok

[2026-05-10 03:43:31.392] [info]  Prompt executed in 37.87 seconds

