** ComfyUI startup time: 2026-05-19 11:54:10.593
[2026-05-19 11:54:10.594] ** Platform: Darwin
[2026-05-19 11:54:10.594] ** Python version: 3.12.11 (main, Aug 18 2025, 19:02:39) [Clang 20.1.4 ]
[2026-05-19 11:54:10.594] ** Python executable: /Users/runner/Documents/ComfyUI/.venv/bin/python
[2026-05-19 11:54:10.594] ** ComfyUI Path: /Users/runner/.comfy-test-cache/desktop/ComfyUI.app/Contents/Resources/ComfyUI
[2026-05-19 11:54:10.594] ** ComfyUI Base Folder Path: /Users/runner/.comfy-test-cache/desktop/ComfyUI.app/Contents/Resources/ComfyUI
[2026-05-19 11:54:10.594] ** User directory: /Users/runner/Documents/ComfyUI/user
[2026-05-19 11:54:10.594] ** ComfyUI-Manager config path: /Users/runner/Documents/ComfyUI/user/__manager/config.ini
[2026-05-19 11:54:10.594] ** Log path: /Users/runner/Documents/ComfyUI/user/comfyui.log
[ComfyUI-Manager] Skipped fixing the 'comfyui-frontend-package' dependency because the ComfyUI is outdated.
[2026-05-19 11:54:10.751] [PRE] ComfyUI-Manager
[2026-05-19 11:54:11.172] [comfy-env] comfyui-cadabra: 1 isolation env(s):
[2026-05-19 11:54:11.172] [comfy-env]   nodes -> /Users/runner/Documents/ComfyUI/custom_nodes/comfyui-cadabra/nodes
[2026-05-19 11:54:11.174] [comfy-env] Workspace: /Users/runner/.ce
[2026-05-19 11:54:11.174] [comfy-env]     env: /Users/runner/.ce/.pixi/envs/cadabra-nodes  [OK]
[2026-05-19 11:54:13.146] [comfy-env] prestartup complete
[2026-05-19 11:54:13.199] [comfy-env] ComfyUI-GeometryPack: 1 isolation env(s):
[2026-05-19 11:54:13.199] [comfy-env]   nodes -> /Users/runner/Documents/ComfyUI/custom_nodes/ComfyUI-GeometryPack/nodes
[2026-05-19 11:54:13.199] [comfy-env]     env: /Users/runner/.ce/.pixi/envs/geometrypack-nodes  [OK]
[2026-05-19 11:54:13.203] [comfy-env] prestartup complete
[2026-05-19 11:54:13.242] WARNING: Potential Error in code: Torch already imported, torch should never be imported before this point.
[2026-05-19 11:54:15.386] Found comfy_kitchen backend cuda: {'available': False, 'disabled': True, 'unavailable_reason': 'Extension file not found: /Users/runner/Documents/ComfyUI/.venv/lib/python3.12/site-packages/comfy_kitchen/backends/cuda/_C.abi3.so', 'capabilities': []}
[2026-05-19 11:54:15.386] Found comfy_kitchen backend triton: {'available': False, 'disabled': True, 'unavailable_reason': "ImportError: No module named 'triton'", 'capabilities': []}
[2026-05-19 11:54:15.387] Found comfy_kitchen backend eager: {'available': True, 'disabled': False, 'unavailable_reason': None, 'capabilities': ['apply_rope', 'apply_rope1', 'dequantize_mxfp8', 'dequantize_nvfp4', 'dequantize_per_tensor_fp8', 'quantize_mxfp8', 'quantize_nvfp4', 'quantize_per_tensor_fp8', 'scaled_mm_mxfp8', 'scaled_mm_nvfp4']}
[2026-05-19 11:54:15.403] Checkpoint files will always be loaded safely.
[2026-05-19 11:54:15.474] Total VRAM 7168 MB, total RAM 7168 MB
[2026-05-19 11:54:15.475] pytorch version: 2.10.0
[2026-05-19 11:54:15.484] Mac Version (15, 7, 4)
[2026-05-19 11:54:15.484] Set vram state to: SHARED
[2026-05-19 11:54:15.484] Device: mps
[2026-05-19 11:54:16.209] Using sub quadratic optimization for attention, if you have memory or speed issues try using: --use-split-cross-attention
[2026-05-19 11:54:22.304] Python version: 3.12.11 (main, Aug 18 2025, 19:02:39) [Clang 20.1.4 ]
[2026-05-19 11:54:22.304] ComfyUI version: 0.21.1
[2026-05-19 11:54:22.309] comfy-aimdo version: 0.3.0
[2026-05-19 11:54:22.311] comfy-kitchen version: 0.2.8
[2026-05-19 11:54:22.320] [Prompt Server] web root: /Users/runner/.comfy-test-cache/desktop/ComfyUI.app/Contents/Resources/ComfyUI/web_custom_versions/desktop_app
[2026-05-19 11:54:22.327] Asset seeder disabled
[2026-05-19 11:54:22.332] [START] ComfyUI-Manager
[2026-05-19 11:54:22.725] [ComfyUI-Manager] Using GitPython backend
[2026-05-19 11:54:22.854] [ComfyUI-Manager] network_mode: public
[2026-05-19 11:54:22.873] [ComfyUI-Manager] The matrix sharing feature has been disabled because the `matrix-nio` dependency is not installed.
	To use this feature, please run the following command:
	/Users/runner/Documents/ComfyUI/.venv/bin/python -m pip install matrix-nio

[2026-05-19 11:54:25.433] [comfy-env] Version: 0.3.89
[2026-05-19 11:54:25.435] [comfy-env] Removed stale socket: /var/folders/tb/y368xp_x10s3ty1b_mtl5mxr0000gn/T/comfy_worker_b47fb13db8a1.sock
[2026-05-19 11:54:25.570] [comfy-env] Removed stale temp dir: /var/folders/tb/y368xp_x10s3ty1b_mtl5mxr0000gn/T/comfyui_pvenv_k279w_2n
[2026-05-19 11:54:25.814] [comfy-env] register_nodes: comfyui-cadabra
[2026-05-19 11:54:25.817] [comfy-env] ComfyUI source dir: /Users/runner/.comfy-test-cache/desktop/ComfyUI.app/Contents/Resources/ComfyUI
[2026-05-19 11:54:25.841] [comfy-env] Scanning nodes metadata (isolation root)...
[2026-05-19 11:54:25.852] [comfy-env] Cache hit for nodes: 39 nodes
[2026-05-19 11:54:25.853] [comfy-env] Scanned nodes root: 39 nodes (0.0s)
[2026-05-19 11:54:25.858] [comfy-env] Imported nodes root: 39 nodes (isolation)
[2026-05-19 11:54:25.859] [comfy-env] Registered 39 total nodes
[2026-05-19 11:54:25.865] loading...
[2026-05-19 11:54:25.866] calling register_nodes
[2026-05-19 11:54:25.872] [comfy-env] Version: 0.3.89
[2026-05-19 11:54:25.925] [comfy-env] register_nodes: ComfyUI-GeometryPack
[2026-05-19 11:54:25.940] [comfy-env] ComfyUI source dir: /Users/runner/.comfy-test-cache/desktop/ComfyUI.app/Contents/Resources/ComfyUI
[2026-05-19 11:54:25.990] [comfy-env] Scanning nodes metadata (isolation root)...
[2026-05-19 11:54:26.013] [comfy-env] Cache hit for nodes: 125 nodes
[2026-05-19 11:54:26.013] [comfy-env] Scanned nodes root: 125 nodes (0.0s)
[2026-05-19 11:54:26.016] [comfy-env] Imported nodes root: 125 nodes (isolation)
[2026-05-19 11:54:26.016] [comfy-env] Registered 125 total nodes
[2026-05-19 11:54:26.056] ComfyUI-Multiband loaded: 15 nodes registered
[2026-05-19 11:54:26.064] 
Import times for custom nodes:
[2026-05-19 11:54:26.064]    0.0 seconds: /Users/runner/.comfy-test-cache/desktop/ComfyUI.app/Contents/Resources/ComfyUI/custom_nodes/websocket_image_save.py
[2026-05-19 11:54:26.064]    0.0 seconds: /Users/runner/Documents/ComfyUI/custom_nodes/ComfyUI-Multiband
[2026-05-19 11:54:26.064]    0.2 seconds: /Users/runner/Documents/ComfyUI/custom_nodes/ComfyUI-GeometryPack
[2026-05-19 11:54:26.064]    0.5 seconds: /Users/runner/Documents/ComfyUI/custom_nodes/comfyui-cadabra
[2026-05-19 11:54:26.064] 
[2026-05-19 11:54:26.069] Context impl SQLiteImpl.
[2026-05-19 11:54:26.069] Will assume non-transactional DDL.
[2026-05-19 11:54:26.171] Starting server

[2026-05-19 11:54:26.174] To see the GUI go to: http://127.0.0.1:8000
[2026-05-19 11:54:29.672] [ComfyUI-Manager] The ComfyRegistry cache update is still in progress, so an outdated cache is being used.
[2026-05-19 11:54:29.827] FETCH DATA from: /Users/runner/Documents/ComfyUI/.venv/lib/python3.12/site-packages/comfyui_manager/custom-node-list.json [DONE]
[2026-05-19 11:54:32.529] [ComfyUI-Manager] The ComfyRegistry cache update is still in progress, so an outdated cache is being used.
[2026-05-19 11:54:32.631] FETCH DATA from: /Users/runner/Documents/ComfyUI/.venv/lib/python3.12/site-packages/comfyui_manager/custom-node-list.json [DONE]
[2026-05-19 11:54:55.274] got prompt
[2026-05-19 11:54:55.312] WARNING: stat: path should be string, bytes, os.PathLike or integer, not NoneType
[2026-05-19 11:54:55.335] [comfyui-cadabra] python: /Users/runner/.ce/.pixi/envs/cadabra-nodes/bin/python
[2026-05-19 11:54:55.335] [comfyui-cadabra] sys_path sent to worker: ['/Users/runner/.comfy-test-cache/desktop/ComfyUI.app/Contents/Resources/ComfyUI', '/Users/runner/Documents/ComfyUI/custom_nodes/comfyui-cadabra', '/Users/runner/.ce/.pixi/envs/cadabra-nodes/lib/python3.1/site-packages', '/Users/runner/Documents/ComfyUI/custom_nodes/comfyui-cadabra']
[2026-05-19 11:54:58.559] [worker:comfyui-cadabra] ERROR: Failed to import comfy_kitchen, Error: No module named 'comfy_kitchen', fp8 and fp4 support will not be available.
[2026-05-19 11:55:10.812] [comfyui-cadabra] Health check: ping (timeout=5.0s)...
[2026-05-19 11:55:10.875] [comfyui-cadabra] Health check: ok
[2026-05-19 11:55:10.900] [worker:comfyui-cadabra] INFO: Starting: BRepMesh ROI Selector(linear_deflection=0.1, angular_deflection=0.5)
[2026-05-19 11:55:10.988] [worker:comfyui-cadabra] INFO: Completed: BRepMesh ROI Selector(linear_deflection=0.1, angular_deflection=0.5) in 0.09s
[2026-05-19 11:55:11.282] [comfyui-cadabra] Health check: ping (timeout=5.0s)...
[2026-05-19 11:55:11.284] [comfyui-cadabra] Health check: ok
[2026-05-19 11:55:11.372] [worker:comfyui-cadabra] INFO: Starting: BRepMesh(linear_deflection=0.1, angular_deflection=0.5)
[2026-05-19 11:55:11.442] [worker:comfyui-cadabra] INFO: Completed: BRepMesh(linear_deflection=0.1, angular_deflection=0.5) in 0.07s
[2026-05-19 11:55:11.548] [comfyui-cadabra] Health check: ping (timeout=5.0s)...
[2026-05-19 11:55:11.550] [comfyui-cadabra] Health check: ok
[2026-05-19 11:55:11.598] [comfyui-cadabra] Health check: ping (timeout=5.0s)...
[2026-05-19 11:55:11.600] [comfyui-cadabra] Health check: ok
[2026-05-19 11:55:11.610] [comfyui-cadabra] Health check: ping (timeout=5.0s)...
[2026-05-19 11:55:11.613] [comfyui-cadabra] Health check: ok
[2026-05-19 11:55:11.650] [comfyui-cadabra] Health check: ping (timeout=5.0s)...
[2026-05-19 11:55:11.651] [comfyui-cadabra] Health check: ok
[2026-05-19 11:55:12.961] Prompt executed in 17.67 seconds
