[2026-05-12 15:40:33.648] [info]  setup plugin alembic.autogenerate.schemas
setup plugin alembic.autogenerate.tables

[2026-05-12 15:40:33.655] [info]  setup plugin alembic.autogenerate.types
setup plugin alembic.autogenerate.constraints
setup plugin alembic.autogenerate.defaults
setup plugin alembic.autogenerate.comments

[2026-05-12 15:40:34.076] [info]  Could not autodetect AIMDO implementation, assuming Nvidia

[2026-05-12 15:40:34.082] [info]  comfy-aimdo unsupported operating system: Darwin
NOTE: comfy-aimdo currently only supports Windows and Linux

[2026-05-12 15:40:34.750] [info]  Adding extra search path custom_nodes /Users/runner/Documents/ComfyUI/custom_nodes
Adding extra search path download_model_base /Users/runner/Documents/ComfyUI/models
Adding extra search path custom_nodes /Users/runner/.comfy-test-cache/desktop/ComfyUI.app/Contents/Resources/ComfyUI/custom_nodes
Setting output directory to: /Users/runner/Documents/ComfyUI/output
Setting input directory to: /Users/runner/Documents/ComfyUI/input
Setting user directory to: /Users/runner/Documents/ComfyUI/user

[2026-05-12 15:40:36.130] [info]  [START] Security scan
[ComfyUI-Manager] Using uv as Python module for pip operations.

[2026-05-12 15:40:36.799] [info]  [DONE] Security scan
** ComfyUI startup time: 
[2026-05-12 15:40:36.804] [info]  2026-05-12 15:40:36.797
** Platform: Darwin
** Python version: 3.12.11 (main, Aug 18 2025, 19:02:39) [Clang 20.1.4 ]
** Python executable: /Users/runner/Documents/ComfyUI/.venv/bin/python
** ComfyUI Path: /Users/runner/.comfy-test-cache/desktop/ComfyUI.app/Contents/Resources/ComfyUI
** ComfyUI Base Folder Path: /Users/runner/.comfy-test-cache/desktop/ComfyUI.app/Contents/Resources/ComfyUI

[2026-05-12 15:40:36.810] [info]  ** User directory: /Users/runner/Documents/ComfyUI/user
** ComfyUI-Manager config path: /Users/runner/Documents/ComfyUI/user/__manager/config.ini
** Log path: /Users/runner/Documents/ComfyUI/user/comfyui.log

[2026-05-12 15:40:37.236] [info]  [ComfyUI-Manager] Skipped fixing the 'comfyui-frontend-package' dependency because the ComfyUI is outdated.
[PRE] ComfyUI-Manager

[2026-05-12 15:40:38.333] [error] [comfy-env] comfyui-cadabra: 1 isolation env(s):
[2026-05-12 15:40:38.343] [error] 
[comfy-env]   nodes -> /Users/runner/Documents/ComfyUI/custom_nodes/comfyui-cadabra/nodes

[2026-05-12 15:40:42.069] [error] [comfy-env] prestartup complete

[2026-05-12 15:40:42.207] [error] [comfy-env] ComfyUI-GeometryPack: 1 isolation env(s):
[2026-05-12 15:40:42.213] [error] 
[comfy-env]   nodes -> /Users/runner/Documents/ComfyUI/custom_nodes/ComfyUI-GeometryPack/nodes

[2026-05-12 15:40:42.224] [error] [comfy-env] prestartup complete

[2026-05-12 15:40:42.317] [info]  WARNING: Potential Error in code: Torch already imported, torch should never be imported before this point.

[2026-05-12 15:40:46.441] [info]  Found comfy_kitchen backend triton: {'available': False, 'disabled': True, 'unavailable_reason': "ImportError: No module named 'triton'", 'capabilities': []}

[2026-05-12 15:40:46.449] [info]  Found comfy_kitchen backend eager: {'available': True, 'disabled': False, 'unavailable_reason': None, 'capabilities': ['apply_rope', 'apply_rope1', 'dequantize_mxfp8', 'dequantize_nvfp4', 'dequantize_per_tensor_fp8', 'quantize_mxfp8', 'quantize_nvfp4', 'quantize_per_tensor_fp8', 'scaled_mm_mxfp8', 'scaled_mm_nvfp4']}
Found comfy_kitchen backend cuda: {'available': False, 'disabled': True, 'unavailable_reason': 'Extension file not found: /Users/runner/Documents/ComfyUI/.venv/lib/python3.12/site-packages/comfy_kitchen/backends/cuda/_C.abi3.so', 'capabilities': []}

[2026-05-12 15:40:46.467] [info]  Checkpoint files will always be loaded safely.

[2026-05-12 15:40:46.608] [info]  Total VRAM 7168 MB, total RAM 7168 MB

[2026-05-12 15:40:46.612] [info]  pytorch version: 2.10.0

[2026-05-12 15:40:46.635] [info]  Mac Version (15, 7, 4)

[2026-05-12 15:40:46.636] [info]  Set vram state to: SHARED

[2026-05-12 15:40:46.641] [info]  Device: mps

[2026-05-12 15:40:48.677] [info]  Using sub quadratic optimization for attention, if you have memory or speed issues try using: --use-split-cross-attention

[2026-05-12 15:40:56.714] [info]  Python version: 3.12.11 (main, Aug 18 2025, 19:02:39) [Clang 20.1.4 ]

[2026-05-12 15:40:56.731] [info]  ComfyUI version: 0.21.0
comfy-aimdo version: 0.3.0
comfy-kitchen version: 0.2.8
[Prompt Server] web root: /Users/runner/.comfy-test-cache/desktop/ComfyUI.app/Contents/Resources/ComfyUI/web_custom_versions/desktop_app

[2026-05-12 15:40:56.733] [info]  Asset seeder disabled
[START] ComfyUI-Manager

[2026-05-12 15:40:57.124] [info]  [ComfyUI-Manager] Using GitPython backend

[2026-05-12 15:40:57.252] [info]  [ComfyUI-Manager] network_mode: public

[2026-05-12 15:40:57.271] [info]  [ComfyUI-Manager] The matrix sharing feature has been disabled because the `matrix-nio` dependency is not installed.
	To use this feature, please run the following command:
	/Users/runner/Documents/ComfyUI/.venv/bin/python -m pip install matrix-nio


[2026-05-12 15:41:01.821] [error] [comfy-env] Version: 0.3.84

[2026-05-12 15:41:01.824] [info]  [comfy-env] Removed stale socket: /var/folders/tb/y368xp_x10s3ty1b_mtl5mxr0000gn/T/comfy_worker_7dd05e638d28.sock

[2026-05-12 15:41:02.034] [info]  [comfy-env] Removed stale temp dir: /var/folders/tb/y368xp_x10s3ty1b_mtl5mxr0000gn/T/comfyui_pvenv_6rw31rl0
[2026-05-12 15:41:02.040] [info]  

[2026-05-12 15:41:02.572] [error] [comfy-env] register_nodes: comfyui-cadabra

[2026-05-12 15:41:02.580] [error] [comfy-env] ComfyUI source dir: /Users/runner/.comfy-test-cache/desktop/ComfyUI.app/Contents/Resources/ComfyUI
[2026-05-12 15:41:02.584] [error] 

[2026-05-12 15:41:02.974] [error] [comfy-env] Scanning nodes metadata (isolation root)...
[2026-05-12 15:41:02.979] [error] 

[2026-05-12 15:41:02.997] [error] [comfy-env] Cache hit for nodes: 39 nodes
[2026-05-12 15:41:03.001] [error] 
[comfy-env] Scanned nodes root: 39 nodes (0.0s)
[comfy-env] Imported nodes root: 39 nodes (isolation)

[2026-05-12 15:41:03.004] [error] [comfy-env] Registered 39 total nodes

[2026-05-12 15:41:03.015] [info]  loading...

[2026-05-12 15:41:03.027] [info]  calling register_nodes

[2026-05-12 15:41:03.039] [error] [comfy-env] Version: 0.3.84
[2026-05-12 15:41:03.047] [error] 

[2026-05-12 15:41:03.149] [error] [comfy-env] register_nodes: ComfyUI-GeometryPack

[2026-05-12 15:41:03.177] [error] [comfy-env] ComfyUI source dir: /Users/runner/.comfy-test-cache/desktop/ComfyUI.app/Contents/Resources/ComfyUI

[2026-05-12 15:41:04.182] [error] [comfy-env] Scanning nodes metadata (isolation root)...
[2026-05-12 15:41:04.185] [error] 

[2026-05-12 15:41:04.243] [error] [comfy-env] Cache hit for nodes: 125 nodes
[2026-05-12 15:41:04.249] [error] 
[comfy-env] Scanned nodes root: 125 nodes (0.1s)
[2026-05-12 15:41:04.252] [error] 

[2026-05-12 15:41:04.270] [error] [comfy-env] Imported nodes root: 125 nodes (isolation)

[2026-05-12 15:41:04.273] [error] [comfy-env] Registered 125 total nodes

[2026-05-12 15:41:04.395] [info]  ComfyUI-Multiband loaded: 15 nodes registered

[2026-05-12 15:41:04.405] [info]  
Import times for custom nodes:
   0.0 seconds: /Users/runner/.comfy-test-cache/desktop/ComfyUI.app/Contents/Resources/ComfyUI/custom_nodes/websocket_image_save.py

[2026-05-12 15:41:04.409] [info]     0.1 seconds: /Users/runner/Documents/ComfyUI/custom_nodes/ComfyUI-Multiband
   1.3 seconds: /Users/runner/Documents/ComfyUI/custom_nodes/ComfyUI-GeometryPack
   1.3 seconds: /Users/runner/Documents/ComfyUI/custom_nodes/comfyui-cadabra


[2026-05-12 15:41:04.433] [info]  Context impl SQLiteImpl.
Will assume non-transactional DDL.

[2026-05-12 15:41:04.784] [info]  Starting server


[2026-05-12 15:41:04.788] [info]  To see the GUI go to: http://127.0.0.1:8000

[2026-05-12 15:41:08.337] [info]  [ComfyUI-Manager] The ComfyRegistry cache update is still in progress, so an outdated cache is being used.

[2026-05-12 15:41:08.550] [info]  FETCH DATA from: /Users/runner/Documents/ComfyUI/.venv/lib/python3.12/site-packages/comfyui_manager/custom-node-list.json
[2026-05-12 15:41:08.621] [info]   [DONE]

[2026-05-12 15:41:15.814] [info]  [ComfyUI-Manager] The ComfyRegistry cache update is still in progress, so an outdated cache is being used.

[2026-05-12 15:41:16.150] [info]  FETCH DATA from: /Users/runner/Documents/ComfyUI/.venv/lib/python3.12/site-packages/comfyui_manager/custom-node-list.json
[2026-05-12 15:41:16.182] [info]   [DONE]

[2026-05-12 15:41:46.009] [info]  got prompt

[2026-05-12 15:41:46.115] [info]  [comfyui-cadabra] python: /Users/runner/.ce/.pixi/envs/cadabra-nodes/bin/python

[2026-05-12 15:41:46.119] [info]  [comfyui-cadabra] sys_path sent to worker: ['/Users/runner/.comfy-test-cache/desktop/ComfyUI.app/Contents/Resources/ComfyUI', '/Users/runner/Documents/ComfyUI/custom_nodes/comfyui-cadabra', '/Users/runner/.ce/.pixi/envs/cadabra-nodes/lib/python3.1/site-packages', '/Users/runner/Documents/ComfyUI/custom_nodes/comfyui-cadabra']

[2026-05-12 15:41:55.420] [error] [worker:comfyui-cadabra] ERROR: Failed to import comfy_kitchen, Error: No module named 'comfy_kitchen', fp8 and fp4 support will not be available.

[2026-05-12 15:42:36.950] [error] [comfyui-cadabra] Health check: ping (timeout=5.0s)...

[2026-05-12 15:42:36.971] [error] [comfyui-cadabra] Health check: ok

[2026-05-12 15:42:37.072] [error] [15:42:37] [CADabra] Starting: BRepMesh(linear_deflection=0.1, angular_deflection=0.5)

[2026-05-12 15:42:37.074] [error] [worker:comfyui-cadabra] INFO: Starting: BRepMesh(linear_deflection=0.1, angular_deflection=0.5)

[2026-05-12 15:42:37.267] [error] [15:42:37] [CADabra] Completed: BRepMesh(linear_deflection=0.1, angular_deflection=0.5) in 0.19s

[2026-05-12 15:42:37.270] [error] [worker:comfyui-cadabra] INFO: Completed: BRepMesh(linear_deflection=0.1, angular_deflection=0.5) in 0.19s

[2026-05-12 15:42:37.427] [error] [comfyui-cadabra] Health check: ping (timeout=5.0s)...

[2026-05-12 15:42:37.434] [error] [comfyui-cadabra] Health check: ok

[2026-05-12 15:42:37.456] [error] [15:42:37] [CADabra] Starting: BRepMesh(linear_deflection=0.1, angular_deflection=0.5, relative=False, parallel=False, min_size=0.0)
[worker:comfyui-cadabra] INFO: Starting: BRepMesh(linear_deflection=0.1, angular_deflection=0.5, relative=False, parallel=False, min_size=0.0)

[2026-05-12 15:42:37.690] [error] [15:42:37] [CADabra] Completed: BRepMesh(linear_deflection=0.1, angular_deflection=0.5, relative=False, parallel=False, min_size=0.0) in 0.24s

[2026-05-12 15:42:37.697] [error] [worker:comfyui-cadabra] INFO: Completed: BRepMesh(linear_deflection=0.1, angular_deflection=0.5, relative=False, parallel=False, min_size=0.0) in 0.24s

[2026-05-12 15:42:40.577] [info]  [ComfyUI-GeometryPack] python: /Users/runner/.ce/.pixi/envs/geometrypack-nodes/bin/python
[ComfyUI-GeometryPack] sys_path sent to worker: ['/Users/runner/.comfy-test-cache/desktop/ComfyUI.app/Contents/Resources/ComfyUI', '/Users/runner/Documents/ComfyUI/custom_nodes/ComfyUI-GeometryPack', '/Users/runner/.ce/.pixi/envs/geometrypack-nodes/lib/python3.1/site-packages', '/Users/runner/Documents/ComfyUI/custom_nodes/ComfyUI-GeometryPack']

[2026-05-12 15:42:45.055] [error] [worker:ComfyUI-GeometryPack] ERROR: Failed to import comfy_kitchen, Error: No module named 'comfy_kitchen', fp8 and fp4 support will not be available.

[2026-05-12 15:42:49.764] [info]  FETCH ComfyRegistry Data [DONE]

[2026-05-12 15:42:50.177] [info]  [ComfyUI-Manager] default cache updated: https://api.comfy.org/nodes

[2026-05-12 15:42:50.282] [info]  FETCH DATA from: /Users/runner/Documents/ComfyUI/user/__manager/cache/1514988643_custom-node-list.json
[2026-05-12 15:42:50.308] [info]   [DONE]

[2026-05-12 15:42:51.651] [info]  [ComfyUI-Manager] All startup tasks have been completed.

[2026-05-12 15:42:52.923] [error] [worker:ComfyUI-GeometryPack] INFO: Layout: side_by_side, Mode: fields
[worker:ComfyUI-GeometryPack] INFO: Mesh 1: Mesh - 2735 vertices, 5470 faces
[2026-05-12 15:42:52.924] [error] 
[worker:ComfyUI-GeometryPack] INFO: Mesh 2: Mesh - 2735 vertices, 5470 faces
[worker:ComfyUI-GeometryPack] INFO: Mesh 1 fields: ['face.cad_face_id']
[worker:ComfyUI-GeometryPack] INFO: Mesh 2 fields: ['face.cad_face_id']
[worker:ComfyUI-GeometryPack] INFO: Common fields: ['face.cad_face_id']

[2026-05-12 15:42:52.925] [error] [worker:ComfyUI-GeometryPack] INFO: Mesh 1 visual: kind=None, texture=False, vertex_colors=False
[worker:ComfyUI-GeometryPack] INFO: Mesh 2 visual: kind=None, texture=False, vertex_colors=False
[worker:ComfyUI-GeometryPack] INFO: Exporting mesh to VTP: /Users/runner/Documents/ComfyUI/output/preview_dual_1_97e5685b.vtp

[2026-05-12 15:42:52.976] [error] [worker:ComfyUI-GeometryPack] INFO: Adding normals field (2735 vertices)

[2026-05-12 15:42:53.007] [error] [worker:ComfyUI-GeometryPack] INFO: Adding face field: cad_face_id

[2026-05-12 15:42:53.062] [error] [worker:ComfyUI-GeometryPack] INFO: Export complete: 2735 vertices, 5470 faces

[2026-05-12 15:42:53.064] [error] [worker:ComfyUI-GeometryPack] INFO: Exported VTP with fields: /Users/runner/Documents/ComfyUI/output/preview_dual_1_97e5685b.vtp

[2026-05-12 15:42:53.065] [error] [worker:ComfyUI-GeometryPack] INFO: Exporting mesh to VTP: /Users/runner/Documents/ComfyUI/output/preview_dual_2_97e5685b.vtp

[2026-05-12 15:42:53.084] [error] [worker:ComfyUI-GeometryPack] INFO: Adding normals field (2735 vertices)

[2026-05-12 15:42:53.088] [error] [worker:ComfyUI-GeometryPack] INFO: Adding face field: cad_face_id
[2026-05-12 15:42:53.089] [error] 

[2026-05-12 15:42:53.115] [error] [worker:ComfyUI-GeometryPack] INFO: Export complete: 2735 vertices, 5470 faces

[2026-05-12 15:42:53.118] [error] [worker:ComfyUI-GeometryPack] INFO: Exported VTP with fields: /Users/runner/Documents/ComfyUI/output/preview_dual_2_97e5685b.vtp

[2026-05-12 15:42:53.151] [error] [worker:ComfyUI-GeometryPack] INFO: Preview ready

[2026-05-12 15:42:53.258] [info]  Prompt executed in 67.18 seconds

