[2026-05-12 15:37:01.694] [info]  setup plugin alembic.autogenerate.schemas
setup plugin alembic.autogenerate.tables
setup plugin alembic.autogenerate.types
setup plugin alembic.autogenerate.constraints

[2026-05-12 15:37:01.702] [info]  setup plugin alembic.autogenerate.defaults
setup plugin alembic.autogenerate.comments

[2026-05-12 15:37:01.804] [info]  Could not autodetect AIMDO implementation, assuming Nvidia

[2026-05-12 15:37:01.806] [info]  comfy-aimdo unsupported operating system: Darwin
NOTE: comfy-aimdo currently only supports Windows and Linux

[2026-05-12 15:37:01.996] [info]  Adding extra search path custom_nodes /Users/runner/Documents/ComfyUI/custom_nodes
Adding extra search path download_model_base /Users/runner/Documents/ComfyUI/models
Adding extra search path custom_nodes /Users/runner/.comfy-test-cache/desktop/ComfyUI.app/Contents/Resources/ComfyUI/custom_nodes
Setting output directory to: /Users/runner/Documents/ComfyUI/output
Setting input directory to: /Users/runner/Documents/ComfyUI/input
Setting user directory to: /Users/runner/Documents/ComfyUI/user

[2026-05-12 15:37:02.397] [info]  [START] Security scan
[ComfyUI-Manager] Using uv as Python module for pip operations.

[2026-05-12 15:37:02.667] [info]  [DONE] Security scan
** ComfyUI startup time: 2026-05-12 15:37:02.666

[2026-05-12 15:37:02.669] [info]  ** Platform: Darwin

[2026-05-12 15:37:02.672] [info]  ** Python version: 3.12.11 (main, Aug 18 2025, 19:02:39) [Clang 20.1.4 ]
** Python executable: /Users/runner/Documents/ComfyUI/.venv/bin/python
** ComfyUI Path: /Users/runner/.comfy-test-cache/desktop/ComfyUI.app/Contents/Resources/ComfyUI
** ComfyUI Base Folder Path: /Users/runner/.comfy-test-cache/desktop/ComfyUI.app/Contents/Resources/ComfyUI
** User directory: /Users/runner/Documents/ComfyUI/user
** ComfyUI-Manager config path: /Users/runner/Documents/ComfyUI/user/__manager/config.ini
** Log path: /Users/runner/Documents/ComfyUI/user/comfyui.log

[2026-05-12 15:37:02.933] [info]  [ComfyUI-Manager] Skipped fixing the 'comfyui-frontend-package' dependency because the ComfyUI is outdated.
[PRE] ComfyUI-Manager

[2026-05-12 15:37:03.673] [error] [comfy-env] comfyui-cadabra: 1 isolation env(s):
[2026-05-12 15:37:03.674] [error] 
[comfy-env]   nodes -> /Users/runner/Documents/ComfyUI/custom_nodes/comfyui-cadabra/nodes

[2026-05-12 15:37:06.005] [error] [comfy-env] prestartup complete

[2026-05-12 15:37:06.067] [error] [comfy-env] ComfyUI-GeometryPack: 1 isolation env(s):
[comfy-env]   nodes -> /Users/runner/Documents/ComfyUI/custom_nodes/ComfyUI-GeometryPack/nodes

[2026-05-12 15:37:06.081] [error] [comfy-env] prestartup complete
[2026-05-12 15:37:06.082] [error] 

[2026-05-12 15:37:06.112] [info]  WARNING: Potential Error in code: Torch already imported, torch should never be imported before this point.

[2026-05-12 15:37:08.205] [info]  Found comfy_kitchen backend triton: {'available': False, 'disabled': True, 'unavailable_reason': "ImportError: No module named 'triton'", 'capabilities': []}
Found comfy_kitchen backend eager: {'available': True, 'disabled': False, 'unavailable_reason': None, 'capabilities': ['apply_rope', 'apply_rope1', 'dequantize_mxfp8', 'dequantize_nvfp4', 'dequantize_per_tensor_fp8', 'quantize_mxfp8', 'quantize_nvfp4', 'quantize_per_tensor_fp8', 'scaled_mm_mxfp8', 'scaled_mm_nvfp4']}
Found comfy_kitchen backend cuda: {'available': False, 'disabled': True, 'unavailable_reason': 'Extension file not found: /Users/runner/Documents/ComfyUI/.venv/lib/python3.12/site-packages/comfy_kitchen/backends/cuda/_C.abi3.so', 'capabilities': []}

[2026-05-12 15:37:08.234] [info]  Checkpoint files will always be loaded safely.

[2026-05-12 15:37:08.332] [info]  Total VRAM 7168 MB, total RAM 7168 MB
pytorch version: 2.10.0

[2026-05-12 15:37:08.352] [info]  Mac Version (15, 7, 4)

[2026-05-12 15:37:08.353] [info]  Set vram state to: SHARED
Device: mps

[2026-05-12 15:37:09.022] [info]  Using sub quadratic optimization for attention, if you have memory or speed issues try using: --use-split-cross-attention

[2026-05-12 15:37:12.946] [info]  Python version: 3.12.11 (main, Aug 18 2025, 19:02:39) [Clang 20.1.4 ]

[2026-05-12 15:37:12.947] [info]  ComfyUI version: 0.21.0
comfy-aimdo version: 0.3.0
comfy-kitchen version: 0.2.8

[2026-05-12 15:37:12.948] [info]  [Prompt Server] web root: /Users/runner/.comfy-test-cache/desktop/ComfyUI.app/Contents/Resources/ComfyUI/web_custom_versions/desktop_app

[2026-05-12 15:37:12.949] [info]  Asset seeder disabled

[2026-05-12 15:37:12.950] [info]  [START] ComfyUI-Manager

[2026-05-12 15:37:13.105] [info]  [ComfyUI-Manager] Using GitPython backend

[2026-05-12 15:37:13.215] [info]  [ComfyUI-Manager] network_mode: public

[2026-05-12 15:37:13.223] [info]  [ComfyUI-Manager] The matrix sharing feature has been disabled because the `matrix-nio` dependency is not installed.
	To use this feature, please run the following command:
	/Users/runner/Documents/ComfyUI/.venv/bin/python -m pip install matrix-nio


[2026-05-12 15:37:14.701] [error] [comfy-env] Version: 0.3.84
[2026-05-12 15:37:14.703] [error] 

[2026-05-12 15:37:14.707] [info]  [comfy-env] Removed stale socket: /var/folders/tb/y368xp_x10s3ty1b_mtl5mxr0000gn/T/comfy_worker_8410d323ca55.sock

[2026-05-12 15:37:14.763] [info]  [comfy-env] Removed stale temp dir: /var/folders/tb/y368xp_x10s3ty1b_mtl5mxr0000gn/T/comfyui_pvenv_9hmj6rtq

[2026-05-12 15:37:14.944] [error] [comfy-env] register_nodes: comfyui-cadabra
[2026-05-12 15:37:14.946] [error] 

[2026-05-12 15:37:14.947] [error] [comfy-env] ComfyUI source dir: /Users/runner/.comfy-test-cache/desktop/ComfyUI.app/Contents/Resources/ComfyUI
[2026-05-12 15:37:14.948] [error] 

[2026-05-12 15:37:15.054] [error] [comfy-env] Scanning nodes metadata (isolation root)...

[2026-05-12 15:37:15.057] [error] [comfy-env] Cache hit for nodes: 39 nodes
[2026-05-12 15:37:15.058] [error] 
[comfy-env] Scanned nodes root: 39 nodes (0.0s)
[comfy-env] Imported nodes root: 39 nodes (isolation)

[2026-05-12 15:37:15.062] [error] [comfy-env] Registered 39 total nodes

[2026-05-12 15:37:15.071] [info]  loading...
calling register_nodes

[2026-05-12 15:37:15.073] [error] [comfy-env] Version: 0.3.84
[2026-05-12 15:37:15.075] [error] 

[2026-05-12 15:37:15.107] [error] [comfy-env] register_nodes: ComfyUI-GeometryPack

[2026-05-12 15:37:15.115] [error] [comfy-env] ComfyUI source dir: /Users/runner/.comfy-test-cache/desktop/ComfyUI.app/Contents/Resources/ComfyUI

[2026-05-12 15:37:15.242] [error] [comfy-env] Scanning nodes metadata (isolation root)...

[2026-05-12 15:37:15.258] [error] [comfy-env] Cache hit for nodes: 125 nodes
[2026-05-12 15:37:15.260] [error] 
[comfy-env] Scanned nodes root: 125 nodes (0.0s)

[2026-05-12 15:37:15.263] [error] [comfy-env] Imported nodes root: 125 nodes (isolation)
[2026-05-12 15:37:15.264] [error] 
[comfy-env] Registered 125 total nodes

[2026-05-12 15:37:15.287] [info]  ComfyUI-Multiband loaded: 15 nodes registered

[2026-05-12 15:37:15.289] [info]  
Import times for custom nodes:

[2026-05-12 15:37:15.290] [info]     0.0 seconds: /Users/runner/.comfy-test-cache/desktop/ComfyUI.app/Contents/Resources/ComfyUI/custom_nodes/websocket_image_save.py
   0.0 seconds: /Users/runner/Documents/ComfyUI/custom_nodes/ComfyUI-Multiband
   0.2 seconds: /Users/runner/Documents/ComfyUI/custom_nodes/ComfyUI-GeometryPack
   0.4 seconds: /Users/runner/Documents/ComfyUI/custom_nodes/comfyui-cadabra


[2026-05-12 15:37:15.295] [info]  Context impl SQLiteImpl.
Will assume non-transactional DDL.

[2026-05-12 15:37:15.353] [info]  Starting server


[2026-05-12 15:37:15.354] [info]  To see the GUI go to: http://127.0.0.1:8000

[2026-05-12 15:37:17.208] [info]  [ComfyUI-Manager] The ComfyRegistry cache update is still in progress, so an outdated cache is being used.

[2026-05-12 15:37:17.320] [info]  FETCH DATA from: /Users/runner/Documents/ComfyUI/.venv/lib/python3.12/site-packages/comfyui_manager/custom-node-list.json
[2026-05-12 15:37:17.349] [info]   [DONE]

[2026-05-12 15:37:20.929] [info]  [ComfyUI-Manager] The ComfyRegistry cache update is still in progress, so an outdated cache is being used.

[2026-05-12 15:37:20.987] [info]  FETCH DATA from: /Users/runner/Documents/ComfyUI/.venv/lib/python3.12/site-packages/comfyui_manager/custom-node-list.json
[2026-05-12 15:37:21.006] [info]   [DONE]
[2026-05-12 15:37:21.007] [info]  

[2026-05-12 15:37:43.926] [info]  got prompt

[2026-05-12 15:37:43.975] [info]  [comfyui-cadabra] python: /Users/runner/.ce/.pixi/envs/cadabra-nodes/bin/python
[comfyui-cadabra] sys_path sent to worker: ['/Users/runner/.comfy-test-cache/desktop/ComfyUI.app/Contents/Resources/ComfyUI', '/Users/runner/Documents/ComfyUI/custom_nodes/comfyui-cadabra', '/Users/runner/.ce/.pixi/envs/cadabra-nodes/lib/python3.1/site-packages', '/Users/runner/Documents/ComfyUI/custom_nodes/comfyui-cadabra']

[2026-05-12 15:37:46.695] [error] [worker:comfyui-cadabra] ERROR: Failed to import comfy_kitchen, Error: No module named 'comfy_kitchen', fp8 and fp4 support will not be available.

[2026-05-12 15:38:18.419] [error] [15:38:18] [CADabra] Starting: STEP ReadFile(file=spiral_wind_turbine.stp)

[2026-05-12 15:38:18.430] [error] [worker:comfyui-cadabra] INFO: Starting: STEP ReadFile(file=spiral_wind_turbine.stp)

[2026-05-12 15:38:18.482] [error] [15:38:18] [CADabra] Completed: STEP ReadFile(file=spiral_wind_turbine.stp) in 0.07s

[2026-05-12 15:38:18.485] [error] [worker:comfyui-cadabra] INFO: Completed: STEP ReadFile(file=spiral_wind_turbine.stp) in 0.07s
[15:38:18] [CADabra] Starting: STEP TransferRoots(file=spiral_wind_turbine.stp)

[2026-05-12 15:38:18.493] [error] [worker:comfyui-cadabra] INFO: Starting: STEP TransferRoots(file=spiral_wind_turbine.stp)

[2026-05-12 15:38:18.769] [error] [15:38:18] [CADabra] Completed: STEP TransferRoots(file=spiral_wind_turbine.stp) in 0.28s

[2026-05-12 15:38:18.772] [error] [worker:comfyui-cadabra] INFO: Completed: STEP TransferRoots(file=spiral_wind_turbine.stp) in 0.28s

[2026-05-12 15:38:18.810] [error] [comfyui-cadabra] Health check: ping (timeout=5.0s)...
[2026-05-12 15:38:18.813] [error] 

[2026-05-12 15:38:18.814] [error] [comfyui-cadabra] Health check: ok

[2026-05-12 15:38:18.897] [error] [15:38:18] [CADabra] Starting: BRepMesh(linear_deflection=0.1, angular_deflection=0.5)

[2026-05-12 15:38:18.898] [error] [worker:comfyui-cadabra] INFO: Starting: BRepMesh(linear_deflection=0.1, angular_deflection=0.5)

[2026-05-12 15:38:18.987] [error] [15:38:18] [CADabra] Completed: BRepMesh(linear_deflection=0.1, angular_deflection=0.5) in 0.09s

[2026-05-12 15:38:18.988] [error] [worker:comfyui-cadabra] INFO: Completed: BRepMesh(linear_deflection=0.1, angular_deflection=0.5) in 0.09s

[2026-05-12 15:38:19.163] [error] [comfyui-cadabra] Health check: ping (timeout=5.0s)...

[2026-05-12 15:38:19.171] [error] [comfyui-cadabra] Health check: ok

[2026-05-12 15:38:19.310] [error] [comfyui-cadabra] Health check: ping (timeout=5.0s)...

[2026-05-12 15:38:19.317] [error] [comfyui-cadabra] Health check: ok

[2026-05-12 15:38:19.367] [error] [comfyui-cadabra] Health check: ping (timeout=5.0s)...

[2026-05-12 15:38:19.376] [error] [comfyui-cadabra] Health check: ok

[2026-05-12 15:38:23.083] [error] [comfyui-cadabra] Health check: ping (timeout=5.0s)...

[2026-05-12 15:38:23.097] [error] [comfyui-cadabra] Health check: ok

[2026-05-12 15:38:23.188] [error] [15:38:23] [CADabra] Starting: BRepMesh(linear_deflection=0.1, angular_deflection=0.5)

[2026-05-12 15:38:23.190] [error] [worker:comfyui-cadabra] INFO: Starting: BRepMesh(linear_deflection=0.1, angular_deflection=0.5)

[2026-05-12 15:38:23.240] [error] [15:38:23] [CADabra] Completed: BRepMesh(linear_deflection=0.1, angular_deflection=0.5) in 0.05s

[2026-05-12 15:38:23.243] [error] [worker:comfyui-cadabra] INFO: Completed: BRepMesh(linear_deflection=0.1, angular_deflection=0.5) in 0.05s

[2026-05-12 15:38:23.285] [info]  Prompt executed in 39.34 seconds

