[2026-05-10 03:46:28.241] [info]  setup plugin alembic.autogenerate.schemas

[2026-05-10 03:46:28.247] [info]  setup plugin alembic.autogenerate.tables

[2026-05-10 03:46:28.258] [info]  setup plugin alembic.autogenerate.types

[2026-05-10 03:46:28.270] [info]  setup plugin alembic.autogenerate.constraints

[2026-05-10 03:46:28.276] [info]  setup plugin alembic.autogenerate.defaults
setup plugin alembic.autogenerate.comments

[2026-05-10 03:46:28.388] [info]  comfy-aimdo os not supported Darwin

[2026-05-10 03:46:28.391] [info]  NOTE: comfy-aimdo is currently only support for Windows and Linux

[2026-05-10 03:46:28.676] [info]  Adding extra search path custom_nodes /Users/runner/Documents/ComfyUI/custom_nodes
Adding extra search path download_model_base /Users/runner/Documents/ComfyUI/models

[2026-05-10 03:46:28.688] [info]  Adding extra search path custom_nodes /Users/runner/.comfy-test-cache/desktop/ComfyUI.app/Contents/Resources/ComfyUI/custom_nodes

[2026-05-10 03:46:28.690] [info]  Setting output directory to: /Users/runner/Documents/ComfyUI/output

[2026-05-10 03:46:28.692] [info]  Setting input directory to: /Users/runner/Documents/ComfyUI/input

[2026-05-10 03:46:28.694] [info]  Setting user directory to: /Users/runner/Documents/ComfyUI/user

[2026-05-10 03:46:29.284] [info]  [START] Security scan
[ComfyUI-Manager] Using uv as Python module for pip operations.

[2026-05-10 03:46:29.578] [info]  [DONE] Security scan
** ComfyUI startup time: 2026-05-10 03:46:29.575
** Platform: Darwin
** Python version:
[2026-05-10 03:46:29.592] [info]   3.12.11 (main, Aug 18 2025, 19:02:39) [Clang 20.1.4 ]
** Python executable: /Users/runner/Documents/ComfyUI/.venv/bin/python
** ComfyUI Path: /Users/runner/.comfy-test-cache/desktop/ComfyUI.app/Contents/Resources/ComfyUI
** ComfyUI Base Folder Path: /Users/runner/.comfy-test-cache/desktop/ComfyUI.app/Contents/Resources/ComfyUI
** User directory: /Users/runner/Documents/ComfyUI/user
** ComfyUI-Manager config path: /Users/runner/Documents/ComfyUI/user/__manager/config.ini
** Log path: /Users/runner/Documents/ComfyUI/user/comfyui.log

[2026-05-10 03:46:29.926] [info]  [ComfyUI-Manager] Skipped fixing the 'comfyui-frontend-package' dependency because the ComfyUI is outdated.

[2026-05-10 03:46:29.934] [info]  [PRE] ComfyUI-Manager

[2026-05-10 03:46:30.572] [error] [comfy-env] comfyui-cadabra: 1 isolation env(s):
[2026-05-10 03:46:30.575] [error] 

[2026-05-10 03:46:30.576] [error] [comfy-env]   nodes -> /Users/runner/Documents/ComfyUI/custom_nodes/comfyui-cadabra/nodes
[2026-05-10 03:46:30.578] [error] 

[2026-05-10 03:46:33.091] [error] [comfy-env] prestartup complete
[2026-05-10 03:46:33.093] [error] 

[2026-05-10 03:46:33.152] [error] [comfy-env] ComfyUI-GeometryPack: 1 isolation env(s):
[2026-05-10 03:46:33.155] [error] 
[comfy-env]   nodes -> /Users/runner/Documents/ComfyUI/custom_nodes/ComfyUI-GeometryPack/nodes
[2026-05-10 03:46:33.157] [error] 

[2026-05-10 03:46:33.246] [error] [comfy-env] prestartup complete

[2026-05-10 03:46:33.284] [info]  WARNING: Potential Error in code: Torch already imported, torch should never be imported before this point.

[2026-05-10 03:46:36.430] [info]  Found comfy_kitchen backend cuda: {'available': False, 'disabled': True, 'unavailable_reason': 'Extension file not found: /Users/runner/Documents/ComfyUI/.venv/lib/python3.12/site-packages/comfy_kitchen/backends/cuda/_C.abi3.so', 'capabilities': []}

[2026-05-10 03:46:36.437] [info]  Found comfy_kitchen backend eager: {'available': True, 'disabled': False, 'unavailable_reason': None, 'capabilities': ['apply_rope', 'apply_rope1', 'dequantize_mxfp8', 'dequantize_nvfp4', 'dequantize_per_tensor_fp8', 'quantize_mxfp8', 'quantize_nvfp4', 'quantize_per_tensor_fp8', 'scaled_mm_mxfp8', 'scaled_mm_nvfp4']}

[2026-05-10 03:46:36.440] [info]  Found comfy_kitchen backend triton: {'available': False, 'disabled': True, 'unavailable_reason': "ImportError: No module named 'triton'", 'capabilities': []}

[2026-05-10 03:46:36.540] [info]  Checkpoint files will always be loaded safely.

[2026-05-10 03:46:36.631] [info]  Total VRAM 7168 MB, total RAM 7168 MB
pytorch version: 2.10.0

[2026-05-10 03:46:36.659] [info]  Mac Version (15, 7, 4)
Set vram state to: SHARED

[2026-05-10 03:46:36.663] [info]  Device: mps

[2026-05-10 03:46:37.701] [info]  Using sub quadratic optimization for attention, if you have memory or speed issues try using: --use-split-cross-attention

[2026-05-10 03:46:44.968] [info]  Python version: 3.12.11 (main, Aug 18 2025, 19:02:39) [Clang 20.1.4 ]

[2026-05-10 03:46:44.978] [info]  ComfyUI version: 0.20.1

[2026-05-10 03:46:45.008] [info]  comfy-aimdo version: 0.2.14

[2026-05-10 03:46:45.030] [info]  comfy-kitchen version: 0.2.8

[2026-05-10 03:46:45.042] [info]  [Prompt Server] web root: /Users/runner/.comfy-test-cache/desktop/ComfyUI.app/Contents/Resources/ComfyUI/web_custom_versions/desktop_app

[2026-05-10 03:46:45.046] [info]  Asset seeder disabled

[2026-05-10 03:46:45.058] [info]  [START] ComfyUI-Manager

[2026-05-10 03:46:45.368] [info]  [ComfyUI-Manager] Using GitPython backend
[2026-05-10 03:46:45.370] [info]  

[2026-05-10 03:46:45.527] [info]  [ComfyUI-Manager] network_mode: public

[2026-05-10 03:46:45.545] [info]  [ComfyUI-Manager] The matrix sharing feature has been disabled because the `matrix-nio` dependency is not installed.
	To use this feature, please run the following command:
	/Users/runner/Documents/ComfyUI/.venv/bin/python -m pip install matrix-nio


[2026-05-10 03:46:47.991] [error] [comfy-env] Version: 0.3.78
[2026-05-10 03:46:47.992] [error] 

[2026-05-10 03:46:47.993] [info]  [comfy-env] Removed stale socket: /var/folders/tb/y368xp_x10s3ty1b_mtl5mxr0000gn/T/comfy_worker_35f00c1428bc.sock

[2026-05-10 03:46:47.994] [info]  [comfy-env] Removed stale socket: /var/folders/tb/y368xp_x10s3ty1b_mtl5mxr0000gn/T/comfy_worker_d235b635182d.sock

[2026-05-10 03:46:48.088] [info]  [comfy-env] Removed stale temp dir: /var/folders/tb/y368xp_x10s3ty1b_mtl5mxr0000gn/T/comfyui_pvenv__z9w43_l
[2026-05-10 03:46:48.091] [info]  

[2026-05-10 03:46:48.144] [info]  [comfy-env] Removed stale temp dir: /var/folders/tb/y368xp_x10s3ty1b_mtl5mxr0000gn/T/comfyui_pvenv_jxvf656o

[2026-05-10 03:46:48.411] [error] [comfy-env] register_nodes: comfyui-cadabra

[2026-05-10 03:46:48.423] [error] [comfy-env] ComfyUI source dir: /Users/runner/.comfy-test-cache/desktop/ComfyUI.app/Contents/Resources/ComfyUI
[2026-05-10 03:46:48.425] [error] 

[2026-05-10 03:46:48.718] [error] [comfy-env] Scanning nodes metadata (isolation root)...
[2026-05-10 03:46:48.720] [error] 

[2026-05-10 03:46:48.726] [error] [comfy-env] Cache hit for nodes: 39 nodes
[2026-05-10 03:46:48.728] [error] 

[2026-05-10 03:46:48.736] [error] [comfy-env] Scanned nodes root: 39 nodes (0.0s)
[2026-05-10 03:46:48.739] [error] 

[2026-05-10 03:46:48.740] [error] [comfy-env] Imported nodes root: 39 nodes (isolation)
[2026-05-10 03:46:48.742] [error] 

[2026-05-10 03:46:48.746] [error] [comfy-env] Registered 39 total nodes
[2026-05-10 03:46:48.759] [error] 

[2026-05-10 03:46:48.811] [info]  loading...

[2026-05-10 03:46:48.820] [info]  calling register_nodes

[2026-05-10 03:46:48.829] [error] [comfy-env] Version: 0.3.78
[2026-05-10 03:46:48.840] [error] 

[2026-05-10 03:46:48.919] [error] [comfy-env] register_nodes: ComfyUI-GeometryPack
[2026-05-10 03:46:48.922] [error] 

[2026-05-10 03:46:48.946] [error] [comfy-env] ComfyUI source dir: /Users/runner/.comfy-test-cache/desktop/ComfyUI.app/Contents/Resources/ComfyUI

[2026-05-10 03:46:49.022] [error] [comfy-env] Scanning nodes metadata (isolation root)...
[2026-05-10 03:46:49.025] [error] 

[2026-05-10 03:46:49.061] [error] [comfy-env] Cache hit for nodes: 125 nodes
[2026-05-10 03:46:49.069] [error] 

[2026-05-10 03:46:49.072] [error] [comfy-env] Scanned nodes root: 125 nodes (0.0s)
[2026-05-10 03:46:49.075] [error] 

[2026-05-10 03:46:49.078] [error] [comfy-env] Imported nodes root: 125 nodes (isolation)
[2026-05-10 03:46:49.086] [error] 

[2026-05-10 03:46:49.090] [error] [comfy-env] Registered 125 total nodes
[2026-05-10 03:46:49.092] [error] 

[2026-05-10 03:46:49.141] [info]  ComfyUI-Multiband loaded: 15 nodes registered

[2026-05-10 03:46:49.146] [info]  
Import times for custom nodes:

[2026-05-10 03:46:49.157] [info]     0.0 seconds: /Users/runner/.comfy-test-cache/desktop/ComfyUI.app/Contents/Resources/ComfyUI/custom_nodes/websocket_image_save.py

[2026-05-10 03:46:49.159] [info]     0.0 seconds: /Users/runner/Documents/ComfyUI/custom_nodes/ComfyUI-Multiband

[2026-05-10 03:46:49.162] [info]     0.3 seconds: /Users/runner/Documents/ComfyUI/custom_nodes/ComfyUI-GeometryPack
   0.8 seconds: /Users/runner/Documents/ComfyUI/custom_nodes/comfyui-cadabra

[2026-05-10 03:46:49.176] [info]  

[2026-05-10 03:46:49.194] [info]  Context impl SQLiteImpl.

[2026-05-10 03:46:49.208] [info]  Will assume non-transactional DDL.

[2026-05-10 03:46:49.344] [info]  Starting server


[2026-05-10 03:46:49.352] [info]  To see the GUI go to: http://127.0.0.1:8000

[2026-05-10 03:46:51.824] [info]  [ComfyUI-Manager] The ComfyRegistry cache update is still in progress, so an outdated cache is being used.

[2026-05-10 03:46:51.903] [info]  FETCH DATA from: /Users/runner/Documents/ComfyUI/.venv/lib/python3.12/site-packages/comfyui_manager/custom-node-list.json
[2026-05-10 03:46:51.938] [info]   [DONE]

[2026-05-10 03:46:57.189] [info]  [ComfyUI-Manager] The ComfyRegistry cache update is still in progress, so an outdated cache is being used.

[2026-05-10 03:46:57.323] [info]  FETCH DATA from: /Users/runner/Documents/ComfyUI/.venv/lib/python3.12/site-packages/comfyui_manager/custom-node-list.json
[2026-05-10 03:46:57.368] [info]   [DONE]

[2026-05-10 03:47:24.629] [info]  got prompt

[2026-05-10 03:47:24.817] [info]  WARNING: stat: path should be string, bytes, os.PathLike or integer, not NoneType

[2026-05-10 03:47:24.979] [info]  [comfyui-cadabra] python: /Users/runner/Documents/ComfyUI/.ce/.pixi/envs/cadabra-nodes/bin/python
[comfyui-cadabra] sys_path sent to worker: ['/Users/runner/.comfy-test-cache/desktop/ComfyUI.app/Contents/Resources/ComfyUI', '/Users/runner/Documents/ComfyUI/custom_nodes/comfyui-cadabra', '/Users/runner/Documents/ComfyUI/.ce/.pixi/envs/cadabra-nodes/lib/python3.1/site-packages', '/Users/runner/Documents/ComfyUI/custom_nodes/comfyui-cadabra']

[2026-05-10 03:48:02.909] [error] [03:48:02] [CADabra] Starting: STEP ReadFile(file=wc.STEP)

[2026-05-10 03:48:02.924] [error] [worker:comfyui-cadabra] INFO: Starting: STEP ReadFile(file=wc.STEP)
[2026-05-10 03:48:02.927] [error] 

[2026-05-10 03:48:03.040] [error] [03:48:03] [CADabra] Completed: STEP ReadFile(file=wc.STEP) in 0.12s

[2026-05-10 03:48:03.045] [error] [worker:comfyui-cadabra] INFO: Completed: STEP ReadFile(file=wc.STEP) in 0.12s[03:48:03] [CADabra] Starting: STEP TransferRoots(file=wc.STEP)

[2026-05-10 03:48:03.054] [error] 

[2026-05-10 03:48:03.059] [error] [worker:comfyui-cadabra] INFO: Starting: STEP TransferRoots(file=wc.STEP)

[2026-05-10 03:48:03.730] [error] [03:48:03] [CADabra] Completed: STEP TransferRoots(file=wc.STEP) in 0.69s

[2026-05-10 03:48:03.741] [error] [worker:comfyui-cadabra] INFO: Completed: STEP TransferRoots(file=wc.STEP) in 0.69s
[2026-05-10 03:48:03.743] [error] 

[2026-05-10 03:48:03.901] [error] [comfyui-cadabra] Health check: ping (timeout=5.0s)...

[2026-05-10 03:48:03.991] [error] [comfyui-cadabra] Health check: ok
[2026-05-10 03:48:04.008] [error] 

[2026-05-10 03:48:04.061] [error] [03:48:04] [CADabra] Starting: BRepMesh(linear_deflection=0.1, angular_deflection=0.5)

[2026-05-10 03:48:04.063] [error] [worker:comfyui-cadabra] INFO: Starting: BRepMesh(linear_deflection=0.1, angular_deflection=0.5)

[2026-05-10 03:48:04.976] [error] [03:48:04] [CADabra] Completed: BRepMesh(linear_deflection=0.1, angular_deflection=0.5) in 0.92s

[2026-05-10 03:48:04.983] [error] [worker:comfyui-cadabra] INFO: Completed: BRepMesh(linear_deflection=0.1, angular_deflection=0.5) in 0.92s
[2026-05-10 03:48:04.986] [error] 

[2026-05-10 03:48:06.689] [error] [comfyui-cadabra] Health check: ping (timeout=5.0s)...
[comfyui-cadabra] Health check: ok

[2026-05-10 03:48:07.807] [error] [comfyui-cadabra] Health check: ping (timeout=5.0s)...

[2026-05-10 03:48:07.908] [error] [comfyui-cadabra] Health check: ok

[2026-05-10 03:48:08.510] [error] [comfyui-cadabra] Health check: ping (timeout=5.0s)...
[2026-05-10 03:48:08.526] [error] 

[2026-05-10 03:48:08.529] [error] [comfyui-cadabra] Health check: ok
[2026-05-10 03:48:08.577] [error] 

[2026-05-10 03:48:08.736] [error] [comfyui-cadabra] Health check: ping (timeout=5.0s)...

[2026-05-10 03:48:08.757] [error] [comfyui-cadabra] Health check: ok
[2026-05-10 03:48:08.759] [error] 

[2026-05-10 03:48:21.743] [info]  PreviewMultibandImage: Batch=1, Channels=13, Names=['height', 'normal_x', 'normal_y', 'normal_z', 'position_x', 'position_y', 'position_z', 'face_id', 'curv_gauss', 'curv_mean', 'curv_min', 'curv_max', 'hit_mask']
[2026-05-10 03:48:21.825] [info]  

[2026-05-10 03:48:23.106] [info]  Prompt executed in 58.41 seconds

