[2026-05-08 04:28:01.969] [info]  setup plugin alembic.autogenerate.schemas
setup plugin alembic.autogenerate.tables
setup plugin alembic.autogenerate.types
setup plugin alembic.autogenerate.constraints

[2026-05-08 04:28:01.971] [info]  setup plugin alembic.autogenerate.defaults
setup plugin alembic.autogenerate.comments

[2026-05-08 04:28:02.151] [info]  comfy-aimdo os not supported Darwin
NOTE: comfy-aimdo is currently only support for Windows and Linux

[2026-05-08 04:28:02.472] [info]  Adding extra search path custom_nodes /Users/runner/Documents/ComfyUI/custom_nodes
Adding extra search path download_model_base /Users/runner/Documents/ComfyUI/models
Adding extra search path custom_nodes /Users/runner/work/comfy-gpu-ci/comfy-gpu-ci/ComfyUI.app/Contents/Resources/ComfyUI/custom_nodes
Setting output directory to: /Users/runner/Documents/ComfyUI/output
Setting input directory to: /Users/runner/Documents/ComfyUI/input
Setting user directory to: /Users/runner/Documents/ComfyUI/user

[2026-05-08 04:28:04.134] [info]  [START] Security scan
[DONE] Security scan
** ComfyUI startup time: 2026-05-08 04:28:04.133
[2026-05-08 04:28:04.135] [info]  
** Platform: Darwin
** Python version: 3.12.11 (main, Aug 18 2025, 19:02:39) [Clang 20.1.4 ]
** Python executable: /Users/runner/Documents/ComfyUI/.venv/bin/python
** ComfyUI Path: /Users/runner/work/comfy-gpu-ci/comfy-gpu-ci/ComfyUI.app/Contents/Resources/ComfyUI
** ComfyUI Base Folder Path: /Users/runner/work/comfy-gpu-ci/comfy-gpu-ci/ComfyUI.app/Contents/Resources/ComfyUI
** User directory: /Users/runner/Documents/ComfyUI/user
** ComfyUI-Manager config path: /Users/runner/Documents/ComfyUI/user/__manager/config.ini
** Log path: /Users/runner/Documents/ComfyUI/user/comfyui.log

[2026-05-08 04:28:04.675] [info]  [ComfyUI-Manager] Skipped fixing the 'comfyui-frontend-package' dependency because the ComfyUI is outdated.

[2026-05-08 04:28:04.676] [info]  [PRE] ComfyUI-Manager

[2026-05-08 04:28:12.220] [info]  Found comfy_kitchen backend triton: {'available': False, 'disabled': True, 'unavailable_reason': "ImportError: No module named 'triton'", 'capabilities': []}
Found comfy_kitchen backend eager: {'available': True, 'disabled': False, 'unavailable_reason': None, 'capabilities': ['apply_rope', 'apply_rope1', 'dequantize_mxfp8', 'dequantize_nvfp4', 'dequantize_per_tensor_fp8', 'quantize_mxfp8', 'quantize_nvfp4', 'quantize_per_tensor_fp8', 'scaled_mm_mxfp8', 'scaled_mm_nvfp4']}

[2026-05-08 04:28:12.221] [info]  Found comfy_kitchen backend cuda: {'available': False, 'disabled': True, 'unavailable_reason': 'Extension file not found: /Users/runner/Documents/ComfyUI/.venv/lib/python3.12/site-packages/comfy_kitchen/backends/cuda/_C.abi3.so', 'capabilities': []}

[2026-05-08 04:28:12.247] [info]  Checkpoint files will always be loaded safely.

[2026-05-08 04:28:12.335] [info]  Total VRAM 7168 MB, total RAM 7168 MB

[2026-05-08 04:28:12.336] [info]  pytorch version: 2.10.0

[2026-05-08 04:28:12.342] [info]  Mac Version (15, 7, 4)
Set vram state to: SHARED
Device: mps

[2026-05-08 04:28:13.462] [info]  Using sub quadratic optimization for attention, if you have memory or speed issues try using: --use-split-cross-attention

[2026-05-08 04:28:18.303] [info]  Python version: 3.12.11 (main, Aug 18 2025, 19:02:39) [Clang 20.1.4 ]
ComfyUI version: 0.20.1

[2026-05-08 04:28:18.305] [info]  comfy-aimdo version: 0.2.14
comfy-kitchen version: 0.2.8

[2026-05-08 04:28:18.307] [info]  [Prompt Server] web root: /Users/runner/work/comfy-gpu-ci/comfy-gpu-ci/ComfyUI.app/Contents/Resources/ComfyUI/web_custom_versions/desktop_app

[2026-05-08 04:28:18.309] [info]  Asset seeder disabled
[START] ComfyUI-Manager

[2026-05-08 04:28:18.595] [info]  [ComfyUI-Manager] Using GitPython backend

[2026-05-08 04:28:18.675] [info]  [ComfyUI-Manager] network_mode: public

[2026-05-08 04:28:18.682] [info]  [ComfyUI-Manager] The matrix sharing feature has been disabled because the `matrix-nio` dependency is not installed.
	To use this feature, please run the following command:
	/Users/runner/Documents/ComfyUI/.venv/bin/python -m pip install matrix-nio


[2026-05-08 04:28:20.770] [info]  
Import times for custom nodes:

[2026-05-08 04:28:20.771] [info]     0.0 seconds: /Users/runner/work/comfy-gpu-ci/comfy-gpu-ci/ComfyUI.app/Contents/Resources/ComfyUI/custom_nodes/websocket_image_save.py


[2026-05-08 04:28:20.786] [info]  Context impl SQLiteImpl.

[2026-05-08 04:28:20.787] [info]  Will assume non-transactional DDL.

[2026-05-08 04:28:20.795] [info]  Context impl SQLiteImpl.
Will assume non-transactional DDL.

[2026-05-08 04:28:20.798] [info]  Running upgrade  -> 0001_assets, Initial assets schema
Revision ID: 0001_assets
Revises: None
Create Date: 2025-12-10 00:00:00

[2026-05-08 04:28:20.828] [info]  Running upgrade 0001_assets -> 0002_merge_to_asset_references, Merge AssetInfo and AssetCacheState into unified asset_references table.

[2026-05-08 04:28:20.851] [info]  Running upgrade 0002_merge_to_asset_references -> 0003_add_metadata_job_id, Add system_metadata and job_id columns to asset_references.
Change preview_id FK from assets.id to asset_references.id.

[2026-05-08 04:28:20.874] [info]  Database upgraded from None to 0003_add_metadata_job_id

[2026-05-08 04:28:20.923] [info]  Starting server


[2026-05-08 04:28:20.925] [info]  To see the GUI go to: http://127.0.0.1:8000

[2026-05-08 04:29:04.674] [info]  [ComfyUI-Manager] Using uv as Python module for pip operations.

[2026-05-08 04:29:05.475] [error]   0%|          | 0.00/2.83M [00:00<?, ?B/s]
[2026-05-08 04:29:05.576] [error]   3%|▎         | 98.3k/2.83M [00:00<00:02, 974kB/s]
[2026-05-08 04:29:05.679] [error]   7%|▋         | 197k/2.83M [00:00<00:02, 959kB/s] 
[2026-05-08 04:29:05.787] [error]  13%|█▎        | 360k/2.83M [00:00<00:02, 1.23MB/s]
[2026-05-08 04:29:05.888] [error]  19%|█▊        | 524k/2.83M [00:00<00:01, 1.38MB/s]
[2026-05-08 04:29:06.001] [error]  26%|██▌       | 721k/2.83M [00:00<00:01, 1.52MB/s]
[2026-05-08 04:29:06.102] [error]  32%|███▏      | 918k/2.83M [00:00<00:01, 1.66MB/s]
[2026-05-08 04:29:06.202] [error]  68%|██████▊   | 1.93M/2.83M [00:00<00:00, 4.34MB/s]
[2026-05-08 04:29:06.223] [error] 100%|██████████| 2.83M/2.83M [00:00<00:00, 3.78MB/s]

[2026-05-08 04:29:06.261] [info]  Extracted zip file to /Users/runner/Documents/ComfyUI/custom_nodes/comfyui-cadabra

[2026-05-08 04:29:06.266] [info]  Install: pip packages

[2026-05-08 04:29:06.320] [info]  
## ComfyUI-Manager: EXECUTE => 
['/Users/runner/Documents/ComfyUI/.venv/bin/python', '-m', 'uv', 'pip', 
'install', 'comfy-env==0.3.69']

[2026-05-08 04:29:06.468] [error] [!] Using Python 3.12.11 environment at: /Users/runner/Documents/ComfyUI/.venv

[2026-05-08 04:29:06.758] [error] [!] Resolved 16 packages in 223ms

[2026-05-08 04:29:06.761] [error] [!]
[2026-05-08 04:29:06.764] [error]  Downloading virtualenv (7.2MiB)

[2026-05-08 04:29:06.901] [error] [!] 
[2026-05-08 04:29:06.906] [error]  Downloaded virtualenv

[2026-05-08 04:29:06.909] [error] [!] Prepared 12 packages in 174ms

[2026-05-08 04:29:06.918] [error] [!] Uninstalled 1 package in 12ms

[2026-05-08 04:29:06.966] [error] [!]
[2026-05-08 04:29:06.971] [error]  Installed 12 packages in 47ms
[!]  + cfgv==3.5.0
[!]  + comfy-env==0.3.69
[!]  + distlib==0.4.0

[2026-05-08 04:29:06.974] [error] [!]
[2026-05-08 04:29:06.975] [error]   - filelock==3.20.3
[!]  + filelock==3.29.0
[!]  + identify==2.6.19
[!]  + nodeenv==1.10.0
[!]  + platformdirs==4.9.6
[!]  + pre-commit==4.6.0
[!]  + python-discovery==1.3.0
[!]  + tomli==2.4.1
[!]  + tomli-w==1.2.0

[2026-05-08 04:29:06.975] [error] [!]  + virtualenv==21.3.1

[2026-05-08 04:29:06.989] [info]  
## ComfyUI-Manager: EXECUTE => 
['/Users/runner/Documents/ComfyUI/.venv/bin/python', '-m', 'uv', 'pip', 
'install', 'comfy-3d-viewers==0.2.44']

[2026-05-08 04:29:07.086] [error] [!]
[2026-05-08 04:29:07.088] [error]  Using Python 3.12.11 environment at: /Users/runner/Documents/ComfyUI/.venv

[2026-05-08 04:29:07.137] [error] [!] Resolved 1 package in 31ms

[2026-05-08 04:29:07.144] [error] [!] Downloading comfy-3d-viewers (1.2MiB)

[2026-05-08 04:29:07.250] [error] [!]  Downloaded comfy-3d-viewers
[!] Prepared 1 package in 91ms

[2026-05-08 04:29:07.260] [error] [!] Installed 1 package in 13ms
[!]  + comfy-3d-viewers==0.2.44

[2026-05-08 04:29:07.274] [info]  
## ComfyUI-Manager: EXECUTE => 
['/Users/runner/Documents/ComfyUI/.venv/bin/python', '-m', 'uv', 'pip', 
'install', 'trimesh']

[2026-05-08 04:29:07.338] [error] [!]
[2026-05-08 04:29:07.345] [error]  Using Python 3.12.11 environment at: /Users/runner/Documents/ComfyUI/.venv

[2026-05-08 04:29:07.566] [error] [!] Resolved 31 packages in 211ms

[2026-05-08 04:29:07.604] [error] [!] Downloading lxml (8.2MiB)
[!] Downloading shapely (1.6MiB)

[2026-05-08 04:29:07.625] [error] [!] Downloading embreex (4.9MiB)

[2026-05-08 04:29:08.009] [error] [!]  Downloaded embreex

[2026-05-08 04:29:08.144] [error] [!]
[2026-05-08 04:29:08.146] [error]   Downloaded shapely

[2026-05-08 04:29:08.171] [error] [!]
[2026-05-08 04:29:08.176] [error]   Downloaded lxml
[!] Prepared 18 packages in 599ms

[2026-05-08 04:29:08.214] [error] [!] Installed 18 packages in 40ms
[!]  + colorlog==6.10.1
[!]  + embreex==4.4.0

[2026-05-08 04:29:08.215] [error] [!]  + jsonschema==4.26.0
[!]  + jsonschema-specifications==2025.9.1
[!]  + lxml==6.1.0
[!]  + manifold3d==3.4.1
[!]  + mapbox-earcut==2.0.0
[!]  + pycollada==0.9.3
[!]  + python-dateutil==2.9.0.post0
[!]  + referencing==0.37.0
[!] 
[2026-05-08 04:29:08.217] [error]  + rpds-py==0.30.0
[!]  + rtree==1.4.1
[!]  + shapely==2.1.2
[!]  + six==1.17.0
[!]  + svg-path==7.0
[!]  + trimesh==4.12.2
[!]  + vhacdx==0.0.10

[2026-05-08 04:29:08.222] [error] [!]  + xxhash==3.7.0

[2026-05-08 04:29:08.461] [info]  [ComfyUI-Manager] Skipped fixing the 'comfyui-frontend-package' dependency because the ComfyUI is outdated.
Install: install script

## ComfyUI-Manager: EXECUTE => 
['/Users/runner/Documents/ComfyUI/.venv/bin/python', 'install.py']

[2026-05-08 04:29:08.720] [info]   
 Installing 2 node dependencies...
   Cloning ComfyUI-GeometryPack...

[2026-05-08 04:29:11.912] [info]     Installing requirements for ComfyUI-GeometryPack...

[2026-05-08 04:29:11.975] [info]     Running install.py for ComfyUI-GeometryPack...

[2026-05-08 04:29:12.153] [error] [!] [comfy-env] pixi not found, downloading...

[2026-05-08 04:29:13.191] [error] [!] [comfy-env] pixi installed: /Users/runner/.pixi/bin/pixi

[2026-05-08 04:29:13.237] [info]   [comfy-env] Workspace: /Users/runner/Documents/ComfyUI/.ce
 [comfy-env] ComfyUI: /Users/runner/Documents/ComfyUI
 [comfy-env] Found 4 node config(s):
   - geometrypack-blender <- custom_nodes/ComfyUI-GeometryPack/nodes/blender/comfy-env.toml (python=3.11)
   - geometrypack-gpu <- custom_nodes/ComfyUI-GeometryPack/nodes/gpu/comfy-env.toml (python=host)
   - geometrypack-main <- custom_nodes/ComfyUI-GeometryPack/nodes/main/comfy-env.toml (python=host)
   - cadabra-nodes <- custom_nodes/comfyui-cadabra/nodes/comfy-env.toml (python=3.12)
 [comfy-env] Bootstrap interpreter has python 3.12 + torch 2.10.0 (cpu). Looking for cuda-only wheels matching cpu/torch2.10/cp312.
 [comfy-env] Root conda deps from ComfyUI-GeometryPack: ['av', 'ffmpeg']
 [comfy-env] Root conda deps from comfyui-cadabra: ['av', 'ffmpeg']
 [comfy-env] WARNING: /Users/runner/Documents/ComfyUI/requirements.txt not found -- comfyui feature will be empty
 [comfy-env] Root conda deps injected into comfyui feature: ['av', 'ffmpeg']
 Generated /Users/runner/Documents/ComfyUI/.ce/pixi.toml
 [comfy-env] Installing 4 environment(s):
   - geometrypack-blender (python=3.11, 2 pypi deps)
   - geometrypack-gpu (python=host, 2 pypi deps, 1 cuda wheels)
   - geometrypack-main (python=host, 12 pypi deps)
   - cadabra-nodes (python=3.12, 10 pypi deps)
 [comfy-env] Running `pixi install --all`...

[2026-05-08 04:29:29.063] [info]      WARN Skipped running the post-link scripts because `run-post-link-scripts` = `false`

[2026-05-08 04:29:29.067] [info]     	- bin/.librsvg-pre-unlink.sh
   To enable them, run:
   	pixi config set --local run-post-link-scripts insecure
   More info:
   	https://pixi.sh/latest/reference/pixi_configuration/#run-post-link-scripts

[2026-05-08 04:29:31.951] [info]   
[2026-05-08 04:29:31.953] [info]     WARN Skipped running the post-link scripts because `run-post-link-scripts` = `false`
   	- bin/.librsvg-pre-unlink.sh
   To enable them, run:
   	pixi config set --local run-post-link-scripts insecure
   More info:
   	https://pixi.sh/latest/reference/pixi_configuration/#run-post-link-scripts

[2026-05-08 04:29:34.054] [info]      WARN Skipped running the post-link scripts because `run-post-link-scripts` = `false`

[2026-05-08 04:29:34.058] [info]     	- bin/.librsvg-pre-unlink.sh
   To enable them, run:
   	pixi config set --local run-post-link-scripts insecure
   More info:
   	https://pixi.sh/latest/reference/pixi_configuration/#run-post-link-scripts

[2026-05-08 04:29:40.513] [error] /Users/runner/.local/share/uv/python/cpython-3.12.11-macos-aarch64-none/lib/python3.12/multiprocessing/resource_tracker.py:279: UserWarning: resource_tracker: There appear to be 1 leaked semaphore objects to clean up at shutdown
  warnings.warn('resource_tracker: There appear to be %d '

