[2026-05-12 15:45:08.122] [info]  Using uv at /Users/runner/.comfy-test-cache/desktop/ComfyUI.app/Contents/Resources/uv/macos/uv
[2026-05-12 15:45:08.123] [info]  Install state: installed
[2026-05-12 15:45:08.123] [info]  Validating installation. Recorded state: [installed]
[2026-05-12 15:45:08.129] [info]  Running uv command directly: pip install --dry-run -r /Users/runner/.comfy-test-cache/desktop/ComfyUI.app/Contents/Resources/ComfyUI/requirements.txt
[2026-05-12 15:45:08.129] [info]  Running uv child process: uv pip install --dry-run -r /Users/runner/.comfy-test-cache/desktop/ComfyUI.app/Contents/Resources/ComfyUI/requirements.txt
[2026-05-12 15:45:08.131] [info]  Running command: /Users/runner/.comfy-test-cache/desktop/ComfyUI.app/Contents/Resources/uv/macos/uv pip install --dry-run -r /Users/runner/.comfy-test-cache/desktop/ComfyUI.app/Contents/Resources/ComfyUI/requirements.txt in /Users/runner/Documents/ComfyUI
[2026-05-12 15:45:08.788] [info]  Running uv command directly: pip install --dry-run -r /Users/runner/.comfy-test-cache/desktop/ComfyUI.app/Contents/Resources/ComfyUI/manager_requirements.txt
[2026-05-12 15:45:08.788] [info]  Running uv child process: uv pip install --dry-run -r /Users/runner/.comfy-test-cache/desktop/ComfyUI.app/Contents/Resources/ComfyUI/manager_requirements.txt
[2026-05-12 15:45:08.789] [info]  Running command: /Users/runner/.comfy-test-cache/desktop/ComfyUI.app/Contents/Resources/uv/macos/uv pip install --dry-run -r /Users/runner/.comfy-test-cache/desktop/ComfyUI.app/Contents/Resources/ComfyUI/manager_requirements.txt in /Users/runner/Documents/ComfyUI
[2026-05-12 15:45:08.921] [info]  Validation result: isValid:true, state:installed {"inProgress":false,"installState":"installed","basePath":"OK","venvDirectory":"OK","pythonInterpreter":"OK","uv":"OK","pythonPackages":"OK","git":"OK","vcRedist":"skipped"}
[2026-05-12 15:45:09.401] [info]  Server start
[2026-05-12 15:45:09.471] [info]  Running command: /Users/runner/Documents/ComfyUI/.venv/bin/python /Users/runner/.comfy-test-cache/desktop/ComfyUI.app/Contents/Resources/ComfyUI/main.py --user-directory /Users/runner/Documents/ComfyUI/user --input-directory /Users/runner/Documents/ComfyUI/input --output-directory /Users/runner/Documents/ComfyUI/output --front-end-root /Users/runner/.comfy-test-cache/desktop/ComfyUI.app/Contents/Resources/ComfyUI/web_custom_versions/desktop_app --base-directory /Users/runner/Documents/ComfyUI --database-url sqlite:////Users/runner/Documents/ComfyUI/user/comfyui.db --extra-model-paths-config /Users/runner/Library/Application Support/ComfyUI/extra_models_config.yaml --log-stdout --listen 127.0.0.1 --port 8000 --enable-manager in /Users/runner/Documents/ComfyUI
[2026-05-12 15:45:09.652] [info]  Received renderer-ready message!
[2026-05-12 15:45:09.655] [info]  Sending queued message {"channel":"validation-update","data":{"inProgress":false,"installState":"installed","basePath":"OK","venvDirectory":"OK","pythonInterpreter":"OK","uv":"OK","pythonPackages":"OK","git":"OK","vcRedist":"skipped"}}
[2026-05-12 15:45:09.658] [info]  Sending queued message {"channel":"validation-update","data":{"inProgress":false,"installState":"installed","basePath":"OK","venvDirectory":"OK","pythonInterpreter":"OK","uv":"OK","pythonPackages":"OK","git":"OK","vcRedist":"skipped"}}
[2026-05-12 15:45:09.659] [info]  Sending queued message {"channel":"validation-update","data":{"inProgress":false,"installState":"installed","basePath":"OK","venvDirectory":"OK","pythonInterpreter":"OK","uv":"OK","pythonPackages":"OK","git":"OK","vcRedist":"skipped"}}
[2026-05-12 15:45:09.659] [info]  Sending queued message {"channel":"validation-update","data":{"inProgress":false,"installState":"installed","basePath":"OK","venvDirectory":"OK","pythonInterpreter":"OK","uv":"OK","pythonPackages":"OK","git":"OK","vcRedist":"skipped"}}
[2026-05-12 15:45:09.659] [info]  Sending queued message {"channel":"validation-update","data":{"inProgress":false,"installState":"installed","basePath":"OK","venvDirectory":"OK","pythonInterpreter":"OK","uv":"OK","pythonPackages":"OK","git":"OK","vcRedist":"skipped"}}
[2026-05-12 15:45:09.665] [info]  Sending queued message {"channel":"validation-update","data":{"inProgress":false,"installState":"installed","basePath":"OK","venvDirectory":"OK","pythonInterpreter":"OK","uv":"OK","pythonPackages":"OK","git":"OK","vcRedist":"skipped"}}
[2026-05-12 15:45:09.669] [info]  Sending queued message {"channel":"validation-update","data":{"inProgress":false,"installState":"installed","basePath":"OK","venvDirectory":"OK","pythonInterpreter":"OK","uv":"OK","pythonPackages":"OK","git":"OK","vcRedist":"skipped"}}
[2026-05-12 15:45:09.673] [info]  Sending queued message {"channel":"validation-update","data":{"inProgress":false,"installState":"installed","basePath":"OK","venvDirectory":"OK","pythonInterpreter":"OK","uv":"OK","pythonPackages":"OK","git":"OK","vcRedist":"skipped"}}
[2026-05-12 15:45:09.683] [info]  Sending queued message {"channel":"validation-update","data":{"inProgress":false,"installState":"installed","basePath":"OK","venvDirectory":"OK","pythonInterpreter":"OK","uv":"OK","pythonPackages":"OK","git":"OK","vcRedist":"skipped"}}
[2026-05-12 15:45:09.684] [info]  Sending queued message {"channel":"validation-update","data":{"inProgress":false,"installState":"installed","basePath":"OK","venvDirectory":"OK","pythonInterpreter":"OK","uv":"OK","pythonPackages":"OK","git":"OK","vcRedist":"skipped"}}
[2026-05-12 15:45:09.685] [info]  Sending queued message {"channel":"loading-progress","data":{"status":"starting-server"}}
[2026-05-12 15:45:33.699] [info]  Python server is ready
[2026-05-12 15:45:39.400] [error] @todesktop/runtime: alwaysResolve: Promise timed out after 30000ms
[2026-05-12 15:45:39.486] [info]  @todesktop/runtime: Checking for update
[2026-05-12 15:45:39.487] [info]  @todesktop/runtime: AutoUpdater: checking-for-update
[2026-05-12 15:45:39.826] [info]  @todesktop/runtime: Update for version 0.9.0 is not available (latest version: 0.9.0, downgrade is allowed).
[2026-05-12 15:45:39.827] [info]  @todesktop/runtime: AutoUpdater: update-not-available {"version":"0.9.0","files":[{"url":"ComfyUI 0.9.0 - Build 260511b0i6pk3th-arm64-mac.zip","sha512":"CUQGJKsA5+NxcDfGhFmnJrR5xN/NG0/gkZ8hPfw4vtJGREFgum2qOAC4FS3aMz2LH1JaOLMocY/7elYPqu9DtA==","size":167188338},{"url":"ComfyUI 0.9.0 - Build 260511b0i6pk3th-arm64.dmg","sha512":"YSmVGz3ujnVDM9uIsdm2dzsN7QNgMSV08Uy7ymtL84NO34WnE837EndVVtaQKzzt/Rq9QqJxPBGfN6fz58vxHQ==","size":173405277}],"path":"ComfyUI 0.9.0 - Build 260511b0i6pk3th-arm64-mac.zip","sha512":"CUQGJKsA5+NxcDfGhFmnJrR5xN/NG0/gkZ8hPfw4vtJGREFgum2qOAC4FS3aMz2LH1JaOLMocY/7elYPqu9DtA==","releaseDate":"2026-05-11T19:34:33.997Z"}
[2026-05-12 15:46:34.014] [info]  Before-quit: Killing Python server
[2026-05-12 15:46:34.016] [info]  Killing ComfyUI python server.
[2026-05-12 15:46:34.026] [info]  App window closed.
[2026-05-12 15:46:34.135] [error] Python process exited with code null and signal SIGTERM
[2026-05-12 15:46:40.541] [info]  Starting app v0.9.0
