[2026-05-18 18:36:02.307] [info]  Using uv at /Users/runner/.comfy-test-cache/desktop/ComfyUI.app/Contents/Resources/uv/macos/uv
[2026-05-18 18:36:02.308] [info]  Install state: installed
[2026-05-18 18:36:02.309] [info]  Validating installation. Recorded state: [installed]
[2026-05-18 18:36:02.313] [info]  Running uv command directly: pip install --dry-run -r /Users/runner/.comfy-test-cache/desktop/ComfyUI.app/Contents/Resources/ComfyUI/requirements.txt
[2026-05-18 18:36:02.314] [info]  Running uv child process: uv pip install --dry-run -r /Users/runner/.comfy-test-cache/desktop/ComfyUI.app/Contents/Resources/ComfyUI/requirements.txt
[2026-05-18 18:36:02.314] [info]  Running command: /Users/runner/.comfy-test-cache/desktop/ComfyUI.app/Contents/Resources/uv/macos/uv pip install --dry-run -r /Users/runner/.comfy-test-cache/desktop/ComfyUI.app/Contents/Resources/ComfyUI/requirements.txt in /Users/runner/Documents/ComfyUI
[2026-05-18 18:36:02.761] [info]  Running uv command directly: pip install --dry-run -r /Users/runner/.comfy-test-cache/desktop/ComfyUI.app/Contents/Resources/ComfyUI/manager_requirements.txt
[2026-05-18 18:36:02.762] [info]  Running uv child process: uv pip install --dry-run -r /Users/runner/.comfy-test-cache/desktop/ComfyUI.app/Contents/Resources/ComfyUI/manager_requirements.txt
[2026-05-18 18:36:02.762] [info]  Running command: /Users/runner/.comfy-test-cache/desktop/ComfyUI.app/Contents/Resources/uv/macos/uv pip install --dry-run -r /Users/runner/.comfy-test-cache/desktop/ComfyUI.app/Contents/Resources/ComfyUI/manager_requirements.txt in /Users/runner/Documents/ComfyUI
[2026-05-18 18:36:02.905] [info]  Validation result: isValid:true, state:installed {"inProgress":false,"installState":"installed","basePath":"OK","venvDirectory":"OK","pythonInterpreter":"OK","uv":"OK","pythonPackages":"OK","git":"OK","vcRedist":"skipped"}
[2026-05-18 18:36:03.297] [info]  Server start
[2026-05-18 18:36:03.349] [info]  Running command: /Users/runner/Documents/ComfyUI/.venv/bin/python /Users/runner/.comfy-test-cache/desktop/ComfyUI.app/Contents/Resources/ComfyUI/main.py --user-directory /Users/runner/Documents/ComfyUI/user --input-directory /Users/runner/Documents/ComfyUI/input --output-directory /Users/runner/Documents/ComfyUI/output --front-end-root /Users/runner/.comfy-test-cache/desktop/ComfyUI.app/Contents/Resources/ComfyUI/web_custom_versions/desktop_app --base-directory /Users/runner/Documents/ComfyUI --database-url sqlite:////Users/runner/Documents/ComfyUI/user/comfyui.db --extra-model-paths-config /Users/runner/Library/Application Support/ComfyUI/extra_models_config.yaml --log-stdout --listen 127.0.0.1 --port 8000 --enable-manager in /Users/runner/Documents/ComfyUI
[2026-05-18 18:36:03.441] [info]  Received renderer-ready message!
[2026-05-18 18:36:03.442] [info]  Sending queued message {"channel":"validation-update","data":{"inProgress":false,"installState":"installed","basePath":"OK","venvDirectory":"OK","pythonInterpreter":"OK","uv":"OK","pythonPackages":"OK","git":"OK","vcRedist":"skipped"}}
[2026-05-18 18:36:03.442] [info]  Sending queued message {"channel":"validation-update","data":{"inProgress":false,"installState":"installed","basePath":"OK","venvDirectory":"OK","pythonInterpreter":"OK","uv":"OK","pythonPackages":"OK","git":"OK","vcRedist":"skipped"}}
[2026-05-18 18:36:03.443] [info]  Sending queued message {"channel":"validation-update","data":{"inProgress":false,"installState":"installed","basePath":"OK","venvDirectory":"OK","pythonInterpreter":"OK","uv":"OK","pythonPackages":"OK","git":"OK","vcRedist":"skipped"}}
[2026-05-18 18:36:03.444] [info]  Sending queued message {"channel":"validation-update","data":{"inProgress":false,"installState":"installed","basePath":"OK","venvDirectory":"OK","pythonInterpreter":"OK","uv":"OK","pythonPackages":"OK","git":"OK","vcRedist":"skipped"}}
[2026-05-18 18:36:03.445] [info]  Sending queued message {"channel":"validation-update","data":{"inProgress":false,"installState":"installed","basePath":"OK","venvDirectory":"OK","pythonInterpreter":"OK","uv":"OK","pythonPackages":"OK","git":"OK","vcRedist":"skipped"}}
[2026-05-18 18:36:03.445] [info]  Sending queued message {"channel":"validation-update","data":{"inProgress":false,"installState":"installed","basePath":"OK","venvDirectory":"OK","pythonInterpreter":"OK","uv":"OK","pythonPackages":"OK","git":"OK","vcRedist":"skipped"}}
[2026-05-18 18:36:03.445] [info]  Sending queued message {"channel":"validation-update","data":{"inProgress":false,"installState":"installed","basePath":"OK","venvDirectory":"OK","pythonInterpreter":"OK","uv":"OK","pythonPackages":"OK","git":"OK","vcRedist":"skipped"}}
[2026-05-18 18:36:03.446] [info]  Sending queued message {"channel":"validation-update","data":{"inProgress":false,"installState":"installed","basePath":"OK","venvDirectory":"OK","pythonInterpreter":"OK","uv":"OK","pythonPackages":"OK","git":"OK","vcRedist":"skipped"}}
[2026-05-18 18:36:03.446] [info]  Sending queued message {"channel":"validation-update","data":{"inProgress":false,"installState":"installed","basePath":"OK","venvDirectory":"OK","pythonInterpreter":"OK","uv":"OK","pythonPackages":"OK","git":"OK","vcRedist":"skipped"}}
[2026-05-18 18:36:03.446] [info]  Sending queued message {"channel":"validation-update","data":{"inProgress":false,"installState":"installed","basePath":"OK","venvDirectory":"OK","pythonInterpreter":"OK","uv":"OK","pythonPackages":"OK","git":"OK","vcRedist":"skipped"}}
[2026-05-18 18:36:03.446] [info]  Sending queued message {"channel":"loading-progress","data":{"status":"starting-server"}}
[2026-05-18 18:36:21.512] [info]  Python server is ready
[2026-05-18 18:36:33.310] [error] @todesktop/runtime: alwaysResolve: Promise timed out after 30000ms
[2026-05-18 18:36:33.422] [info]  @todesktop/runtime: Checking for update
[2026-05-18 18:36:33.422] [info]  @todesktop/runtime: AutoUpdater: checking-for-update
[2026-05-18 18:36:33.901] [info]  @todesktop/runtime: Update for version 0.9.1 is not available (latest version: 0.9.1, downgrade is allowed).
[2026-05-18 18:36:33.902] [info]  @todesktop/runtime: AutoUpdater: update-not-available {"version":"0.9.1","files":[{"url":"ComfyUI 0.9.1 - Build 260514248i6bhdm-arm64-mac.zip","sha512":"/AGMXyRyFma4KxmASmczGWuuDPNlg0Hab0mhmybNig0ocOq84jixGr+XVfyHwgwhJcGXrWWKbBJ7eg+qG/xe2g==","size":167218403},{"url":"ComfyUI 0.9.1 - Build 260514248i6bhdm-arm64.dmg","sha512":"hUyv2ya1Yz3PV6uVTYI7fJ16ZO4nbnCqRVmu33fzCXpnUOsq0yC5oMR9nwavZaqWc5RbKGX7KQAz/o9bvvgFiQ==","size":173433303}],"path":"ComfyUI 0.9.1 - Build 260514248i6bhdm-arm64-mac.zip","sha512":"/AGMXyRyFma4KxmASmczGWuuDPNlg0Hab0mhmybNig0ocOq84jixGr+XVfyHwgwhJcGXrWWKbBJ7eg+qG/xe2g==","releaseDate":"2026-05-14T00:39:36.265Z"}
[2026-05-18 18:37:26.808] [info]  Before-quit: Killing Python server
[2026-05-18 18:37:26.845] [info]  Killing ComfyUI python server.
[2026-05-18 18:37:26.876] [info]  App window closed.
[2026-05-18 18:37:27.003] [error] Python process exited with code null and signal SIGTERM
[2026-05-18 18:37:33.178] [info]  Starting app v0.9.1
