[00:00] Crash dump logging enabled: D:\a\comfy-gpu-ci\comfy-gpu-ci\comfy-test-logs\CADabra-0812\windows-cpu\crash_dump.log
[00:00] 
[00:00] [1/3] REGISTRATION
[00:00] ----------------------------------------
[00:00] 
[DEBUG] server=None, server_url=http://127.0.0.1:8188, api=None
[00:00] 
Connecting to existing server at http://127.0.0.1:8188...
[00:00] Connecting to existing server at http://127.0.0.1:8188...
[00:00] Connected to server! (attempt 1, 0.0s)
[00:00] Checking for import errors in server logs...
[00:00] No import errors detected
[00:00] Found 878 registered nodes
[00:00] [REGISTRATION] PASSED
[00:00] 
[00:00] [2/3] INSTANTIATION
[00:00] ----------------------------------------
[00:00] 
[DEBUG] server=<comfy_test.comfyui.server.ExternalComfyUIServer object at 0x0000022650264710>, server_url=http://127.0.0.1:8188, api=<comfy_test.comfyui.api.ComfyUIAPI object at 0x0000022652D8A750>
[00:00] Testing node constructors...
[00:03] All 39 node(s) instantiated successfully!
[00:03] [INSTANTIATION] PASSED
[00:03] 
[00:03] [3/3] EXECUTION
[00:03] ----------------------------------------
[00:03] 
[DEBUG] server=<comfy_test.comfyui.server.ExternalComfyUIServer object at 0x0000022650264710>, server_url=http://127.0.0.1:8188, api=<comfy_test.comfyui.api.ComfyUIAPI object at 0x0000022652D8A750>
[00:03] CPU runner - will execute 8 workflow(s)
[00:03] Running 8 workflow(s) (all with videos)...
[00:03] Starting headless browser...
[00:04]   Downloading Mesa llvmpipe for Windows...
[00:08]   Copied opengl32.dll to Chromium dir
[00:08]   Copied libgallium_wgl.dll to Chromium dir
[00:08]   Using Mesa llvmpipe (desktop GL) — multithreaded CPU rendering
[00:09] Capturing execution frames: analyse_CAD.json
[00:20]   Frame 1 saved (frame_000.jpg, t=0.0s)
[00:20]   Validating workflow...
[00:20]   Queuing workflow for execution...
[00:22]   Frame 2 saved (frame_001.jpg, t=2.3s)
[00:22]   [capture-periodic] freeze=8ms shot=139ms unfreeze=5ms saved=True
[00:24]   Frame 3 saved (frame_002.jpg, t=4.5s)
[00:24]   [capture-periodic] freeze=6ms shot=113ms unfreeze=4ms saved=True
[00:26]   [capture-loop] iter=50 t=6.3s state={'complete': False, 'error': None, 'executedCount': 0, 'wsState': 1} eval_ms=8 ram=5.0/16.0GB (31%) swap=0.3/2.9GB (9%) cpu=38% browser_rss=0.75GB
[00:32]   [capture-loop] iter=100 t=12.9s state={'complete': False, 'error': None, 'executedCount': 0, 'wsState': 1} eval_ms=7 ram=5.1/16.0GB (32%) swap=0.3/2.9GB (9%) cpu=61% browser_rss=0.74GB
[00:38]   Frame 4 saved (frame_003.jpg, t=17.6s)
[00:38]   [capture-periodic] freeze=37ms shot=186ms unfreeze=26ms saved=True
[00:39]   [capture-loop] iter=150 t=19.3s state={'complete': False, 'error': None, 'executedCount': 0, 'wsState': 1} eval_ms=7 ram=5.3/16.0GB (33%) swap=0.3/2.9GB (9%) cpu=68% browser_rss=0.75GB
[00:44]   Frame 5 saved (frame_004.jpg, t=24.4s)
[00:44]   [capture-periodic] freeze=6ms shot=137ms unfreeze=10ms saved=True
[00:44]   Node executed (1 total), capturing...
[00:45]   Frame 6 saved (frame_005.jpg, t=24.8s)
[00:45]   [capture-node] freeze=4ms shot=113ms unfreeze=7ms saved=True
[00:45]   Node executed (2 total), capturing...
[00:45]   Frame 7 saved (frame_006.jpg, t=25.4s)
[00:45]   [capture-node] freeze=27ms shot=204ms unfreeze=9ms saved=True
[00:45]   Node executed (4 total), capturing...
[00:46]   Frame 8 saved (frame_007.jpg, t=26.0s)
[00:46]   [capture-node] freeze=49ms shot=139ms unfreeze=5ms saved=True
[00:46]   Node executed (5 total), capturing...
[00:47]   Frame 9 saved (frame_008.jpg, t=26.7s)
[00:47]   [capture-node] freeze=56ms shot=930ms unfreeze=0ms saved=True
[00:47]   Execution complete (t=26.7s)
[00:47]   Captured 9 unique frames over 27.73s
[00:47]   [debug] iframes: 3
[00:47]   [debug]   iframe[0]: src=http://127.0.0.1:8188/extensions/ComfyUI-CADabra/viewer_cad_edge_detail.html?v=1, canvas=244x381, rafFrozen=True
[00:47]   [debug]   iframe[1]: src=http://127.0.0.1:8188/extensions/ComfyUI-CADabra/viewer_cad_edge.html?v=17782279, canvas=244x260, rafFrozen=True
[00:47]   [debug]   iframe[2]: src=http://127.0.0.1:8188/extensions/ComfyUI-CADabra/viewer_cad_analysis.html?v=1778, canvas=480x279, rafFrozen=True
[00:47]   [timing] trigger_3d_previews: 0.0s
[00:50]   Saved high-quality screenshot: analyse_CAD_executed.png
[00:50]   [timing] final_screenshot: 0.2s
[00:50] Capturing execution frames: cad_manipulation.json
[00:58]   Frame 1 saved (frame_000.jpg, t=0.0s)
[00:58]   Validating workflow...
[00:58]   Queuing workflow for execution...
[00:58]   Node executed (1 total), capturing...
[00:59]   Frame 2 saved (frame_001.jpg, t=1.3s)
[00:59]   [capture-node] freeze=41ms shot=156ms unfreeze=5ms saved=True
[00:59]   Node executed (2 total), capturing...
[01:00]   [capture-node] freeze=29ms shot=151ms unfreeze=7ms saved=False
[01:02]   Frame 3 saved (frame_002.jpg, t=4.3s)
[01:02]   [capture-periodic] freeze=24ms shot=160ms unfreeze=7ms saved=True
[01:07]   [capture-loop] iter=50 t=9.9s state={'complete': False, 'error': None, 'executedCount': 2, 'wsState': 1} eval_ms=29 ram=5.3/16.0GB (33%) swap=0.3/2.9GB (9%) cpu=67% browser_rss=0.84GB
[01:09]   Frame 4 saved (frame_003.jpg, t=11.1s)
[01:09]   [capture-periodic] freeze=47ms shot=178ms unfreeze=7ms saved=True
[01:09]   Node executed (3 total), capturing...
[01:09]   [capture-node] freeze=24ms shot=160ms unfreeze=0ms saved=False
[01:09]   Execution complete (t=11.8s)
[01:09]   Captured 4 unique frames over 11.97s
[01:09]   [debug] iframes: 2
[01:09]   [debug]   iframe[0]: src=http://127.0.0.1:8188/extensions/ComfyUI-CADabra/viewer_cad_analysis.html?v=1778, canvas=372x498, rafFrozen=True
[01:09]   [debug]   iframe[1]: src=http://127.0.0.1:8188/extensions/ComfyUI-CADabra/viewer_cad_analysis.html?v=1778, canvas=272x498, rafFrozen=True
[01:09]   [timing] trigger_3d_previews: 0.0s
[01:12]   Saved high-quality screenshot: cad_manipulation_executed.png
[01:12]   [timing] final_screenshot: 0.2s
[01:12] Capturing execution frames: cad_quality_metrics.json
[01:18]   Frame 1 saved (frame_000.jpg, t=0.0s)
[01:18]   Validating workflow...
[01:18]   Queuing workflow for execution...
[01:21]   Frame 2 saved (frame_001.jpg, t=2.2s)
[01:21]   [capture-periodic] freeze=6ms shot=133ms unfreeze=5ms saved=True
[01:23]   Frame 3 saved (frame_002.jpg, t=4.4s)
[01:23]   [capture-periodic] freeze=7ms shot=107ms unfreeze=7ms saved=True
[01:24]   [capture-loop] iter=50 t=6.1s state={'complete': False, 'error': None, 'executedCount': 0, 'wsState': 1} eval_ms=7 ram=5.3/16.0GB (33%) swap=0.3/2.9GB (9%) cpu=50% browser_rss=0.74GB
[01:28]   Node executed (1 total), capturing...
[01:31]   Frame 4 saved (frame_003.jpg, t=10.0s)
[01:31]   [capture-node] freeze=2173ms shot=517ms unfreeze=5ms saved=True
[01:31]   Node executed (2 total), capturing...
[01:32]   [capture-node] freeze=164ms shot=443ms unfreeze=0ms saved=False
[01:32]   Execution complete (t=13.2s)
[01:32]   Captured 4 unique frames over 13.82s
[01:32]   [debug] iframes: 1
[01:32]   [debug]   iframe[0]: src=http://127.0.0.1:8188/extensions/ComfyUI-CADabra/viewer_cad_analysis.html?v=1778, canvas=372x498, rafFrozen=True
[01:32]   [timing] trigger_3d_previews: 0.0s
[01:34]   Saved high-quality screenshot: cad_quality_metrics_executed.png
[01:34]   [timing] final_screenshot: 0.2s
[01:34] Capturing execution frames: edge_analysis.json
[01:41]   Frame 1 saved (frame_000.jpg, t=0.0s)
[01:41]   Validating workflow...
[01:41]   Queuing workflow for execution...
[01:41]   Node executed (2 total), capturing...
[01:41]   Frame 2 saved (frame_001.jpg, t=0.8s)
[01:41]   [capture-node] freeze=5ms shot=118ms unfreeze=6ms saved=True
[01:42]   Node executed (3 total), capturing...
[01:42]   [capture-node] freeze=5ms shot=105ms unfreeze=0ms saved=False
[01:42]   Execution complete (t=1.2s)
[01:42]   Captured 2 unique frames over 1.28s
[01:42]   [debug] iframes: 2
[01:42]   [debug]   iframe[0]: src=http://127.0.0.1:8188/extensions/ComfyUI-CADabra/viewer_cad_edge_detail.html?v=1, canvas=244x381, rafFrozen=True
[01:42]   [debug]   iframe[1]: src=http://127.0.0.1:8188/extensions/ComfyUI-CADabra/viewer_cad_edge.html?v=17782280, canvas=347x269, rafFrozen=True
[01:42]   [timing] trigger_3d_previews: 0.0s
[01:44]   Saved high-quality screenshot: edge_analysis_executed.png
[01:44]   [timing] final_screenshot: 0.2s
[01:44] Capturing execution frames: mesh_CAD.json
[01:51]   Frame 1 saved (frame_000.jpg, t=0.0s)
[01:51]   Validating workflow...
[01:51]   Queuing workflow for execution...
[01:52]   Node executed (1 total), capturing...
[01:52]   Frame 2 saved (frame_001.jpg, t=1.1s)
[01:52]   [capture-node] freeze=51ms shot=141ms unfreeze=4ms saved=True
[01:57]   Frame 3 saved (frame_002.jpg, t=5.7s)
[01:57]   [capture-periodic] freeze=42ms shot=147ms unfreeze=4ms saved=True
[02:01]   Node executed (2 total), capturing...
[02:01]   Frame 4 saved (frame_003.jpg, t=10.0s)
[02:01]   [capture-node] freeze=25ms shot=166ms unfreeze=11ms saved=True
[02:02]   [capture-loop] iter=50 t=10.8s state={'complete': False, 'error': None, 'executedCount': 2, 'wsState': 1} eval_ms=26 ram=5.3/16.0GB (33%) swap=0.3/2.9GB (9%) cpu=53% browser_rss=0.78GB
[02:11]   [capture-loop] iter=100 t=20.2s state={'complete': False, 'error': None, 'executedCount': 2, 'wsState': 1} eval_ms=25 ram=5.4/16.0GB (34%) swap=0.3/2.9GB (9%) cpu=95% browser_rss=0.73GB
[02:20]   [capture-loop] iter=150 t=29.0s state={'complete': False, 'error': None, 'executedCount': 2, 'wsState': 1} eval_ms=29 ram=5.4/16.0GB (34%) swap=0.3/2.9GB (9%) cpu=94% browser_rss=0.73GB
[02:29]   [capture-loop] iter=200 t=38.4s state={'complete': False, 'error': None, 'executedCount': 2, 'wsState': 1} eval_ms=49 ram=5.5/16.0GB (34%) swap=0.3/2.9GB (9%) cpu=95% browser_rss=0.72GB
[02:33]   Node executed (3 total), capturing...
[02:34]   Frame 5 saved (frame_004.jpg, t=42.7s)
[02:34]   [capture-node] freeze=101ms shot=418ms unfreeze=0ms saved=True
[02:34]   Execution complete (t=42.7s)
[02:34]   Captured 5 unique frames over 43.24s
[02:34]   [debug] iframes: 2
[02:34]   [debug]   iframe[0]: src=http://127.0.0.1:8188/extensions/ComfyUI-CADabra/viewer_cad_analysis.html?v=1778, canvas=242x498, rafFrozen=True
[02:34]   [debug]   iframe[1]: src=http://127.0.0.1:8188/extensions/ComfyUI-GeometryPack/viewer_dual.html?v=1778228, canvas=370x485, rafFrozen=True
[02:34]   [timing] trigger_3d_previews: 0.0s
[02:36]   Saved high-quality screenshot: mesh_CAD_executed.png
[02:36]   [timing] final_screenshot: 0.3s
[02:37] Capturing execution frames: raytracing.json
[02:43]   Frame 1 saved (frame_000.jpg, t=0.0s)
[02:43]   Validating workflow...
[02:43]   Queuing workflow for execution...
[02:46]   Frame 2 saved (frame_001.jpg, t=2.3s)
[02:46]   [capture-periodic] freeze=6ms shot=163ms unfreeze=5ms saved=True
[02:48]   Frame 3 saved (frame_002.jpg, t=4.6s)
[02:48]   [capture-periodic] freeze=9ms shot=126ms unfreeze=11ms saved=True
[02:50]   [capture-loop] iter=50 t=6.2s state={'complete': False, 'error': None, 'executedCount': 0, 'wsState': 1} eval_ms=6 ram=5.3/16.0GB (33%) swap=0.3/2.9GB (9%) cpu=53% browser_rss=0.77GB
[02:55]   Frame 4 saved (frame_003.jpg, t=11.2s)
[02:55]   [capture-periodic] freeze=6ms shot=112ms unfreeze=9ms saved=True
[02:55]   Node executed (1 total), capturing...
[02:56]   Frame 5 saved (frame_004.jpg, t=11.7s)
[02:56]   [capture-node] freeze=367ms shot=222ms unfreeze=5ms saved=True
[02:58]   [capture-loop] iter=100 t=14.4s state={'complete': False, 'error': None, 'executedCount': 1, 'wsState': 1} eval_ms=75 ram=5.5/16.0GB (35%) swap=0.3/2.9GB (9%) cpu=75% browser_rss=0.75GB
[03:12]   [capture-loop] iter=150 t=28.2s state={'complete': False, 'error': None, 'executedCount': 1, 'wsState': 1} eval_ms=115 ram=5.5/16.0GB (35%) swap=0.3/2.9GB (9%) cpu=98% browser_rss=0.69GB
[03:22]   [capture-loop] iter=200 t=39.1s state={'complete': False, 'error': None, 'executedCount': 1, 'wsState': 1} eval_ms=167 ram=5.5/16.0GB (35%) swap=0.3/2.9GB (9%) cpu=96% browser_rss=0.68GB
[03:34]   [capture-loop] iter=250 t=50.9s state={'complete': False, 'error': None, 'executedCount': 1, 'wsState': 1} eval_ms=57 ram=5.4/16.0GB (34%) swap=0.3/2.9GB (9%) cpu=96% browser_rss=0.67GB
[03:47]   [capture-loop] iter=300 t=63.6s state={'complete': False, 'error': None, 'executedCount': 1, 'wsState': 1} eval_ms=49 ram=5.5/16.0GB (35%) swap=0.3/2.9GB (9%) cpu=96% browser_rss=0.68GB
[03:49]   Frame 6 saved (frame_005.jpg, t=65.0s)
[03:49]   [capture-periodic] freeze=154ms shot=198ms unfreeze=6ms saved=True
[03:49]   Node executed (2 total), capturing...
[03:50]   Frame 7 saved (frame_006.jpg, t=66.0s)
[03:50]   [capture-node] freeze=125ms shot=204ms unfreeze=7ms saved=True
[03:50]   Execution complete (t=66.8s)
[03:50]   Captured 7 unique frames over 66.87s
[03:50]   [debug] iframes: 1
[03:50]   [debug]   iframe[0]: src=http://127.0.0.1:8188/extensions/ComfyUI-CADabra/viewer_cad_analysis.html?v=1778, canvas=242x498, rafFrozen=False
[03:50]   [timing] trigger_3d_previews: 0.1s
[03:53]   Saved high-quality screenshot: raytracing_executed.png
[03:53]   [timing] final_screenshot: 0.2s
[03:53] Capturing execution frames: raytracing_roi.json
[03:59]   Frame 1 saved (frame_000.jpg, t=0.0s)
[03:59]   Validating workflow...
[03:59]   Queuing workflow for execution...
[04:00]   Node executed (1 total), capturing...
[04:00]   Frame 2 saved (frame_001.jpg, t=1.1s)
[04:00]   [capture-node] freeze=56ms shot=145ms unfreeze=5ms saved=True
[04:01]   Node executed (2 total), capturing...
[04:01]   Frame 3 saved (frame_002.jpg, t=1.8s)
[04:01]   [capture-node] freeze=54ms shot=226ms unfreeze=6ms saved=True
[04:04]   Frame 4 saved (frame_003.jpg, t=4.2s)
[04:04]   [capture-periodic] freeze=48ms shot=187ms unfreeze=8ms saved=True
[04:06]   Frame 5 saved (frame_004.jpg, t=6.6s)
[04:06]   [capture-periodic] freeze=119ms shot=171ms unfreeze=4ms saved=True
[04:06]   Node executed (3 total), capturing...
[04:07]   Frame 6 saved (frame_005.jpg, t=7.3s)
[04:07]   [capture-node] freeze=43ms shot=169ms unfreeze=0ms saved=True
[04:07]   Execution complete (t=7.3s)
[04:07]   Captured 6 unique frames over 7.55s
[04:07]   [debug] iframes: 2
[04:07]   [debug]   iframe[0]: src=http://127.0.0.1:8188/extensions/ComfyUI-CADabra/viewer_cad_analysis.html?v=1778, canvas=242x498, rafFrozen=True
[04:07]   [debug]   iframe[1]: src=http://127.0.0.1:8188/extensions/ComfyUI-CADabra/viewer_cad_roi.html?v=177822821, canvas=292x498, rafFrozen=True
[04:07]   [timing] trigger_3d_previews: 0.0s
[04:09]   Saved high-quality screenshot: raytracing_roi_executed.png
[04:09]   [timing] final_screenshot: 0.2s
[04:09] Capturing execution frames: view_cads.json
[04:15]   Frame 1 saved (frame_000.jpg, t=0.0s)
[04:15]   Validating workflow...
[04:15]   Queuing workflow for execution...
[04:18]   Frame 2 saved (frame_001.jpg, t=2.3s)
[04:18]   [capture-periodic] freeze=11ms shot=220ms unfreeze=10ms saved=True
[04:20]   Frame 3 saved (frame_002.jpg, t=4.7s)
[04:20]   [capture-periodic] freeze=6ms shot=120ms unfreeze=4ms saved=True
[04:22]   [capture-loop] iter=50 t=6.5s state={'complete': False, 'error': None, 'executedCount': 0, 'wsState': 1} eval_ms=5 ram=5.5/16.0GB (35%) swap=0.3/2.9GB (9%) cpu=54% browser_rss=0.73GB
[04:24]   Node executed (1 total), capturing...
[04:24]   Frame 4 saved (frame_003.jpg, t=9.1s)
[04:24]   [capture-node] freeze=4ms shot=120ms unfreeze=7ms saved=True
[04:25]   Node executed (2 total), capturing...
[04:25]   Frame 5 saved (frame_004.jpg, t=9.7s)
[04:25]   [capture-node] freeze=84ms shot=173ms unfreeze=4ms saved=True
[04:25]   Node executed (5 total), capturing...
[04:26]   Frame 6 saved (frame_005.jpg, t=10.4s)
[04:26]   [capture-node] freeze=24ms shot=138ms unfreeze=5ms saved=True
[04:26]   Execution complete (t=11.2s)
[04:27]   Captured 6 unique frames over 11.26s
[04:27]   [debug] iframes: 3
[04:27]   [debug]   iframe[0]: src=http://127.0.0.1:8188/extensions/ComfyUI-CADabra/viewer_cad_edge_detail.html?v=1, canvas=244x381, rafFrozen=False
[04:27]   [debug]   iframe[1]: src=http://127.0.0.1:8188/extensions/ComfyUI-CADabra/viewer_cad_edge.html?v=17782282, canvas=244x260, rafFrozen=False
[04:27]   [debug]   iframe[2]: src=http://127.0.0.1:8188/extensions/ComfyUI-CADabra/viewer_cad_analysis.html?v=1778, canvas=244x257, rafFrozen=False
[04:27]   [timing] trigger_3d_previews: 0.0s
[04:29]   Saved high-quality screenshot: view_cads_executed.png
[04:29]   [timing] final_screenshot: 0.2s
[04:29] Results saved to D:\a\comfy-gpu-ci\comfy-gpu-ci\comfy-test-logs\CADabra-0812\windows-cpu\results.json
[04:29] Saved: D:\a\comfy-gpu-ci\comfy-gpu-ci\comfy-test-logs\CADabra-0812\windows-cpu\index.html
[04:29] [EXECUTION] PASSED
[04:29] 
windows: PASSED
