Capturing execution frames: cad_inspection_healing.json
  [ComfyUI] [32m[INFO][0m Using RAM pressure cache.
  [ComfyUI] [32m[INFO][0m Using RAM pressure cache.
  Frame 1 saved (frame_000.jpg, t=0.0s)
  Validating workflow...
  Queuing workflow for execution...
  [ComfyUI] [32m[INFO][0m === /validate endpoint called ===
  [ComfyUI] [32m[INFO][0m Received JSON with keys: ['prompt']
  [ComfyUI] [32m[INFO][0m Prompt has 8 nodes
  [ComfyUI] [32m[INFO][0m   Node 1: CADUltimateInspection
  [ComfyUI] [32m[INFO][0m     Inputs: {"report_panel": "true", "cad_model": ["2", 0]}
  [ComfyUI] [32m[INFO][0m   Node 2: CAD_Load
  [ComfyUI] [32m[INFO][0m     Inputs: {"filename": "cad/S23_phone.STEP", "upload_progress": "", "\u2b06 upload / drop CAD": null}
  [ComfyUI] [32m[INFO][0m   Node 3: PreviewCADOCC
  [ComfyUI] [32m[INFO][0m     Inputs: {"linear_deflection": 0.1, "angular_deflection": 0.5, "preview_occ": "", "cad_model": ["1", 0]}
  [ComfyUI] [32m[INFO][0m   Node 5: CADHealShape
  [ComfyUI] [32m[INFO][0m     Inputs: {"precision": 0.01, "max_tolerance": 1, "execution_mode": "single_core", "fix_small_faces": "enabled", "fix_small_faces.small_face_precision": 0.1, "merge_colinear_edges": "disabled", "merge_g2_edges"
  [ComfyUI] [32m[INFO][0m   Node 6: PreviewCADOCC
  [ComfyUI] [32m[INFO][0m     Inputs: {"linear_deflection": 0.1, "angular_deflection": 0.5, "preview_occ": "", "cad_model": ["8", 0]}
  [ComfyUI] [32m[INFO][0m   Node 7: CADUltimateInspection
  [ComfyUI] [32m[INFO][0m     Inputs: {"report_panel": "true", "cad_model": ["8", 0]}
  [ComfyUI] [32m[INFO][0m   Node 8: CADSewFaces
  [ComfyUI] [32m[INFO][0m     Inputs: {"tolerance": 1, "execution_mode": "single_core", "report_panel": "false", "cad_model": ["5", 0]}
  [ComfyUI] [32m[INFO][0m   Node 9: CADSave
  [ComfyUI] [32m[INFO][0m     Inputs: {"filename": "output_clean", "format": "step", "stl_linear_deflection": 0.1, "cad_model": ["8", 0]}
  [ComfyUI] [32m[INFO][0m Generated prompt_id: 14c5f783-3e9d-4ddd-81bc-86b74f353675
  [ComfyUI] [32m[INFO][0m Calling execution.validate_prompt()...
  [ComfyUI] [32m[INFO][0m Validation result: valid=True
  [ComfyUI] [32m[INFO][0m === Validation PASSED ===
  [ComfyUI] [32m[INFO][0m got prompt
  [ComfyUI] [comfy-env] Running CAD_Load: filename: 'cad/S23_phone.STEP'
  [ComfyUI] [SubprocessWorker] call_method: nodes.cad_nodes.CAD_Load.EXECUTE_NORMALIZED
  [ComfyUI] [SubprocessWorker] acquired lock, ensuring started...
  [ComfyUI] [ComfyUI-CADabra] Health check: ping (timeout=5.0s)...
  [ComfyUI] [ComfyUI-CADabra] Health check: ok
  [ComfyUI] [SubprocessWorker] worker started/confirmed
  [ComfyUI] [SubprocessWorker] serializing kwargs to shm...
  [ComfyUI] [SubprocessWorker] created 0 shm blocks
  [ComfyUI] [SubprocessWorker] sending request via socket...
  [ComfyUI] [SubprocessWorker] call_id=17 sending call_method
  [ComfyUI] [14:29:35] [CADabra]  Using cache: S23_phone.STEP
  [ComfyUI] [worker:ComfyUI-CADabra] INFO:  Using cache: S23_phone.STEP
  [ComfyUI] [14:29:35] [CADabra]  Ready: S23_phone.STEP
  [ComfyUI] [worker:ComfyUI-CADabra] INFO:  Ready: S23_phone.STEP
  [ComfyUI] [SubprocessWorker] got response: ok
  [ComfyUI] [comfy-env] CAD_Load done (0.17s): result: NodeOutput
  [ComfyUI] [comfy-env] Running CADUltimateInspection: cad_model: dict
  [ComfyUI] [SubprocessWorker] call_method: nodes.cad_inspect_nodes.CADUltimateInspection.EXECUTE_NORMALIZED
  [ComfyUI] [SubprocessWorker] acquired lock, ensuring started...
  [ComfyUI] [ComfyUI-CADabra] Health check: ping (timeout=5.0s)...
  [ComfyUI] [ComfyUI-CADabra] Health check: ok
  [ComfyUI] [SubprocessWorker] worker started/confirmed
  [ComfyUI] [SubprocessWorker] serializing kwargs to shm...
  [ComfyUI] [SubprocessWorker] created 0 shm blocks
  [ComfyUI] [SubprocessWorker] sending request via socket...
  [ComfyUI] [SubprocessWorker] call_id=18 sending call_method
  [ComfyUI] [14:29:35] [CADabra] [UltimateInspection]
  [ComfyUI] === Ultimate CAD Inspection ===
  [ComfyUI] Valid B-rep:         OK Yes   (BRepCheck_Analyzer)
  [ComfyUI] Watertight (closed): X No   (24 free edges)
  [ComfyUI] Manifold:            OK Yes   (0 non-manifold edges)
  [ComfyUI] Solid:               X No   (0 solids)
  [ComfyUI] 
  [ComfyUI] Topology:
  [ComfyUI]   Solids:   0
  [ComfyUI]   Shells:   7
  [ComfyUI]   Faces:    176
  [ComfyUI]   Edges:    423   (free: 24, non-manifold: 0, degenerate: 0)
  [ComfyUI]   Vertices: 276
  [ComfyUI] 
  [ComfyUI] Geometry:
  [ComfyUI]   Surface area:  43,486.610
  [ComfyUI]   Face area:     min 0.4066   max 11,151.6   (176 faces)
  [ComfyUI]   Bounding box:  [-0.000, -0.250, -163.300] to [77.900, 10.400, 0.000]
  [ComfyUI]   Extents:       77.900 x 10.650 x 163.300
  [ComfyUI]   Diagonal:      181.242
  [ComfyUI] [worker:ComfyUI-CADabra] INFO: [UltimateInspection]
  [ComfyUI] === Ultimate CAD Inspection ===
  [ComfyUI] Valid B-rep:         OK Yes   (BRepCheck_Analyzer)
  [ComfyUI] Watertight (closed): X No   (24 free edges)
  [ComfyUI] Manifold:            OK Yes   (0 non-manifold edges)
  [ComfyUI] Solid:               X No   (0 solids)
  [ComfyUI] 
  [ComfyUI] Topology:
  [ComfyUI]   Solids:   0
  [ComfyUI]   Shells:   7
  [ComfyUI]   Faces:    176
  [ComfyUI]   Edges:    423   (free: 24, non-manifold: 0, degenerate: 0)
  [ComfyUI]   Vertices: 276
  [ComfyUI] 
  [ComfyUI] Geometry:
  [ComfyUI]   Surface area:  43,486.610
  [ComfyUI]   Face area:     min 0.4066   max 11,151.6   (176 faces)
  [ComfyUI]   Bounding box:  [-0.000, -0.250, -163.300] to [77.900, 10.400, 0.000]
  [ComfyUI]   Extents:       77.900 x 10.650 x 163.300
  [ComfyUI]   Diagonal:      181.242
  [ComfyUI] [SubprocessWorker] got response: ok
  [ComfyUI] [comfy-env] CADUltimateInspection done (0.33s): result: NodeOutput
  [ComfyUI] [comfy-env] Running PreviewCADOCC: linear_deflection: 0.1, angular_deflection: 0.5, cad_model: dict
  [ComfyUI] [SubprocessWorker] call_method: nodes.cad_nodes.PreviewCADOCC.EXECUTE_NORMALIZED
  [ComfyUI] [SubprocessWorker] acquired lock, ensuring started...
  [ComfyUI] [ComfyUI-CADabra] Health check: ping (timeout=5.0s)...
  [ComfyUI] [ComfyUI-CADabra] Health check: ok
  [ComfyUI] [SubprocessWorker] worker started/confirmed
  [ComfyUI] [SubprocessWorker] serializing kwargs to shm...
  [ComfyUI] [SubprocessWorker] created 0 shm blocks
  [ComfyUI] [SubprocessWorker] sending request via socket...
  [ComfyUI] [SubprocessWorker] call_id=19 sending call_method
  Node executed (1 total), capturing...
  [ComfyUI] [14:29:35] [CADabra]  Tessellating (linear: 0.1, angular: 0.5)
  [ComfyUI] [worker:ComfyUI-CADabra] INFO:  Tessellating (linear: 0.1, angular: 0.5)
  [ComfyUI] [14:29:35] [CADabra] Starting: BRepMesh(linear_deflection=0.1, angular_deflection=0.5)
  [ComfyUI] [worker:ComfyUI-CADabra] INFO: Starting: BRepMesh(linear_deflection=0.1, angular_deflection=0.5)
  [ComfyUI] [14:29:35] [CADabra] Completed: BRepMesh(linear_deflection=0.1, angular_deflection=0.5) in 0.16s
  [ComfyUI] [worker:ComfyUI-CADabra] INFO: Completed: BRepMesh(linear_deflection=0.1, angular_deflection=0.5) in 0.16s
  Frame 2 saved (frame_001.jpg, t=0.9s)
  [capture-node] freeze=9ms shot=126ms unfreeze=7ms saved=True
  [ComfyUI] [14:29:35] [CADabra]  Mesh: 6298 vertices, 7802 triangles
  [ComfyUI] [worker:ComfyUI-CADabra] INFO:  Mesh: 6298 vertices, 7802 triangles
  [ComfyUI] [14:29:35] [CADabra]  Exported VTP: preview_9ba3353f.vtp (447,379 bytes)
  [ComfyUI] [worker:ComfyUI-CADabra] INFO:  Exported VTP: preview_9ba3353f.vtp (447,379 bytes)
  [ComfyUI] [14:29:35] [CADabra]  Entities: 0 volumes, 176 faces, 822 edges
  [ComfyUI] [worker:ComfyUI-CADabra] INFO:  Entities: 0 volumes, 176 faces, 822 edges
  [ComfyUI] [14:29:35] [CADabra]  Face types: {'Cylinder': 84, 'Torus': 24, 'Plane': 68}
  [ComfyUI] [worker:ComfyUI-CADabra] INFO:  Face types: {'Cylinder': 84, 'Torus': 24, 'Plane': 68}
  [ComfyUI] [14:29:35] [CADabra]  Edge types: {'Line': 366, 'Circle': 416, 'BSpline': 40}
  [ComfyUI] [worker:ComfyUI-CADabra] INFO:  Edge types: {'Line': 366, 'Circle': 416, 'BSpline': 40}
  [ComfyUI] [SubprocessWorker] got response: ok
  [ComfyUI] [comfy-env] PreviewCADOCC done (0.56s): result: NodeOutput
  [ComfyUI] [comfy-env] Running CADHealShape: precision: list[1], max_tolerance: list[1], fix_small_edges: list[1], fix_wire_gaps: list[1], unify_faces: list[1], cad_model: list[1], execution_mode: dict, fix_small_faces: dict, merge_colinear_edges: dict, merge_g2_edges: dict
  [ComfyUI] [SubprocessWorker] call_method: nodes.cad_utility_nodes.CADHealShape.EXECUTE_NORMALIZED
  [ComfyUI] [SubprocessWorker] acquired lock, ensuring started...
  [ComfyUI] [ComfyUI-CADabra] Health check: ping (timeout=5.0s)...
  [ComfyUI] [ComfyUI-CADabra] Health check: ok
  [ComfyUI] [SubprocessWorker] worker started/confirmed
  [ComfyUI] [SubprocessWorker] serializing kwargs to shm...
  [ComfyUI] [SubprocessWorker] created 0 shm blocks
  [ComfyUI] [SubprocessWorker] sending request via socket...
  [ComfyUI] [SubprocessWorker] call_id=20 sending call_method
  Node executed (2 total), capturing...
  Frame 3 saved (frame_002.jpg, t=1.6s)
  [capture-node] freeze=48ms shot=109ms unfreeze=9ms saved=True
  [ComfyUI] [SubprocessWorker] got response: ok
  [ComfyUI] [comfy-env] CADHealShape done (0.55s): result: NodeOutput
  [ComfyUI] [comfy-env] Running CADSewFaces: tolerance: list[1], cad_model: list[1], execution_mode: dict
  [ComfyUI] [SubprocessWorker] call_method: nodes.cad_utility_nodes.CADSewFaces.EXECUTE_NORMALIZED
  [ComfyUI] [SubprocessWorker] acquired lock, ensuring started...
  [ComfyUI] [ComfyUI-CADabra] Health check: ping (timeout=5.0s)...
  [ComfyUI] [ComfyUI-CADabra] Health check: ok
  [ComfyUI] [SubprocessWorker] worker started/confirmed
  [ComfyUI] [SubprocessWorker] serializing kwargs to shm...
  [ComfyUI] [SubprocessWorker] created 0 shm blocks
  [ComfyUI] [SubprocessWorker] sending request via socket...
  [ComfyUI] [SubprocessWorker] call_id=21 sending call_method
  [ComfyUI] [14:29:37] [CADabra] Starting: Sewing(faces=176, tolerance=1.0)
  [ComfyUI] [worker:ComfyUI-CADabra] INFO: Starting: Sewing(faces=176, tolerance=1.0)
  [ComfyUI] [14:29:37] [CADabra] Completed: Sewing(faces=176, tolerance=1.0) in 0.12s
  [ComfyUI] [worker:ComfyUI-CADabra] INFO: Completed: Sewing(faces=176, tolerance=1.0) in 0.12s
  [ComfyUI] [SubprocessWorker] got response: ok
  [ComfyUI] [comfy-env] CADSewFaces done (1.30s): result: NodeOutput
  [ComfyUI] [comfy-env] Running CADUltimateInspection: cad_model: dict
  [ComfyUI] [SubprocessWorker] call_method: nodes.cad_inspect_nodes.CADUltimateInspection.EXECUTE_NORMALIZED
  [ComfyUI] [SubprocessWorker] acquired lock, ensuring started...
  [ComfyUI] [ComfyUI-CADabra] Health check: ping (timeout=5.0s)...
  [ComfyUI] [ComfyUI-CADabra] Health check: ok
  [ComfyUI] [SubprocessWorker] worker started/confirmed
  [ComfyUI] [SubprocessWorker] serializing kwargs to shm...
  [ComfyUI] [SubprocessWorker] created 0 shm blocks
  [ComfyUI] [SubprocessWorker] sending request via socket...
  [ComfyUI] [SubprocessWorker] call_id=22 sending call_method
  Frame 4 saved (frame_003.jpg, t=3.9s)
  [capture-periodic] freeze=47ms shot=121ms unfreeze=6ms saved=True
  [ComfyUI] [14:29:38] [CADabra] [UltimateInspection]
  [ComfyUI] === Ultimate CAD Inspection ===
  [ComfyUI] Valid B-rep:         OK Yes   (BRepCheck_Analyzer)
  [ComfyUI] Watertight (closed): X No   (14 free edges)
  [ComfyUI] Manifold:            OK Yes   (0 non-manifold edges)
  [ComfyUI] Solid:               X No   (0 solids)
  [ComfyUI] 
  [ComfyUI] Topology:
  [ComfyUI]   Solids:   0
  [ComfyUI]   Shells:   2
  [ComfyUI]   Faces:    176
  [ComfyUI]   Edges:    423   (free: 14, non-manifold: 0, degenerate: 0)
  [ComfyUI]   Vertices: 276
  [ComfyUI] 
  [ComfyUI] Geometry:
  [ComfyUI]   Surface area:  43,486.610
  [ComfyUI]   Face area:     min 0.4066   max 11,151.6   (176 faces)
  [ComfyUI]   Bounding box:  [-0.000, -0.250, -163.300] to [77.900, 10.400, 0.000]
  [ComfyUI]   Extents:       77.900 x 10.650 x 163.300
  [ComfyUI]   Diagonal:      181.242
  [ComfyUI] [worker:ComfyUI-CADabra] INFO: [UltimateInspection]
  [ComfyUI] === Ultimate CAD Inspection ===
  [ComfyUI] Valid B-rep:         OK Yes   (BRepCheck_Analyzer)
  [ComfyUI] Watertight (closed): X No   (14 free edges)
  [ComfyUI] Manifold:            OK Yes   (0 non-manifold edges)
  [ComfyUI] Solid:               X No   (0 solids)
  [ComfyUI] 
  [ComfyUI] Topology:
  [ComfyUI]   Solids:   0
  [ComfyUI]   Shells:   2
  [ComfyUI]   Faces:    176
  [ComfyUI]   Edges:    423   (free: 14, non-manifold: 0, degenerate: 0)
  [ComfyUI]   Vertices: 276
  [ComfyUI] 
  [ComfyUI] Geometry:
  [ComfyUI]   Surface area:  43,486.610
  [ComfyUI]   Face area:     min 0.4066   max 11,151.6   (176 faces)
  [ComfyUI]   Bounding box:  [-0.000, -0.250, -163.300] to [77.900, 10.400, 0.000]
  [ComfyUI]   Extents:       77.900 x 10.650 x 163.300
  [ComfyUI]   Diagonal:      181.242
  [ComfyUI] [SubprocessWorker] got response: ok
  [ComfyUI] [comfy-env] CADUltimateInspection done (1.14s): result: NodeOutput
  [ComfyUI] [comfy-env] Running PreviewCADOCC: linear_deflection: 0.1, angular_deflection: 0.5, cad_model: dict
  [ComfyUI] [SubprocessWorker] call_method: nodes.cad_nodes.PreviewCADOCC.EXECUTE_NORMALIZED
  [ComfyUI] [SubprocessWorker] acquired lock, ensuring started...
  [ComfyUI] [ComfyUI-CADabra] Health check: ping (timeout=5.0s)...
  [ComfyUI] [ComfyUI-CADabra] Health check: ok
  [ComfyUI] [SubprocessWorker] worker started/confirmed
  [ComfyUI] [SubprocessWorker] serializing kwargs to shm...
  [ComfyUI] [SubprocessWorker] created 0 shm blocks
  [ComfyUI] [SubprocessWorker] sending request via socket...
  [ComfyUI] [SubprocessWorker] call_id=23 sending call_method
  Node executed (3 total), capturing...
  [ComfyUI] [14:29:39] [CADabra]  Tessellating (linear: 0.1, angular: 0.5)
  [ComfyUI] [worker:ComfyUI-CADabra] INFO:  Tessellating (linear: 0.1, angular: 0.5)
  [ComfyUI] [14:29:39] [CADabra] Starting: BRepMesh(linear_deflection=0.1, angular_deflection=0.5)
  [ComfyUI] [worker:ComfyUI-CADabra] INFO: Starting: BRepMesh(linear_deflection=0.1, angular_deflection=0.5)
  Frame 5 saved (frame_004.jpg, t=4.5s)
  [capture-node] freeze=26ms shot=131ms unfreeze=7ms saved=True
  [ComfyUI] [14:29:39] [CADabra] Completed: BRepMesh(linear_deflection=0.1, angular_deflection=0.5) in 0.37s
  [ComfyUI] [worker:ComfyUI-CADabra] INFO: Completed: BRepMesh(linear_deflection=0.1, angular_deflection=0.5) in 0.37s
  [ComfyUI] [14:29:40] [CADabra]  Mesh: 6298 vertices, 7802 triangles
  [ComfyUI] [worker:ComfyUI-CADabra] INFO:  Mesh: 6298 vertices, 7802 triangles
  [ComfyUI] [14:29:41] [CADabra]  Exported VTP: preview_c110ce34.vtp (446,822 bytes)
  [ComfyUI] [worker:ComfyUI-CADabra] INFO:  Exported VTP: preview_c110ce34.vtp (446,822 bytes)
  [ComfyUI] [14:29:41] [CADabra]  Entities: 0 volumes, 176 faces, 822 edges
  [ComfyUI] [worker:ComfyUI-CADabra] INFO:  Entities: 0 volumes, 176 faces, 822 edges
  [ComfyUI] [14:29:41] [CADabra]  Face types: {'Cylinder': 84, 'Plane': 68, 'Torus': 24}
  [ComfyUI] [worker:ComfyUI-CADabra] INFO:  Face types: {'Cylinder': 84, 'Plane': 68, 'Torus': 24}
  [ComfyUI] [14:29:41] [CADabra]  Edge types: {'Line': 366, 'Circle': 416, 'BSpline': 40}
  [ComfyUI] [worker:ComfyUI-CADabra] INFO:  Edge types: {'Line': 366, 'Circle': 416, 'BSpline': 40}
  [ComfyUI] [SubprocessWorker] got response: ok
  [ComfyUI] [comfy-env] PreviewCADOCC done (2.32s): result: NodeOutput
  [ComfyUI] [comfy-env] Running CADSave: filename: 'output_clean', format: 'step', stl_linear_deflection: 0.1, cad_model: dict
  [ComfyUI] [SubprocessWorker] call_method: nodes.cad_utility_nodes.CADSave.EXECUTE_NORMALIZED
  [ComfyUI] [SubprocessWorker] acquired lock, ensuring started...
  [ComfyUI] [ComfyUI-CADabra] Health check: ping (timeout=5.0s)...
  [ComfyUI] [ComfyUI-CADabra] Health check: ok
  [ComfyUI] [SubprocessWorker] worker started/confirmed
  [ComfyUI] [SubprocessWorker] serializing kwargs to shm...
  [ComfyUI] [SubprocessWorker] created 0 shm blocks
  [ComfyUI] [SubprocessWorker] sending request via socket...
  [ComfyUI] [SubprocessWorker] call_id=24 sending call_method
  Node executed (4 total), capturing...
  Frame 6 saved (frame_005.jpg, t=6.9s)
  [ComfyUI] [SubprocessWorker] got response: ok
  [capture-node] freeze=12ms shot=152ms unfreeze=8ms saved=True
  [ComfyUI] [comfy-env] CADSave done (0.48s): result: NodeOutput
  [ComfyUI] [32m[INFO][0m [32mPrompt executed in 6.88 seconds[0m
  Execution complete (t=7.4s)
  Captured 6 unique frames over 7.45s
  [debug] iframes: 2
  [debug]   iframe[0]: src=http://127.0.0.1:41887/extensions/ComfyUI-CADabra/viewer_cad_analysis.html?v=178, canvas=379x498, rafFrozen=False
  [debug]   iframe[1]: src=http://127.0.0.1:41887/extensions/ComfyUI-CADabra/viewer_cad_analysis.html?v=178, canvas=379x498, rafFrozen=False
  [timing] trigger_3d_previews: 0.1s
  Saved high-quality screenshot: cad_inspection_healing_executed.png
  [timing] final_screenshot: 0.2s
    Captured 7 video frames