Capturing execution frames: cad_fix_degenerate_faces.json
  [ComfyUI] [32m[INFO][0m Using RAM pressure cache.
  [ComfyUI] [32m[INFO][0m Using RAM pressure cache.
  Frame 1 saved (frame_000.jpg, t=0.0s)
  Validating workflow...
  Queuing workflow for execution...
  [ComfyUI] [32m[INFO][0m === /validate endpoint called ===
  [ComfyUI] [32m[INFO][0m Received JSON with keys: ['prompt']
  [ComfyUI] [32m[INFO][0m Prompt has 7 nodes
  [ComfyUI] [32m[INFO][0m   Node 2: CADFixDegenerateFaces
  [ComfyUI] [32m[INFO][0m     Inputs: {"iterations": 5, "max_degree": 8, "sew_tolerance": 0.001, "execution_mode": "single_core", "report_panel": "false", "cad_model": ["5", 0]}
  [ComfyUI] [32m[INFO][0m   Node 3: CADDetectFreeEdges
  [ComfyUI] [32m[INFO][0m     Inputs: {"cad_model": ["5", 0]}
  [ComfyUI] [32m[INFO][0m   Node 5: CAD_Load
  [ComfyUI] [32m[INFO][0m     Inputs: {"filename": "cad/S23_phone.STEP", "upload_progress": "", "\u2b06 upload / drop CAD": null}
  [ComfyUI] [32m[INFO][0m   Node 6: PreviewAny
  [ComfyUI] [32m[INFO][0m     Inputs: {"source": ["3", 2]}
  [ComfyUI] [32m[INFO][0m   Node 7: PreviewAny
  [ComfyUI] [32m[INFO][0m     Inputs: {"source": ["9", 2]}
  [ComfyUI] [32m[INFO][0m   Node 8: PreviewCADOCC
  [ComfyUI] [32m[INFO][0m     Inputs: {"linear_deflection": 0.1, "angular_deflection": 0.5, "preview_occ": "", "cad_model": ["2", 0]}
  [ComfyUI] [32m[INFO][0m   Node 9: CADDetectDegenerateFaces
  [ComfyUI] [32m[INFO][0m     Inputs: {"cad_model": ["5", 0]}
  [ComfyUI] [32m[INFO][0m Generated prompt_id: a9b4c3b1-1af4-4d8c-85b3-3f6fbd18e5f2
  [ComfyUI] [32m[INFO][0m Calling execution.validate_prompt()...
  [ComfyUI] [32m[INFO][0m Validation result: valid=True
  [ComfyUI] [32m[INFO][0m === Validation PASSED ===
  [ComfyUI] [32m[INFO][0m got prompt
  [ComfyUI] [comfy-env] Running CAD_Load: filename: 'cad/S23_phone.STEP'
  [ComfyUI] [SubprocessWorker] call_method: nodes.cad_nodes.CAD_Load.EXECUTE_NORMALIZED
  [ComfyUI] [SubprocessWorker] acquired lock, ensuring started...
  [ComfyUI] [ComfyUI-CADabra] Health check: ping (timeout=5.0s)...
  [ComfyUI] [ComfyUI-CADabra] Health check: failed
  [ComfyUI] [ComfyUI-CADabra] Socket unhealthy, restarting worker...
  [ComfyUI] [comfy-env] default: Library/bin has 624 DLLs
  [ComfyUI] [ComfyUI-CADabra] python: C:\Users\stduser\AppData\Local\Programs\comfy-env\envs\cadabra-nodes\.pixi\envs\default\python.exe
  [ComfyUI] [ComfyUI-CADabra] sys_path sent to worker: ['D:\\a\\comfy-ci\\comfy-ci\\test_workspaces\\CADabra-1414\\portable-comfyui\\ComfyUI_windows_portable\\ComfyUI', 'D:\\a\\comfy-ci\\comfy-ci\\test_workspaces\\CADabra-1414\\portable-comfyui\\ComfyUI_windows_portable\\ComfyUI\\custom_nodes\\ComfyUI-CADabra', 'C:\\Users\\stduser\\AppData\\Local\\Programs\\comfy-env\\envs\\cadabra-nodes\\.pixi\\envs\\default\\Lib\\site-packages', 'D:\\a\\comfy-ci\\comfy-ci\\test_workspaces\\CADabra-1414\\portable-comfyui\\ComfyUI_windows_portable\\ComfyUI\\custom_nodes\\ComfyUI-CADabra']
  [ComfyUI] [SubprocessWorker] is_pixi=True, python=C:\Users\stduser\AppData\Local\Programs\comfy-env\envs\cadabra-nodes\.pixi\envs\default\python.exe
  [ComfyUI] [SubprocessWorker] launching cmd=['C:\\Users\\stduser\\.pixi\\bin\\pixi.exe', 'run', '--as-is', '--manifest-path', 'C:\\Users\\stduser\\AppData\\Local\\Programs\\comfy-env\\envs\\cadabra-nodes\\pixi.toml', '-e', 'default', 'python', 'C:\\Users\\stduser\\AppData\\Local\\Temp\\comfyui_pvenv_z_ui9fhc\\persistent_worker.py', 'tcp://127.0.0.1:64907']...
  Frame 2 saved (frame_001.jpg, t=2.3s)
  [capture-periodic] freeze=4ms shot=122ms unfreeze=5ms saved=True
  [ComfyUI] C:\Users\stduser\AppData\Local\Programs\comfy-env\envs\cadabra-nodes\.pixi\envs\default\Lib\site-packages\torch\cuda\__init__.py:188: UserWarning: cudaGetDeviceCount() returned cudaErrorNotSupported, likely using older driver or on CPU machine (Triggered internally at C:\actions-runner\_work\pytorch\pytorch\c10\cuda\CUDAFunctions.cpp:88.)
  [ComfyUI]   return torch._C._cuda_getDeviceCount() > 0
  [ComfyUI] [SubprocessWorker] worker started/confirmed
  [ComfyUI] [SubprocessWorker] serializing kwargs to shm...
  [ComfyUI] [SubprocessWorker] created 0 shm blocks
  [ComfyUI] [SubprocessWorker] sending request via socket...
  [ComfyUI] [SubprocessWorker] call_id=9 sending call_method
  Frame 3 saved (frame_002.jpg, t=4.4s)
  [capture-periodic] freeze=5ms shot=126ms unfreeze=6ms saved=True
  [capture-loop] iter=50 t=6.1s state={'complete': False, 'error': None, 'executedCount': 0, 'wsState': 1} eval_ms=8 ram=6.6/16.0GB (42%) swap=0.4/2.9GB (15%) cpu=53% browser_rss=0.82GB
  [ComfyUI] [14:29:07] [CADabra]  Loading CAD file: S23_phone.STEP
  [ComfyUI] [worker:ComfyUI-CADabra] INFO:  Loading CAD file: S23_phone.STEP
  [ComfyUI] [14:29:08] [CADabra] Starting: STEP ReadFile(file=S23_phone.STEP)
  [ComfyUI] [worker:ComfyUI-CADabra] INFO: Starting: STEP ReadFile(file=S23_phone.STEP)
  [ComfyUI] [14:29:08] [CADabra] Completed: STEP ReadFile(file=S23_phone.STEP) in 0.24s
  [ComfyUI] [worker:ComfyUI-CADabra] INFO: Completed: STEP ReadFile(file=S23_phone.STEP) in 0.24s
  [ComfyUI] [14:29:08] [CADabra] Starting: STEP TransferRoots(file=S23_phone.STEP)
  [ComfyUI] [worker:ComfyUI-CADabra] INFO: Starting: STEP TransferRoots(file=S23_phone.STEP)
  [ComfyUI] [14:29:08] [CADabra] Completed: STEP TransferRoots(file=S23_phone.STEP) in 0.33s
  [ComfyUI] [worker:ComfyUI-CADabra] INFO: Completed: STEP TransferRoots(file=S23_phone.STEP) in 0.33s
  [ComfyUI] [14:29:08] [CADabra]  Cached to BREP: S23_phone.STEP
  [ComfyUI] [worker:ComfyUI-CADabra] INFO:  Cached to BREP: S23_phone.STEP
  [ComfyUI] [14:29:08] [CADabra]  Ready: S23_phone.STEP
  [ComfyUI] [worker:ComfyUI-CADabra] INFO:  Ready: S23_phone.STEP
  [ComfyUI] [SubprocessWorker] got response: ok
  [ComfyUI] [comfy-env] CAD_Load done (8.45s): result: NodeOutput
  [ComfyUI] [comfy-env] Running CADDetectDegenerateFaces: cad_model: list[1]
  [ComfyUI] [SubprocessWorker] call_method: nodes.cad_utility_nodes.CADDetectDegenerateFaces.EXECUTE_NORMALIZED
  [ComfyUI] [SubprocessWorker] acquired lock, ensuring started...
  [ComfyUI] [ComfyUI-CADabra] Health check: ping (timeout=5.0s)...
  [ComfyUI] [ComfyUI-CADabra] Health check: ok
  [ComfyUI] [SubprocessWorker] worker started/confirmed
  [ComfyUI] [SubprocessWorker] serializing kwargs to shm...
  [ComfyUI] [SubprocessWorker] created 0 shm blocks
  [ComfyUI] [SubprocessWorker] sending request via socket...
  [ComfyUI] [SubprocessWorker] call_id=10 sending call_method
  Frame 4 saved (frame_003.jpg, t=8.8s)
  [capture-periodic] freeze=4ms shot=121ms unfreeze=5ms saved=True
  [ComfyUI] [SubprocessWorker] got response: ok
  [ComfyUI] [comfy-env] CADDetectDegenerateFaces done (0.36s): result: NodeOutput
  [ComfyUI] [comfy-env] Running CADDetectFreeEdges: cad_model: dict
  [ComfyUI] [SubprocessWorker] call_method: nodes.cad_inspect_nodes.CADDetectFreeEdges.EXECUTE_NORMALIZED
  [ComfyUI] [SubprocessWorker] acquired lock, ensuring started...
  [ComfyUI] [ComfyUI-CADabra] Health check: ping (timeout=5.0s)...
  [ComfyUI] [ComfyUI-CADabra] Health check: ok
  [ComfyUI] [SubprocessWorker] worker started/confirmed
  [ComfyUI] [SubprocessWorker] serializing kwargs to shm...
  [ComfyUI] [SubprocessWorker] created 0 shm blocks
  [ComfyUI] [SubprocessWorker] sending request via socket...
  [ComfyUI] [SubprocessWorker] call_id=11 sending call_method
  Node executed (2 total), capturing...
  [ComfyUI] [14:29:09] [CADabra] [CADDetectFreeEdges] S23_phone.STEP: 24 free edges
  [ComfyUI] [worker:ComfyUI-CADabra] INFO: [CADDetectFreeEdges] S23_phone.STEP: 24 free edges
  [ComfyUI] [SubprocessWorker] got response: ok
  [ComfyUI] [comfy-env] CADDetectFreeEdges done (0.26s): result: NodeOutput
  [ComfyUI] [comfy-env] Running CADFixDegenerateFaces: iterations: list[1], max_degree: list[1], sew_tolerance: list[1], cad_model: list[1], execution_mode: dict
  [ComfyUI] [SubprocessWorker] call_method: nodes.cad_utility_nodes.CADFixDegenerateFaces.EXECUTE_NORMALIZED
  [ComfyUI] [SubprocessWorker] acquired lock, ensuring started...
  [ComfyUI] [ComfyUI-CADabra] Health check: ping (timeout=5.0s)...
  [ComfyUI] [ComfyUI-CADabra] Health check: ok
  [ComfyUI] [SubprocessWorker] worker started/confirmed
  [ComfyUI] [SubprocessWorker] serializing kwargs to shm...
  [ComfyUI] [SubprocessWorker] created 0 shm blocks
  [ComfyUI] [SubprocessWorker] sending request via socket...
  [ComfyUI] [SubprocessWorker] call_id=12 sending call_method
  Frame 5 saved (frame_004.jpg, t=9.2s)
  [capture-node] freeze=36ms shot=183ms unfreeze=7ms saved=True
  [ComfyUI] [SubprocessWorker] got response: ok
  [ComfyUI] [comfy-env] CADFixDegenerateFaces done (0.25s): result: NodeOutput
  [ComfyUI] [comfy-env] Running PreviewCADOCC: linear_deflection: 0.1, angular_deflection: 0.5, cad_model: dict
  [ComfyUI] [SubprocessWorker] call_method: nodes.cad_nodes.PreviewCADOCC.EXECUTE_NORMALIZED
  [ComfyUI] [SubprocessWorker] acquired lock, ensuring started...
  [ComfyUI] [ComfyUI-CADabra] Health check: ping (timeout=5.0s)...
  [ComfyUI] [ComfyUI-CADabra] Health check: ok
  [ComfyUI] [SubprocessWorker] worker started/confirmed
  [ComfyUI] [SubprocessWorker] serializing kwargs to shm...
  [ComfyUI] [SubprocessWorker] created 0 shm blocks
  [ComfyUI] [SubprocessWorker] sending request via socket...
  [ComfyUI] [SubprocessWorker] call_id=13 sending call_method
  Node executed (4 total), capturing...
  [ComfyUI] [14:29:09] [CADabra]  Tessellating (linear: 0.1, angular: 0.5)
  [ComfyUI] [worker:ComfyUI-CADabra] INFO:  Tessellating (linear: 0.1, angular: 0.5)
  [ComfyUI] [14:29:09] [CADabra] Starting: BRepMesh(linear_deflection=0.1, angular_deflection=0.5)
  [ComfyUI] [worker:ComfyUI-CADabra] INFO: Starting: BRepMesh(linear_deflection=0.1, angular_deflection=0.5)
  [ComfyUI] [14:29:10] [CADabra] Completed: BRepMesh(linear_deflection=0.1, angular_deflection=0.5) in 0.16s
  [ComfyUI] [worker:ComfyUI-CADabra] INFO: Completed: BRepMesh(linear_deflection=0.1, angular_deflection=0.5) in 0.16s
  Frame 6 saved (frame_005.jpg, t=9.8s)
  [capture-node] freeze=7ms shot=122ms unfreeze=6ms saved=True
  [ComfyUI] [14:29:10] [CADabra]  Mesh: 6298 vertices, 7802 triangles
  [ComfyUI] [worker:ComfyUI-CADabra] INFO:  Mesh: 6298 vertices, 7802 triangles
  [ComfyUI] [14:29:10] [CADabra]  Exported VTP: preview_1353c859.vtp (447,379 bytes)
  [ComfyUI] [worker:ComfyUI-CADabra] INFO:  Exported VTP: preview_1353c859.vtp (447,379 bytes)
  [ComfyUI] [14:29:10] [CADabra]  Entities: 0 volumes, 176 faces, 822 edges
  [ComfyUI] [worker:ComfyUI-CADabra] INFO:  Entities: 0 volumes, 176 faces, 822 edges
  [ComfyUI] [14:29:10] [CADabra]  Face types: {'Cylinder': 84, 'Torus': 24, 'Plane': 68}
  [ComfyUI] [worker:ComfyUI-CADabra] INFO:  Face types: {'Cylinder': 84, 'Torus': 24, 'Plane': 68}
  [ComfyUI] [14:29:10] [CADabra]  Edge types: {'Line': 366, 'Circle': 416, 'BSpline': 40}
  [ComfyUI] [worker:ComfyUI-CADabra] INFO:  Edge types: {'Line': 366, 'Circle': 416, 'BSpline': 40}
  Node executed (5 total), capturing...
  [ComfyUI] [SubprocessWorker] got response: ok
  [ComfyUI] [comfy-env] PreviewCADOCC done (0.77s): result: NodeOutput
  [ComfyUI] [32m[INFO][0m [32mPrompt executed in 10.11 seconds[0m
  Frame 7 saved (frame_006.jpg, t=10.5s)
  [capture-node] freeze=7ms shot=126ms unfreeze=7ms saved=True
  Execution complete (t=10.9s)
  Captured 7 unique frames over 10.97s
  [debug] iframes: 1
  [debug]   iframe[0]: src=http://127.0.0.1:41887/extensions/ComfyUI-CADabra/viewer_cad_analysis.html?v=178, canvas=244x498, rafFrozen=False
  [timing] trigger_3d_previews: 0.0s
  Saved high-quality screenshot: cad_fix_degenerate_faces_executed.png
  [timing] final_screenshot: 0.2s
    Captured 8 video frames