  [ComfyUI] [32m[INFO][0m Using RAM pressure cache.
Capturing execution frames: coordtransform.json
  [ComfyUI] [32m[INFO][0m Using RAM pressure cache.
  Frame 1 saved (frame_000.jpg, t=0.0s)
  Validating workflow...
  [ComfyUI] [32m[INFO][0m === /validate endpoint called ===
  [ComfyUI] [32m[INFO][0m Received JSON with keys: ['prompt']
  Queuing workflow for execution...
  [ComfyUI] [32m[INFO][0m Prompt has 5 nodes
  [ComfyUI] [32m[INFO][0m   Node 1: PreviewCADDual
  [ComfyUI] [32m[INFO][0m     Inputs: {"layout": "side_by_side", "opacity_1": 1, "opacity_2": 0.6, "linear_deflection": 0.1, "angular_deflection": 0.5, "preview_cad_dual": "{\"show_edges\":false,\"camera_state\":\"{\\\"position\\\":[198.5
  [ComfyUI] [32m[INFO][0m   Node 2: CAD_Load
  [ComfyUI] [32m[INFO][0m     Inputs: {"filename": "cad/spiral_wind_turbine.stp", "upload_progress": "", "\u2b06 upload / drop CAD": null}
  [ComfyUI] [32m[INFO][0m   Node 3: CoordSystemCADToTransform
  [ComfyUI] [32m[INFO][0m     Inputs: {"mode": "normal", "cad_model": ["5", 0]}
  [ComfyUI] [32m[INFO][0m   Node 4: CADTransform
  [ComfyUI] [32m[INFO][0m     Inputs: {"translate_x": ["3", 0], "translate_y": ["3", 1], "translate_z": ["3", 2], "rotate_x": ["3", 3], "rotate_y": ["3", 4], "rotate_z": ["3", 5], "scale": 1, "cad_model": ["2", 0]}
  [ComfyUI] [32m[INFO][0m   Node 5: CAD_Load
  [ComfyUI] [32m[INFO][0m     Inputs: {"filename": "cad/example_axis.igs", "upload_progress": "", "\u2b06 upload / drop CAD": null}
  [ComfyUI] [32m[INFO][0m Generated prompt_id: 75c7629a-d5a5-4afc-9ccc-33c9d11b266a
  [ComfyUI] [32m[INFO][0m Calling execution.validate_prompt()...
  [ComfyUI] [32m[INFO][0m Validation result: valid=True
  [ComfyUI] [32m[INFO][0m === Validation PASSED ===
  [ComfyUI] [32m[INFO][0m got prompt
  [ComfyUI] [comfy-env] Running CAD_Load: filename: 'cad/spiral_wind_turbine.stp'
  [ComfyUI] [SubprocessWorker] call_method: nodes.cad_nodes.CAD_Load.EXECUTE_NORMALIZED
  [ComfyUI] [SubprocessWorker] acquired lock, ensuring started...
  [ComfyUI] [ComfyUI-CADabra] Health check: ping (timeout=5.0s)...
  [ComfyUI] [ComfyUI-CADabra] Health check: ok
  [ComfyUI] [SubprocessWorker] worker started/confirmed
  [ComfyUI] [SubprocessWorker] serializing kwargs to shm...
  [ComfyUI] [SubprocessWorker] created 0 shm blocks
  [ComfyUI] [SubprocessWorker] sending request via socket...
  [ComfyUI] [SubprocessWorker] call_id=34 sending call_method
  [ComfyUI] [14:30:44] [CADabra]  Using cache: spiral_wind_turbine.stp
  [ComfyUI] [worker:ComfyUI-CADabra] INFO:  Using cache: spiral_wind_turbine.stp
  [ComfyUI] [14:30:44] [CADabra]  Ready: spiral_wind_turbine.stp
  [ComfyUI] [worker:ComfyUI-CADabra] INFO:  Ready: spiral_wind_turbine.stp
  [ComfyUI] [SubprocessWorker] got response: ok
  [ComfyUI] [comfy-env] CAD_Load done (0.10s): result: NodeOutput
  [ComfyUI] [comfy-env] Running CAD_Load: filename: 'cad/example_axis.igs'
  [ComfyUI] [SubprocessWorker] call_method: nodes.cad_nodes.CAD_Load.EXECUTE_NORMALIZED
  [ComfyUI] [SubprocessWorker] acquired lock, ensuring started...
  [ComfyUI] [ComfyUI-CADabra] Health check: ping (timeout=5.0s)...
  [ComfyUI] [ComfyUI-CADabra] Health check: ok
  [ComfyUI] [SubprocessWorker] worker started/confirmed
  [ComfyUI] [SubprocessWorker] serializing kwargs to shm...
  [ComfyUI] [SubprocessWorker] created 0 shm blocks
  [ComfyUI] [SubprocessWorker] sending request via socket...
  [ComfyUI] [SubprocessWorker] call_id=35 sending call_method
  [ComfyUI] [14:30:44] [CADabra]  Loading CAD file: example_axis.igs
  [ComfyUI] [worker:ComfyUI-CADabra] INFO:  Loading CAD file: example_axis.igs
  [ComfyUI] [14:30:44] [CADabra] Starting: IGES ReadFile(file=example_axis.igs)
  [ComfyUI] [worker:ComfyUI-CADabra] INFO: Starting: IGES ReadFile(file=example_axis.igs)
  [ComfyUI] [14:30:44] [CADabra] Completed: IGES ReadFile(file=example_axis.igs) in 0.01s
  [ComfyUI] [worker:ComfyUI-CADabra] INFO: Completed: IGES ReadFile(file=example_axis.igs) in 0.01s
  [ComfyUI] [14:30:44] [CADabra] Starting: IGES TransferRoots(file=example_axis.igs)
  [ComfyUI] [worker:ComfyUI-CADabra] INFO: Starting: IGES TransferRoots(file=example_axis.igs)
  [ComfyUI] [14:30:44] [CADabra] Completed: IGES TransferRoots(file=example_axis.igs) in 0.01s
  [ComfyUI] [worker:ComfyUI-CADabra] INFO: Completed: IGES TransferRoots(file=example_axis.igs) in 0.01s
  [ComfyUI] [14:30:44] [CADabra]  Cached to BREP: example_axis.igs
  [ComfyUI] [worker:ComfyUI-CADabra] INFO:  Cached to BREP: example_axis.igs
  [ComfyUI] [14:30:44] [CADabra]  Ready: example_axis.igs
  [ComfyUI] [worker:ComfyUI-CADabra] INFO:  Ready: example_axis.igs
  [ComfyUI] [SubprocessWorker] got response: ok
  [ComfyUI] [comfy-env] CAD_Load done (0.15s): result: NodeOutput
  [ComfyUI] [comfy-env] Running CoordSystemCADToTransform: mode: 'normal', cad_model: dict
  [ComfyUI] [SubprocessWorker] call_method: nodes.coord_system_to_transform_node.CoordSystemCADToTransform.EXECUTE_NORMALIZED
  [ComfyUI] [SubprocessWorker] acquired lock, ensuring started...
  [ComfyUI] [ComfyUI-CADabra] Health check: ping (timeout=5.0s)...
  [ComfyUI] [ComfyUI-CADabra] Health check: ok
  [ComfyUI] [SubprocessWorker] worker started/confirmed
  [ComfyUI] [SubprocessWorker] serializing kwargs to shm...
  [ComfyUI] [SubprocessWorker] created 0 shm blocks
  [ComfyUI] [SubprocessWorker] sending request via socket...
  [ComfyUI] [SubprocessWorker] call_id=36 sending call_method
  [ComfyUI] [14:30:44] [CADabra]  Axis parsed via OCC: origin=(20.0, 10.0, 5.0)
  [ComfyUI] [worker:ComfyUI-CADabra] INFO:  Axis parsed via OCC: origin=(20.0, 10.0, 5.0)
  [ComfyUI] [14:30:44] [CADabra]    X-dir: (50.0, 0.0, 0.0)
  [ComfyUI] [worker:ComfyUI-CADabra] INFO:    X-dir: (50.0, 0.0, 0.0)
  [ComfyUI] [14:30:44] [CADabra]    Y-dir: (0.0, 40.957602214000005, 28.678821818000003)
  [ComfyUI] [worker:ComfyUI-CADabra] INFO:    Y-dir: (0.0, 40.957602214000005, 28.678821818000003)
  [ComfyUI] [14:30:44] [CADabra]    Z-dir: (0.0, -28.678821818000007, 40.957602214000005)
  [ComfyUI] [worker:ComfyUI-CADabra] INFO:    Z-dir: (0.0, -28.678821818000007, 40.957602214000005)
  [ComfyUI] [SubprocessWorker] got response: ok
  [ComfyUI] [comfy-env] CoordSystemCADToTransform done (0.13s): result: NodeOutput
  [ComfyUI] [comfy-env] Running CADTransform: translate_x: 20.0, translate_y: 10.0, translate_z: 5.0, rotate_x: 35.000000000715744, rotate_y: 0.0, rotate_z: 0.0, scale: 1.0, cad_model: dict
  [ComfyUI] [SubprocessWorker] call_method: nodes.cad_transform_nodes.CADTransform.EXECUTE_NORMALIZED
  [ComfyUI] [SubprocessWorker] acquired lock, ensuring started...
  [ComfyUI] [ComfyUI-CADabra] Health check: ping (timeout=5.0s)...
  [ComfyUI] [ComfyUI-CADabra] Health check: ok
  [ComfyUI] [SubprocessWorker] worker started/confirmed
  [ComfyUI] [SubprocessWorker] serializing kwargs to shm...
  [ComfyUI] [SubprocessWorker] created 0 shm blocks
  [ComfyUI] [SubprocessWorker] sending request via socket...
  [ComfyUI] [SubprocessWorker] call_id=37 sending call_method
  [ComfyUI] [SubprocessWorker] got response: ok
  [ComfyUI] [comfy-env] CADTransform done (0.15s): result: NodeOutput
  [ComfyUI] [comfy-env] Running PreviewCADDual: layout: 'side_by_side', opacity_1: 1.0, opacity_2: 0.6, linear_deflection: 0.1, angular_deflection: 0.5, cad_1: dict, cad_2: dict
  [ComfyUI] [SubprocessWorker] call_method: nodes.cad_preview_dual_node.PreviewCADDual.EXECUTE_NORMALIZED
  [ComfyUI] [SubprocessWorker] acquired lock, ensuring started...
  [ComfyUI] [ComfyUI-CADabra] Health check: ping (timeout=5.0s)...
  [ComfyUI] [ComfyUI-CADabra] Health check: ok
  [ComfyUI] [SubprocessWorker] worker started/confirmed
  [ComfyUI] [SubprocessWorker] serializing kwargs to shm...
  [ComfyUI] [SubprocessWorker] created 0 shm blocks
  [ComfyUI] [SubprocessWorker] sending request via socket...
  [ComfyUI] [SubprocessWorker] call_id=38 sending call_method
  [ComfyUI] [14:30:44] [CADabra] Starting: BRepMesh(linear_deflection=0.1, angular_deflection=0.5)
  [ComfyUI] [worker:ComfyUI-CADabra] INFO: Starting: BRepMesh(linear_deflection=0.1, angular_deflection=0.5)
  [ComfyUI] [14:30:44] [CADabra] Completed: BRepMesh(linear_deflection=0.1, angular_deflection=0.5) in 0.09s
  [ComfyUI] [worker:ComfyUI-CADabra] INFO: Completed: BRepMesh(linear_deflection=0.1, angular_deflection=0.5) in 0.09s
  [ComfyUI] [14:30:44] [CADabra] Starting: BRepMesh(linear_deflection=0.1, angular_deflection=0.5)
  [ComfyUI] [worker:ComfyUI-CADabra] INFO: Starting: BRepMesh(linear_deflection=0.1, angular_deflection=0.5)
  [ComfyUI] [14:30:45] [CADabra] Completed: BRepMesh(linear_deflection=0.1, angular_deflection=0.5) in 0.10s
  [ComfyUI] [worker:ComfyUI-CADabra] INFO: Completed: BRepMesh(linear_deflection=0.1, angular_deflection=0.5) in 0.10s
  Node executed (1 total), capturing...
  [ComfyUI] [SubprocessWorker] got response: ok
  [ComfyUI] [comfy-env] PreviewCADDual done (0.59s): result: NodeOutput
  [ComfyUI] [32m[INFO][0m [32mPrompt executed in 1.13 seconds[0m
  Frame 2 saved (frame_001.jpg, t=1.5s)
  [capture-node] freeze=7ms shot=281ms unfreeze=0ms saved=True
  Execution complete (t=1.5s)
  Captured 2 unique frames over 1.78s
  [debug] iframes: 1
  [debug]   iframe[0]: src=http://127.0.0.1:41887/extensions/ComfyUI-CADabra/viewer_cad_dual.html?v=1785508, canvas=371x485, rafFrozen=True
  [timing] trigger_3d_previews: 0.0s
  Saved high-quality screenshot: coordtransform_executed.png
  [timing] final_screenshot: 0.2s
    Captured 3 video frames