Capturing execution frames: edge_analysis.json
  [ComfyUI] [32m[INFO][0m Using RAM pressure cache.
  [ComfyUI] [32m[INFO][0m Using RAM pressure cache.
  Frame 1 saved (frame_000.jpg, t=0.0s)
  Validating workflow...
  Queuing workflow for execution...
  [ComfyUI] [32m[INFO][0m === /validate endpoint called ===
  [ComfyUI] [32m[INFO][0m Received JSON with keys: ['prompt']
  [ComfyUI] [32m[INFO][0m Prompt has 6 nodes
  [ComfyUI] [32m[INFO][0m   Node 1: CAD_Load
  [ComfyUI] [32m[INFO][0m     Inputs: {"filename": "cad/brake_shoe.igs", "upload_progress": "", "\u2b06 upload / drop CAD": null}
  [ComfyUI] [32m[INFO][0m   Node 2: CADEdgeViewer
  [ComfyUI] [32m[INFO][0m     Inputs: {"edge_json_filepath": ["3", 1], "visualization_mode": "normal", "selected_edge_id": 0, "edge_viewer": ""}
  [ComfyUI] [32m[INFO][0m   Node 3: CADEdgeAnalysis
  [ComfyUI] [32m[INFO][0m     Inputs: {"linear_deflection": 0.1, "report_panel": "false", "cad_model": ["1", 0]}
  [ComfyUI] [32m[INFO][0m   Node 5: CADEdgeDetailAnalyzer
  [ComfyUI] [32m[INFO][0m     Inputs: {"edge_json_filepath": ["2", 0], "edge_id": ["2", 1], "projection_plane": "auto", "edge_detail_viewer": ""}
  [ComfyUI] [32m[INFO][0m   Node 6: CADEdgeViewerVTK
  [ComfyUI] [32m[INFO][0m     Inputs: {"linear_deflection": 0.1, "visualization_mode": "normal", "selected_edge_id": 828, "vtk_edge_viewer": "", "cad_model": ["1", 0]}
  [ComfyUI] [32m[INFO][0m   Node 7: CADCurvePlotter
  [ComfyUI] [32m[INFO][0m     Inputs: {"spline_data_file": ["6", 3], "edge_id": 828, "num_samples": 100, "curve_plotter": ""}
  [ComfyUI] [32m[INFO][0m Generated prompt_id: 45a17dbc-9086-43e6-ba92-dab091906d4a
  [ComfyUI] [32m[INFO][0m Calling execution.validate_prompt()...
  [ComfyUI] [32m[INFO][0m Validation result: valid=True
  [ComfyUI] [32m[INFO][0m === Validation PASSED ===
  [ComfyUI] [32m[INFO][0m got prompt
  [ComfyUI] [comfy-env] Running CAD_Load: filename: 'cad/brake_shoe.igs'
  [ComfyUI] [SubprocessWorker] call_method: nodes.cad_nodes.CAD_Load.EXECUTE_NORMALIZED
  [ComfyUI] [SubprocessWorker] acquired lock, ensuring started...
  [ComfyUI] [ComfyUI-CADabra] Health check: ping (timeout=5.0s)...
  [ComfyUI] [ComfyUI-CADabra] Health check: ok
  [ComfyUI] [SubprocessWorker] worker started/confirmed
  [ComfyUI] [SubprocessWorker] serializing kwargs to shm...
  [ComfyUI] [SubprocessWorker] created 0 shm blocks
  [ComfyUI] [SubprocessWorker] sending request via socket...
  [ComfyUI] [SubprocessWorker] call_id=39 sending call_method
  [ComfyUI] [14:30:55] [CADabra]  Loading CAD file: brake_shoe.igs
  [ComfyUI] [worker:ComfyUI-CADabra] INFO:  Loading CAD file: brake_shoe.igs
  [ComfyUI] [14:30:55] [CADabra] Starting: IGES ReadFile(file=brake_shoe.igs)
  [ComfyUI] [worker:ComfyUI-CADabra] INFO: Starting: IGES ReadFile(file=brake_shoe.igs)
  [ComfyUI] [14:30:55] [CADabra] Completed: IGES ReadFile(file=brake_shoe.igs) in 0.10s
  [ComfyUI] [worker:ComfyUI-CADabra] INFO: Completed: IGES ReadFile(file=brake_shoe.igs) in 0.10s
  [ComfyUI] [14:30:55] [CADabra] Starting: IGES TransferRoots(file=brake_shoe.igs)
  [ComfyUI] [worker:ComfyUI-CADabra] INFO: Starting: IGES TransferRoots(file=brake_shoe.igs)
  [ComfyUI] [14:30:57] [CADabra] Completed: IGES TransferRoots(file=brake_shoe.igs) in 1.43s
  [ComfyUI] [worker:ComfyUI-CADabra] INFO: Completed: IGES TransferRoots(file=brake_shoe.igs) in 1.43s
  Frame 2 saved (frame_001.jpg, t=2.3s)
  [capture-periodic] freeze=6ms shot=129ms unfreeze=6ms saved=True
  [ComfyUI] [14:30:57] [CADabra]  Cached to BREP: brake_shoe.igs
  [ComfyUI] [worker:ComfyUI-CADabra] INFO:  Cached to BREP: brake_shoe.igs
  [ComfyUI] [14:30:57] [CADabra]  Ready: brake_shoe.igs
  [ComfyUI] [worker:ComfyUI-CADabra] INFO:  Ready: brake_shoe.igs
  [ComfyUI] [SubprocessWorker] got response: ok
  [ComfyUI] [comfy-env] CAD_Load done (2.53s): result: NodeOutput
  [ComfyUI] [comfy-env] Running CADEdgeAnalysis: linear_deflection: 0.1, cad_model: dict
  [ComfyUI] [SubprocessWorker] call_method: nodes.cad_edge_analysis_nodes.CADEdgeAnalysis.EXECUTE_NORMALIZED
  [ComfyUI] [SubprocessWorker] acquired lock, ensuring started...
  [ComfyUI] [ComfyUI-CADabra] Health check: ping (timeout=5.0s)...
  [ComfyUI] [ComfyUI-CADabra] Health check: ok
  [ComfyUI] [SubprocessWorker] worker started/confirmed
  [ComfyUI] [SubprocessWorker] serializing kwargs to shm...
  [ComfyUI] [SubprocessWorker] created 0 shm blocks
  [ComfyUI] [SubprocessWorker] sending request via socket...
  [ComfyUI] [SubprocessWorker] call_id=40 sending call_method
  [ComfyUI] [14:30:58] [CADabra] Starting: CAD Edge Analysis(edges=1914)
  [ComfyUI] [worker:ComfyUI-CADabra] INFO: Starting: CAD Edge Analysis(edges=1914)
  [ComfyUI] [14:30:58] [CADabra] Completed: CAD Edge Analysis(edges=1914) in 0.42s
  [ComfyUI] [worker:ComfyUI-CADabra] INFO: Completed: CAD Edge Analysis(edges=1914) in 0.42s
  Node executed (1 total), capturing...
  [ComfyUI] [SubprocessWorker] got response: ok
  [ComfyUI] [comfy-env] CADEdgeAnalysis done (1.35s): result: NodeOutput
  [ComfyUI] [comfy-env] Running CADEdgeViewer: edge_json_filepath: 'D:\\a\\comfy-ci\\comfy-ci\\test_workspaces\\CADabra-1414..., visualization_mode: 'normal', selected_edge_id: 0
  [ComfyUI] [SubprocessWorker] call_method: nodes.cad_edge_analysis_nodes.CADEdgeViewer.EXECUTE_NORMALIZED
  [ComfyUI] [SubprocessWorker] acquired lock, ensuring started...
  [ComfyUI] [ComfyUI-CADabra] Health check: ping (timeout=5.0s)...
  [ComfyUI] [ComfyUI-CADabra] Health check: ok
  [ComfyUI] [SubprocessWorker] worker started/confirmed
  [ComfyUI] [SubprocessWorker] serializing kwargs to shm...
  [ComfyUI] [SubprocessWorker] created 0 shm blocks
  [ComfyUI] [SubprocessWorker] sending request via socket...
  [ComfyUI] [SubprocessWorker] call_id=41 sending call_method
  Frame 3 saved (frame_002.jpg, t=4.3s)
  [capture-node] freeze=9ms shot=199ms unfreeze=12ms saved=True
  [ComfyUI] [SubprocessWorker] got response: ok
  [ComfyUI] [comfy-env] CADEdgeViewer done (0.38s): result: NodeOutput
  [ComfyUI] [comfy-env] Running CADEdgeDetailAnalyzer: edge_json_filepath: 'D:\\a\\comfy-ci\\comfy-ci\\test_workspaces\\CADabra-1414..., edge_id: 0, projection_plane: 'auto'
  [ComfyUI] [SubprocessWorker] call_method: nodes.cad_edge_analysis_nodes.CADEdgeDetailAnalyzer.EXECUTE_NORMALIZED
  [ComfyUI] [SubprocessWorker] acquired lock, ensuring started...
  [ComfyUI] [ComfyUI-CADabra] Health check: ping (timeout=5.0s)...
  [ComfyUI] [ComfyUI-CADabra] Health check: ok
  [ComfyUI] [SubprocessWorker] worker started/confirmed
  [ComfyUI] [SubprocessWorker] serializing kwargs to shm...
  [ComfyUI] [SubprocessWorker] created 0 shm blocks
  [ComfyUI] [SubprocessWorker] sending request via socket...
  [ComfyUI] [SubprocessWorker] call_id=42 sending call_method
  Node executed (2 total), capturing...
  [ComfyUI] [SubprocessWorker] got response: ok
  [ComfyUI] [comfy-env] CADEdgeDetailAnalyzer done (0.51s): result: NodeOutput
  [ComfyUI] [comfy-env] Running CADEdgeViewerVTK: linear_deflection: 0.1, visualization_mode: 'normal', selected_edge_id: 828, cad_model: dict
  [ComfyUI] [SubprocessWorker] call_method: nodes.cad_edge_viewer_vtk_node.CADEdgeViewerVTK.EXECUTE_NORMALIZED
  [ComfyUI] [SubprocessWorker] acquired lock, ensuring started...
  [ComfyUI] [ComfyUI-CADabra] Health check: ping (timeout=5.0s)...
  [ComfyUI] [ComfyUI-CADabra] Health check: ok
  [ComfyUI] [SubprocessWorker] worker started/confirmed
  [ComfyUI] [SubprocessWorker] serializing kwargs to shm...
  [ComfyUI] [SubprocessWorker] created 0 shm blocks
  [ComfyUI] [SubprocessWorker] sending request via socket...
  [ComfyUI] [SubprocessWorker] call_id=43 sending call_method
  Frame 4 saved (frame_003.jpg, t=4.8s)
  [capture-node] freeze=57ms shot=169ms unfreeze=4ms saved=True
  Node executed (3 total), capturing...
  [ComfyUI] [14:31:00] [CADabra] [CADEdgeViewerVTK] Analyzing 1914 edges, 427 faces, 3828 vertices
  [ComfyUI] [worker:ComfyUI-CADabra] INFO: [CADEdgeViewerVTK] Analyzing 1914 edges, 427 faces, 3828 vertices
  Frame 5 saved (frame_004.jpg, t=5.4s)
  [capture-node] freeze=18ms shot=199ms unfreeze=7ms saved=True
  [capture-loop] iter=50 t=7.5s state={'complete': False, 'error': None, 'executedCount': 3, 'wsState': 1} eval_ms=21 ram=6.3/16.0GB (39%) swap=0.9/2.9GB (31%) cpu=53% browser_rss=0.85GB
  [ComfyUI] [14:31:02] [CADabra] [CADEdgeViewerVTK] VTP saved: cad_edge_vtk_1785508260430.vtp (957 edges)
  [ComfyUI] [worker:ComfyUI-CADabra] INFO: [CADEdgeViewerVTK] VTP saved: cad_edge_vtk_1785508260430.vtp (957 edges)
  [ComfyUI] [14:31:03] [CADabra] [CADEdgeViewerVTK] Spline data saved: cad_edge_vtk_1785508260430_spline.json (241 spline edges)
  [ComfyUI] [worker:ComfyUI-CADabra] INFO: [CADEdgeViewerVTK] Spline data saved: cad_edge_vtk_1785508260430_spline.json (241 spline edges)
  [ComfyUI] [SubprocessWorker] got response: ok
  [ComfyUI] [comfy-env] CADEdgeViewerVTK done (3.55s): result: NodeOutput
  [ComfyUI] [comfy-env] Running CADCurvePlotter: spline_data_file: 'D:\\a\\comfy-ci\\comfy-ci\\test_workspaces\\CADabra-1414..., edge_id: 828, num_samples: 100
  [ComfyUI] [SubprocessWorker] call_method: nodes.cad_curve_plotter_node.CADCurvePlotter.EXECUTE_NORMALIZED
  [ComfyUI] [SubprocessWorker] acquired lock, ensuring started...
  [ComfyUI] [ComfyUI-CADabra] Health check: ping (timeout=5.0s)...
  [ComfyUI] [ComfyUI-CADabra] Health check: ok
  [ComfyUI] [SubprocessWorker] worker started/confirmed
  [ComfyUI] [SubprocessWorker] serializing kwargs to shm...
  [ComfyUI] [SubprocessWorker] created 0 shm blocks
  [ComfyUI] [SubprocessWorker] sending request via socket...
  [ComfyUI] [SubprocessWorker] call_id=44 sending call_method
  Node executed (4 total), capturing...
  [ComfyUI] [worker:ComfyUI-CADabra]
  [ComfyUI] === WATCHDOG TICK 2 ===
  [ComfyUI] [worker:ComfyUI-CADabra] Current thread 0x000006a0 (most recent call first):
  [ComfyUI]   File "C:\Users\stduser\AppData\Local\Temp\comfyui_pvenv_z_ui9fhc\persistent_worker.py", line 52 in _watchdog
  [ComfyUI]   File "C:\Users\stduser\AppData\Local\Programs\comfy-env\envs\cadabra-nodes\.pixi\envs\default\Lib\threading.py", line 1012 in run
  [ComfyUI]   File "C:\Users\stduser\AppData\Local\Programs\comfy-env\envs\cadabra-nodes\.pixi\envs\default\Lib\threading.py", line 1075 in _bootstrap_inner
  [ComfyUI]   File "C:\Users\stduser\AppData\Local\Programs\comfy-env\envs\cadabra-nodes\.pixi\envs\default\Lib\threading.py", line 1032 in _bootstrap
  [ComfyUI] 
  [ComfyUI] Thread 0x00001404 (most recent call first):
  [ComfyUI]   File "C:\Users\stduser\AppData\Local\Temp\comfyui_pvenv_z_ui9fhc\persistent_worker.py", line 86 in wlog
  [ComfyUI]   File "C:\Users\stduser\AppData\Local\Temp\comfyui_pvenv_z_ui9fhc\persistent_worker.py", line 1744 in main
  [ComfyUI]   File "C:\Users\stduser\AppData\Local\Temp\comfyui_pvenv_z_ui9fhc\persistent_worker.py", line 1812 in <module>
  [ComfyUI] 
  [ComfyUI] [worker:ComfyUI-CADabra] === END ===
  [ComfyUI] 
  Frame 6 saved (frame_005.jpg, t=8.8s)
  [capture-node] freeze=51ms shot=166ms unfreeze=6ms saved=True
  [ComfyUI] [SubprocessWorker] got response: ok
  [ComfyUI] [comfy-env] CADCurvePlotter done (0.76s): result: NodeOutput
  [ComfyUI] [32m[INFO][0m [32mPrompt executed in 9.10 seconds[0m
  Node executed (5 total), capturing...
  Frame 7 saved (frame_006.jpg, t=9.7s)
  [capture-node] freeze=89ms shot=162ms unfreeze=0ms saved=True
  Execution complete (t=9.7s)
  Captured 7 unique frames over 9.96s
  [debug] iframes: 4
  [debug]   iframe[0]: src=http://127.0.0.1:41887/extensions/ComfyUI-CADabra/viewer_cad_edge.html?v=1785508, canvas=349x298, rafFrozen=True
  [debug]   iframe[1]: src=http://127.0.0.1:41887/extensions/ComfyUI-CADabra/viewer_cad_edge_vtk.html?v=178, canvas=248x287, rafFrozen=True
  [debug]   iframe[2]: src=http://127.0.0.1:41887/extensions/ComfyUI-CADabra/viewer_cad_curve.html?v=178550, canvas=795x340, rafFrozen=True
  [debug]   iframe[3]: src=http://127.0.0.1:41887/extensions/ComfyUI-CADabra/viewer_cad_edge_detail.html?v=, canvas=246x402, rafFrozen=True
  [timing] trigger_3d_previews: 0.0s
  Saved high-quality screenshot: edge_analysis_executed.png
  [timing] final_screenshot: 0.2s
    Captured 8 video frames