[Console-error] Failed to load resource: the server responded with a status of 404 (Not Found)
[Console-error] Failed to load resource: the server responded with a status of 404 (Not Found)
[Console-warning] [ComfyUI] The legacy queue/history menu is deprecated. Core functionality in this menu may break at any time. Issues and feature requests related to the legacy menu will not be addressed. To switch to the new menu: Settings → search "Use new menu" → change from "Disabled" to "Top".
[Console-warning] [ComfyUI] The legacy queue/history menu is deprecated. Core functionality in this menu may break at any time. Issues and feature requests related to the legacy menu will not be addressed. To switch to the new menu: Settings → search "Use new menu" → change from "Disabled" to "Top".
[Console-error] Failed to load resource: the server responded with a status of 404 (Not Found)
[Console-error] ComfyApp graph accessed before initialization
[Console-error] Failed to load resource: the server responded with a status of 404 (Not Found)
[Console-error] Failed to load resource: the server responded with a status of 404 (Not Found)
[Console-error] Failed to load resource: the server responded with a status of 404 (Not Found)
[Console-warning] WARNING: Multiple instances of Three.js being imported.
[Console-log] [VTK Bundle] GLTFImporter included in bundle
[Console-warning] WARNING: Multiple instances of Three.js being imported.
[Console-warning] WARNING: Multiple instances of Three.js being imported.
[Console-log] [FBX Preview] Auto-registering for all known FBX preview node types...
[Console-log] [UniRig] Loading FBX mesh preview extension...
[Console-log] [UniRig] Detected extension folder: ComfyUI-GeometryPack
[Console-log] [UniRig] FBX mesh preview extension registered
[Console-log] [SAM3DBody] Loading FBX mesh preview extension...
[Console-log] [SAM3DBody] Detected extension folder: ComfyUI-GeometryPack
[Console-log] [SAM3DBody] FBX mesh preview extension registered
[Console-log] [MotionCapture] Loading FBX mesh preview extension...
[Console-log] [MotionCapture] Detected extension folder: ComfyUI-GeometryPack
[Console-log] [MotionCapture] FBX mesh preview extension registered
[Console-log] [MotionCapture] Loading FBX mesh preview extension...
[Console-log] [MotionCapture] Detected extension folder: ComfyUI-GeometryPack
[Console-log] [MotionCapture] FBX mesh preview extension registered
[Console-log] [UniRig Compare] Loading compare skeleton widget...
[Console-log] [UniRig Compare] Detected extension folder: ComfyUI-GeometryPack
[Console-log] [UniRig Compare] Compare skeleton widget registered
[Console-log] [BVHViewer] Loading BVH Viewer extension
[Console-log] [BVHViewer] Loading BVH viewer extension...
[Console-log] [BVHViewer] Extension registered: comfy3d.bvhviewer
[Console-log] [LoadCADUpload] script loaded
[Console-log] [CompareSMPLBVH] Loading Compare SMPL BVH extension
[Console-log] [CompareSMPLBVH] Loading Compare SMPL BVH extension...
[Console-log] [CompareSMPLBVH] Extension registered: comfy3d.comparesmplbvh
[Console-log] [GeomPack Gaussian] Loading extension...
[Console-log] [FBXAnimationViewer] Loading FBX Animation Viewer extension
[Console-log] [FBXAnimationViewer] Loading FBX Animation Viewer extension...
[Console-log] [FBXAnimationViewer] Extension registered: comfy3d.fbxanimationviewer
[Console-log] [GeomPack] Loading mesh preview extension...
[Console-log] [GeomPack] Mesh preview extension registered
[Console-log] [GeomPack] Loading UV mesh preview extension...
[Console-log] [GeomPack] UV mesh preview extension registered
[Console-log] [GeomPack] Loading VTK.js textured mesh preview extension...
[Console-log] [GeomPack] VTK.js textured mesh preview extension registered
[Console-log] [GeomPack Multi JS] Loading mesh_preview_multi.js extension
[Console-log] [VTK Bundle] GLTFImporter included in bundle
[Console-log] [UniRig Debug] Loading FBX mesh preview extension...
[Console-log] [UniRig Debug] Detected extension folder: ComfyUI-GeometryPack
[Console-log] [UniRig Debug] FBX mesh preview extension registered
[Console-warning] [MaskEditor] ComfyApp.open_maskeditor is deprecated. Plugins should migrate to using the command system or direct node context menu integration.
[Console-log] [LoadCADUpload] registering for CAD_Load
[Console-log] [CADabra ROI] Registering extension for CADROISelector
[Console-log] [GeomPack] Registering Preview Mesh node
[Console-log] [GeomPack] Registering Preview Mesh UV node
[Console-log] [GeomPack Gaussian] Registering Preview Gaussian node
[Console-log] [VTK Bundle] GLTFImporter included in bundle
[Console-log] [GeomPack VTK Dual Viewer] Initializing...
[Console-log] [GeomPack VTK Dual Viewer] Ready
[Console-log] [CADabra Curve] Loaded successfully
[Console-log] [CADabra EdgeDetail] Viewer ready
[Console-log] [CADabra EdgeDetail] Loaded successfully
[Console-log] [CADabra Edge] Viewer initializing...
[Console-log] [CADabra Edge] Viewer initialized
[Console-log] [VTK Bundle] GLTFImporter included in bundle
[Console-log] [VTK Edge Viewer] Initializing...
[Console-log] [VTK Edge Viewer] Initialized with Three.js trackball
[Console-log] [comfy-test] graphToPrompt: 6 nodes, missing class_type: [], sample: {"inputs":{"filename":"cad/brake_shoe.igs","upload_progress":"","⬆ upload / drop CAD":null},"class_type":"CAD_Load","_meta":{"title":"Load CAD"}}
[Console-log] [CADabra Edge] Received message: {type: LOAD_EDGE_ANALYSIS, edgeUrl: /view?filename=cad_edge_analysis_1785508257985.json&type=output&subfolder=, edgeFile: cad_edge_analysis_1785508257985.json, visualizationMode: normal, nodeId: 2}
[Console-log] [CADabra Edge] Fetching: /view?filename=cad_edge_analysis_1785508257985.json&type=output&subfolder=
[Console-log] [CADabra Edge] Loaded 957 edges
[Console-log] [CADabra Edge] Created 957 edge lines
[Console-log] [CADabra Edge] Viewer ready
[Console-log] [CADabra Edge] Loaded successfully
[Console-log] [CADabra EdgeDetail] Received: {type: LOAD_EDGE_DETAIL, edge_id: 0, edge_type: Circle, length: 3.8447606483111008, is_free: false}
[Console-log] [VTK Edge Viewer] Loading spline data: /view?filename=cad_edge_vtk_1785508260430_spline.json&type=output&subfolder=
[Console-log] [VTK Edge Viewer] Spline data loaded: 241 spline edges
[Console-log] [VTK Edge Viewer] Loading: /view?filename=cad_edge_vtk_1785508260430.vtp&type=output&subfolder=
[Console-log] [VTK Edge Viewer] Loaded polydata: 3136 points, 957 cells
[Console-log] [VTK Edge Viewer] Loaded successfully
[Console-log] [VTK Edge Viewer] Rendering complete