Capturing execution frames: raytracing.json
  [ComfyUI] [32m[INFO][0m Using RAM pressure cache.
  [ComfyUI] [32m[INFO][0m Using RAM pressure cache.
  Frame 1 saved (frame_000.jpg, t=0.0s)
  Validating workflow...
  Queuing workflow for execution...
  [ComfyUI] [32m[INFO][0m === /validate endpoint called ===
  [ComfyUI] [32m[INFO][0m Received JSON with keys: ['prompt']
  [ComfyUI] [32m[INFO][0m Prompt has 8 nodes
  [ComfyUI] [32m[INFO][0m   Node 1: CAD_Load
  [ComfyUI] [32m[INFO][0m     Inputs: {"filename": "cad/wc.STEP", "upload_progress": "", "\u2b06 upload / drop CAD": null}
  [ComfyUI] [32m[INFO][0m   Node 12: CADTransform
  [ComfyUI] [32m[INFO][0m     Inputs: {"translate_x": 0.12109375, "translate_y": 0, "translate_z": ["14", 0], "rotate_x": 0, "rotate_y": 0, "rotate_z": 0, "scale": 1, "cad_model": ["1", 0]}
  [ComfyUI] [32m[INFO][0m   Node 13: CADBoundingBox
  [ComfyUI] [32m[INFO][0m     Inputs: {"cad_model": ["1", 0]}
  [ComfyUI] [32m[INFO][0m   Node 14: FloatMath
  [ComfyUI] [32m[INFO][0m     Inputs: {"operation": "negate", "operand": 1, "value": ["13", 4]}
  [ComfyUI] [32m[INFO][0m   Node 17: PreviewCADOCC
  [ComfyUI] [32m[INFO][0m     Inputs: {"linear_deflection": 0.1, "angular_deflection": 0.5, "preview_occ": "", "cad_model": ["1", 0]}
  [ComfyUI] [32m[INFO][0m   Node 18: CADRaytracerBVH
  [ComfyUI] [32m[INFO][0m     Inputs: {"resolution": 522, "deflection": 0.02, "backend": "embree", "output_mode": "full", "roi": "", "npz_name": "", "cad_model": ["12", 0]}
  [ComfyUI] [32m[INFO][0m   Node 19: MultibandPreview
  [ComfyUI] [32m[INFO][0m     Inputs: {"channel_index": 0, "multiband": ["21", 0]}
  [ComfyUI] [32m[INFO][0m   Node 21: MultibandLoadFromPath
  [ComfyUI] [32m[INFO][0m     Inputs: {"file_path": ["18", 0], "normalize": false}
  [ComfyUI] [32m[INFO][0m Generated prompt_id: 88510c6a-1c77-4261-91e8-60545293be65
  [ComfyUI] [32m[INFO][0m Calling execution.validate_prompt()...
  [ComfyUI] [32m[INFO][0m Validation result: valid=True
  [ComfyUI] [32m[INFO][0m === Validation PASSED ===
  [ComfyUI] [32m[INFO][0m got prompt
  [ComfyUI] [1m[33m[WARNING][0m WARNING: _path_exists: path should be string, bytes, os.PathLike or integer, not NoneType
  [ComfyUI] [comfy-env] Running CAD_Load: filename: 'cad/wc.STEP'
  [ComfyUI] [SubprocessWorker] call_method: nodes.cad_nodes.CAD_Load.EXECUTE_NORMALIZED
  [ComfyUI] [SubprocessWorker] acquired lock, ensuring started...
  [ComfyUI] [ComfyUI-CADabra] Health check: ping (timeout=5.0s)...
  [ComfyUI] [ComfyUI-CADabra] Health check: ok
  [ComfyUI] [SubprocessWorker] worker started/confirmed
  [ComfyUI] [SubprocessWorker] serializing kwargs to shm...
  [ComfyUI] [SubprocessWorker] created 0 shm blocks
  [ComfyUI] [SubprocessWorker] sending request via socket...
  [ComfyUI] [SubprocessWorker] call_id=67 sending call_method
  [ComfyUI] [14:34:02] [CADabra]  Loading CAD file: wc.STEP
  [ComfyUI] [worker:ComfyUI-CADabra] INFO:  Loading CAD file: wc.STEP
  [ComfyUI] [14:34:02] [CADabra] Starting: STEP ReadFile(file=wc.STEP)
  [ComfyUI] [worker:ComfyUI-CADabra] INFO: Starting: STEP ReadFile(file=wc.STEP)
  [ComfyUI] [14:34:02] [CADabra] Completed: STEP ReadFile(file=wc.STEP) in 0.06s
  [ComfyUI] [worker:ComfyUI-CADabra] INFO: Completed: STEP ReadFile(file=wc.STEP) in 0.06s
  [ComfyUI] [14:34:02] [CADabra] Starting: STEP TransferRoots(file=wc.STEP)
  [ComfyUI] [worker:ComfyUI-CADabra] INFO: Starting: STEP TransferRoots(file=wc.STEP)
  [ComfyUI] [14:34:02] [CADabra] Completed: STEP TransferRoots(file=wc.STEP) in 0.49s
  [ComfyUI] [worker:ComfyUI-CADabra] INFO: Completed: STEP TransferRoots(file=wc.STEP) in 0.49s
  [ComfyUI] [14:34:02] [CADabra]  Cached to BREP: wc.STEP
  [ComfyUI] [worker:ComfyUI-CADabra] INFO:  Cached to BREP: wc.STEP
  [ComfyUI] [14:34:02] [CADabra]  Ready: wc.STEP
  [ComfyUI] [worker:ComfyUI-CADabra] INFO:  Ready: wc.STEP
  [ComfyUI] [SubprocessWorker] got response: ok
  [ComfyUI] [comfy-env] CAD_Load done (0.74s): result: NodeOutput
  [ComfyUI] [comfy-env] Running PreviewCADOCC: linear_deflection: 0.1, angular_deflection: 0.5, cad_model: dict
  [ComfyUI] [SubprocessWorker] call_method: nodes.cad_nodes.PreviewCADOCC.EXECUTE_NORMALIZED
  [ComfyUI] [SubprocessWorker] acquired lock, ensuring started...
  [ComfyUI] [ComfyUI-CADabra] Health check: ping (timeout=5.0s)...
  [ComfyUI] [ComfyUI-CADabra] Health check: ok
  [ComfyUI] [SubprocessWorker] worker started/confirmed
  [ComfyUI] [SubprocessWorker] serializing kwargs to shm...
  [ComfyUI] [SubprocessWorker] created 0 shm blocks
  [ComfyUI] [SubprocessWorker] sending request via socket...
  [ComfyUI] [SubprocessWorker] call_id=68 sending call_method
  [ComfyUI] [14:34:02] [CADabra]  Tessellating (linear: 0.1, angular: 0.5)
  [ComfyUI] [worker:ComfyUI-CADabra] INFO:  Tessellating (linear: 0.1, angular: 0.5)
  [ComfyUI] [14:34:02] [CADabra] Starting: BRepMesh(linear_deflection=0.1, angular_deflection=0.5)
  [ComfyUI] [worker:ComfyUI-CADabra] INFO: Starting: BRepMesh(linear_deflection=0.1, angular_deflection=0.5)
  [ComfyUI] [14:34:03] [CADabra] Completed: BRepMesh(linear_deflection=0.1, angular_deflection=0.5) in 0.86s
  [ComfyUI] [worker:ComfyUI-CADabra] INFO: Completed: BRepMesh(linear_deflection=0.1, angular_deflection=0.5) in 0.86s
  [ComfyUI] [14:34:03] [CADabra]  Mesh: 29877 vertices, 53424 triangles
  [ComfyUI] [worker:ComfyUI-CADabra] INFO:  Mesh: 29877 vertices, 53424 triangles
  Frame 2 saved (frame_001.jpg, t=2.3s)
  [capture-periodic] freeze=5ms shot=124ms unfreeze=7ms saved=True
  [ComfyUI] [worker:ComfyUI-CADabra]
  [ComfyUI] === WATCHDOG TICK 5 ===
  [ComfyUI] [worker:ComfyUI-CADabra] Current thread 0x000006a0 (most recent call first):
  [ComfyUI]   File "C:\Users\stduser\AppData\Local\Temp\comfyui_pvenv_z_ui9fhc\persistent_worker.py", line 52 in _watchdog
  [ComfyUI]   File "C:\Users\stduser\AppData\Local\Programs\comfy-env\envs\cadabra-nodes\.pixi\envs\default\Lib\threading.py", line 1012 in run
  [ComfyUI]   File "C:\Users\stduser\AppData\Local\Programs\comfy-env\envs\cadabra-nodes\.pixi\envs\default\Lib\threading.py", line 1075 in _bootstrap_inner
  [ComfyUI]   File "C:\Users\stduser\AppData\Local\Programs\comfy-env\envs\cadabra-nodes\.pixi\envs\default\Lib\threading.py", line 1032 in _bootstrap
  [ComfyUI] 
  [ComfyUI] Thread 0x00001404 (most recent call first):
  [ComfyUI]   File "D:\a\comfy-ci\comfy-ci\test_workspaces\CADabra-1414\portable-comfyui\ComfyUI_windows_portable\ComfyUI\custom_nodes\ComfyUI-CADabra\nodes\cad_nodes.py", line 2370 in _export_vtp
  [ComfyUI]   File "D:\a\comfy-ci\comfy-ci\test_workspaces\CADabra-1414\portable-comfyui\ComfyUI_windows_portable\ComfyUI\custom_nodes\ComfyUI-CADabra\nodes\cad_nodes.py", line 2325 in execute
  [ComfyUI]   File "D:\a\comfy-ci\comfy-ci\test_workspaces\CADabra-1414\portable-comfyui\ComfyUI_windows_portable\ComfyUI\comfy_api\latest\_io.py", line 1935 in EXECUTE_NORMALIZED
  [ComfyUI]   File "C:\Users\stduser\AppData\Local\Temp\comfyui_pvenv_z_ui9fhc\persistent_worker.py", line 1767 in main
  [ComfyUI]   File "C:\Users\stduser\AppData\Local\Temp\comfyui_pvenv_z_ui9fhc\persistent_worker.py", line 1812 in <module>
  [ComfyUI] 
  [ComfyUI] [worker:ComfyUI-CADabra] === END ===
  [ComfyUI] 
  Node executed (1 total), capturing...
  [ComfyUI] [14:34:04] [CADabra]  Exported VTP: preview_04d8b6ce.vtp (2,832,240 bytes)
  [ComfyUI] [worker:ComfyUI-CADabra] INFO:  Exported VTP: preview_04d8b6ce.vtp (2,832,240 bytes)
  [ComfyUI] [14:34:04] [CADabra]  Entities: 4 volumes, 118 faces, 548 edges
  [ComfyUI] [worker:ComfyUI-CADabra] INFO:  Entities: 4 volumes, 118 faces, 548 edges
  [ComfyUI] [14:34:04] [CADabra]  Face types: {'Plane': 58, 'BSpline': 39, 'Cylinder': 16, 'Torus': 3, 'Cone': 2}
  [ComfyUI] [worker:ComfyUI-CADabra] INFO:  Face types: {'Plane': 58, 'BSpline': 39, 'Cylinder': 16, 'Torus': 3, 'Cone': 2}
  [ComfyUI] [14:34:04] [CADabra]  Edge types: {'Line': 242, 'BSpline': 240, 'Circle': 66}
  [ComfyUI] [worker:ComfyUI-CADabra] INFO:  Edge types: {'Line': 242, 'BSpline': 240, 'Circle': 66}
  [ComfyUI] [SubprocessWorker] got response: ok
  [ComfyUI] [comfy-env] PreviewCADOCC done (1.98s): result: NodeOutput
  [ComfyUI] [comfy-env] Running CADBoundingBox: cad_model: dict
  [ComfyUI] [SubprocessWorker] call_method: nodes.cad_transform_nodes.CADBoundingBox.EXECUTE_NORMALIZED
  [ComfyUI] [SubprocessWorker] acquired lock, ensuring started...
  [ComfyUI] [ComfyUI-CADabra] Health check: ping (timeout=5.0s)...
  [ComfyUI] [ComfyUI-CADabra] Health check: ok
  [ComfyUI] [SubprocessWorker] worker started/confirmed
  [ComfyUI] [SubprocessWorker] serializing kwargs to shm...
  [ComfyUI] [SubprocessWorker] created 0 shm blocks
  [ComfyUI] [SubprocessWorker] sending request via socket...
  [ComfyUI] [SubprocessWorker] call_id=69 sending call_method
  [ComfyUI] [SubprocessWorker] got response: ok
  [ComfyUI] [comfy-env] CADBoundingBox done (0.12s): result: NodeOutput
  [ComfyUI] [comfy-env] Running FloatMath: operation: 'negate', operand: 1.0, value: -152.39288241063343
  [ComfyUI] [SubprocessWorker] call_method: nodes.cad_transform_nodes.FloatMath.EXECUTE_NORMALIZED
  [ComfyUI] [SubprocessWorker] acquired lock, ensuring started...
  [ComfyUI] [ComfyUI-CADabra] Health check: ping (timeout=5.0s)...
  [ComfyUI] [ComfyUI-CADabra] Health check: ok
  [ComfyUI] [SubprocessWorker] worker started/confirmed
  [ComfyUI] [SubprocessWorker] serializing kwargs to shm...
  [ComfyUI] [SubprocessWorker] created 0 shm blocks
  [ComfyUI] [SubprocessWorker] sending request via socket...
  [ComfyUI] [SubprocessWorker] call_id=70 sending call_method
  [ComfyUI] [SubprocessWorker] got response: ok
  [ComfyUI] [comfy-env] FloatMath done (0.09s): result: NodeOutput
  [ComfyUI] [comfy-env] Running CADTransform: translate_x: 0.12109375, translate_y: 0.0, translate_z: 152.39288241063343, rotate_x: 0.0, rotate_y: 0.0, rotate_z: 0.0, scale: 1.0, cad_model: dict
  [ComfyUI] [SubprocessWorker] call_method: nodes.cad_transform_nodes.CADTransform.EXECUTE_NORMALIZED
  [ComfyUI] [SubprocessWorker] acquired lock, ensuring started...
  [ComfyUI] [ComfyUI-CADabra] Health check: ping (timeout=5.0s)...
  [ComfyUI] [ComfyUI-CADabra] Health check: ok
  [ComfyUI] [SubprocessWorker] worker started/confirmed
  [ComfyUI] [SubprocessWorker] serializing kwargs to shm...
  [ComfyUI] [SubprocessWorker] created 0 shm blocks
  [ComfyUI] [SubprocessWorker] sending request via socket...
  [ComfyUI] [SubprocessWorker] call_id=71 sending call_method
  [ComfyUI] [SubprocessWorker] got response: ok
  [ComfyUI] [comfy-env] CADTransform done (0.27s): result: NodeOutput
  [ComfyUI] [comfy-env] Running CADRaytracerBVH: resolution: 522, deflection: 0.02, backend: 'embree', output_mode: 'full', roi: '', npz_name: '', cad_model: dict
  [ComfyUI] [SubprocessWorker] call_method: nodes.raytracer_node.CADRaytracerBVH.EXECUTE_NORMALIZED
  [ComfyUI] [SubprocessWorker] acquired lock, ensuring started...
  [ComfyUI] [ComfyUI-CADabra] Health check: ping (timeout=5.0s)...
  [ComfyUI] [ComfyUI-CADabra] Health check: ok
  [ComfyUI] [SubprocessWorker] worker started/confirmed
  [ComfyUI] [SubprocessWorker] serializing kwargs to shm...
  [ComfyUI] [SubprocessWorker] created 0 shm blocks
  [ComfyUI] [SubprocessWorker] sending request via socket...
  [ComfyUI] [SubprocessWorker] call_id=72 sending call_method
  Frame 3 saved (frame_002.jpg, t=3.1s)
  [capture-node] freeze=263ms shot=250ms unfreeze=6ms saved=True
  Frame 4 saved (frame_003.jpg, t=6.0s)
  [capture-periodic] freeze=150ms shot=139ms unfreeze=7ms saved=True
  [capture-loop] iter=50 t=14.4s state={'complete': False, 'error': None, 'executedCount': 1, 'wsState': 1} eval_ms=177 ram=5.6/16.0GB (35%) swap=1.2/2.9GB (41%) cpu=73% browser_rss=0.66GB
  [capture-loop] iter=100 t=25.3s state={'complete': False, 'error': None, 'executedCount': 1, 'wsState': 1} eval_ms=86 ram=5.5/16.0GB (35%) swap=1.2/2.9GB (41%) cpu=98% browser_rss=0.65GB
  [capture-loop] iter=150 t=35.3s state={'complete': False, 'error': None, 'executedCount': 1, 'wsState': 1} eval_ms=43 ram=5.5/16.0GB (34%) swap=1.2/2.9GB (41%) cpu=97% browser_rss=0.64GB
  [capture-loop] iter=200 t=46.6s state={'complete': False, 'error': None, 'executedCount': 1, 'wsState': 1} eval_ms=77 ram=5.6/16.0GB (35%) swap=1.2/2.9GB (41%) cpu=97% browser_rss=0.64GB
  [ComfyUI] [SubprocessWorker] got response: ok
  [ComfyUI] [comfy-env] CADRaytracerBVH done (50.19s): result: NodeOutput
  [ComfyUI] PreviewMultibandImage: Batch=1, Channels=16, Names=['height', 'normal_x', 'normal_y', 'normal_z', 'position_x', 'position_y', 'position_z', 'face_id', 'curv_gauss', 'curv_mean', 'curv_min', 'curv_max', 'curv_xx', 'curv_yy', 'curv_xy', 'hit_mask']
  [ComfyUI] [32m[INFO][0m [32mPrompt executed in 55.13 seconds[0m
  Frame 5 saved (frame_004.jpg, t=55.0s)
  [capture-periodic] freeze=73ms shot=201ms unfreeze=6ms saved=True
  Node executed (2 total), capturing...
  Frame 6 saved (frame_005.jpg, t=55.9s)
  [capture-node] freeze=24ms shot=226ms unfreeze=0ms saved=True
  Execution complete (t=55.9s)
  Captured 6 unique frames over 56.15s
  [debug] iframes: 1
  [debug]   iframe[0]: src=http://127.0.0.1:41887/extensions/ComfyUI-CADabra/viewer_cad_analysis.html?v=178, canvas=244x498, rafFrozen=True
  [timing] trigger_3d_previews: 0.0s
  Saved high-quality screenshot: raytracing_executed.png
  [timing] final_screenshot: 0.2s
    Captured 7 video frames