[2026-05-08 03:16:56.855] [info]  setup plugin alembic.autogenerate.schemas

[2026-05-08 03:16:56.857] [info]  setup plugin alembic.autogenerate.tables
setup plugin alembic.autogenerate.types
setup plugin alembic.autogenerate.constraints
setup plugin alembic.autogenerate.defaults
setup plugin alembic.autogenerate.comments

[2026-05-08 03:16:57.279] [info]  Adding extra search path custom_nodes C:\Users\runneradmin\Documents\ComfyUI\custom_nodes
Adding extra search path download_model_base C:\Users\runneradmin\Documents\ComfyUI\models

[2026-05-08 03:16:57.281] [info]  Adding extra search path custom_nodes C:\Users\runneradmin\AppData\Local\Programs\ComfyUI\resources\ComfyUI\custom_nodes
Setting output directory to: C:\Users\runneradmin\Documents\ComfyUI\output
Setting input directory to: C:\Users\runneradmin\Documents\ComfyUI\input
Setting user directory to: C:\Users\runneradmin\Documents\ComfyUI\user

[2026-05-08 03:16:58.719] [info]  [START] Security scan
[DONE] Security scan
** ComfyUI startup time: 
[2026-05-08 03:16:58.721] [info]  2026-05-08 03:16:58.718
** Platform: Windows
** Python version: 3.12.11 (main, Aug 18 2025, 19:17:54) [MSC v.1944 64 bit (AMD64)]
** Python executable: C:\Users\runneradmin\Documents\ComfyUI\.venv\Scripts\python.exe
** ComfyUI Path: C:\Users\runneradmin\AppData\Local\Programs\ComfyUI\resources\ComfyUI
** ComfyUI Base Folder Path: C:\Users\runneradmin\AppData\Local\Programs\ComfyUI\resources\ComfyUI

[2026-05-08 03:16:58.723] [info]  ** User directory: 
[2026-05-08 03:16:58.725] [info]  C:\Users\runneradmin\Documents\ComfyUI\user
** ComfyUI-Manager config path: C:\Users\runneradmin\Documents\ComfyUI\user\__manager\config.ini
** Log path: C:\Users\runneradmin\Documents\ComfyUI\user\comfyui.log

[2026-05-08 03:16:59.260] [info]  
#######################################################################
[ComfyUI-Manager] Starting dependency installation/(de)activation for the extension

[2026-05-08 03:16:59.261] [info]  

## ComfyUI-Manager: EXECUTE => ['C:\\Users\\runneradmin\\Documents\\ComfyUI\\.venv\\Scripts\\python.exe', '-m', 'pip', 'install', 'comfy-env==0.3.69']

## Execute management script for 'C:\Users\runneradmin\Documents\ComfyUI\custom_nodes\comfyui-cadabra'

[2026-05-08 03:17:01.021] [info]   
[2026-05-08 03:17:01.022] [info]   
[2026-05-08 03:17:01.024] [info]   
[2026-05-08 03:17:01.025] [info]   
[2026-05-08 03:17:01.026] [info]    
[2026-05-08 03:17:01.028] [info]   
[2026-05-08 03:17:01.029] [info]   
[2026-05-08 03:17:01.037] [info]   
[2026-05-08 03:17:01.038] [info]   
[2026-05-08 03:17:01.040] [info]   
[2026-05-08 03:17:01.041] [info]   
[2026-05-08 03:17:01.049] [info]   
[2026-05-08 03:17:01.053] [info]   
[2026-05-08 03:17:01.054] [info]   
[2026-05-08 03:17:01.055] [info]   
[2026-05-08 03:17:01.562] [error] [!]
[2026-05-08 03:17:01.564] [error]  
[!] [notice] A new release of pip is available: 25.0.1 -> 26.1.1
[!] [notice] To update, run: python.exe -m pip install --upgrade pip

[2026-05-08 03:17:01.625] [info]  
## ComfyUI-Manager: EXECUTE => ['C:\\Users\\runneradmin\\Documents\\ComfyUI\\.venv\\Scripts\\python.exe', '-m', 'pip', 'install', 'comfy-3d-viewers==0.2.44']

## Execute management script for 'C:\Users\runneradmin\Documents\ComfyUI\custom_nodes\comfyui-cadabra'
[2026-05-08 03:17:01.627] [info]  

[2026-05-08 03:17:03.498] [info]   Collecting comfy-3d-viewers==0.2.44

[2026-05-08 03:17:03.536] [info]     Downloading comfy_3d_viewers-0.2.44-py3-none-any.whl.metadata (2.2 kB)

[2026-05-08 03:17:03.572] [info]   Downloading comfy_3d_viewers-0.2.44-py3-none-any.whl (1.3 MB)

[2026-05-08 03:17:03.626] [info]      ---------------------------------------- 1.3/1.3 MB 32.0 MB/s eta 0:00:00

[2026-05-08 03:17:03.883] [info]   Installing collected packages: comfy-3d-viewers

[2026-05-08 03:17:04.028] [info]   Successfully installed comfy-3d-viewers-0.2.44

[2026-05-08 03:17:04.307] [error] [!]
[2026-05-08 03:17:04.309] [error]  
[!] [notice] A new release of pip is available: 25.0.1 -> 26.1.1
[!] [notice] To update, run: python.exe -m pip install --upgrade pip

[2026-05-08 03:17:04.378] [info]  
## ComfyUI-Manager: EXECUTE => ['C:\\Users\\runneradmin\\Documents\\ComfyUI\\.venv\\Scripts\\python.exe', '-m', 'pip', 'install', 'trimesh[easy]']

## Execute management script for 'C:\Users\runneradmin\Documents\ComfyUI\custom_nodes\comfyui-cadabra'

[2026-05-08 03:17:06.366] [info]   Collecting trimesh[easy]

[2026-05-08 03:17:06.430] [info]     Downloading trimesh-4.12.2-py3-none-any.whl.metadata (13 kB)

[2026-05-08 03:17:06.484] [info]   
[2026-05-08 03:17:06.527] [info]   Collecting colorlog (from trimesh[easy])

[2026-05-08 03:17:06.539] [info]     Downloading colorlog-6.10.1-py3-none-any.whl.metadata (11 kB)

[2026-05-08 03:17:06.632] [info]   Collecting manifold3d>=2.3.0 (from trimesh[easy])

[2026-05-08 03:17:06.641] [info]     Downloading manifold3d-3.4.1-cp312-cp312-win_amd64.whl.metadata (19 kB)

[2026-05-08 03:17:06.669] [info]   
[2026-05-08 03:17:07.218] [info]   Collecting lxml (from trimesh[easy])

[2026-05-08 03:17:07.234] [info]     Downloading lxml-6.1.0-cp312-cp312-win_amd64.whl.metadata (4.1 kB)

[2026-05-08 03:17:07.300] [info]   Collecting jsonschema (from trimesh[easy])

[2026-05-08 03:17:07.309] [info]     Downloading jsonschema-4.26.0-py3-none-any.whl.metadata (7.6 kB)

[2026-05-08 03:17:07.337] [info]   
[2026-05-08 03:17:07.367] [info]   Collecting svg.path (from trimesh[easy])

[2026-05-08 03:17:07.382] [info]     Downloading svg_path-7.0-py2.py3-none-any.whl.metadata (14 kB)

[2026-05-08 03:17:07.431] [info]   Collecting pycollada (from trimesh[easy])

[2026-05-08 03:17:07.448] [info]   
[2026-05-08 03:17:07.450] [info]    Downloading pycollada-0.9.3-py3-none-any.whl.metadata (1.7 kB)

[2026-05-08 03:17:07.560] [info]   Collecting shapely (from trimesh[easy])

[2026-05-08 03:17:07.572] [info]     Downloading shapely-2.1.2-cp312-cp312-win_amd64.whl.metadata (7.1 kB)

[2026-05-08 03:17:07.687] [info]   Collecting xxhash (from trimesh[easy])

[2026-05-08 03:17:07.701] [info]     Downloading xxhash-3.7.0-cp312-cp312-win_amd64.whl.metadata (13 kB)

[2026-05-08 03:17:07.767] [info]   Collecting rtree (from trimesh[easy])

[2026-05-08 03:17:07.783] [info]     Downloading rtree-1.4.1-py3-none-win_amd64.whl.metadata (2.2 kB)

[2026-05-08 03:17:07.807] [info]   
[2026-05-08 03:17:07.809] [info]   
[2026-05-08 03:17:07.849] [info]   Collecting embreex (from trimesh[easy])

[2026-05-08 03:17:07.862] [info]   
[2026-05-08 03:17:07.863] [info]    Downloading embreex-4.4.0-cp312-cp312-win_amd64.whl.metadata (3.0 kB)

[2026-05-08 03:17:07.885] [info]   
[2026-05-08 03:17:07.947] [info]   Collecting vhacdx (from trimesh[easy])

[2026-05-08 03:17:07.970] [info]     Downloading vhacdx-0.0.10-cp312-cp312-win_amd64.whl.metadata (1.1 kB)

[2026-05-08 03:17:08.038] [info]   Collecting mapbox_earcut>=1.0.2 (from trimesh[easy])

[2026-05-08 03:17:08.051] [info]     Downloading mapbox_earcut-2.0.0-cp312-cp312-win_amd64.whl.metadata (2.5 kB)

[2026-05-08 03:17:08.099] [info]         
[2026-05-08 03:17:08.127] [info]   Collecting jsonschema-specifications>=2023.03.6 (from jsonschema->trimesh[easy])

[2026-05-08 03:17:08.136] [info]     Downloading jsonschema_specifications-2025.9.1-py3-none-any.whl.metadata (2.9 kB)

[2026-05-08 03:17:08.206] [info]   Collecting referencing>=0.28.4 (from jsonschema->trimesh[easy])

[2026-05-08 03:17:08.216] [info]     Downloading referencing-0.37.0-py3-none-any.whl.metadata (2.8 kB)

[2026-05-08 03:17:08.523] [info]   Collecting rpds-py>=0.25.0 (from jsonschema->trimesh[easy])

[2026-05-08 03:17:08.540] [info]     Downloading rpds_py-0.30.0-cp312-cp312-win_amd64.whl.metadata (4.2 kB)

[2026-05-08 03:17:08.606] [info]   Collecting python-dateutil (from pycollada->trimesh[easy])

[2026-05-08 03:17:08.615] [info]   
[2026-05-08 03:17:08.616] [info]    Downloading python_dateutil-2.9.0.post0-py2.py3-none-any.whl.metadata (8.4 kB)

[2026-05-08 03:17:08.676] [info]   
[2026-05-08 03:17:08.716] [info]   Collecting six>=1.5 (from python-dateutil->pycollada->trimesh[easy])

[2026-05-08 03:17:08.725] [info]     Downloading six-1.17.0-py2.py3-none-any.whl.metadata (1.7 kB)

[2026-05-08 03:17:08.763] [info]   
[2026-05-08 03:17:08.765] [info]  Downloading manifold3d-3.4.1-cp312-cp312-win_amd64.whl (983 kB)

[2026-05-08 03:17:08.821] [info]      --------------------------------------- 983.3/983.3 kB 23.3 MB/s eta 0:00:00

[2026-05-08 03:17:08.840] [info]   Downloading mapbox_earcut-2.0.0-cp312-cp312-win_amd64.whl (56 kB)

[2026-05-08 03:17:08.866] [info]   Downloading colorlog-6.10.1-py3-none-any.whl (11 kB)

[2026-05-08 03:17:08.898] [info]   Downloading embreex-4.4.0-cp312-cp312-win_amd64.whl (13.1 MB)

[2026-05-08 03:17:09.081] [info]      ---------------------------------------- 13.1/13.1 MB 75.2 MB/s eta 0:00:00

[2026-05-08 03:17:09.090] [info]   Downloading jsonschema-4.26.0-py3-none-any.whl (90 kB)

[2026-05-08 03:17:09.120] [info]   Downloading lxml-6.1.0-cp312-cp312-win_amd64.whl (4.0 MB)

[2026-05-08 03:17:09.177] [info]      ---------------------------------------- 4.0/4.0 MB 79.5 MB/s eta 0:00:00

[2026-05-08 03:17:09.187] [info]   Downloading pycollada-0.9.3-py3-none-any.whl (129 kB)

[2026-05-08 03:17:09.217] [info]   Downloading rtree-1.4.1-py3-none-win_amd64.whl (389 kB)

[2026-05-08 03:17:09.255] [info]   Downloading shapely-2.1.2-cp312-cp312-win_amd64.whl (1.7 MB)

[2026-05-08 03:17:09.292] [info]      ---------------------------------------- 1.7/1.7 MB 47.1 MB/s eta 0:00:00

[2026-05-08 03:17:09.303] [info]   Downloading svg_path-7.0-py2.py3-none-any.whl (18 kB)

[2026-05-08 03:17:09.334] [info]   Downloading trimesh-4.12.2-py3-none-any.whl (741 kB)

[2026-05-08 03:17:09.366] [info]      --------------------------------------- 741.0/741.0 kB 29.9 MB/s eta 0:00:00

[2026-05-08 03:17:09.377] [info]   Downloading vhacdx-0.0.10-cp312-cp312-win_amd64.whl (195 kB)

[2026-05-08 03:17:09.405] [info]   Downloading xxhash-3.7.0-cp312-cp312-win_amd64.whl (31 kB)

[2026-05-08 03:17:09.438] [info]   Downloading jsonschema_specifications-2025.9.1-py3-none-any.whl (18 kB)

[2026-05-08 03:17:09.462] [info]   Downloading referencing-0.37.0-py3-none-any.whl (26 kB)

[2026-05-08 03:17:09.495] [info]   Downloading rpds_py-0.30.0-cp312-cp312-win_amd64.whl (240 kB)

[2026-05-08 03:17:09.526] [info]   
[2026-05-08 03:17:09.527] [info]  Downloading python_dateutil-2.9.0.post0-py2.py3-none-any.whl (229 kB)

[2026-05-08 03:17:09.556] [info]   Downloading six-1.17.0-py2.py3-none-any.whl (11 kB)

[2026-05-08 03:17:09.868] [info]   Installing collected packages: xxhash, vhacdx, trimesh, svg.path, six, shapely, rtree, rpds-py, mapbox_earcut, manifold3d, lxml, embreex, colorlog, referencing, python-dateutil, pycollada, jsonschema-specifications, jsonschema

[2026-05-08 03:17:12.808] [info]   Successfully installed colorlog-6.10.1 embreex-4.4.0 jsonschema-4.26.0 jsonschema-specifications-2025.9.1 lxml-6.1.0 manifold3d-3.4.1 mapbox_earcut-2.0.0 pycollada-0.9.3 python-dateutil-2.9.0.post0 referencing-0.37.0 rpds-py-0.30.0 rtree-1.4.1 shapely-2.1.2 six-1.17.0 svg.path-7.0 trimesh-4.12.2 vhacdx-0.0.10 xxhash-3.7.0

[2026-05-08 03:17:13.092] [error] [!]
[2026-05-08 03:17:13.093] [error]  
[!] [notice] A new release of pip is available: 25.0.1 -> 26.1.1
[!] [notice] To update, run: python.exe -m pip install --upgrade pip

[2026-05-08 03:17:13.214] [info]  
## ComfyUI-Manager: EXECUTE => ['C:\\Users\\runneradmin\\Documents\\ComfyUI\\.venv\\Scripts\\python.exe', 'install.py']

## Execute management script for 'C:\Users\runneradmin\Documents\ComfyUI\custom_nodes\comfyui-cadabra'
[2026-05-08 03:17:13.216] [info]  

[2026-05-08 03:17:13.512] [info]   [comfy-env] Enabled Windows long path support

[2026-05-08 03:17:13.513] [info]   
 Installing 2 node dependencies...
   Cloning ComfyUI-GeometryPack...

[2026-05-08 03:17:15.583] [info]     Installing requirements for ComfyUI-GeometryPack...

[2026-05-08 03:17:15.739] [info]     Running install.py for ComfyUI-GeometryPack...

[2026-05-08 03:17:16.013] [info]   [comfy-env] Enabled Windows long path support

[2026-05-08 03:17:16.050] [error] [!]
[2026-05-08 03:17:16.052] [error]  [comfy-env] pixi not found, downloading...

[2026-05-08 03:17:17.514] [error] [!]
[2026-05-08 03:17:17.515] [error]  [comfy-env] pixi installed: C:\Users\runneradmin\.pixi\bin\pixi.exe

[2026-05-08 03:17:17.533] [info]   [comfy-env] Workspace: C:\Users\runneradmin\Documents\ComfyUI\.ce

[2026-05-08 03:17:17.534] [info]   [comfy-env] ComfyUI: C:\Users\runneradmin\Documents\ComfyUI
 [comfy-env] Found 4 node config(s):
   - cadabra-nodes <- custom_nodes\comfyui-cadabra\nodes\comfy-env.toml (python=3.12)
   - geometrypack-blender <- custom_nodes\ComfyUI-GeometryPack\nodes\blender\comfy-env.toml (python=3.11)

[2026-05-08 03:17:17.536] [info]     - geometrypack-gpu <- custom_nodes\ComfyUI-GeometryPack\nodes\gpu\comfy-env.toml (python=host)

[2026-05-08 03:17:17.537] [info]     - geometrypack-main <- custom_nodes\ComfyUI-GeometryPack\nodes\main\comfy-env.toml (python=host)

[2026-05-08 03:17:17.544] [info]   [comfy-env] Bootstrap interpreter has python 3.12 + torch 2.10.0 (cpu). Looking for cuda-only wheels matching cpu/torch2.10/cp312.

[2026-05-08 03:17:19.232] [info]   [comfy-env] GPU: No GPU detected

[2026-05-08 03:17:19.234] [info]   [comfy-env] No CUDA detected -- pinning comfyui torch to CPU index
 [comfy-env] Root conda deps from comfyui-cadabra: ['av', 'ffmpeg']
 [comfy-env] Root conda deps from ComfyUI-GeometryPack: ['av', 'ffmpeg']

[2026-05-08 03:17:19.237] [info]   
[2026-05-08 03:17:19.238] [info]  [comfy-env] WARNING: C:\Users\runneradmin\Documents\ComfyUI\requirements.txt not found -- comfyui feature will be empty

[2026-05-08 03:17:19.240] [info]   [comfy-env] Root conda deps injected into comfyui feature: ['av', 'ffmpeg']

[2026-05-08 03:17:19.244] [info]   Generated C:\Users\runneradmin\Documents\ComfyUI\.ce\pixi.toml

[2026-05-08 03:17:19.248] [info]   [comfy-env] Patched C:\Users\runneradmin\AppData\Roaming\uv\python\cpython-3.12.11-windows-x86_64-none\Lib\platform.py for conda-forge compat

[2026-05-08 03:17:19.249] [info]   [comfy-env] Installing 4 environment(s):
   - cadabra-nodes (python=3.12, 10 pypi deps)

[2026-05-08 03:17:19.250] [info]     - geometrypack-blender (python=3.11, 2 pypi deps)
   - geometrypack-gpu (python=host, 2 pypi deps, 1 cuda wheels)
   - geometrypack-main (python=host, 12 pypi deps)
 [comfy-env] Running `pixi install --all`...

[2026-05-08 03:17:51.789] [info]      WARN Skipped running the post-link scripts because `run-post-link-scripts` = `false`

[2026-05-08 03:17:51.791] [info]     	- Scripts/.librsvg-pre-unlink.bat
   To enable them, run:
   	pixi config set --local run-post-link-scripts insecure
   More info:
   	https://pixi.sh/latest/reference/pixi_configuration/#run-post-link-scripts

[2026-05-08 03:19:05.037] [info]      WARN Skipped running the post-link scripts because `run-post-link-scripts` = `false`

[2026-05-08 03:19:05.039] [info]     	- Scripts/.librsvg-pre-unlink.bat
   To enable them, run:
   	pixi config set --local run-post-link-scripts insecure
   More info:
   	https://pixi.sh/latest/reference/pixi_configuration/#run-post-link-scripts

[2026-05-08 03:19:31.287] [info]      WARN Skipped running the post-link scripts because `run-post-link-scripts` = `false`

[2026-05-08 03:19:31.289] [info]     	- Scripts/.librsvg-pre-unlink.bat
   To enable them, run:
   	pixi config set --local run-post-link-scripts insecure
   More info:
   	https://pixi.sh/latest/reference/pixi_configuration/#run-post-link-scripts

[2026-05-08 03:19:48.068] [info]      WARN Skipped running the post-link scripts because `run-post-link-scripts` = `false`

[2026-05-08 03:19:48.070] [info]     	- Scripts/.librsvg-pre-unlink.bat
   To enable them, run:
   	pixi config set --local run-post-link-scripts insecure
   More info:
   	https://pixi.sh/latest/reference/pixi_configuration/#run-post-link-scripts

[2026-05-08 03:21:53.605] [info]      WARN Skipped running the post-link scripts because `run-post-link-scripts` = `false`

[2026-05-08 03:21:53.607] [info]     	- Scripts/.librsvg-pre-unlink.bat
   To enable them, run:
   	pixi config set --local run-post-link-scripts insecure
   More info:
   	https://pixi.sh/latest/reference/pixi_configuration/#run-post-link-scripts

[2026-05-08 03:22:02.047] [info]     The following environments have been installed: default, comfyui, cadabra-nodes, geometrypack-blender, geometrypack-gpu, geometrypack-main.

[2026-05-08 03:22:02.196] [info]   [comfy-env] Note: env `default` is on disk but no node declares it in this run. Leaving as-is. Remove via `pixi clean --environment default` if intended.

[2026-05-08 03:22:02.198] [info]   [comfy-env] Install log: C:\Users\runneradmin\Documents\ComfyUI\.ce\install.log
 
 Installation complete!

[2026-05-08 03:22:02.571] [info]     Cloning ComfyUI-Multiband...

[2026-05-08 03:22:02.923] [info]     Installing requirements for ComfyUI-Multiband...

[2026-05-08 03:22:03.748] [info]   

[2026-05-08 03:22:03.750] [info]   [requirements] Re-installing main package requirements...
   Installing requirements for comfyui-cadabra...

[2026-05-08 03:22:03.815] [info]   [comfy-env] Workspace: C:\Users\runneradmin\Documents\ComfyUI\.ce

[2026-05-08 03:22:03.817] [info]   [comfy-env] ComfyUI: C:\Users\runneradmin\Documents\ComfyUI
 [comfy-env] Found 4 node config(s):
   - cadabra-nodes <- custom_nodes\comfyui-cadabra\nodes\comfy-env.toml (python=3.12)
   - geometrypack-blender <- custom_nodes\ComfyUI-GeometryPack\nodes\blender\comfy-env.toml (python=3.11)
   - geometrypack-gpu <- custom_nodes\ComfyUI-GeometryPack\nodes\gpu\comfy-env.toml (python=host)
   - geometrypack-main <- custom_nodes\ComfyUI-GeometryPack\nodes\main\comfy-env.toml (python=host)

[2026-05-08 03:22:03.821] [info]   [comfy-env] Bootstrap interpreter has python 3.12 + torch 2.10.0 (cpu). Looking for cuda-only wheels matching cpu/torch2.10/cp312.

[2026-05-08 03:22:05.520] [info]   
[2026-05-08 03:22:05.521] [info]  [comfy-env] GPU: No GPU detected
 [comfy-env] No CUDA detected -- pinning comfyui torch to CPU index
 [comfy-env] Root conda deps from comfyui-cadabra: ['av', 'ffmpeg']
 [comfy-env] Root conda deps from ComfyUI-GeometryPack: ['av', 'ffmpeg']

[2026-05-08 03:22:05.523] [info]   
[2026-05-08 03:22:05.524] [info]  [comfy-env] WARNING: C:\Users\runneradmin\Documents\ComfyUI\requirements.txt not found -- comfyui feature will be empty

[2026-05-08 03:22:05.525] [info]   [comfy-env] Root conda deps injected into comfyui feature: ['av', 'ffmpeg']

[2026-05-08 03:22:05.527] [info]   Generated C:\Users\runneradmin\Documents\ComfyUI\.ce\pixi.toml

[2026-05-08 03:22:05.528] [info]   [comfy-env] Patched C:\Users\runneradmin\AppData\Roaming\uv\python\cpython-3.12.11-windows-x86_64-none\Lib\platform.py for conda-forge compat

[2026-05-08 03:22:05.529] [info]   [comfy-env] Installing 4 environment(s):
   - cadabra-nodes (python=3.12, 10 pypi deps)
   - geometrypack-blender (python=3.11, 2 pypi deps)
   - geometrypack-gpu (python=host, 2 pypi deps, 1 cuda wheels)
   - geometrypack-main (python=host, 12 pypi deps)
 [comfy-env] Running `pixi install --all`...

[2026-05-08 03:22:05.694] [info]     The following environments have been installed: default, comfyui, cadabra-nodes, geometrypack-blender, geometrypack-gpu, geometrypack-main.

[2026-05-08 03:22:05.703] [info]   [comfy-env] Note: env `default` is on disk but no node declares it in this run. Leaving as-is. Remove via `pixi clean --environment default` if intended.

[2026-05-08 03:22:05.705] [info]   [comfy-env] Install log: C:\Users\runneradmin\Documents\ComfyUI\.ce\install.log
 
 Installation complete!

[2026-05-08 03:22:06.054] [info]  
[ComfyUI-Manager] Startup script completed.

[2026-05-08 03:22:06.056] [info]  #######################################################################


[2026-05-08 03:22:06.648] [info]  [ComfyUI-Manager] Skipped fixing the 'comfyui-frontend-package' dependency because the ComfyUI is outdated.

[2026-05-08 03:22:06.649] [info]  [ComfyUI-Manager] Restarting to reapply dependency installation.
Command: ['"C:\\Users\\runneradmin\\Documents\\ComfyUI\\.venv\\Scripts\\python.exe"', '"C:\\Users\\runneradmin\\AppData\\Local\\Programs\\ComfyUI\\resources\\ComfyUI\\main.py"', '--user-directory', 'C:\\Users\\runneradmin\\Documents\\ComfyUI\\user', '--input-directory', 'C:\\Users\\runneradmin\\Documents\\ComfyUI\\input', '--output-directory', 'C:\\Users\\runneradmin\\Documents\\ComfyUI\\output', '--front-end-root', 'C:\\Users\\runneradmin\\AppData\\Local\\Programs\\ComfyUI\\resources\\ComfyUI\\web_custom_versions\\desktop_app', '--base-directory', 'C:\\Users\\runneradmin\\Documents\\ComfyUI', '--database-url', 'sqlite:///C:/Users/runneradmin/Documents/ComfyUI/user/comfyui.db', '--extra-model-paths-config', 'C:\\Users\\runneradmin\\AppData\\Roaming\\ComfyUI\\extra_models_config.yaml', '--log-stdout', '--listen', '127.0.0.1', '--port', '8000', '--enable-manager', '--cpu']
--------------------------------------------------------------------------


[2026-05-08 03:22:07.421] [info]  setup plugin alembic.autogenerate.schemas

[2026-05-08 03:22:07.423] [info]  setup plugin alembic.autogenerate.tables
setup plugin alembic.autogenerate.types
setup plugin alembic.autogenerate.constraints
setup plugin alembic.autogenerate.defaults
setup plugin alembic.autogenerate.comments

[2026-05-08 03:22:07.882] [info]  Adding extra search path custom_nodes C:\Users\runneradmin\Documents\ComfyUI\custom_nodes
Adding extra search path download_model_base C:\Users\runneradmin\Documents\ComfyUI\models
Adding extra search path custom_nodes C:\Users\runneradmin\AppData\Local\Programs\ComfyUI\resources\ComfyUI\custom_nodes

[2026-05-08 03:22:07.884] [info]  Setting output directory to: C:\Users\runneradmin\Documents\ComfyUI\output
Setting input directory to: C:\Users\runneradmin\Documents\ComfyUI\input
Setting user directory to: C:\Users\runneradmin\Documents\ComfyUI\user

[2026-05-08 03:22:11.558] [info]  [START] Security scan
[DONE] Security scan
** ComfyUI startup time:
[2026-05-08 03:22:11.559] [info]   2026-05-08 03:22:11.557
** Platform: Windows
** Python version: 3.12.11 (main, Aug 18 2025, 19:17:54) [MSC v.1944 64 bit (AMD64)]
** Python executable: C:\Users\runneradmin\Documents\ComfyUI\.venv\Scripts\python.exe
** ComfyUI Path: C:\Users\runneradmin\AppData\Local\Programs\ComfyUI\resources\ComfyUI
** ComfyUI Base Folder Path: C:\Users\runneradmin\AppData\Local\Programs\ComfyUI\resources\ComfyUI

[2026-05-08 03:22:12.584] [info]  ** User directory: 
[2026-05-08 03:22:12.585] [info]  C:\Users\runneradmin\Documents\ComfyUI\user
** ComfyUI-Manager config path: C:\Users\runneradmin\Documents\ComfyUI\user\__manager\config.ini
** Log path: C:\Users\runneradmin\Documents\ComfyUI\user\comfyui.log

[2026-05-08 03:22:13.647] [info]  [ComfyUI-Manager] Skipped fixing the 'comfyui-frontend-package' dependency because the ComfyUI is outdated.

[2026-05-08 03:22:13.649] [info]  [PRE] ComfyUI-Manager

[2026-05-08 03:22:13.983] [error] [comfy-env] comfyui-cadabra: 1 isolation env(s):
[2026-05-08 03:22:13.984] [error] 
[comfy-env]   nodes -> C:\Users\runneradmin\Documents\ComfyUI\custom_nodes\comfyui-cadabra\nodes
[comfy-env] prestartup complete
[2026-05-08 03:22:13.985] [error] 

[2026-05-08 03:22:14.070] [error] [comfy-env] ComfyUI-GeometryPack: 3 isolation env(s):
[2026-05-08 03:22:14.071] [error] 
[comfy-env]   blender -> C:\Users\runneradmin\Documents\ComfyUI\custom_nodes\ComfyUI-GeometryPack\nodes\blender
[comfy-env]   gpu -> C:\Users\runneradmin\Documents\ComfyUI\custom_nodes\ComfyUI-GeometryPack\nodes\gpu
[comfy-env]   main -> C:\Users\runneradmin\Documents\ComfyUI\custom_nodes\ComfyUI-GeometryPack\nodes\main

[2026-05-08 03:22:14.072] [error] [comfy-env] prestartup complete

[2026-05-08 03:22:16.784] [info]  Found comfy_kitchen backend cuda: {'available': False, 'disabled': True, 'unavailable_reason': 'CUDA not available on this system', 'capabilities': []}
Found comfy_kitchen backend triton: {'available': False, 'disabled': True, 'unavailable_reason': "ImportError: No module named 'triton'", 'capabilities': []}

[2026-05-08 03:22:16.785] [info]  Found comfy_kitchen backend eager: {'available': True, 'disabled': False, 'unavailable_reason': None, 'capabilities': ['apply_rope', 'apply_rope1', 'dequantize_mxfp8', 'dequantize_nvfp4', 'dequantize_per_tensor_fp8', 'quantize_mxfp8', 'quantize_nvfp4', 'quantize_per_tensor_fp8', 'scaled_mm_mxfp8', 'scaled_mm_nvfp4']}

[2026-05-08 03:22:16.791] [info]  Checkpoint files will always be loaded safely.

[2026-05-08 03:22:16.803] [info]  Total VRAM 16379 MB, total RAM 16379 MB

[2026-05-08 03:22:16.804] [info]  pytorch version: 2.10.0+cpu
Set vram state to: DISABLED
Device: cpu

[2026-05-08 03:22:17.117] [info]  Using sub quadratic optimization for attention, if you have memory or speed issues try using: --use-split-cross-attention

[2026-05-08 03:22:19.727] [info]  Python version: 3.12.11 (main, Aug 18 2025, 19:17:54) [MSC v.1944 64 bit (AMD64)]
ComfyUI version: 0.20.1

[2026-05-08 03:22:19.728] [info]  comfy-aimdo version: 0.2.14

[2026-05-08 03:22:19.729] [info]  comfy-kitchen version: 0.2.8

[2026-05-08 03:22:19.731] [info]  [Prompt Server] web root: C:\Users\runneradmin\AppData\Local\Programs\ComfyUI\resources\ComfyUI\web_custom_versions\desktop_app

[2026-05-08 03:22:19.732] [info]  Asset seeder disabled

[2026-05-08 03:22:19.733] [info]  [START] ComfyUI-Manager

[2026-05-08 03:22:19.840] [info]  [ComfyUI-Manager] Using GitPython backend

[2026-05-08 03:22:19.895] [info]  [ComfyUI-Manager] network_mode: public

[2026-05-08 03:22:19.900] [info]  [ComfyUI-Manager] The matrix sharing feature has been disabled because the `matrix-nio` dependency is not installed.
	To use this feature, please run the following command:
	C:\Users\runneradmin\Documents\ComfyUI\.venv\Scripts\python.exe -m pip install matrix-nio


[2026-05-08 03:22:21.505] [error] [comfy-env] Version: 0.3.69
[2026-05-08 03:22:21.506] [error] 

[2026-05-08 03:22:23.330] [error] [comfy-env] register_nodes: comfyui-cadabra
[2026-05-08 03:22:23.331] [error] 

[2026-05-08 03:22:23.335] [error] [comfy-env] Scanning nodes metadata (isolation root)...
[2026-05-08 03:22:23.336] [error] 

[2026-05-08 03:22:23.738] [error] [comfy-env] Metadata scan failed for nodes (exit 1, 0.4s):
[2026-05-08 03:22:23.739] [error] 
[comfy-env]              ^^^^^^^^^^^^^^^^^^^^^^^^^^^^^^^^^^^^^^^^^^^^^^^^^^^^
[comfy-env]     File "<frozen importlib._bootstrap>", line 1387, in _gcd_import

[2026-05-08 03:22:23.740] [error] [comfy-env]     File "<frozen importlib._bootstrap>", line 1360, in _find_and_load
[comfy-env]     File "<frozen importlib._bootstrap>", line 1331, in _find_and_load_unlocked

[2026-05-08 03:22:23.741] [error] [comfy-env]     File "<frozen importlib._bootstrap>", line 935, in _load_unlocked
[comfy-env]     File "<frozen importlib._bootstrap_external>", line 999, in exec_module
[2026-05-08 03:22:23.742] [error] 
[comfy-env]     File "<frozen importlib._bootstrap>", line 488, in _call_with_frames_removed

[2026-05-08 03:22:23.743] [error] [comfy-env]     File "C:\Users\runneradmin\Documents\ComfyUI\custom_nodes\comfyui-cadabra\nodes\cad_nodes.py", line 9, in <module>
[comfy-env]       import folder_paths

[2026-05-08 03:22:23.745] [error] [comfy-env]   ModuleNotFoundError: No module named 'folder_paths'

[2026-05-08 03:22:23.746] [error] [comfy-env] Scanned nodes root: 0 nodes (0.4s)
[comfy-env] Imported nodes root: 0 nodes (isolation)
[2026-05-08 03:22:23.747] [error] 
[comfy-env] Registered 0 total nodes
[2026-05-08 03:22:23.748] [error] 

[2026-05-08 03:22:23.752] [info]  loading...

[2026-05-08 03:22:23.753] [info]  calling register_nodes

[2026-05-08 03:22:23.754] [error] [comfy-env] Version: 0.3.69

[2026-05-08 03:22:23.771] [error] [comfy-env] register_nodes: ComfyUI-GeometryPack
[2026-05-08 03:22:23.773] [error] 

[2026-05-08 03:22:23.787] [error] [comfy-env] Importing nodes (root)...
[2026-05-08 03:22:23.788] [error] 

[2026-05-08 03:22:23.792] [error] [comfy-env] Imported nodes root: 0 nodes
[2026-05-08 03:22:23.793] [error] 

[2026-05-08 03:22:23.797] [error] [comfy-env] Scanning blender metadata...
[2026-05-08 03:22:23.798] [error] [comfy-env] Scanning gpu metadata...
[comfy-env] Scanning main metadata...
[2026-05-08 03:22:23.799] [error] 


[2026-05-08 03:22:29.041] [error] [comfy-env] Metadata scan failed for nodes.blender (exit 1, 5.2s):
[2026-05-08 03:22:29.043] [error] 

[2026-05-08 03:22:29.044] [error] [comfy-env]     File "<frozen importlib._bootstrap>", line 690, in _load_unlocked
[comfy-env]     File "<frozen importlib._bootstrap_external>", line 940, in exec_module

[2026-05-08 03:22:29.046] [error] [comfy-env]     File "<frozen importlib._bootstrap>", line 241, in _call_with_frames_removed
[comfy-env]     File "C:\Users\runneradmin\Documents\ComfyUI\custom_nodes\ComfyUI-GeometryPack\nodes\blender\__init__.py", line 6, in <module>

[2026-05-08 03:22:29.047] [error] [comfy-env]       from . import blender_io
[comfy-env]     File "C:\Users\runneradmin\Documents\ComfyUI\custom_nodes\ComfyUI-GeometryPack\nodes\blender\blender_io\__init__.py", line 8, in <module>

[2026-05-08 03:22:29.048] [error] [comfy-env]       from .load_mesh_blend import NODE_CLASS_MAPPINGS as LOAD_MESH_BLEND_MAPS, NODE_DISPLAY_NAME_MAPPINGS as LOAD_MESH_BLEND_DISP

[2026-05-08 03:22:29.049] [error] [comfy-env]     File "C:\Users\runneradmin\Documents\ComfyUI\custom_nodes\ComfyUI-GeometryPack\nodes\blender\blender_io\load_mesh_blend.py", line 29, in <module>
[comfy-env]       from comfy_api.latest import io

[2026-05-08 03:22:29.050] [error] [comfy-env]   ModuleNotFoundError: No module named 'comfy_api'

[2026-05-08 03:22:29.051] [error] [comfy-env] Scanned blender: 0 nodes (5.3s)

[2026-05-08 03:22:29.889] [error] [comfy-env] Metadata scan failed for nodes.main (exit 1, 6.0s):
[2026-05-08 03:22:29.890] [error] 
[comfy-env]     File "<frozen importlib._bootstrap>", line 935, in _load_unlocked
[comfy-env]     File "<frozen importlib._bootstrap_external>", line 999, in exec_module
[comfy-env]     File "<frozen importlib._bootstrap>", line 488, in _call_with_frames_removed

[2026-05-08 03:22:29.891] [error] [comfy-env]     File "C:\Users\runneradmin\Documents\ComfyUI\custom_nodes\ComfyUI-GeometryPack\nodes\main\__init__.py", line 12, in <module>
[comfy-env]       from . import io

[2026-05-08 03:22:29.893] [error] [comfy-env]     File "C:\Users\runneradmin\Documents\ComfyUI\custom_nodes\ComfyUI-GeometryPack\nodes\main\io\__init__.py", line 8, in <module>
[comfy-env]       from .load_mesh import NODE_CLASS_MAPPINGS as LoadMesh_mappings, NODE_DISPLAY_NAME_MAPPINGS as LoadMesh_display

[2026-05-08 03:22:29.894] [error] [comfy-env]     File "C:\Users\runneradmin\Documents\ComfyUI\custom_nodes\ComfyUI-GeometryPack\nodes\main\io\load_mesh.py", line 29, in <module>
[comfy-env]       from comfy_api.latest import io

[2026-05-08 03:22:29.895] [error] [comfy-env]   ModuleNotFoundError: No module named 'comfy_api'

[2026-05-08 03:22:29.896] [error] [comfy-env] Scanned main: 0 nodes (6.1s)

[2026-05-08 03:22:30.387] [error] [comfy-env] Metadata scan failed for nodes.gpu (exit 1, 6.6s):
[2026-05-08 03:22:30.389] [error] 
[comfy-env]     File "<frozen importlib._bootstrap>", line 935, in _load_unlocked
[comfy-env]     File "<frozen importlib._bootstrap_external>", line 999, in exec_module
[comfy-env]     File "<frozen importlib._bootstrap>", line 488, in _call_with_frames_removed
[comfy-env]     File "C:\Users\runneradmin\Documents\ComfyUI\custom_nodes\ComfyUI-GeometryPack\nodes\gpu\__init__.py", line 1, in <module>
[comfy-env]       from . import remeshing_gpu

[2026-05-08 03:22:30.390] [error] [comfy-env]     File "C:\Users\runneradmin\Documents\ComfyUI\custom_nodes\ComfyUI-GeometryPack\nodes\gpu\remeshing_gpu\__init__.py", line 2, in <module>
[comfy-env]       from .remesh import NODE_CLASS_MAPPINGS as REMESH_MAPS, NODE_DISPLAY_NAME_MAPPINGS as REMESH_DISP
[2026-05-08 03:22:30.391] [error] 
[comfy-env]     File "C:\Users\runneradmin\Documents\ComfyUI\custom_nodes\ComfyUI-GeometryPack\nodes\gpu\remeshing_gpu\remesh.py", line 14, in <module>
[comfy-env]       from comfy_api.latest import io
[2026-05-08 03:22:30.393] [error] 
[comfy-env]   ModuleNotFoundError: No module named 'comfy_api'
[comfy-env] Scanned gpu: 0 nodes (6.6s)

[2026-05-08 03:22:30.394] [error] [comfy-env] Registered 0 total nodes
[2026-05-08 03:22:30.395] [error] 

[2026-05-08 03:22:31.364] [info]  ComfyUI-Multiband loaded: 15 nodes registered

[2026-05-08 03:22:31.366] [info]  
Import times for custom nodes:

[2026-05-08 03:22:31.368] [info]     0.0 seconds: C:\Users\runneradmin\AppData\Local\Programs\ComfyUI\resources\ComfyUI\custom_nodes\websocket_image_save.py
   1.0 seconds: C:\Users\runneradmin\Documents\ComfyUI\custom_nodes\ComfyUI-Multiband
   2.2 seconds: C:\Users\runneradmin\Documents\ComfyUI\custom_nodes\comfyui-cadabra
   6.6 seconds: C:\Users\runneradmin\Documents\ComfyUI\custom_nodes\ComfyUI-GeometryPack


[2026-05-08 03:22:31.371] [info]  Context impl SQLiteImpl.

[2026-05-08 03:22:31.372] [info]  Will assume non-transactional DDL.

[2026-05-08 03:22:31.757] [info]  Starting server


[2026-05-08 03:22:31.758] [info]  To see the GUI go to: http://127.0.0.1:8000

[2026-05-08 03:23:36.718] [info]  FETCH DATA from: C:\Users\runneradmin\Documents\ComfyUI\.venv\Lib\site-packages\comfyui_manager\custom-node-list.json
[2026-05-08 03:23:36.756] [info]   [DONE]

[2026-05-08 03:23:44.620] [info]  FETCH DATA from: C:\Users\runneradmin\Documents\ComfyUI\.venv\Lib\site-packages\comfyui_manager\custom-node-list.json
[2026-05-08 03:23:44.668] [info]   [DONE]

[2026-05-08 03:23:45.946] [info]  FETCH ComfyRegistry Data [DONE]

[2026-05-08 03:23:46.328] [info]  [ComfyUI-Manager] default cache updated: https://api.comfy.org/nodes

[2026-05-08 03:23:46.377] [info]  FETCH DATA from: C:\Users\runneradmin\Documents\ComfyUI\user\__manager\cache\1514988643_custom-node-list.json
[2026-05-08 03:23:46.390] [info]   [DONE]

[2026-05-08 03:23:46.448] [info]  [ComfyUI-Manager] All startup tasks have been completed.

