Capturing execution frames: analyse_CAD.json
  Frame 1 saved (frame_000.jpg, t=0.0s)
  Validating workflow...
  Queuing workflow for execution...
  Frame 2 saved (frame_001.jpg, t=2.3s)
  [capture-periodic] freeze=5ms shot=158ms unfreeze=6ms saved=True
  Frame 3 saved (frame_002.jpg, t=4.6s)
  [capture-periodic] freeze=8ms shot=133ms unfreeze=4ms saved=True
  [capture-loop] iter=50 t=6.4s state={'complete': False, 'error': None, 'executedCount': 0, 'wsState': 1} eval_ms=6 ram=6.1/16.0GB (38%) swap=0.3/2.9GB (12%) cpu=53% browser_rss=0.74GB
  [capture-loop] iter=100 t=12.8s state={'complete': False, 'error': None, 'executedCount': 0, 'wsState': 1} eval_ms=6 ram=6.1/16.0GB (38%) swap=0.3/2.9GB (12%) cpu=71% browser_rss=0.74GB
  Frame 4 saved (frame_003.jpg, t=17.7s)
  [capture-periodic] freeze=5ms shot=126ms unfreeze=8ms saved=True
  [capture-loop] iter=150 t=19.0s state={'complete': False, 'error': None, 'executedCount': 0, 'wsState': 1} eval_ms=13 ram=6.3/16.0GB (40%) swap=0.3/2.9GB (12%) cpu=66% browser_rss=0.74GB
  [capture-loop] iter=200 t=25.0s state={'complete': False, 'error': None, 'executedCount': 1, 'wsState': 1} eval_ms=5 ram=6.3/16.0GB (39%) swap=0.3/2.9GB (12%) cpu=57% browser_rss=0.68GB
  Node executed (1 total), capturing...
  Frame 5 saved (frame_004.jpg, t=25.2s)
  [capture-node] freeze=5ms shot=117ms unfreeze=7ms saved=True
  Node executed (2 total), capturing...
  Frame 6 saved (frame_005.jpg, t=25.9s)
  [capture-node] freeze=144ms shot=217ms unfreeze=6ms saved=True
  Node executed (5 total), capturing...
  Frame 7 saved (frame_006.jpg, t=26.6s)
  [capture-node] freeze=37ms shot=134ms unfreeze=0ms saved=True
  Execution complete (t=26.6s)
  Captured 7 unique frames over 26.84s
  [debug] iframes: 3
  [debug]   iframe[0]: src=http://127.0.0.1:8188/extensions/ComfyUI-CADabra/viewer_cad_edge_detail.html?v=1, canvas=244x381, rafFrozen=True
  [debug]   iframe[1]: src=http://127.0.0.1:8188/extensions/ComfyUI-CADabra/viewer_cad_edge.html?v=17782257, canvas=244x260, rafFrozen=True
  [debug]   iframe[2]: src=http://127.0.0.1:8188/extensions/ComfyUI-CADabra/viewer_cad_analysis.html?v=1778, canvas=480x279, rafFrozen=True
  [timing] trigger_3d_previews: 0.0s
  Saved high-quality screenshot: analyse_CAD_executed.png
  [timing] final_screenshot: 0.2s
    Captured 8 video frames