Capturing execution frames: cad_manipulation.json
  Frame 1 saved (frame_000.jpg, t=0.0s)
  Validating workflow...
  Queuing workflow for execution...
  Node executed (1 total), capturing...
  Frame 2 saved (frame_001.jpg, t=1.1s)
  [capture-node] freeze=33ms shot=120ms unfreeze=4ms saved=True
  Node executed (2 total), capturing...
  [capture-node] freeze=49ms shot=139ms unfreeze=114ms saved=False
  Frame 3 saved (frame_002.jpg, t=6.4s)
  [capture-periodic] freeze=48ms shot=122ms unfreeze=9ms saved=True
  [capture-loop] iter=50 t=9.9s state={'complete': False, 'error': None, 'executedCount': 2, 'wsState': 1} eval_ms=25 ram=6.4/16.0GB (40%) swap=0.3/2.9GB (12%) cpu=70% browser_rss=0.77GB
  Node executed (3 total), capturing...
  Frame 4 saved (frame_003.jpg, t=12.6s)
  [capture-node] freeze=26ms shot=132ms unfreeze=0ms saved=True
  Execution complete (t=12.6s)
  Captured 4 unique frames over 12.83s
  [debug] iframes: 2
  [debug]   iframe[0]: src=http://127.0.0.1:8188/extensions/ComfyUI-CADabra/viewer_cad_analysis.html?v=1778, canvas=372x498, rafFrozen=True
  [debug]   iframe[1]: src=http://127.0.0.1:8188/extensions/ComfyUI-CADabra/viewer_cad_analysis.html?v=1778, canvas=272x498, rafFrozen=True
  [timing] trigger_3d_previews: 0.0s
  Saved high-quality screenshot: cad_manipulation_executed.png
  [timing] final_screenshot: 0.2s
    Captured 5 video frames