Capturing execution frames: cad_quality_metrics.json
  Frame 1 saved (frame_000.jpg, t=0.0s)
  Validating workflow...
  Queuing workflow for execution...
  Frame 2 saved (frame_001.jpg, t=2.2s)
  [capture-periodic] freeze=4ms shot=118ms unfreeze=5ms saved=True
  Frame 3 saved (frame_002.jpg, t=4.5s)
  [capture-periodic] freeze=5ms shot=105ms unfreeze=4ms saved=True
  [capture-loop] iter=50 t=5.9s state={'complete': False, 'error': None, 'executedCount': 0, 'wsState': 1} eval_ms=6 ram=6.5/16.0GB (40%) swap=0.3/2.9GB (12%) cpu=48% browser_rss=0.75GB
  Node executed (1 total), capturing...
  Frame 4 saved (frame_003.jpg, t=11.9s)
  [capture-node] freeze=242ms shot=504ms unfreeze=6ms saved=True
  Node executed (2 total), capturing...
  [capture-node] freeze=163ms shot=437ms unfreeze=0ms saved=False
  Execution complete (t=13.2s)
  Captured 4 unique frames over 13.78s
  [debug] iframes: 1
  [debug]   iframe[0]: src=http://127.0.0.1:8188/extensions/ComfyUI-CADabra/viewer_cad_analysis.html?v=1778, canvas=372x498, rafFrozen=True
  [timing] trigger_3d_previews: 0.0s
  Saved high-quality screenshot: cad_quality_metrics_executed.png
  [timing] final_screenshot: 0.2s
    Captured 5 video frames