Capturing execution frames: mesh_CAD.json
  Frame 1 saved (frame_000.jpg, t=0.0s)
  Validating workflow...
  Queuing workflow for execution...
  Frame 2 saved (frame_001.jpg, t=2.4s)
  [capture-periodic] freeze=6ms shot=124ms unfreeze=3ms saved=True
  Frame 3 saved (frame_002.jpg, t=4.7s)
  [capture-periodic] freeze=3ms shot=125ms unfreeze=3ms saved=True
  [capture-loop] iter=50 t=6.2s state={'complete': False, 'error': None, 'executedCount': 0, 'wsState': 1} eval_ms=4 ram=6.5/16.0GB (40%) swap=0.3/2.9GB (12%) cpu=42% browser_rss=0.68GB
  Node executed (1 total), capturing...
  Frame 4 saved (frame_003.jpg, t=8.2s)
  [capture-node] freeze=58ms shot=171ms unfreeze=5ms saved=True
  Node executed (2 total), capturing...
  Frame 5 saved (frame_004.jpg, t=18.7s)
  [capture-node] freeze=120ms shot=196ms unfreeze=6ms saved=True
  [capture-loop] iter=100 t=21.6s state={'complete': False, 'error': None, 'executedCount': 2, 'wsState': 1} eval_ms=49 ram=6.7/16.0GB (42%) swap=0.3/2.9GB (12%) cpu=92% browser_rss=0.71GB
  [capture-loop] iter=150 t=31.8s state={'complete': False, 'error': None, 'executedCount': 2, 'wsState': 1} eval_ms=62 ram=6.9/16.0GB (43%) swap=0.3/2.9GB (12%) cpu=98% browser_rss=0.69GB
  [capture-loop] iter=200 t=41.5s state={'complete': False, 'error': None, 'executedCount': 2, 'wsState': 1} eval_ms=71 ram=6.9/16.0GB (43%) swap=0.3/2.9GB (12%) cpu=97% browser_rss=0.68GB
  [capture-loop] iter=250 t=50.7s state={'complete': False, 'error': None, 'executedCount': 2, 'wsState': 1} eval_ms=42 ram=6.9/16.0GB (43%) swap=0.3/2.9GB (12%) cpu=97% browser_rss=0.68GB
  Node executed (3 total), capturing...
  Frame 6 saved (frame_005.jpg, t=60.6s)
  [capture-node] freeze=86ms shot=460ms unfreeze=0ms saved=True
  Execution complete (t=60.6s)
  Captured 6 unique frames over 61.14s
  [debug] iframes: 2
  [debug]   iframe[0]: src=http://127.0.0.1:8188/extensions/ComfyUI-CADabra/viewer_cad_analysis.html?v=1778, canvas=242x498, rafFrozen=True
  [debug]   iframe[1]: src=http://127.0.0.1:8188/extensions/ComfyUI-GeometryPack/viewer_dual.html?v=1778225, canvas=370x485, rafFrozen=True
  [timing] trigger_3d_previews: 0.0s
  Saved high-quality screenshot: mesh_CAD_executed.png
  [timing] final_screenshot: 0.3s
    Captured 7 video frames