Capturing execution frames: raytracing.json
  Frame 1 saved (frame_000.jpg, t=0.0s)
  Validating workflow...
  Queuing workflow for execution...
  Frame 2 saved (frame_001.jpg, t=2.3s)
  [capture-periodic] freeze=5ms shot=139ms unfreeze=8ms saved=True
  Frame 3 saved (frame_002.jpg, t=4.5s)
  [capture-periodic] freeze=4ms shot=116ms unfreeze=5ms saved=True
  [capture-loop] iter=50 t=6.1s state={'complete': False, 'error': None, 'executedCount': 0, 'wsState': 1} eval_ms=4 ram=6.7/16.0GB (42%) swap=0.4/2.9GB (15%) cpu=62% browser_rss=0.81GB
  Frame 4 saved (frame_003.jpg, t=11.1s)
  [capture-periodic] freeze=4ms shot=111ms unfreeze=4ms saved=True
  Node executed (1 total), capturing...
  Frame 5 saved (frame_004.jpg, t=12.1s)
  [capture-node] freeze=247ms shot=183ms unfreeze=4ms saved=True
  [capture-loop] iter=100 t=14.1s state={'complete': False, 'error': None, 'executedCount': 1, 'wsState': 1} eval_ms=49 ram=6.7/16.0GB (42%) swap=0.6/2.9GB (20%) cpu=73% browser_rss=0.79GB
  [capture-loop] iter=150 t=29.4s state={'complete': False, 'error': None, 'executedCount': 1, 'wsState': 1} eval_ms=58 ram=6.6/16.0GB (41%) swap=0.6/2.9GB (20%) cpu=98% browser_rss=0.69GB
  [capture-loop] iter=200 t=40.4s state={'complete': False, 'error': None, 'executedCount': 1, 'wsState': 1} eval_ms=57 ram=6.6/16.0GB (41%) swap=0.6/2.9GB (20%) cpu=96% browser_rss=0.69GB
  [capture-loop] iter=250 t=52.2s state={'complete': False, 'error': None, 'executedCount': 1, 'wsState': 1} eval_ms=27 ram=6.5/16.0GB (41%) swap=0.6/2.9GB (20%) cpu=97% browser_rss=0.69GB
  [capture-loop] iter=300 t=64.7s state={'complete': False, 'error': None, 'executedCount': 1, 'wsState': 1} eval_ms=79 ram=6.3/16.0GB (40%) swap=0.7/2.9GB (26%) cpu=97% browser_rss=0.69GB
  Node executed (2 total), capturing...
  Frame 6 saved (frame_005.jpg, t=65.6s)
  [capture-node] freeze=15ms shot=213ms unfreeze=0ms saved=True
  Execution complete (t=65.6s)
  Captured 6 unique frames over 65.83s
  [debug] iframes: 1
  [debug]   iframe[0]: src=http://127.0.0.1:8188/extensions/ComfyUI-CADabra/viewer_cad_analysis.html?v=1778, canvas=242x498, rafFrozen=True
  [timing] trigger_3d_previews: 0.0s
  Saved high-quality screenshot: raytracing_executed.png
  [timing] final_screenshot: 0.2s
    Captured 7 video frames