Capturing execution frames: raytracing_roi.json
  Frame 1 saved (frame_000.jpg, t=0.0s)
  Validating workflow...
  Queuing workflow for execution...
  Node executed (1 total), capturing...
  Frame 2 saved (frame_001.jpg, t=0.9s)
  [capture-node] freeze=29ms shot=190ms unfreeze=13ms saved=True
  Node executed (2 total), capturing...
  Frame 3 saved (frame_002.jpg, t=1.6s)
  [capture-node] freeze=45ms shot=174ms unfreeze=4ms saved=True
  Frame 4 saved (frame_003.jpg, t=4.1s)
  [capture-periodic] freeze=4ms shot=197ms unfreeze=4ms saved=True
  Node executed (3 total), capturing...
  Frame 5 saved (frame_004.jpg, t=7.1s)
  [capture-node] freeze=4ms shot=168ms unfreeze=0ms saved=True
  Execution complete (t=7.1s)
  Captured 5 unique frames over 7.27s
  [debug] iframes: 2
  [debug]   iframe[0]: src=http://127.0.0.1:8188/extensions/ComfyUI-CADabra/viewer_cad_analysis.html?v=1778, canvas=242x498, rafFrozen=True
  [debug]   iframe[1]: src=http://127.0.0.1:8188/extensions/ComfyUI-CADabra/viewer_cad_roi.html?v=177822602, canvas=292x498, rafFrozen=True
  [timing] trigger_3d_previews: 0.0s
  Saved high-quality screenshot: raytracing_roi_executed.png
  [timing] final_screenshot: 0.2s
    Captured 6 video frames