[00:00] Crash dump logging enabled: D:\a\comfy-gpu-ci\comfy-gpu-ci\comfy-test-logs\CADabra-0712\windows-cpu\crash_dump.log
[00:00] 
[00:00] [1/3] REGISTRATION
[00:00] ----------------------------------------
[00:00] 
[DEBUG] server=None, server_url=http://127.0.0.1:8188, api=None
[00:00] 
Connecting to existing server at http://127.0.0.1:8188...
[00:00] Connecting to existing server at http://127.0.0.1:8188...
[00:00] Connected to server! (attempt 1, 0.0s)
[00:00] Checking for import errors in server logs...
[00:00] No import errors detected
[00:00] Found 878 registered nodes
[00:00] [REGISTRATION] PASSED
[00:00] 
[00:00] [2/3] INSTANTIATION
[00:00] ----------------------------------------
[00:00] 
[DEBUG] server=<comfy_test.comfyui.server.ExternalComfyUIServer object at 0x0000028680008D70>, server_url=http://127.0.0.1:8188, api=<comfy_test.comfyui.api.ComfyUIAPI object at 0x0000028680008EC0>
[00:00] Testing node constructors...
[00:03] All 39 node(s) instantiated successfully!
[00:03] [INSTANTIATION] PASSED
[00:03] 
[00:03] [3/3] EXECUTION
[00:03] ----------------------------------------
[00:03] 
[DEBUG] server=<comfy_test.comfyui.server.ExternalComfyUIServer object at 0x0000028680008D70>, server_url=http://127.0.0.1:8188, api=<comfy_test.comfyui.api.ComfyUIAPI object at 0x0000028680008EC0>
[00:03] CPU runner - will execute 8 workflow(s)
[00:03] Running 8 workflow(s) (all with videos)...
[00:04] Starting headless browser...
[00:05]   Downloading Mesa llvmpipe for Windows...
[00:10]   Copied opengl32.dll to Chromium dir
[00:10]   Copied libgallium_wgl.dll to Chromium dir
[00:10]   Using Mesa llvmpipe (desktop GL) — multithreaded CPU rendering
[00:11] Capturing execution frames: analyse_CAD.json
[00:22]   Frame 1 saved (frame_000.jpg, t=0.0s)
[00:22]   Validating workflow...
[00:22]   Queuing workflow for execution...
[00:25]   Frame 2 saved (frame_001.jpg, t=2.5s)
[00:25]   [capture-periodic] freeze=9ms shot=157ms unfreeze=5ms saved=True
[00:27]   Frame 3 saved (frame_002.jpg, t=4.8s)
[00:27]   [capture-periodic] freeze=8ms shot=145ms unfreeze=8ms saved=True
[00:29]   [capture-loop] iter=50 t=6.5s state={'complete': False, 'error': None, 'executedCount': 0, 'wsState': 1} eval_ms=7 ram=5.9/16.0GB (37%) swap=0.3/2.9GB (10%) cpu=61% browser_rss=0.74GB
[00:35]   [capture-loop] iter=100 t=13.1s state={'complete': False, 'error': None, 'executedCount': 0, 'wsState': 1} eval_ms=7 ram=5.9/16.0GB (37%) swap=0.3/2.9GB (10%) cpu=89% browser_rss=0.74GB
[00:41]   [capture-loop] iter=150 t=19.3s state={'complete': False, 'error': None, 'executedCount': 0, 'wsState': 1} eval_ms=5 ram=6.1/16.0GB (38%) swap=0.3/2.9GB (10%) cpu=88% browser_rss=0.74GB
[00:44]   Frame 4 saved (frame_003.jpg, t=22.5s)
[00:45]   [capture-periodic] freeze=10ms shot=186ms unfreeze=14ms saved=True
[00:47]   [capture-loop] iter=200 t=25.6s state={'complete': False, 'error': None, 'executedCount': 0, 'wsState': 1} eval_ms=4 ram=6.2/16.0GB (39%) swap=0.3/2.9GB (10%) cpu=71% browser_rss=0.68GB
[00:51]   Node executed (1 total), capturing...
[00:52]   Frame 5 saved (frame_004.jpg, t=29.3s)
[00:52]   [capture-node] freeze=13ms shot=1141ms unfreeze=8ms saved=True
[00:53]   Node executed (5 total), capturing...
[00:54]   Frame 6 saved (frame_005.jpg, t=31.3s)
[00:54]   [capture-node] freeze=277ms shot=572ms unfreeze=0ms saved=True
[00:54]   Execution complete (t=31.3s)
[00:54]   Captured 6 unique frames over 32.19s
[00:54]   [debug] iframes: 3
[00:54]   [debug]   iframe[0]: src=http://127.0.0.1:8188/extensions/ComfyUI-CADabra/viewer_cad_edge_detail.html?v=1, canvas=244x381, rafFrozen=True
[00:54]   [debug]   iframe[1]: src=http://127.0.0.1:8188/extensions/ComfyUI-CADabra/viewer_cad_edge.html?v=17782243, canvas=244x260, rafFrozen=True
[00:54]   [debug]   iframe[2]: src=http://127.0.0.1:8188/extensions/ComfyUI-CADabra/viewer_cad_analysis.html?v=1778, canvas=480x279, rafFrozen=True
[00:54]   [timing] trigger_3d_previews: 0.0s
[00:56]   Saved high-quality screenshot: analyse_CAD_executed.png
[00:56]   [timing] final_screenshot: 0.2s
[00:56] Capturing execution frames: cad_manipulation.json
[01:03]   Frame 1 saved (frame_000.jpg, t=0.0s)
[01:03]   Validating workflow...
[01:03]   Queuing workflow for execution...
[01:04]   Node executed (1 total), capturing...
[01:04]   Frame 2 saved (frame_001.jpg, t=1.0s)
[01:04]   [capture-node] freeze=13ms shot=140ms unfreeze=7ms saved=True
[01:05]   Node executed (2 total), capturing...
[01:05]   [capture-node] freeze=27ms shot=127ms unfreeze=5ms saved=False
[01:10]   Frame 3 saved (frame_002.jpg, t=6.2s)
[01:10]   [capture-periodic] freeze=26ms shot=152ms unfreeze=7ms saved=True
[01:12]   Frame 4 saved (frame_003.jpg, t=8.5s)
[01:12]   [capture-periodic] freeze=27ms shot=150ms unfreeze=4ms saved=True
[01:12]   [capture-loop] iter=50 t=8.9s state={'complete': False, 'error': None, 'executedCount': 3, 'wsState': 1} eval_ms=25 ram=6.1/16.0GB (38%) swap=0.3/2.9GB (10%) cpu=60% browser_rss=0.73GB
[01:12]   Node executed (3 total), capturing...
[01:13]   Frame 5 saved (frame_004.jpg, t=9.1s)
[01:13]   [capture-node] freeze=46ms shot=168ms unfreeze=10ms saved=True
[01:13]   Execution complete (t=9.5s)
[01:13]   Captured 5 unique frames over 9.55s
[01:13]   [debug] iframes: 2
[01:13]   [debug]   iframe[0]: src=http://127.0.0.1:8188/extensions/ComfyUI-CADabra/viewer_cad_analysis.html?v=1778, canvas=372x498, rafFrozen=False
[01:13]   [debug]   iframe[1]: src=http://127.0.0.1:8188/extensions/ComfyUI-CADabra/viewer_cad_analysis.html?v=1778, canvas=272x498, rafFrozen=False
[01:13]   [timing] trigger_3d_previews: 0.0s
[01:15]   Saved high-quality screenshot: cad_manipulation_executed.png
[01:15]   [timing] final_screenshot: 0.2s
[01:15] Capturing execution frames: cad_quality_metrics.json
[01:22]   Frame 1 saved (frame_000.jpg, t=0.0s)
[01:22]   Validating workflow...
[01:22]   Queuing workflow for execution...
[01:24]   Frame 2 saved (frame_001.jpg, t=2.3s)
[01:24]   [capture-periodic] freeze=4ms shot=139ms unfreeze=5ms saved=True
[01:26]   Frame 3 saved (frame_002.jpg, t=4.6s)
[01:26]   [capture-periodic] freeze=5ms shot=122ms unfreeze=5ms saved=True
[01:28]   [capture-loop] iter=50 t=6.1s state={'complete': False, 'error': None, 'executedCount': 0, 'wsState': 1} eval_ms=8 ram=6.2/16.0GB (38%) swap=0.3/2.9GB (10%) cpu=53% browser_rss=0.70GB
[01:36]   Node executed (1 total), capturing...
[01:37]   Frame 4 saved (frame_003.jpg, t=14.9s)
[01:37]   [capture-node] freeze=253ms shot=484ms unfreeze=5ms saved=True
[01:38]   Node executed (2 total), capturing...
[01:39]   [capture-node] freeze=127ms shot=445ms unfreeze=0ms saved=False
[01:39]   Execution complete (t=16.5s)
[01:39]   Captured 4 unique frames over 17.12s
[01:39]   [debug] iframes: 1
[01:39]   [debug]   iframe[0]: src=http://127.0.0.1:8188/extensions/ComfyUI-CADabra/viewer_cad_analysis.html?v=1778, canvas=372x498, rafFrozen=True
[01:39]   [timing] trigger_3d_previews: 0.0s
[01:41]   Saved high-quality screenshot: cad_quality_metrics_executed.png
[01:41]   [timing] final_screenshot: 0.2s
[01:41] Capturing execution frames: edge_analysis.json
[01:48]   Frame 1 saved (frame_000.jpg, t=0.0s)
[01:48]   Validating workflow...
[01:48]   Queuing workflow for execution...
[01:49]   Node executed (1 total), capturing...
[01:49]   Frame 2 saved (frame_001.jpg, t=1.5s)
[01:49]   [capture-node] freeze=28ms shot=119ms unfreeze=3ms saved=True
[01:49]   Node executed (2 total), capturing...
[01:50]   Frame 3 saved (frame_002.jpg, t=1.9s)
[01:50]   [capture-node] freeze=5ms shot=101ms unfreeze=3ms saved=True
[01:50]   Node executed (3 total), capturing...
[01:50]   [capture-node] freeze=7ms shot=98ms unfreeze=0ms saved=False
[01:50]   Execution complete (t=2.3s)
[01:50]   Captured 3 unique frames over 2.43s
[01:50]   [debug] iframes: 2
[01:50]   [debug]   iframe[0]: src=http://127.0.0.1:8188/extensions/ComfyUI-CADabra/viewer_cad_edge_detail.html?v=1, canvas=244x381, rafFrozen=True
[01:50]   [debug]   iframe[1]: src=http://127.0.0.1:8188/extensions/ComfyUI-CADabra/viewer_cad_edge.html?v=17782244, canvas=347x269, rafFrozen=True
[01:50]   [timing] trigger_3d_previews: 0.0s
[01:52]   Saved high-quality screenshot: edge_analysis_executed.png
[01:52]   [timing] final_screenshot: 0.2s
[01:53] Capturing execution frames: mesh_CAD.json
[02:00]   Frame 1 saved (frame_000.jpg, t=0.0s)
[02:00]   Validating workflow...
[02:00]   Queuing workflow for execution...
[02:01]   Node executed (1 total), capturing...
[02:02]   Frame 2 saved (frame_001.jpg, t=1.7s)
[02:02]   [capture-node] freeze=9ms shot=152ms unfreeze=8ms saved=True
[02:07]   Frame 3 saved (frame_002.jpg, t=6.7s)
[02:07]   [capture-periodic] freeze=91ms shot=239ms unfreeze=12ms saved=True
[02:11]   [capture-loop] iter=50 t=11.0s state={'complete': False, 'error': None, 'executedCount': 1, 'wsState': 1} eval_ms=149 ram=6.1/16.0GB (38%) swap=0.3/2.9GB (10%) cpu=67% browser_rss=0.78GB
[02:19]   Node executed (2 total), capturing...
[02:19]   Frame 4 saved (frame_003.jpg, t=19.1s)
[02:19]   [capture-node] freeze=46ms shot=192ms unfreeze=8ms saved=True
[02:25]   [capture-loop] iter=100 t=24.8s state={'complete': False, 'error': None, 'executedCount': 2, 'wsState': 1} eval_ms=205 ram=6.2/16.0GB (39%) swap=0.3/2.9GB (10%) cpu=98% browser_rss=0.71GB
[02:36]   [capture-loop] iter=150 t=36.4s state={'complete': False, 'error': None, 'executedCount': 2, 'wsState': 1} eval_ms=23 ram=6.2/16.0GB (39%) swap=0.3/2.9GB (10%) cpu=99% browser_rss=0.71GB
[02:47]   [capture-loop] iter=200 t=46.8s state={'complete': False, 'error': None, 'executedCount': 2, 'wsState': 1} eval_ms=65 ram=6.3/16.0GB (39%) swap=0.3/2.9GB (10%) cpu=98% browser_rss=0.71GB
[02:57]   [capture-loop] iter=250 t=57.3s state={'complete': False, 'error': None, 'executedCount': 2, 'wsState': 1} eval_ms=46 ram=6.3/16.0GB (39%) swap=0.3/2.9GB (10%) cpu=98% browser_rss=0.70GB
[03:06]   Frame 5 saved (frame_004.jpg, t=65.9s)
[03:06]   [capture-periodic] freeze=47ms shot=190ms unfreeze=10ms saved=True
[03:06]   Node executed (3 total), capturing...
[03:07]   Frame 6 saved (frame_005.jpg, t=66.9s)
[03:07]   [capture-node] freeze=212ms shot=292ms unfreeze=0ms saved=True
[03:07]   Execution complete (t=66.9s)
[03:07]   Captured 6 unique frames over 67.44s
[03:07]   [debug] iframes: 2
[03:07]   [debug]   iframe[0]: src=http://127.0.0.1:8188/extensions/ComfyUI-CADabra/viewer_cad_analysis.html?v=1778, canvas=242x498, rafFrozen=True
[03:07]   [debug]   iframe[1]: src=http://127.0.0.1:8188/extensions/ComfyUI-GeometryPack/viewer_dual.html?v=1778224, canvas=370x485, rafFrozen=False
[03:07]   [timing] trigger_3d_previews: 0.0s
[03:10]   Saved high-quality screenshot: mesh_CAD_executed.png
[03:10]   [timing] final_screenshot: 0.3s
[03:10] Capturing execution frames: raytracing.json
[03:17]   Frame 1 saved (frame_000.jpg, t=0.0s)
[03:17]   Validating workflow...
[03:17]   Queuing workflow for execution...
[03:19]   Frame 2 saved (frame_001.jpg, t=2.3s)
[03:19]   [capture-periodic] freeze=5ms shot=130ms unfreeze=5ms saved=True
[03:21]   Frame 3 saved (frame_002.jpg, t=4.5s)
[03:21]   [capture-periodic] freeze=4ms shot=136ms unfreeze=6ms saved=True
[03:23]   [capture-loop] iter=50 t=6.2s state={'complete': False, 'error': None, 'executedCount': 0, 'wsState': 1} eval_ms=8 ram=6.1/16.0GB (38%) swap=0.3/2.9GB (10%) cpu=79% browser_rss=0.75GB
[03:28]   Frame 4 saved (frame_003.jpg, t=11.2s)
[03:28]   [capture-periodic] freeze=4ms shot=124ms unfreeze=5ms saved=True
[03:29]   [capture-loop] iter=100 t=12.3s state={'complete': False, 'error': None, 'executedCount': 0, 'wsState': 1} eval_ms=7 ram=6.3/16.0GB (39%) swap=0.3/2.9GB (10%) cpu=82% browser_rss=0.66GB
[03:30]   Node executed (1 total), capturing...
[03:31]   Frame 5 saved (frame_004.jpg, t=13.4s)
[03:31]   [capture-node] freeze=153ms shot=197ms unfreeze=7ms saved=True
[03:49]   [capture-loop] iter=150 t=32.3s state={'complete': False, 'error': None, 'executedCount': 1, 'wsState': 1} eval_ms=149 ram=6.2/16.0GB (39%) swap=0.3/2.9GB (10%) cpu=98% browser_rss=0.67GB
[04:09]   [capture-loop] iter=200 t=52.9s state={'complete': False, 'error': None, 'executedCount': 1, 'wsState': 1} eval_ms=265 ram=6.3/16.0GB (39%) swap=0.3/2.9GB (10%) cpu=99% browser_rss=0.66GB
[04:25]   [capture-loop] iter=250 t=68.7s state={'complete': False, 'error': None, 'executedCount': 1, 'wsState': 1} eval_ms=30 ram=6.2/16.0GB (39%) swap=0.3/2.9GB (10%) cpu=99% browser_rss=0.66GB
[04:45]   [capture-loop] iter=300 t=88.2s state={'complete': False, 'error': None, 'executedCount': 1, 'wsState': 1} eval_ms=41 ram=6.2/16.0GB (39%) swap=0.3/2.9GB (10%) cpu=99% browser_rss=0.66GB
[04:49]   Node executed (2 total), capturing...
[04:49]   Frame 6 saved (frame_005.jpg, t=92.2s)
[04:49]   [capture-node] freeze=4ms shot=207ms unfreeze=0ms saved=True
[04:49]   Execution complete (t=92.3s)
[04:49]   Captured 6 unique frames over 92.5s
[04:49]   [debug] iframes: 1
[04:49]   [debug]   iframe[0]: src=http://127.0.0.1:8188/extensions/ComfyUI-CADabra/viewer_cad_analysis.html?v=1778, canvas=242x498, rafFrozen=True
[04:49]   [timing] trigger_3d_previews: 0.0s
[04:51]   Saved high-quality screenshot: raytracing_executed.png
[04:51]   [timing] final_screenshot: 0.2s
[04:52] Capturing execution frames: raytracing_roi.json
[04:58]   Frame 1 saved (frame_000.jpg, t=0.0s)
[04:58]   Validating workflow...
[04:58]   Queuing workflow for execution...
[04:59]   Node executed (1 total), capturing...
[04:59]   Frame 2 saved (frame_001.jpg, t=1.1s)
[04:59]   [capture-node] freeze=17ms shot=188ms unfreeze=70ms saved=True
[05:00]   Node executed (2 total), capturing...
[05:00]   Frame 3 saved (frame_002.jpg, t=1.7s)
[05:00]   [capture-node] freeze=42ms shot=193ms unfreeze=5ms saved=True
[05:03]   Frame 4 saved (frame_003.jpg, t=4.2s)
[05:03]   [capture-periodic] freeze=4ms shot=178ms unfreeze=4ms saved=True
[05:05]   Node executed (3 total), capturing...
[05:05]   Frame 5 saved (frame_004.jpg, t=7.2s)
[05:05]   [capture-node] freeze=28ms shot=209ms unfreeze=0ms saved=True
[05:05]   Execution complete (t=7.2s)
[05:06]   Captured 5 unique frames over 7.45s
[05:06]   [debug] iframes: 2
[05:06]   [debug]   iframe[0]: src=http://127.0.0.1:8188/extensions/ComfyUI-CADabra/viewer_cad_analysis.html?v=1778, canvas=242x498, rafFrozen=True
[05:06]   [debug]   iframe[1]: src=http://127.0.0.1:8188/extensions/ComfyUI-CADabra/viewer_cad_roi.html?v=177822464, canvas=292x498, rafFrozen=True
[05:06]   [timing] trigger_3d_previews: 0.0s
[05:08]   Saved high-quality screenshot: raytracing_roi_executed.png
[05:08]   [timing] final_screenshot: 0.2s
[05:08] Capturing execution frames: view_cads.json
[05:15]   Frame 1 saved (frame_000.jpg, t=0.0s)
[05:15]   Validating workflow...
[05:15]   Queuing workflow for execution...
[05:17]   Frame 2 saved (frame_001.jpg, t=2.3s)
[05:17]   [capture-periodic] freeze=30ms shot=247ms unfreeze=54ms saved=True
[05:19]   Frame 3 saved (frame_002.jpg, t=4.8s)
[05:19]   [capture-periodic] freeze=4ms shot=129ms unfreeze=4ms saved=True
[05:21]   [capture-loop] iter=50 t=6.7s state={'complete': False, 'error': None, 'executedCount': 0, 'wsState': 1} eval_ms=6 ram=6.1/16.0GB (38%) swap=0.4/2.9GB (15%) cpu=72% browser_rss=0.80GB
[05:25]   Node executed (1 total), capturing...
[05:28]   Frame 4 saved (frame_003.jpg, t=10.5s)
[05:28]   [capture-node] freeze=1603ms shot=516ms unfreeze=9ms saved=True
[05:28]   Node executed (5 total), capturing...
[05:29]   [capture-node] freeze=60ms shot=483ms unfreeze=0ms saved=False
[05:29]   Execution complete (t=13.9s)
[05:29]   Captured 4 unique frames over 14.43s
[05:29]   [debug] iframes: 3
[05:29]   [debug]   iframe[0]: src=http://127.0.0.1:8188/extensions/ComfyUI-CADabra/viewer_cad_edge_detail.html?v=1, canvas=244x381, rafFrozen=True
[05:29]   [debug]   iframe[1]: src=http://127.0.0.1:8188/extensions/ComfyUI-CADabra/viewer_cad_edge.html?v=17782246, canvas=244x260, rafFrozen=True
[05:29]   [debug]   iframe[2]: src=http://127.0.0.1:8188/extensions/ComfyUI-CADabra/viewer_cad_analysis.html?v=1778, canvas=244x257, rafFrozen=True
[05:29]   [timing] trigger_3d_previews: 0.0s
[05:31]   Saved high-quality screenshot: view_cads_executed.png
[05:31]   [timing] final_screenshot: 0.2s
[05:31] Results saved to D:\a\comfy-gpu-ci\comfy-gpu-ci\comfy-test-logs\CADabra-0712\windows-cpu\results.json
[05:31] Saved: D:\a\comfy-gpu-ci\comfy-gpu-ci\comfy-test-logs\CADabra-0712\windows-cpu\index.html
[05:31] [EXECUTION] PASSED
[05:31] 
windows: PASSED
