Capturing execution frames: analyse_CAD.json
  Frame 1 saved (frame_000.jpg, t=0.0s)
  Validating workflow...
  Queuing workflow for execution...
  Frame 2 saved (frame_001.jpg, t=2.3s)
  [capture-periodic] freeze=8ms shot=139ms unfreeze=5ms saved=True
  Frame 3 saved (frame_002.jpg, t=4.5s)
  [capture-periodic] freeze=6ms shot=113ms unfreeze=4ms saved=True
  [capture-loop] iter=50 t=6.3s state={'complete': False, 'error': None, 'executedCount': 0, 'wsState': 1} eval_ms=8 ram=5.0/16.0GB (31%) swap=0.3/2.9GB (9%) cpu=38% browser_rss=0.75GB
  [capture-loop] iter=100 t=12.9s state={'complete': False, 'error': None, 'executedCount': 0, 'wsState': 1} eval_ms=7 ram=5.1/16.0GB (32%) swap=0.3/2.9GB (9%) cpu=61% browser_rss=0.74GB
  Frame 4 saved (frame_003.jpg, t=17.6s)
  [capture-periodic] freeze=37ms shot=186ms unfreeze=26ms saved=True
  [capture-loop] iter=150 t=19.3s state={'complete': False, 'error': None, 'executedCount': 0, 'wsState': 1} eval_ms=7 ram=5.3/16.0GB (33%) swap=0.3/2.9GB (9%) cpu=68% browser_rss=0.75GB
  Frame 5 saved (frame_004.jpg, t=24.4s)
  [capture-periodic] freeze=6ms shot=137ms unfreeze=10ms saved=True
  Node executed (1 total), capturing...
  Frame 6 saved (frame_005.jpg, t=24.8s)
  [capture-node] freeze=4ms shot=113ms unfreeze=7ms saved=True
  Node executed (2 total), capturing...
  Frame 7 saved (frame_006.jpg, t=25.4s)
  [capture-node] freeze=27ms shot=204ms unfreeze=9ms saved=True
  Node executed (4 total), capturing...
  Frame 8 saved (frame_007.jpg, t=26.0s)
  [capture-node] freeze=49ms shot=139ms unfreeze=5ms saved=True
  Node executed (5 total), capturing...
  Frame 9 saved (frame_008.jpg, t=26.7s)
  [capture-node] freeze=56ms shot=930ms unfreeze=0ms saved=True
  Execution complete (t=26.7s)
  Captured 9 unique frames over 27.73s
  [debug] iframes: 3
  [debug]   iframe[0]: src=http://127.0.0.1:8188/extensions/ComfyUI-CADabra/viewer_cad_edge_detail.html?v=1, canvas=244x381, rafFrozen=True
  [debug]   iframe[1]: src=http://127.0.0.1:8188/extensions/ComfyUI-CADabra/viewer_cad_edge.html?v=17782279, canvas=244x260, rafFrozen=True
  [debug]   iframe[2]: src=http://127.0.0.1:8188/extensions/ComfyUI-CADabra/viewer_cad_analysis.html?v=1778, canvas=480x279, rafFrozen=True
  [timing] trigger_3d_previews: 0.0s
  Saved high-quality screenshot: analyse_CAD_executed.png
  [timing] final_screenshot: 0.2s
    Captured 10 video frames