[Console-error] Failed to load resource: the server responded with a status of 404 (Not Found)
[Console-error] Failed to load resource: the server responded with a status of 404 (Not Found)
[Console-warning] [ComfyUI] The legacy queue/history menu is deprecated. Core functionality in this menu may break at any time. Issues and feature requests related to the legacy menu will not be addressed. To switch to the new menu: Settings → search "Use new menu" → change from "Disabled" to "Top".
[Console-warning] [ComfyUI] The legacy queue/history menu is deprecated. Core functionality in this menu may break at any time. Issues and feature requests related to the legacy menu will not be addressed. To switch to the new menu: Settings → search "Use new menu" → change from "Disabled" to "Top".
[Console-error] Failed to load resource: the server responded with a status of 404 (Not Found)
[Console-error] ComfyApp graph accessed before initialization
[Console-error] Failed to load resource: the server responded with a status of 404 (Not Found)
[Console-error] Failed to load resource: the server responded with a status of 404 (Not Found)
[Console-error] Failed to load resource: the server responded with a status of 404 (Not Found)
[Console-error] [vite:preloadError] {url: null, fileType: unknown, chunkName: null, message: THREE is not defined}
[Console-warning] WARNING: Multiple instances of Three.js being imported.
[Console-log] [VTK Bundle] GLTFImporter included in bundle
[Console-warning] WARNING: Multiple instances of Three.js being imported.
[Console-warning] WARNING: Multiple instances of Three.js being imported.
[Console-log] [CompareSMPLBVH] Loading Compare SMPL BVH extension
[Console-log] [CompareSMPLBVH] Loading Compare SMPL BVH extension...
[Console-log] [CompareSMPLBVH] Extension registered: comfy3d.comparesmplbvh
[Console-log] [FBX Preview] Auto-registering for all known FBX preview node types...
[Console-log] [UniRig] Loading FBX mesh preview extension...
[Console-log] [UniRig] Detected extension folder: ComfyUI-GeometryPack
[Console-log] [UniRig] FBX mesh preview extension registered
[Console-log] [SAM3DBody] Loading FBX mesh preview extension...
[Console-log] [SAM3DBody] Detected extension folder: ComfyUI-GeometryPack
[Console-log] [SAM3DBody] FBX mesh preview extension registered
[Console-log] [MotionCapture] Loading FBX mesh preview extension...
[Console-log] [MotionCapture] Detected extension folder: ComfyUI-GeometryPack
[Console-log] [MotionCapture] FBX mesh preview extension registered
[Console-log] [MotionCapture] Loading FBX mesh preview extension...
[Console-log] [MotionCapture] Detected extension folder: ComfyUI-GeometryPack
[Console-log] [MotionCapture] FBX mesh preview extension registered
[Console-log] [UniRig Debug] Loading FBX mesh preview extension...
[Console-log] [UniRig Debug] Detected extension folder: ComfyUI-GeometryPack
[Console-log] [UniRig Debug] FBX mesh preview extension registered
[Console-log] [GeomPack Gaussian] Loading extension...
[Console-log] [FBXAnimationViewer] Loading FBX Animation Viewer extension
[Console-log] [FBXAnimationViewer] Loading FBX Animation Viewer extension...
[Console-log] [FBXAnimationViewer] Extension registered: comfy3d.fbxanimationviewer
[Console-log] [BVHViewer] Loading BVH Viewer extension
[Console-log] [BVHViewer] Loading BVH viewer extension...
[Console-log] [BVHViewer] Extension registered: comfy3d.bvhviewer
[Console-log] [UniRig Compare] Loading compare skeleton widget...
[Console-log] [UniRig Compare] Detected extension folder: ComfyUI-GeometryPack
[Console-log] [UniRig Compare] Compare skeleton widget registered
[Console-log] [GeomPack Multi JS] Loading mesh_preview_multi.js extension
[Console-log] [GeomPack] Loading VTK.js textured mesh preview extension...
[Console-log] [GeomPack] VTK.js textured mesh preview extension registered
[Console-log] [GeomPack] Loading mesh preview extension...
[Console-log] [GeomPack] Mesh preview extension registered
[Console-log] [GeomPack] Loading UV mesh preview extension...
[Console-log] [GeomPack] UV mesh preview extension registered
[Console-log] [VTK Bundle] GLTFImporter included in bundle
[Console-warning] [MaskEditor] ComfyApp.open_maskeditor is deprecated. Plugins should migrate to using the command system or direct node context menu integration.
[Console-log] [CADabra ROI] Registering extension for CADROISelector
[Console-log] [GeomPack] Registering Preview Mesh node
[Console-log] [GeomPack] Registering Preview Mesh UV node
[Console-log] [GeomPack Gaussian] Registering Preview Gaussian node
[Console-log] [VTK Bundle] GLTFImporter included in bundle
[Console-log] [CADabra Analysis] VTK.js loaded for VTP parsing
[Console-log] [CADabra Analysis] Viewer initialized and ready
[Console-log] [VTK Bundle] GLTFImporter included in bundle
[Console-log] [CADabra Analysis] VTK.js loaded for VTP parsing
[Console-log] [CADabra Analysis] Viewer initialized and ready
[Console-log] [VTK Bundle] GLTFImporter included in bundle
[Console-log] [CADabra Analysis] VTK.js loaded for VTP parsing
[Console-log] [CADabra Analysis] Viewer initialized and ready
[Console-log] [comfy-test] graphToPrompt: 4 nodes, missing class_type: [], sample: {"inputs":{"filename":"bellow_pipe.igs"},"class_type":"CAD_Load","_meta":{"title":"Load CAD"}}
[Console-log] [CADabra Preview] onExecuted: {mesh_file: Array(1), format: Array(1), original_format: Array(1), num_volumes: Array(1), num_faces: Array(1)}
[Console-log] [CADabra Preview] Loading VTP: /view?filename=preview_1e239ed5.vtp&type=output&subfolder=
[Console-log] [CADabra Analysis] Received message: {type: LOAD_CAD_ANALYSIS, meshUrl: /view?filename=preview_1e239ed5.vtp&type=output&subfolder=, analysisUrl: null, meshFile: preview_1e239ed5.vtp, analysisFile: null}
[Console-log] [CADabra Analysis] Visualization mode: normal
[Console-log] [CADabra Analysis] Loading mesh without analysis (preview mode)
[Console-log] [CADabra Analysis] Fetching mesh file: /view?filename=preview_1e239ed5.vtp&type=output&subfolder=
[Console-log] [CADabra Analysis] Mesh filename: preview_1e239ed5.vtp
[Console-log] [CADabra Analysis] VTP parsed: 189600 vertices, 342166 triangles, 342166 face IDs, 0 edge counts
[Console-log] [CADabra Analysis] Mesh loaded: 189600 vertices, 342166 triangles
[Console-log] [CADabra Analysis] Face selection cleared
[Console-log] [CADabra Analysis] Mesh Loaded successfully (preview mode)