Capturing execution frames: mesh_CAD.json
  Frame 1 saved (frame_000.jpg, t=0.0s)
  Validating workflow...
  Queuing workflow for execution...
  Node executed (1 total), capturing...
  Frame 2 saved (frame_001.jpg, t=1.1s)
  [capture-node] freeze=51ms shot=141ms unfreeze=4ms saved=True
  Frame 3 saved (frame_002.jpg, t=5.7s)
  [capture-periodic] freeze=42ms shot=147ms unfreeze=4ms saved=True
  Node executed (2 total), capturing...
  Frame 4 saved (frame_003.jpg, t=10.0s)
  [capture-node] freeze=25ms shot=166ms unfreeze=11ms saved=True
  [capture-loop] iter=50 t=10.8s state={'complete': False, 'error': None, 'executedCount': 2, 'wsState': 1} eval_ms=26 ram=5.3/16.0GB (33%) swap=0.3/2.9GB (9%) cpu=53% browser_rss=0.78GB
  [capture-loop] iter=100 t=20.2s state={'complete': False, 'error': None, 'executedCount': 2, 'wsState': 1} eval_ms=25 ram=5.4/16.0GB (34%) swap=0.3/2.9GB (9%) cpu=95% browser_rss=0.73GB
  [capture-loop] iter=150 t=29.0s state={'complete': False, 'error': None, 'executedCount': 2, 'wsState': 1} eval_ms=29 ram=5.4/16.0GB (34%) swap=0.3/2.9GB (9%) cpu=94% browser_rss=0.73GB
  [capture-loop] iter=200 t=38.4s state={'complete': False, 'error': None, 'executedCount': 2, 'wsState': 1} eval_ms=49 ram=5.5/16.0GB (34%) swap=0.3/2.9GB (9%) cpu=95% browser_rss=0.72GB
  Node executed (3 total), capturing...
  Frame 5 saved (frame_004.jpg, t=42.7s)
  [capture-node] freeze=101ms shot=418ms unfreeze=0ms saved=True
  Execution complete (t=42.7s)
  Captured 5 unique frames over 43.24s
  [debug] iframes: 2
  [debug]   iframe[0]: src=http://127.0.0.1:8188/extensions/ComfyUI-CADabra/viewer_cad_analysis.html?v=1778, canvas=242x498, rafFrozen=True
  [debug]   iframe[1]: src=http://127.0.0.1:8188/extensions/ComfyUI-GeometryPack/viewer_dual.html?v=1778228, canvas=370x485, rafFrozen=True
  [timing] trigger_3d_previews: 0.0s
  Saved high-quality screenshot: mesh_CAD_executed.png
  [timing] final_screenshot: 0.3s
    Captured 6 video frames