Capturing execution frames: raytracing_roi.json
  Frame 1 saved (frame_000.jpg, t=0.0s)
  Validating workflow...
  Queuing workflow for execution...
  Node executed (1 total), capturing...
  Frame 2 saved (frame_001.jpg, t=1.1s)
  [capture-node] freeze=56ms shot=145ms unfreeze=5ms saved=True
  Node executed (2 total), capturing...
  Frame 3 saved (frame_002.jpg, t=1.8s)
  [capture-node] freeze=54ms shot=226ms unfreeze=6ms saved=True
  Frame 4 saved (frame_003.jpg, t=4.2s)
  [capture-periodic] freeze=48ms shot=187ms unfreeze=8ms saved=True
  Frame 5 saved (frame_004.jpg, t=6.6s)
  [capture-periodic] freeze=119ms shot=171ms unfreeze=4ms saved=True
  Node executed (3 total), capturing...
  Frame 6 saved (frame_005.jpg, t=7.3s)
  [capture-node] freeze=43ms shot=169ms unfreeze=0ms saved=True
  Execution complete (t=7.3s)
  Captured 6 unique frames over 7.55s
  [debug] iframes: 2
  [debug]   iframe[0]: src=http://127.0.0.1:8188/extensions/ComfyUI-CADabra/viewer_cad_analysis.html?v=1778, canvas=242x498, rafFrozen=True
  [debug]   iframe[1]: src=http://127.0.0.1:8188/extensions/ComfyUI-CADabra/viewer_cad_roi.html?v=177822821, canvas=292x498, rafFrozen=True
  [timing] trigger_3d_previews: 0.0s
  Saved high-quality screenshot: raytracing_roi_executed.png
  [timing] final_screenshot: 0.2s
    Captured 7 video frames