[   0s] CDP targets: 1
[   0s]   page: file:///Users/runner/.comfy-test-cache/desktop/ComfyUI.app/Contents/Resources/desktop-ui/index.html#/welcome | ComfyUI
[   1s] Main page: file:///Users/runner/.comfy-test-cache/desktop/ComfyUI.app/Contents/Resources/desktop-ui/index.html#/welcome | ComfyUI
[   1s] Buttons: ['Get Started']
[   1s]   wizard: COMFY_TEST_GPU=0 platform=darwin preferred=['Apple Silicon', 'MPS', 'M4', 'M3', 'M2', 'M1']
[   2s]   clicked [BTN|Get Started]
[   3s]   url: file:///Users/runner/.comfy-test-cache/desktop/ComfyUI.app/Contents/Resources/desktop-ui/index.html#/welcome -> file:///Users/runner/.comfy-test-cache/desktop/ComfyUI.app/Contents/Resources/desktop-ui/index.html#/install
[   4s]   clicked [BTN|Next]
[   9s]   clicked [BTN|Next]
[  11s]   clicked [BTN|Install]
[  13s]   url: file:///Users/runner/.comfy-test-cache/desktop/ComfyUI.app/Contents/Resources/desktop-ui/index.html#/install -> file:///Users/runner/.comfy-test-cache/desktop/ComfyUI.app/Contents/Resources/desktop-ui/index.html#/server-start
[  74s]   /system_stats up after 72s
[  74s]   app: waiting for backend stability (continuous /system_stats up for 30s)
[  74s]   app: /system_stats up; awaiting 30s of stability
[ 104s]   app: backend stable for 30s; proceeding
[ 104s]   capturing canvas load...
[ 112s]   post: waiting for Cloud upsell
[ 113s]   post: clicked Cloud upsell via [button:has-text("Continue Locally"):visible]
[ 115s]   post: waiting for Close Templates
[ 124s]   post: Close Templates not found, skipping
[ 124s]   post: pressed Escape (Close Templates fallback)
[ 126s]   post: waiting for Extensions
[ 127s]   post: clicked Extensions via [button[aria-label="Extensions"]:visible]
[ 130s]   ext: node meta = display='CADabra' publisher='pznodes' version='1.0.26'
[ 133s]   ext: searching "CADabra"
[ 137s]   ext: clicking CADabra by pznodes tile
[ 141s]   ext: scrolling to + opening version selector
[ 145s]   ext: selected 1.0.26
[ 146s]   ext: clicking right-panel Install
[ 148s]   ext: clicked Install (last of 3 visible)
[ 156s]   ext: waiting for "Apply Changes" toast
[ 292s]   ext: clicked Apply Changes
[ 297s]   app: Apply Changes already triggered in-app restart, skipping pkill
[ 303s]   app: relaunching with CDP
[ 303s]   app: waiting for CDP
[ 303s]   app: CDP up after 1s
[ 303s]   app: reconnecting Playwright
[ 304s]   app: attached to http://127.0.0.1:8000/
[ 356s]   app: server ready after 23s
[ 356s]   app: waiting for main canvas (window.app.graph)
[ 356s]   app: canvas ready after 1s (http://127.0.0.1:8000/)
[ 361s]   app: forcing renderer reload to refresh node-pack manifest
[ 364s]   app: canvas re-ready after reload in 2s
[ 367s]   ext: closing Nodes Manager dialog
[ 367s]   ext: dismissing What's New popup
[ 368s]   ext: closed What's New popup
[ 370s]   ext: dismissing Node Pack Issues modal (if present)
[ 370s]   ext: closed Node Pack Issues modal
[ 373s]   ext: opening Templates sidebar
[ 373s]   ext: clicked Templates
[ 378s]   ext: locating "comfyui-cadabra" section in Templates panel
[ 380s]   ext: clicked comfyui-cadabra section
[ 382s]   ext: fetching comfy-test.toml from https://raw.githubusercontent.com/PozzettiAndrea/ComfyUI-CADabra/main/comfy-test.toml
[ 382s]   ext: cpu spec = all []
[ 382s]   ext: picking first matching comfyui-cadabra template
[ 382s]   ext: 8 visible cards
[ 385s]   ext: clicked template cad_quality_metrics
[ 390s]   ext: installing WS execution listener
[ 390s]   ext: clicking Run
[ 391s]   ext: clicked Run
[ 391s]   ext: waiting for execution_success / execution_error
[ 421s]   ext: WS events=21 elapsed=29s
[ 421s]     ws: {'type': 'progress_state', 'ts': 1779191204147}
[ 421s]     ws: {'type': 'progress_state', 'ts': 1779191204151}
[ 421s]     ws: {'type': 'executing', 'ts': 1779191204171}
[ 421s]     ws: {'type': 'executed', 'ts': 1779191212234}
[ 421s]     ws: {'type': 'progress_state', 'ts': 1779191212293}
[ 421s]     ws: {'type': 'progress_state', 'ts': 1779191212305}
[ 421s]     ws: {'type': 'executing', 'ts': 1779191212305}
[ 421s]     ws: {'type': 'progress_state', 'ts': 1779191215608}
[ 421s]     ws: {'type': 'progress_state', 'ts': 1779191215633}
[ 421s]     ws: {'type': 'executing', 'ts': 1779191215633}
[ 421s]     ws: {'type': 'executed', 'ts': 1779191215672}
[ 421s]     ws: {'type': 'progress_state', 'ts': 1779191215675}
[ 421s]     ws: {'type': 'execution_success', 'ts': 1779191215689}
[ 421s]     ws: {'type': 'status', 'ts': 1779191215714}
[ 421s]     ws: {'type': 'executing', 'ts': 1779191215714}
[ 421s]   ext: execution_success after 29s
[ 426s]   ext: fetching comfy-test.toml from https://raw.githubusercontent.com/PozzettiAndrea/ComfyUI-CADabra/main/comfy-test.toml
[ 426s]   ext: cpu spec = all []
[ 426s]   loop: workflows/ from $COMFY_TEST_WORKFLOWS -> ['analyse_CAD', 'cad_manipulation', 'cad_quality_metrics', 'edge_analysis', 'mesh_CAD', 'raytracing', 'raytracing_roi', 'view_cads']
[ 426s]   loop: spec=all items=[] -> 8 workflow(s) ['analyse_CAD', 'cad_manipulation', 'cad_quality_metrics', 'edge_analysis', 'mesh_CAD', 'raytracing', 'raytracing_roi', 'view_cads']
[ 426s]   loop: matching=8 first_ran='cad_quality_metrics' remaining=7 -> ['analyse_CAD', 'cad_manipulation', 'edge_analysis', 'mesh_CAD', 'raytracing', 'raytracing_roi', 'view_cads']
[ 426s]   loop: full restart for workflow 2/8 (analyse_CAD)
[ 426s]   loop: closing current browser
[ 426s]   loop: killing ComfyUI process
[ 431s]   loop: launching ComfyUI with --remote-debugging-port=0
[ 431s]   loop: waiting for DevToolsActivePort at /Users/runner/Library/Application Support/ComfyUI/DevToolsActivePort
[ 432s]   loop: DevToolsActivePort -> 49970 after 2s
[ 432s]   loop: reconnecting Playwright on port 49970
[ 433s]   loop: attached to file:///Users/runner/.comfy-test-cache/desktop/ComfyUI.app/Contents/Resources/desktop-ui/index.html#/desktop-start
[ 447s]   loop: server ready after 12s
[ 449s]   loop: canvas ready after 3s
[ 449s]   loop: forcing renderer reload
[ 452s]   loop: canvas ready after 2s
[ 455s]   ext: closing Nodes Manager dialog
[ 455s]   ext: dismissing What's New popup
[ 456s]   ext: What's New popup not present
[ 456s]   ext: dismissing Node Pack Issues modal (if present)
[ 456s]   ext: Node Pack Issues modal not present
[ 456s]   ext: opening Templates sidebar
[ 456s]   ext: clicked Templates
[ 461s]   ext: locating "comfyui-cadabra" section in Templates panel
[ 463s]   ext: clicked comfyui-cadabra section
[ 465s]   ext: clicking template analyse_CAD
[ 468s]   ext: clicked template analyse_CAD
[ 473s]   ext: installing WS execution listener
[ 473s]   ext: clicking Run
[ 474s]   ext: clicked Run
[ 474s]   ext: waiting for execution_success / execution_error
[ 500s]   ext: WS events=28 elapsed=25s
[ 500s]     ws: {'type': 'executed', 'ts': 1779191287269}
[ 500s]     ws: {'type': 'progress_state', 'ts': 1779191287277}
[ 500s]     ws: {'type': 'progress_state', 'ts': 1779191287284}
[ 500s]     ws: {'type': 'executing', 'ts': 1779191287285}
[ 500s]     ws: {'type': 'executed', 'ts': 1779191287527}
[ 500s]     ws: {'type': 'progress_state', 'ts': 1779191287544}
[ 500s]     ws: {'type': 'progress_state', 'ts': 1779191287549}
[ 500s]     ws: {'type': 'executing', 'ts': 1779191287549}
[ 500s]     ws: {'type': 'executed', 'ts': 1779191294069}
[ 500s]     ws: {'type': 'progress_state', 'ts': 1779191294105}
[ 500s]     ws: {'type': 'progress_state', 'ts': 1779191294110}
[ 500s]     ws: {'type': 'executing', 'ts': 1779191294151}
[ 500s]     ws: {'type': 'executed', 'ts': 1779191294168}
[ 500s]     ws: {'type': 'progress_state', 'ts': 1779191294170}
[ 500s]     ws: {'type': 'execution_success', 'ts': 1779191294176}
[ 500s]   ext: execution_success after 25s
[ 505s]   loop: full restart for workflow 3/8 (cad_manipulation)
[ 505s]   loop: closing current browser
[ 505s]   loop: killing ComfyUI process
[ 510s]   loop: launching ComfyUI with --remote-debugging-port=0
[ 510s]   loop: waiting for DevToolsActivePort at /Users/runner/Library/Application Support/ComfyUI/DevToolsActivePort
[ 512s]   loop: DevToolsActivePort -> 50113 after 3s
[ 512s]   loop: reconnecting Playwright on port 50113
[ 513s]   loop: attached to file:///Users/runner/.comfy-test-cache/desktop/ComfyUI.app/Contents/Resources/desktop-ui/index.html#/desktop-start
[ 530s]   loop: server ready after 15s
[ 533s]   loop: canvas ready after 2s
[ 533s]   loop: forcing renderer reload
[ 536s]   loop: canvas ready after 2s
[ 539s]   ext: closing Nodes Manager dialog
[ 539s]   ext: dismissing What's New popup
[ 539s]   ext: What's New popup not present
[ 539s]   ext: dismissing Node Pack Issues modal (if present)
[ 539s]   ext: Node Pack Issues modal not present
[ 539s]   ext: opening Templates sidebar
[ 540s]   ext: clicked Templates
[ 545s]   ext: locating "comfyui-cadabra" section in Templates panel
[ 547s]   ext: clicked comfyui-cadabra section
[ 549s]   ext: clicking template cad_manipulation
[ 552s]   ext: clicked template cad_manipulation
[ 557s]   ext: installing WS execution listener
[ 557s]   ext: clicking Run
[ 558s]   ext: clicked Run
[ 558s]   ext: waiting for execution_success / execution_error
[ 580s]   ext: WS events=29 elapsed=22s
[ 580s]     ws: {'type': 'progress_state', 'ts': 1779191372130}
[ 580s]     ws: {'type': 'executing', 'ts': 1779191372130}
[ 580s]     ws: {'type': 'executed', 'ts': 1779191372158}
[ 580s]     ws: {'type': 'progress_state', 'ts': 1779191372164}
[ 580s]     ws: {'type': 'progress_state', 'ts': 1779191372172}
[ 580s]     ws: {'type': 'executing', 'ts': 1779191372214}
[ 580s]     ws: {'type': 'progress_state', 'ts': 1779191372216}
[ 580s]     ws: {'type': 'progress_state', 'ts': 1779191372219}
[ 580s]     ws: {'type': 'executing', 'ts': 1779191372220}
[ 580s]     ws: {'type': 'progress_state', 'ts': 1779191374490}
[ 580s]     ws: {'type': 'progress_state', 'ts': 1779191374494}
[ 580s]     ws: {'type': 'executing', 'ts': 1779191374495}
[ 580s]     ws: {'type': 'executed', 'ts': 1779191374615}
[ 580s]     ws: {'type': 'progress_state', 'ts': 1779191374621}
[ 580s]     ws: {'type': 'execution_success', 'ts': 1779191374628}
[ 580s]   ext: execution_success after 22s
[ 585s]   loop: full restart for workflow 4/8 (edge_analysis)
[ 585s]   loop: closing current browser
[ 585s]   loop: killing ComfyUI process
[ 590s]   loop: launching ComfyUI with --remote-debugging-port=0
[ 590s]   loop: waiting for DevToolsActivePort at /Users/runner/Library/Application Support/ComfyUI/DevToolsActivePort
[ 592s]   loop: DevToolsActivePort -> 50255 after 3s
[ 592s]   loop: reconnecting Playwright on port 50255
[ 593s]   loop: attached to file:///Users/runner/.comfy-test-cache/desktop/ComfyUI.app/Contents/Resources/desktop-ui/index.html#/server-start
[ 610s]   loop: server ready after 14s
[ 612s]   loop: canvas ready after 2s
[ 612s]   loop: forcing renderer reload
[ 615s]   loop: canvas ready after 2s
[ 618s]   ext: closing Nodes Manager dialog
[ 618s]   ext: dismissing What's New popup
[ 618s]   ext: What's New popup not present
[ 618s]   ext: dismissing Node Pack Issues modal (if present)
[ 618s]   ext: Node Pack Issues modal not present
[ 618s]   ext: opening Templates sidebar
[ 618s]   ext: clicked Templates
[ 623s]   ext: locating "comfyui-cadabra" section in Templates panel
[ 625s]   ext: clicked comfyui-cadabra section
[ 627s]   ext: clicking template edge_analysis
[ 629s]   ext: clicked template edge_analysis
[ 634s]   ext: installing WS execution listener
[ 634s]   ext: clicking Run
[ 635s]   ext: clicked Run
[ 635s]   ext: waiting for execution_success / execution_error
[ 649s]   ext: WS events=20 elapsed=14s
[ 649s]     ws: {'type': 'executing', 'ts': 1779191430009}
[ 649s]     ws: {'type': 'progress_state', 'ts': 1779191444106}
[ 649s]     ws: {'type': 'progress_state', 'ts': 1779191444129}
[ 649s]     ws: {'type': 'executing', 'ts': 1779191444130}
[ 649s]     ws: {'type': 'executed', 'ts': 1779191444234}
[ 649s]     ws: {'type': 'progress_state', 'ts': 1779191444239}
[ 649s]     ws: {'type': 'progress_state', 'ts': 1779191444241}
[ 649s]     ws: {'type': 'executing', 'ts': 1779191444242}
[ 649s]     ws: {'type': 'executed', 'ts': 1779191444262}
[ 649s]     ws: {'type': 'progress_state', 'ts': 1779191444281}
[ 649s]     ws: {'type': 'progress_state', 'ts': 1779191444285}
[ 649s]     ws: {'type': 'executing', 'ts': 1779191444317}
[ 649s]     ws: {'type': 'executed', 'ts': 1779191444336}
[ 649s]     ws: {'type': 'progress_state', 'ts': 1779191444338}
[ 649s]     ws: {'type': 'execution_success', 'ts': 1779191444343}
[ 649s]   ext: execution_success after 14s
[ 654s]   loop: full restart for workflow 5/8 (mesh_CAD)
[ 654s]   loop: closing current browser
[ 654s]   loop: killing ComfyUI process
[ 660s]   loop: launching ComfyUI with --remote-debugging-port=0
[ 660s]   loop: waiting for DevToolsActivePort at /Users/runner/Library/Application Support/ComfyUI/DevToolsActivePort
[ 662s]   loop: DevToolsActivePort -> 50384 after 3s
[ 662s]   loop: reconnecting Playwright on port 50384
[ 662s]   loop: attached to file:///Users/runner/.comfy-test-cache/desktop/ComfyUI.app/Contents/Resources/desktop-ui/index.html#/server-start
[ 676s]   loop: server ready after 12s
[ 680s]   loop: canvas ready after 3s
[ 680s]   loop: forcing renderer reload
[ 682s]   loop: canvas ready after 2s
[ 686s]   ext: closing Nodes Manager dialog
[ 686s]   ext: dismissing What's New popup
[ 686s]   ext: What's New popup not present
[ 686s]   ext: dismissing Node Pack Issues modal (if present)
[ 686s]   ext: Node Pack Issues modal not present
[ 686s]   ext: opening Templates sidebar
[ 686s]   ext: clicked Templates
[ 691s]   ext: locating "comfyui-cadabra" section in Templates panel
[ 693s]   ext: clicked comfyui-cadabra section
[ 695s]   ext: clicking template mesh_CAD
[ 698s]   ext: clicked template mesh_CAD
[ 703s]   ext: installing WS execution listener
[ 703s]   ext: clicking Run
[ 704s]   ext: clicked Run
[ 704s]   ext: waiting for execution_success / execution_error
[ 744s]   ext: WS events=23 elapsed=39s
[ 744s]     ws: {'type': 'executing', 'ts': 1779191523108}
[ 744s]     ws: {'type': 'executed', 'ts': 1779191523477}
[ 744s]     ws: {'type': 'progress_state', 'ts': 1779191523512}
[ 744s]     ws: {'type': 'progress_state', 'ts': 1779191523518}
[ 744s]     ws: {'type': 'executing', 'ts': 1779191523519}
[ 744s]     ws: {'type': 'progress_state', 'ts': 1779191526590}
[ 744s]     ws: {'type': 'executed', 'ts': 1779191526605}
[ 744s]     ws: {'type': 'progress_state', 'ts': 1779191526608}
[ 744s]     ws: {'type': 'progress_state', 'ts': 1779191526614}
[ 744s]     ws: {'type': 'executing', 'ts': 1779191526615}
[ 744s]     ws: {'type': 'executed', 'ts': 1779191537398}
[ 744s]     ws: {'type': 'progress_state', 'ts': 1779191538337}
[ 744s]     ws: {'type': 'execution_success', 'ts': 1779191538343}
[ 744s]     ws: {'type': 'status', 'ts': 1779191538367}
[ 744s]     ws: {'type': 'executing', 'ts': 1779191538367}
[ 744s]   ext: execution_success after 39s
[ 749s]   loop: full restart for workflow 6/8 (raytracing)
[ 749s]   loop: closing current browser
[ 749s]   loop: killing ComfyUI process
[ 755s]   loop: launching ComfyUI with --remote-debugging-port=0
[ 755s]   loop: waiting for DevToolsActivePort at /Users/runner/Library/Application Support/ComfyUI/DevToolsActivePort
[ 756s]   loop: DevToolsActivePort -> 50548 after 2s
[ 756s]   loop: reconnecting Playwright on port 50548
[ 757s]   loop: attached to file:///Users/runner/.comfy-test-cache/desktop/ComfyUI.app/Contents/Resources/desktop-ui/index.html#/desktop-start
[ 777s]   loop: server ready after 17s
[ 783s]   loop: canvas ready after 4s
[ 783s]   loop: forcing renderer reload
[ 786s]   loop: canvas ready after 2s
[ 790s]   ext: closing Nodes Manager dialog
[ 790s]   ext: dismissing What's New popup
[ 790s]   ext: What's New popup not present
[ 790s]   ext: dismissing Node Pack Issues modal (if present)
[ 790s]   ext: Node Pack Issues modal not present
[ 790s]   ext: opening Templates sidebar
[ 790s]   ext: clicked Templates
[ 795s]   ext: locating "comfyui-cadabra" section in Templates panel
[ 797s]   ext: clicked comfyui-cadabra section
[ 799s]   ext: clicking template raytracing
[ 802s]   ext: clicked template raytracing
[ 807s]   ext: installing WS execution listener
[ 807s]   ext: clicking Run
[ 808s]   ext: clicked Run
[ 808s]   ext: waiting for execution_success / execution_error
[ 839s]   ext: WS events=33 elapsed=30s
[ 839s]     ws: {'type': 'executing', 'ts': 1779191624053}
[ 839s]     ws: {'type': 'progress_state', 'ts': 1779191624664}
[ 839s]     ws: {'type': 'progress_state', 'ts': 1779191624691}
[ 839s]     ws: {'type': 'executing', 'ts': 1779191624692}
[ 839s]     ws: {'type': 'progress_state', 'ts': 1779191631917}
[ 839s]     ws: {'type': 'progress_state', 'ts': 1779191631920}
[ 839s]     ws: {'type': 'executing', 'ts': 1779191631940}
[ 839s]     ws: {'type': 'progress_state', 'ts': 1779191632065}
[ 839s]     ws: {'type': 'progress_state', 'ts': 1779191632069}
[ 839s]     ws: {'type': 'executing', 'ts': 1779191632069}
[ 839s]     ws: {'type': 'executed', 'ts': 1779191632551}
[ 839s]     ws: {'type': 'progress_state', 'ts': 1779191632591}
[ 839s]     ws: {'type': 'execution_success', 'ts': 1779191633382}
[ 839s]     ws: {'type': 'status', 'ts': 1779191633397}
[ 839s]     ws: {'type': 'executing', 'ts': 1779191633397}
[ 839s]   ext: execution_success after 30s
[ 844s]   loop: full restart for workflow 7/8 (raytracing_roi)
[ 844s]   loop: closing current browser
[ 844s]   loop: killing ComfyUI process
[ 849s]   loop: launching ComfyUI with --remote-debugging-port=0
[ 849s]   loop: waiting for DevToolsActivePort at /Users/runner/Library/Application Support/ComfyUI/DevToolsActivePort
[ 852s]   loop: DevToolsActivePort -> 50713 after 3s
[ 852s]   loop: reconnecting Playwright on port 50713
[ 852s]   loop: attached to file:///Users/runner/.comfy-test-cache/desktop/ComfyUI.app/Contents/Resources/desktop-ui/index.html#/desktop-start
[ 871s]   loop: server ready after 16s
[ 876s]   loop: canvas ready after 3s
[ 876s]   loop: forcing renderer reload
[ 879s]   loop: canvas ready after 2s
[ 882s]   ext: closing Nodes Manager dialog
[ 882s]   ext: dismissing What's New popup
[ 882s]   ext: What's New popup not present
[ 882s]   ext: dismissing Node Pack Issues modal (if present)
[ 882s]   ext: Node Pack Issues modal not present
[ 882s]   ext: opening Templates sidebar
[ 883s]   ext: clicked Templates
[ 888s]   ext: locating "comfyui-cadabra" section in Templates panel
[ 889s]   ext: clicked comfyui-cadabra section
[ 891s]   ext: clicking template raytracing_roi
[ 894s]   ext: clicked template raytracing_roi
[ 899s]   ext: installing WS execution listener
[ 899s]   ext: clicking Run
[ 900s]   ext: clicked Run
[ 900s]   ext: waiting for execution_success / execution_error
[ 918s]   ext: WS events=38 elapsed=18s
[ 918s]     ws: {'type': 'progress_state', 'ts': 1779191711828}
[ 918s]     ws: {'type': 'progress_state', 'ts': 1779191711834}
[ 918s]     ws: {'type': 'executing', 'ts': 1779191711834}
[ 918s]     ws: {'type': 'progress_state', 'ts': 1779191712781}
[ 918s]     ws: {'type': 'progress_state', 'ts': 1779191712783}
[ 918s]     ws: {'type': 'executing', 'ts': 1779191712784}
[ 918s]     ws: {'type': 'progress_state', 'ts': 1779191712845}
[ 918s]     ws: {'type': 'progress_state', 'ts': 1779191712851}
[ 918s]     ws: {'type': 'executing', 'ts': 1779191712851}
[ 918s]     ws: {'type': 'progress_state', 'ts': 1779191712876}
[ 918s]     ws: {'type': 'progress_state', 'ts': 1779191712882}
[ 918s]     ws: {'type': 'executing', 'ts': 1779191712883}
[ 918s]     ws: {'type': 'executed', 'ts': 1779191712970}
[ 918s]     ws: {'type': 'progress_state', 'ts': 1779191712974}
[ 918s]     ws: {'type': 'execution_success', 'ts': 1779191713010}
[ 918s]   ext: execution_success after 18s
[ 924s]   loop: full restart for workflow 8/8 (view_cads)
[ 924s]   loop: closing current browser
[ 924s]   loop: killing ComfyUI process
[ 929s]   loop: launching ComfyUI with --remote-debugging-port=0
[ 929s]   loop: waiting for DevToolsActivePort at /Users/runner/Library/Application Support/ComfyUI/DevToolsActivePort
[ 930s]   loop: DevToolsActivePort -> 50850 after 2s
[ 930s]   loop: reconnecting Playwright on port 50850
[ 931s]   loop: attached to file:///Users/runner/.comfy-test-cache/desktop/ComfyUI.app/Contents/Resources/desktop-ui/index.html#/desktop-start
[ 950s]   loop: server ready after 16s
[ 954s]   loop: canvas ready after 3s
[ 954s]   loop: forcing renderer reload
[ 957s]   loop: canvas ready after 2s
[ 960s]   ext: closing Nodes Manager dialog
[ 960s]   ext: dismissing What's New popup
[ 960s]   ext: What's New popup not present
[ 960s]   ext: dismissing Node Pack Issues modal (if present)
[ 960s]   ext: Node Pack Issues modal not present
[ 960s]   ext: opening Templates sidebar
[ 962s]   ext: clicked Templates
[ 966s]   ext: locating "comfyui-cadabra" section in Templates panel
[ 968s]   ext: clicked comfyui-cadabra section
[ 971s]   ext: clicking template view_cads
[ 973s]   ext: clicked template view_cads
[ 979s]   ext: installing WS execution listener
[ 979s]   ext: clicking Run
[ 979s]   ext: clicked Run
[ 979s]   ext: waiting for execution_success / execution_error
[1011s]   ext: WS events=30 elapsed=32s
[1011s]     ws: {'type': 'progress_state', 'ts': 1779191804443}
[1011s]     ws: {'type': 'executing', 'ts': 1779191804443}
[1011s]     ws: {'type': 'executed', 'ts': 1779191804506}
[1011s]     ws: {'type': 'progress_state', 'ts': 1779191804508}
[1011s]     ws: {'type': 'progress_state', 'ts': 1779191804559}
[1011s]     ws: {'type': 'executing', 'ts': 1779191804559}
[1011s]     ws: {'type': 'executed', 'ts': 1779191804699}
[1011s]     ws: {'type': 'progress_state', 'ts': 1779191804714}
[1011s]     ws: {'type': 'progress_state', 'ts': 1779191804738}
[1011s]     ws: {'type': 'executing', 'ts': 1779191804744}
[1011s]     ws: {'type': 'executed', 'ts': 1779191804835}
[1011s]     ws: {'type': 'progress_state', 'ts': 1779191805964}
[1011s]     ws: {'type': 'execution_success', 'ts': 1779191805974}
[1011s]     ws: {'type': 'status', 'ts': 1779191806005}
[1011s]     ws: {'type': 'executing', 'ts': 1779191806006}
[1011s]   ext: execution_success after 32s
[1016s] Captured 1123 frames
[1017s] Wrote /Users/runner/work/comfy-gpu-ci/comfy-gpu-ci/comfy-test-logs/CADabra-1139/dev/macos-desktop/results.json (8 workflow(s), sha=cca0fcf88752)
ffmpeg version 7.1 Copyright (c) 2000-2024 the FFmpeg developers
  built with Apple clang version 13.1.6 (clang-1316.0.21.2.5)
  configuration: --prefix=/Volumes/tempdisk/sw --extra-cflags=-fno-stack-check --arch=arm64 --cc=/usr/bin/clang --enable-gpl --enable-libvmaf --enable-libopenjpeg --enable-libopus --enable-libmp3lame --enable-libx264 --enable-libx265 --enable-libvpx --enable-libwebp --enable-libass --enable-libfreetype --enable-fontconfig --enable-libtheora --enable-libvorbis --enable-libsnappy --enable-libaom --enable-libvidstab --enable-libzimg --enable-libsvtav1 --enable-libharfbuzz --enable-libkvazaar --pkg-config-flags=--static --enable-ffplay --enable-postproc --enable-neon --enable-runtime-cpudetect --disable-indev=qtkit --disable-indev=x11grab_xcb
  libavutil      59. 39.100 / 59. 39.100
  libavcodec     61. 19.100 / 61. 19.100
  libavformat    61.  7.100 / 61.  7.100
  libavdevice    61.  3.100 / 61.  3.100
  libavfilter    10.  4.100 / 10.  4.100
  libswscale      8.  3.100 /  8.  3.100
  libswresample   5.  3.100 /  5.  3.100
  libpostproc    58.  3.100 / 58.  3.100
Input #0, image2, from '/Users/runner/work/comfy-gpu-ci/comfy-gpu-ci/comfy-test-logs/CADabra-1139/dev/macos-desktop/debug/electron_inspect/frames/frame_%06d.png':
  Duration: 00:03:44.60, start: 0.000000, bitrate: N/A
  Stream #0:0: Video: png, rgb24(pc, gbr/bt709/iec61966-2-1), 1024x653, 5 fps, 5 tbr, 5 tbn
Stream mapping:
  Stream #0:0 -> #0:0 (png (native) -> h264 (libx264))
Press [q] to stop, [?] for help
[libx264 @ 0x13f8053b0] using cpu capabilities: ARMv8 NEON
[libx264 @ 0x13f8053b0] profile High, level 3.1, 4:2:0, 8-bit
[libx264 @ 0x13f8053b0] 264 - core 164 r3190 7ed753b - H.264/MPEG-4 AVC codec - Copyleft 2003-2024 - http://www.videolan.org/x264.html - options: cabac=1 ref=3 deblock=1:0:0 analyse=0x3:0x113 me=hex subme=7 psy=1 psy_rd=1.00:0.00 mixed_ref=1 me_range=16 chroma_me=1 trellis=1 8x8dct=1 cqm=0 deadzone=21,11 fast_pskip=1 chroma_qp_offset=-2 threads=4 lookahead_threads=1 sliced_threads=0 nr=0 decimate=1 interlaced=0 bluray_compat=0 constrained_intra=0 bframes=3 b_pyramid=2 b_adapt=1 b_bias=0 direct=1 weightb=1 open_gop=0 weightp=2 keyint=250 keyint_min=5 scenecut=40 intra_refresh=0 rc_lookahead=40 rc=crf mbtree=1 crf=23.0 qcomp=0.60 qpmin=0 qpmax=69 qpstep=4 ip_ratio=1.40 aq=1:1.00
Output #0, mp4, to '/Users/runner/work/comfy-gpu-ci/comfy-gpu-ci/comfy-test-logs/CADabra-1139/dev/macos-desktop/debug/electron_inspect/driver.mp4':
  Metadata:
    encoder         : Lavf61.7.100
  Stream #0:0: Video: h264 (avc1 / 0x31637661), yuv420p(tv, unknown/bt709/iec61966-2-1, progressive), 1024x654, q=2-31, 5 fps, 10240 tbn
      Metadata:
        encoder         : Lavc61.19.100 libx264
      Side data:
        cpb: bitrate max/min/avg: 0/0/0 buffer size: 0 vbv_delay: N/A
frame=    4 fps=0.0 q=23.0 size=       0KiB time=00:00:00.40 bitrate=   1.0kbits/s speed=0.686x    
frame=   39 fps= 36 q=23.0 size=       0KiB time=00:00:07.40 bitrate=   0.1kbits/s speed=6.76x    
frame=   62 fps= 35 q=23.0 size=     256KiB time=00:00:12.00 bitrate= 174.8kbits/s speed=6.86x    
frame=   92 fps= 38 q=23.0 size=     256KiB time=00:00:18.00 bitrate= 116.5kbits/s speed=7.51x    
frame=  127 fps= 43 q=23.0 size=     512KiB time=00:00:25.00 bitrate= 167.8kbits/s speed=8.42x    
frame=  178 fps= 50 q=23.0 size=     512KiB time=00:00:35.20 bitrate= 119.2kbits/s speed=9.86x    
frame=  210 fps= 51 q=23.0 size=     512KiB time=00:00:41.60 bitrate= 100.8kbits/s speed=10.1x    
frame=  246 fps= 53 q=23.0 size=     512KiB time=00:00:48.80 bitrate=  86.0kbits/s speed=10.5x    
frame=  314 fps= 59 q=23.0 size=     512KiB time=00:01:02.40 bitrate=  67.2kbits/s speed=11.8x    
frame=  393 fps= 66 q=23.0 size=     512KiB time=00:01:18.20 bitrate=  53.6kbits/s speed=13.2x    
frame=  452 fps= 70 q=23.0 size=    1024KiB time=00:01:30.00 bitrate=  93.2kbits/s speed=13.9x    
frame=  513 fps= 72 q=23.0 size=    1280KiB time=00:01:42.20 bitrate= 102.6kbits/s speed=14.4x    
[vf#0:0 @ 0x600000784140] Reconfiguring filter graph because video parameters changed to rgb24(pc, gbr), 1024x656
frame=  579 fps= 75 q=23.0 size=    1536KiB time=00:01:55.40 bitrate= 109.0kbits/s speed=  15x    
[vf#0:0 @ 0x600000784140] Reconfiguring filter graph because video parameters changed to rgb24(pc, gbr), 1024x653
frame=  613 fps= 75 q=23.0 size=    1792KiB time=00:02:02.20 bitrate= 120.1kbits/s speed=14.9x    
frame=  669 fps= 77 q=23.0 size=    2048KiB time=00:02:13.40 bitrate= 125.8kbits/s speed=15.3x    
frame=  721 fps= 78 q=23.0 size=    2304KiB time=00:02:23.80 bitrate= 131.3kbits/s speed=15.5x    
frame=  745 fps= 76 q=23.0 size=    2560KiB time=00:02:28.60 bitrate= 141.1kbits/s speed=15.1x    
frame=  775 fps= 74 q=20.0 size=    2816KiB time=00:02:34.60 bitrate= 149.2kbits/s speed=14.7x    
frame=  819 fps= 74 q=23.0 size=    2816KiB time=00:02:43.40 bitrate= 141.2kbits/s speed=14.7x    
frame=  861 fps= 73 q=23.0 size=    3072KiB time=00:02:51.80 bitrate= 146.5kbits/s speed=14.6x    
frame=  908 fps= 73 q=23.0 size=    3328KiB time=00:03:01.20 bitrate= 150.5kbits/s speed=14.6x    
frame=  956 fps= 73 q=23.0 size=    3584KiB time=00:03:10.80 bitrate= 153.9kbits/s speed=14.6x    
frame=  984 fps= 72 q=23.0 size=    3840KiB time=00:03:16.40 bitrate= 160.2kbits/s speed=14.3x    
frame= 1034 fps= 72 q=23.0 size=    3840KiB time=00:03:26.40 bitrate= 152.4kbits/s speed=14.4x    
frame= 1069 fps= 72 q=23.0 size=    4352KiB time=00:03:33.40 bitrate= 167.1kbits/s speed=14.4x    
[out#0/mp4 @ 0x600000388000] video:4546KiB audio:0KiB subtitle:0KiB other streams:0KiB global headers:0KiB muxing overhead: 0.300314%
frame= 1123 fps= 75 q=-1.0 Lsize=    4559KiB time=00:03:44.20 bitrate= 166.6kbits/s speed=14.9x    
[libx264 @ 0x13f8053b0] frame I:38    Avg QP: 7.33  size: 36214
[libx264 @ 0x13f8053b0] frame P:353   Avg QP:16.35  size:  6021
[libx264 @ 0x13f8053b0] frame B:732   Avg QP:21.01  size:  1575
[libx264 @ 0x13f8053b0] consecutive B-frames:  9.1%  9.4%  7.7% 73.7%
[libx264 @ 0x13f8053b0] mb I  I16..4: 66.3% 10.9% 22.8%
[libx264 @ 0x13f8053b0] mb P  I16..4:  3.1%  3.9%  3.9%  P16..4:  2.2%  0.8%  0.6%  0.0%  0.0%    skip:85.5%
[libx264 @ 0x13f8053b0] mb B  I16..4:  0.4%  0.6%  0.6%  B16..8:  3.1%  0.6%  0.3%  direct: 0.3%  skip:94.1%  L0:48.0% L1:48.9% BI: 3.1%
[libx264 @ 0x13f8053b0] 8x8 transform intra:25.0% inter:40.2%
[libx264 @ 0x13f8053b0] coded y,uvDC,uvAC intra: 35.2% 21.1% 15.5% inter: 1.2% 0.6% 0.2%
[libx264 @ 0x13f8053b0] i16 v,h,dc,p: 73% 24%  1%  2%
[libx264 @ 0x13f8053b0] i8 v,h,dc,ddl,ddr,vr,hd,vl,hu: 30% 19% 30%  2%  3%  3%  4%  3%  5%
[libx264 @ 0x13f8053b0] i4 v,h,dc,ddl,ddr,vr,hd,vl,hu: 29% 28% 18%  3%  5%  5%  5%  4%  4%
[libx264 @ 0x13f8053b0] i8c dc,h,v,p: 78% 12%  7%  3%
[libx264 @ 0x13f8053b0] Weighted P-Frames: Y:2.0% UV:2.0%
[libx264 @ 0x13f8053b0] ref P L0: 64.0%  3.8% 19.9% 12.4%  0.0%
[libx264 @ 0x13f8053b0] ref B L0: 70.3% 23.0%  6.7%
[libx264 @ 0x13f8053b0] ref B L1: 97.4%  2.6%
[libx264 @ 0x13f8053b0] kb/s:165.77
[1032s] Wrote /Users/runner/work/comfy-gpu-ci/comfy-gpu-ci/comfy-test-logs/CADabra-1139/dev/macos-desktop/debug/electron_inspect/driver.mp4
ffmpeg version 7.1 Copyright (c) 2000-2024 the FFmpeg developers
  built with Apple clang version 13.1.6 (clang-1316.0.21.2.5)
  configuration: --prefix=/Volumes/tempdisk/sw --extra-cflags=-fno-stack-check --arch=arm64 --cc=/usr/bin/clang --enable-gpl --enable-libvmaf --enable-libopenjpeg --enable-libopus --enable-libmp3lame --enable-libx264 --enable-libx265 --enable-libvpx --enable-libwebp --enable-libass --enable-libfreetype --enable-fontconfig --enable-libtheora --enable-libvorbis --enable-libsnappy --enable-libaom --enable-libvidstab --enable-libzimg --enable-libsvtav1 --enable-libharfbuzz --enable-libkvazaar --pkg-config-flags=--static --enable-ffplay --enable-postproc --enable-neon --enable-runtime-cpudetect --disable-indev=qtkit --disable-indev=x11grab_xcb
  libavutil      59. 39.100 / 59. 39.100
  libavcodec     61. 19.100 / 61. 19.100
  libavformat    61.  7.100 / 61.  7.100
  libavdevice    61.  3.100 / 61.  3.100
  libavfilter    10.  4.100 / 10.  4.100
  libswscale      8.  3.100 /  8.  3.100
  libswresample   5.  3.100 /  5.  3.100
  libpostproc    58.  3.100 / 58.  3.100
Input #0, image2, from '/Users/runner/work/comfy-gpu-ci/comfy-gpu-ci/comfy-test-logs/CADabra-1139/dev/macos-desktop/debug/electron_inspect/frames/frame_%06d.png':
  Duration: 00:02:16.60, start: 0.000000, bitrate: N/A
  Stream #0:0: Video: png, rgb24(pc, gbr/bt709/iec61966-2-1), 1024x653, 5 fps, 5 tbr, 5 tbn
Stream mapping:
  Stream #0:0 -> #0:0 (png (native) -> h264 (libx264))
Press [q] to stop, [?] for help
[libx264 @ 0x14be05750] using cpu capabilities: ARMv8 NEON
[libx264 @ 0x14be05750] profile High, level 3.1, 4:2:0, 8-bit
[libx264 @ 0x14be05750] 264 - core 164 r3190 7ed753b - H.264/MPEG-4 AVC codec - Copyleft 2003-2024 - http://www.videolan.org/x264.html - options: cabac=1 ref=3 deblock=1:0:0 analyse=0x3:0x113 me=hex subme=7 psy=1 psy_rd=1.00:0.00 mixed_ref=1 me_range=16 chroma_me=1 trellis=1 8x8dct=1 cqm=0 deadzone=21,11 fast_pskip=1 chroma_qp_offset=-2 threads=4 lookahead_threads=1 sliced_threads=0 nr=0 decimate=1 interlaced=0 bluray_compat=0 constrained_intra=0 bframes=3 b_pyramid=2 b_adapt=1 b_bias=0 direct=1 weightb=1 open_gop=0 weightp=2 keyint=250 keyint_min=5 scenecut=40 intra_refresh=0 rc_lookahead=40 rc=crf mbtree=1 crf=23.0 qcomp=0.60 qpmin=0 qpmax=69 qpstep=4 ip_ratio=1.40 aq=1:1.00
Output #0, mp4, to '/Users/runner/work/comfy-gpu-ci/comfy-gpu-ci/comfy-test-logs/CADabra-1139/dev/macos-desktop/videos/cad_quality_metrics/driver.mp4':
  Metadata:
    encoder         : Lavf61.7.100
  Stream #0:0: Video: h264 (avc1 / 0x31637661), yuv420p(tv, unknown/bt709/iec61966-2-1, progressive), 1024x654, q=2-31, 5 fps, 10240 tbn
      Metadata:
        encoder         : Lavc61.19.100 libx264
      Side data:
        cpb: bitrate max/min/avg: 0/0/0 buffer size: 0 vbv_delay: N/A
[out#0/mp4 @ 0x60000241c000] video:46KiB audio:0KiB subtitle:0KiB other streams:0KiB global headers:0KiB muxing overhead: 3.038281%
frame=   48 fps=0.0 q=-1.0 Lsize=      47KiB time=00:00:09.20 bitrate=  42.2kbits/s speed=20.6x    
[libx264 @ 0x14be05750] frame I:1     Avg QP: 7.34  size: 29589
[libx264 @ 0x14be05750] frame P:12    Avg QP:16.05  size:  1239
[libx264 @ 0x14be05750] frame B:35    Avg QP:19.47  size:    56
[libx264 @ 0x14be05750] consecutive B-frames:  2.1%  0.0%  6.2% 91.7%
[libx264 @ 0x14be05750] mb I  I16..4: 75.2%  4.4% 20.5%
[libx264 @ 0x14be05750] mb P  I16..4:  0.8%  0.4%  0.5%  P16..4:  0.8%  0.2%  0.1%  0.0%  0.0%    skip:97.2%
[libx264 @ 0x14be05750] mb B  I16..4:  0.1%  0.0%  0.0%  B16..8:  1.1%  0.0%  0.0%  direct: 0.0%  skip:98.8%  L0:53.1% L1:46.7% BI: 0.2%
[libx264 @ 0x14be05750] 8x8 transform intra:7.9% inter:29.9%
[libx264 @ 0x14be05750] coded y,uvDC,uvAC intra: 13.0% 10.7% 7.7% inter: 0.1% 0.1% 0.0%
[libx264 @ 0x14be05750] i16 v,h,dc,p: 78% 22%  0%  0%
[libx264 @ 0x14be05750] i8 v,h,dc,ddl,ddr,vr,hd,vl,hu: 46% 20% 34%  0%  0%  0%  0%  0%  0%
[libx264 @ 0x14be05750] i4 v,h,dc,ddl,ddr,vr,hd,vl,hu: 33% 34% 17%  2%  3%  3%  3%  2%  3%
[libx264 @ 0x14be05750] i8c dc,h,v,p: 76% 14%  9%  0%
[libx264 @ 0x14be05750] Weighted P-Frames: Y:0.0% UV:0.0%
[libx264 @ 0x14be05750] ref P L0: 90.5%  3.9%  3.3%  2.2%
[libx264 @ 0x14be05750] ref B L0: 82.4% 15.7%  1.9%
[libx264 @ 0x14be05750] ref B L1: 96.4%  3.6%
[libx264 @ 0x14be05750] kb/s:38.68
[1033s]   videos/cad_quality_metrics/driver.mp4 placed (frames 441..488)
[1033s]   screenshots/cad_quality_metrics_executed.png placed
ffmpeg version 7.1 Copyright (c) 2000-2024 the FFmpeg developers
  built with Apple clang version 13.1.6 (clang-1316.0.21.2.5)
  configuration: --prefix=/Volumes/tempdisk/sw --extra-cflags=-fno-stack-check --arch=arm64 --cc=/usr/bin/clang --enable-gpl --enable-libvmaf --enable-libopenjpeg --enable-libopus --enable-libmp3lame --enable-libx264 --enable-libx265 --enable-libvpx --enable-libwebp --enable-libass --enable-libfreetype --enable-fontconfig --enable-libtheora --enable-libvorbis --enable-libsnappy --enable-libaom --enable-libvidstab --enable-libzimg --enable-libsvtav1 --enable-libharfbuzz --enable-libkvazaar --pkg-config-flags=--static --enable-ffplay --enable-postproc --enable-neon --enable-runtime-cpudetect --disable-indev=qtkit --disable-indev=x11grab_xcb
  libavutil      59. 39.100 / 59. 39.100
  libavcodec     61. 19.100 / 61. 19.100
  libavformat    61.  7.100 / 61.  7.100
  libavdevice    61.  3.100 / 61.  3.100
  libavfilter    10.  4.100 / 10.  4.100
  libswscale      8.  3.100 /  8.  3.100
  libswresample   5.  3.100 /  5.  3.100
  libpostproc    58.  3.100 / 58.  3.100
Input #0, image2, from '/Users/runner/work/comfy-gpu-ci/comfy-gpu-ci/comfy-test-logs/CADabra-1139/dev/macos-desktop/debug/electron_inspect/frames/frame_%06d.png':
  Duration: 00:02:00.20, start: 0.000000, bitrate: N/A
  Stream #0:0: Video: png, rgb24(pc, gbr/bt709/iec61966-2-1), 1024x653, 5 fps, 5 tbr, 5 tbn
Stream mapping:
  Stream #0:0 -> #0:0 (png (native) -> h264 (libx264))
Press [q] to stop, [?] for help
[libx264 @ 0x132605940] using cpu capabilities: ARMv8 NEON
[libx264 @ 0x132605940] profile High, level 3.1, 4:2:0, 8-bit
[libx264 @ 0x132605940] 264 - core 164 r3190 7ed753b - H.264/MPEG-4 AVC codec - Copyleft 2003-2024 - http://www.videolan.org/x264.html - options: cabac=1 ref=3 deblock=1:0:0 analyse=0x3:0x113 me=hex subme=7 psy=1 psy_rd=1.00:0.00 mixed_ref=1 me_range=16 chroma_me=1 trellis=1 8x8dct=1 cqm=0 deadzone=21,11 fast_pskip=1 chroma_qp_offset=-2 threads=4 lookahead_threads=1 sliced_threads=0 nr=0 decimate=1 interlaced=0 bluray_compat=0 constrained_intra=0 bframes=3 b_pyramid=2 b_adapt=1 b_bias=0 direct=1 weightb=1 open_gop=0 weightp=2 keyint=250 keyint_min=5 scenecut=40 intra_refresh=0 rc_lookahead=40 rc=crf mbtree=1 crf=23.0 qcomp=0.60 qpmin=0 qpmax=69 qpstep=4 ip_ratio=1.40 aq=1:1.00
Output #0, mp4, to '/Users/runner/work/comfy-gpu-ci/comfy-gpu-ci/comfy-test-logs/CADabra-1139/dev/macos-desktop/videos/analyse_CAD/driver.mp4':
  Metadata:
    encoder         : Lavf61.7.100
  Stream #0:0: Video: h264 (avc1 / 0x31637661), yuv420p(tv, unknown/bt709/iec61966-2-1, progressive), 1024x654, q=2-31, 5 fps, 10240 tbn
      Metadata:
        encoder         : Lavc61.19.100 libx264
      Side data:
        cpb: bitrate max/min/avg: 0/0/0 buffer size: 0 vbv_delay: N/A
[out#0/mp4 @ 0x600003e58000] video:84KiB audio:0KiB subtitle:0KiB other streams:0KiB global headers:0KiB muxing overhead: 1.753134%
frame=   53 fps=0.0 q=-1.0 Lsize=      85KiB time=00:00:10.20 bitrate=  68.2kbits/s speed=20.5x    
[libx264 @ 0x132605940] frame I:2     Avg QP:11.89  size: 27388
[libx264 @ 0x132605940] frame P:14    Avg QP:17.10  size:  1601
[libx264 @ 0x132605940] frame B:37    Avg QP:22.99  size:   206
[libx264 @ 0x132605940] consecutive B-frames:  5.7%  3.8%  0.0% 90.6%
[libx264 @ 0x132605940] mb I  I16..4: 51.6% 26.9% 21.5%
[libx264 @ 0x132605940] mb P  I16..4:  0.8%  0.4%  0.7%  P16..4:  0.9%  0.2%  0.1%  0.0%  0.0%    skip:96.9%
[libx264 @ 0x132605940] mb B  I16..4:  0.2%  0.1%  0.0%  B16..8:  1.3%  0.1%  0.0%  direct: 0.1%  skip:98.2%  L0:53.8% L1:45.4% BI: 0.8%
[libx264 @ 0x132605940] 8x8 transform intra:26.4% inter:52.9%
[libx264 @ 0x132605940] coded y,uvDC,uvAC intra: 15.6% 15.8% 12.0% inter: 0.2% 0.3% 0.1%
[libx264 @ 0x132605940] i16 v,h,dc,p: 59% 35%  1%  5%
[libx264 @ 0x132605940] i8 v,h,dc,ddl,ddr,vr,hd,vl,hu: 63% 17% 15%  0%  2%  2%  1%  0%  1%
[libx264 @ 0x132605940] i4 v,h,dc,ddl,ddr,vr,hd,vl,hu: 37% 32% 17%  2%  3%  2%  3%  2%  3%
[libx264 @ 0x132605940] i8c dc,h,v,p: 75% 14%  7%  5%
[libx264 @ 0x132605940] Weighted P-Frames: Y:0.0% UV:0.0%
[libx264 @ 0x132605940] ref P L0: 94.2%  1.4%  3.0%  1.4%
[libx264 @ 0x132605940] ref B L0: 90.5%  7.9%  1.6%
[libx264 @ 0x132605940] ref B L1: 97.1%  2.9%
[libx264 @ 0x132605940] kb/s:64.01
[1033s]   videos/analyse_CAD/driver.mp4 placed (frames 523..575)
[1033s]   screenshots/analyse_CAD_executed.png placed
ffmpeg version 7.1 Copyright (c) 2000-2024 the FFmpeg developers
  built with Apple clang version 13.1.6 (clang-1316.0.21.2.5)
  configuration: --prefix=/Volumes/tempdisk/sw --extra-cflags=-fno-stack-check --arch=arm64 --cc=/usr/bin/clang --enable-gpl --enable-libvmaf --enable-libopenjpeg --enable-libopus --enable-libmp3lame --enable-libx264 --enable-libx265 --enable-libvpx --enable-libwebp --enable-libass --enable-libfreetype --enable-fontconfig --enable-libtheora --enable-libvorbis --enable-libsnappy --enable-libaom --enable-libvidstab --enable-libzimg --enable-libsvtav1 --enable-libharfbuzz --enable-libkvazaar --pkg-config-flags=--static --enable-ffplay --enable-postproc --enable-neon --enable-runtime-cpudetect --disable-indev=qtkit --disable-indev=x11grab_xcb
  libavutil      59. 39.100 / 59. 39.100
  libavcodec     61. 19.100 / 61. 19.100
  libavformat    61.  7.100 / 61.  7.100
  libavdevice    61.  3.100 / 61.  3.100
  libavfilter    10.  4.100 / 10.  4.100
  libswscale      8.  3.100 /  8.  3.100
  libswresample   5.  3.100 /  5.  3.100
  libpostproc    58.  3.100 / 58.  3.100
Input #0, image2, from '/Users/runner/work/comfy-gpu-ci/comfy-gpu-ci/comfy-test-logs/CADabra-1139/dev/macos-desktop/debug/electron_inspect/frames/frame_%06d.png':
  Duration: 00:01:42.40, start: 0.000000, bitrate: N/A
  Stream #0:0: Video: png, rgb24(pc, gbr/bt709/iec61966-2-1), 1024x656, 5 fps, 5 tbr, 5 tbn
Stream mapping:
  Stream #0:0 -> #0:0 (png (native) -> h264 (libx264))
Press [q] to stop, [?] for help
[libx264 @ 0x137805320] using cpu capabilities: ARMv8 NEON
[libx264 @ 0x137805320] profile High, level 3.1, 4:2:0, 8-bit
[libx264 @ 0x137805320] 264 - core 164 r3190 7ed753b - H.264/MPEG-4 AVC codec - Copyleft 2003-2024 - http://www.videolan.org/x264.html - options: cabac=1 ref=3 deblock=1:0:0 analyse=0x3:0x113 me=hex subme=7 psy=1 psy_rd=1.00:0.00 mixed_ref=1 me_range=16 chroma_me=1 trellis=1 8x8dct=1 cqm=0 deadzone=21,11 fast_pskip=1 chroma_qp_offset=-2 threads=4 lookahead_threads=1 sliced_threads=0 nr=0 decimate=1 interlaced=0 bluray_compat=0 constrained_intra=0 bframes=3 b_pyramid=2 b_adapt=1 b_bias=0 direct=1 weightb=1 open_gop=0 weightp=2 keyint=250 keyint_min=5 scenecut=40 intra_refresh=0 rc_lookahead=40 rc=crf mbtree=1 crf=23.0 qcomp=0.60 qpmin=0 qpmax=69 qpstep=4 ip_ratio=1.40 aq=1:1.00
Output #0, mp4, to '/Users/runner/work/comfy-gpu-ci/comfy-gpu-ci/comfy-test-logs/CADabra-1139/dev/macos-desktop/videos/cad_manipulation/driver.mp4':
  Metadata:
    encoder         : Lavf61.7.100
  Stream #0:0: Video: h264 (avc1 / 0x31637661), yuv420p(tv, unknown/bt709/iec61966-2-1, progressive), 1024x656, q=2-31, 5 fps, 10240 tbn
      Metadata:
        encoder         : Lavc61.19.100 libx264
      Side data:
        cpb: bitrate max/min/avg: 0/0/0 buffer size: 0 vbv_delay: N/A
[out#0/mp4 @ 0x6000000c8000] video:86KiB audio:0KiB subtitle:0KiB other streams:0KiB global headers:0KiB muxing overhead: 1.686848%
frame=   52 fps=0.0 q=-1.0 Lsize=      87KiB time=00:00:10.00 bitrate=  71.6kbits/s speed=  21x    
[libx264 @ 0x137805320] frame I:2     Avg QP:11.56  size: 29481
[libx264 @ 0x137805320] frame P:13    Avg QP:16.66  size:  1819
[libx264 @ 0x137805320] frame B:37    Avg QP:22.49  size:   128
[libx264 @ 0x137805320] consecutive B-frames:  3.8%  3.8%  0.0% 92.3%
[libx264 @ 0x137805320] mb I  I16..4: 55.0% 21.7% 23.2%
[libx264 @ 0x137805320] mb P  I16..4:  1.1%  0.3%  0.9%  P16..4:  1.2%  0.2%  0.2%  0.0%  0.0%    skip:96.2%
[libx264 @ 0x137805320] mb B  I16..4:  0.2%  0.1%  0.0%  B16..8:  1.5%  0.1%  0.0%  direct: 0.0%  skip:98.1%  L0:40.9% L1:58.9% BI: 0.2%
[libx264 @ 0x137805320] 8x8 transform intra:20.8% inter:55.1%
[libx264 @ 0x137805320] coded y,uvDC,uvAC intra: 16.2% 17.3% 13.6% inter: 0.2% 0.2% 0.1%
[libx264 @ 0x137805320] i16 v,h,dc,p: 64% 31%  1%  4%
[libx264 @ 0x137805320] i8 v,h,dc,ddl,ddr,vr,hd,vl,hu: 63% 11% 21%  0%  1%  2%  1%  0%  1%
[libx264 @ 0x137805320] i4 v,h,dc,ddl,ddr,vr,hd,vl,hu: 34% 35% 17%  2%  3%  2%  3%  2%  3%
[libx264 @ 0x137805320] i8c dc,h,v,p: 73% 14%  8%  5%
[libx264 @ 0x137805320] Weighted P-Frames: Y:0.0% UV:0.0%
[libx264 @ 0x137805320] ref P L0: 78.1%  1.0%  8.9% 12.0%
[libx264 @ 0x137805320] ref B L0: 80.3% 14.6%  5.1%
[libx264 @ 0x137805320] ref B L1: 97.7%  2.3%
[libx264 @ 0x137805320] kb/s:67.19
[1034s]   videos/cad_manipulation/driver.mp4 placed (frames 612..663)
[1034s]   screenshots/cad_manipulation_executed.png placed
ffmpeg version 7.1 Copyright (c) 2000-2024 the FFmpeg developers
  built with Apple clang version 13.1.6 (clang-1316.0.21.2.5)
  configuration: --prefix=/Volumes/tempdisk/sw --extra-cflags=-fno-stack-check --arch=arm64 --cc=/usr/bin/clang --enable-gpl --enable-libvmaf --enable-libopenjpeg --enable-libopus --enable-libmp3lame --enable-libx264 --enable-libx265 --enable-libvpx --enable-libwebp --enable-libass --enable-libfreetype --enable-fontconfig --enable-libtheora --enable-libvorbis --enable-libsnappy --enable-libaom --enable-libvidstab --enable-libzimg --enable-libsvtav1 --enable-libharfbuzz --enable-libkvazaar --pkg-config-flags=--static --enable-ffplay --enable-postproc --enable-neon --enable-runtime-cpudetect --disable-indev=qtkit --disable-indev=x11grab_xcb
  libavutil      59. 39.100 / 59. 39.100
  libavcodec     61. 19.100 / 61. 19.100
  libavformat    61.  7.100 / 61.  7.100
  libavdevice    61.  3.100 / 61.  3.100
  libavfilter    10.  4.100 / 10.  4.100
  libswscale      8.  3.100 /  8.  3.100
  libswresample   5.  3.100 /  5.  3.100
  libpostproc    58.  3.100 / 58.  3.100
Input #0, image2, from '/Users/runner/work/comfy-gpu-ci/comfy-gpu-ci/comfy-test-logs/CADabra-1139/dev/macos-desktop/debug/electron_inspect/frames/frame_%06d.png':
  Duration: 00:01:25.20, start: 0.000000, bitrate: N/A
  Stream #0:0: Video: png, rgb24(pc, gbr/bt709/iec61966-2-1), 1024x653, 5 fps, 5 tbr, 5 tbn
Stream mapping:
  Stream #0:0 -> #0:0 (png (native) -> h264 (libx264))
Press [q] to stop, [?] for help
[libx264 @ 0x15af05310] using cpu capabilities: ARMv8 NEON
[libx264 @ 0x15af05310] profile High, level 3.1, 4:2:0, 8-bit
[libx264 @ 0x15af05310] 264 - core 164 r3190 7ed753b - H.264/MPEG-4 AVC codec - Copyleft 2003-2024 - http://www.videolan.org/x264.html - options: cabac=1 ref=3 deblock=1:0:0 analyse=0x3:0x113 me=hex subme=7 psy=1 psy_rd=1.00:0.00 mixed_ref=1 me_range=16 chroma_me=1 trellis=1 8x8dct=1 cqm=0 deadzone=21,11 fast_pskip=1 chroma_qp_offset=-2 threads=4 lookahead_threads=1 sliced_threads=0 nr=0 decimate=1 interlaced=0 bluray_compat=0 constrained_intra=0 bframes=3 b_pyramid=2 b_adapt=1 b_bias=0 direct=1 weightb=1 open_gop=0 weightp=2 keyint=250 keyint_min=5 scenecut=40 intra_refresh=0 rc_lookahead=40 rc=crf mbtree=1 crf=23.0 qcomp=0.60 qpmin=0 qpmax=69 qpstep=4 ip_ratio=1.40 aq=1:1.00
Output #0, mp4, to '/Users/runner/work/comfy-gpu-ci/comfy-gpu-ci/comfy-test-logs/CADabra-1139/dev/macos-desktop/videos/edge_analysis/driver.mp4':
  Metadata:
    encoder         : Lavf61.7.100
  Stream #0:0: Video: h264 (avc1 / 0x31637661), yuv420p(tv, unknown/bt709/iec61966-2-1, progressive), 1024x654, q=2-31, 5 fps, 10240 tbn
      Metadata:
        encoder         : Lavc61.19.100 libx264
      Side data:
        cpb: bitrate max/min/avg: 0/0/0 buffer size: 0 vbv_delay: N/A
[out#0/mp4 @ 0x600000f98000] video:92KiB audio:0KiB subtitle:0KiB other streams:0KiB global headers:0KiB muxing overhead: 1.445019%
frame=   43 fps=0.0 q=-1.0 Lsize=      93KiB time=00:00:08.20 bitrate=  93.4kbits/s speed=20.2x    
[libx264 @ 0x15af05310] frame I:2     Avg QP:13.83  size: 30900
[libx264 @ 0x15af05310] frame P:11    Avg QP:13.93  size:  2185
[libx264 @ 0x15af05310] frame B:30    Avg QP:22.47  size:   260
[libx264 @ 0x15af05310] consecutive B-frames:  7.0%  0.0%  0.0% 93.0%
[libx264 @ 0x15af05310] mb I  I16..4: 43.2% 33.8% 23.0%
[libx264 @ 0x15af05310] mb P  I16..4:  1.6%  0.4%  1.1%  P16..4:  1.7%  0.3%  0.1%  0.0%  0.0%    skip:94.8%
[libx264 @ 0x15af05310] mb B  I16..4:  0.0%  0.0%  0.0%  B16..8:  7.7%  0.3%  0.0%  direct: 0.0%  skip:92.0%  L0:50.4% L1:49.5% BI: 0.0%
[libx264 @ 0x15af05310] 8x8 transform intra:30.7% inter:60.3%
[libx264 @ 0x15af05310] coded y,uvDC,uvAC intra: 28.5% 16.9% 11.9% inter: 0.2% 0.2% 0.0%
[libx264 @ 0x15af05310] i16 v,h,dc,p: 47% 46%  0%  7%
[libx264 @ 0x15af05310] i8 v,h,dc,ddl,ddr,vr,hd,vl,hu: 44% 15% 36%  0%  2%  1%  1%  0%  1%
[libx264 @ 0x15af05310] i4 v,h,dc,ddl,ddr,vr,hd,vl,hu: 37% 34% 15%  2%  2%  2%  3%  2%  3%
[libx264 @ 0x15af05310] i8c dc,h,v,p: 73% 14%  8%  5%
[libx264 @ 0x15af05310] Weighted P-Frames: Y:0.0% UV:0.0%
[libx264 @ 0x15af05310] ref P L0: 88.5%  1.9%  6.4%  3.2%
[libx264 @ 0x15af05310] ref B L0: 45.7% 53.2%  1.1%
[libx264 @ 0x15af05310] ref B L1: 98.8%  1.2%
[libx264 @ 0x15af05310] kb/s:87.10
[1034s]   videos/edge_analysis/driver.mp4 placed (frames 698..740)
[1034s]   screenshots/edge_analysis_executed.png placed
ffmpeg version 7.1 Copyright (c) 2000-2024 the FFmpeg developers
  built with Apple clang version 13.1.6 (clang-1316.0.21.2.5)
  configuration: --prefix=/Volumes/tempdisk/sw --extra-cflags=-fno-stack-check --arch=arm64 --cc=/usr/bin/clang --enable-gpl --enable-libvmaf --enable-libopenjpeg --enable-libopus --enable-libmp3lame --enable-libx264 --enable-libx265 --enable-libvpx --enable-libwebp --enable-libass --enable-libfreetype --enable-fontconfig --enable-libtheora --enable-libvorbis --enable-libsnappy --enable-libaom --enable-libvidstab --enable-libzimg --enable-libsvtav1 --enable-libharfbuzz --enable-libkvazaar --pkg-config-flags=--static --enable-ffplay --enable-postproc --enable-neon --enable-runtime-cpudetect --disable-indev=qtkit --disable-indev=x11grab_xcb
  libavutil      59. 39.100 / 59. 39.100
  libavcodec     61. 19.100 / 61. 19.100
  libavformat    61.  7.100 / 61.  7.100
  libavdevice    61.  3.100 / 61.  3.100
  libavfilter    10.  4.100 / 10.  4.100
  libswscale      8.  3.100 /  8.  3.100
  libswresample   5.  3.100 /  5.  3.100
  libpostproc    58.  3.100 / 58.  3.100
Input #0, image2, from '/Users/runner/work/comfy-gpu-ci/comfy-gpu-ci/comfy-test-logs/CADabra-1139/dev/macos-desktop/debug/electron_inspect/frames/frame_%06d.png':
  Duration: 00:01:09.60, start: 0.000000, bitrate: N/A
  Stream #0:0: Video: png, rgb24(pc, gbr/bt709/iec61966-2-1), 1024x653, 5 fps, 5 tbr, 5 tbn
Stream mapping:
  Stream #0:0 -> #0:0 (png (native) -> h264 (libx264))
Press [q] to stop, [?] for help
[libx264 @ 0x137707370] using cpu capabilities: ARMv8 NEON
[libx264 @ 0x137707370] profile High, level 3.1, 4:2:0, 8-bit
[libx264 @ 0x137707370] 264 - core 164 r3190 7ed753b - H.264/MPEG-4 AVC codec - Copyleft 2003-2024 - http://www.videolan.org/x264.html - options: cabac=1 ref=3 deblock=1:0:0 analyse=0x3:0x113 me=hex subme=7 psy=1 psy_rd=1.00:0.00 mixed_ref=1 me_range=16 chroma_me=1 trellis=1 8x8dct=1 cqm=0 deadzone=21,11 fast_pskip=1 chroma_qp_offset=-2 threads=4 lookahead_threads=1 sliced_threads=0 nr=0 decimate=1 interlaced=0 bluray_compat=0 constrained_intra=0 bframes=3 b_pyramid=2 b_adapt=1 b_bias=0 direct=1 weightb=1 open_gop=0 weightp=2 keyint=250 keyint_min=5 scenecut=40 intra_refresh=0 rc_lookahead=40 rc=crf mbtree=1 crf=23.0 qcomp=0.60 qpmin=0 qpmax=69 qpstep=4 ip_ratio=1.40 aq=1:1.00
Output #0, mp4, to '/Users/runner/work/comfy-gpu-ci/comfy-gpu-ci/comfy-test-logs/CADabra-1139/dev/macos-desktop/videos/mesh_CAD/driver.mp4':
  Metadata:
    encoder         : Lavf61.7.100
  Stream #0:0: Video: h264 (avc1 / 0x31637661), yuv420p(tv, unknown/bt709/iec61966-2-1, progressive), 1024x654, q=2-31, 5 fps, 10240 tbn
      Metadata:
        encoder         : Lavc61.19.100 libx264
      Side data:
        cpb: bitrate max/min/avg: 0/0/0 buffer size: 0 vbv_delay: N/A
frame=   40 fps=0.0 q=23.0 size=       0KiB time=N/A bitrate=N/A speed=N/A    
[out#0/mp4 @ 0x60000068c300] video:131KiB audio:0KiB subtitle:0KiB other streams:0KiB global headers:0KiB muxing overhead: 1.238706%
frame=   70 fps=0.0 q=-1.0 Lsize=     133KiB time=00:00:13.60 bitrate=  80.0kbits/s speed=  22x    
[libx264 @ 0x137707370] frame I:2     Avg QP:12.96  size: 38552
[libx264 @ 0x137707370] frame P:19    Avg QP:14.48  size:  2680
[libx264 @ 0x137707370] frame B:49    Avg QP:22.24  size:   113
[libx264 @ 0x137707370] consecutive B-frames:  5.7%  0.0%  8.6% 85.7%
[libx264 @ 0x137707370] mb I  I16..4: 51.0% 21.9% 27.1%
[libx264 @ 0x137707370] mb P  I16..4:  1.8%  0.5%  1.0%  P16..4:  1.7%  0.3%  0.2%  0.0%  0.0%    skip:94.5%
[libx264 @ 0x137707370] mb B  I16..4:  0.1%  0.0%  0.0%  B16..8:  1.9%  0.1%  0.0%  direct: 0.0%  skip:98.0%  L0:42.6% L1:57.1% BI: 0.3%
[libx264 @ 0x137707370] 8x8 transform intra:20.0% inter:43.6%
[libx264 @ 0x137707370] coded y,uvDC,uvAC intra: 18.9% 20.3% 15.6% inter: 0.2% 0.3% 0.1%
[libx264 @ 0x137707370] i16 v,h,dc,p: 55% 39%  0%  5%
[libx264 @ 0x137707370] i8 v,h,dc,ddl,ddr,vr,hd,vl,hu: 50% 20% 25%  0%  2%  1%  1%  0%  1%
[libx264 @ 0x137707370] i4 v,h,dc,ddl,ddr,vr,hd,vl,hu: 33% 33% 16%  2%  3%  3%  4%  2%  4%
[libx264 @ 0x137707370] i8c dc,h,v,p: 66% 19% 10%  5%
[libx264 @ 0x137707370] Weighted P-Frames: Y:0.0% UV:0.0%
[libx264 @ 0x137707370] ref P L0: 77.9%  3.1% 16.9%  2.1%
[libx264 @ 0x137707370] ref B L0: 78.0% 20.0%  2.1%
[libx264 @ 0x137707370] ref B L1: 96.2%  3.8%
[libx264 @ 0x137707370] kb/s:76.32
[1035s]   videos/mesh_CAD/driver.mp4 placed (frames 776..845)
[1035s]   screenshots/mesh_CAD_executed.png placed
ffmpeg version 7.1 Copyright (c) 2000-2024 the FFmpeg developers
  built with Apple clang version 13.1.6 (clang-1316.0.21.2.5)
  configuration: --prefix=/Volumes/tempdisk/sw --extra-cflags=-fno-stack-check --arch=arm64 --cc=/usr/bin/clang --enable-gpl --enable-libvmaf --enable-libopenjpeg --enable-libopus --enable-libmp3lame --enable-libx264 --enable-libx265 --enable-libvpx --enable-libwebp --enable-libass --enable-libfreetype --enable-fontconfig --enable-libtheora --enable-libvorbis --enable-libsnappy --enable-libaom --enable-libvidstab --enable-libzimg --enable-libsvtav1 --enable-libharfbuzz --enable-libkvazaar --pkg-config-flags=--static --enable-ffplay --enable-postproc --enable-neon --enable-runtime-cpudetect --disable-indev=qtkit --disable-indev=x11grab_xcb
  libavutil      59. 39.100 / 59. 39.100
  libavcodec     61. 19.100 / 61. 19.100
  libavformat    61.  7.100 / 61.  7.100
  libavdevice    61.  3.100 / 61.  3.100
  libavfilter    10.  4.100 / 10.  4.100
  libswscale      8.  3.100 /  8.  3.100
  libswresample   5.  3.100 /  5.  3.100
  libpostproc    58.  3.100 / 58.  3.100
Input #0, image2, from '/Users/runner/work/comfy-gpu-ci/comfy-gpu-ci/comfy-test-logs/CADabra-1139/dev/macos-desktop/debug/electron_inspect/frames/frame_%06d.png':
  Duration: 00:00:47.80, start: 0.000000, bitrate: N/A
  Stream #0:0: Video: png, rgb24(pc, gbr/bt709/iec61966-2-1), 1024x653, 5 fps, 5 tbr, 5 tbn
Stream mapping:
  Stream #0:0 -> #0:0 (png (native) -> h264 (libx264))
Press [q] to stop, [?] for help
[libx264 @ 0x13b806090] using cpu capabilities: ARMv8 NEON
[libx264 @ 0x13b806090] profile High, level 3.1, 4:2:0, 8-bit
[libx264 @ 0x13b806090] 264 - core 164 r3190 7ed753b - H.264/MPEG-4 AVC codec - Copyleft 2003-2024 - http://www.videolan.org/x264.html - options: cabac=1 ref=3 deblock=1:0:0 analyse=0x3:0x113 me=hex subme=7 psy=1 psy_rd=1.00:0.00 mixed_ref=1 me_range=16 chroma_me=1 trellis=1 8x8dct=1 cqm=0 deadzone=21,11 fast_pskip=1 chroma_qp_offset=-2 threads=4 lookahead_threads=1 sliced_threads=0 nr=0 decimate=1 interlaced=0 bluray_compat=0 constrained_intra=0 bframes=3 b_pyramid=2 b_adapt=1 b_bias=0 direct=1 weightb=1 open_gop=0 weightp=2 keyint=250 keyint_min=5 scenecut=40 intra_refresh=0 rc_lookahead=40 rc=crf mbtree=1 crf=23.0 qcomp=0.60 qpmin=0 qpmax=69 qpstep=4 ip_ratio=1.40 aq=1:1.00
Output #0, mp4, to '/Users/runner/work/comfy-gpu-ci/comfy-gpu-ci/comfy-test-logs/CADabra-1139/dev/macos-desktop/videos/raytracing/driver.mp4':
  Metadata:
    encoder         : Lavf61.7.100
  Stream #0:0: Video: h264 (avc1 / 0x31637661), yuv420p(tv, unknown/bt709/iec61966-2-1, progressive), 1024x654, q=2-31, 5 fps, 10240 tbn
      Metadata:
        encoder         : Lavc61.19.100 libx264
      Side data:
        cpb: bitrate max/min/avg: 0/0/0 buffer size: 0 vbv_delay: N/A
[out#0/mp4 @ 0x6000013d8000] video:88KiB audio:0KiB subtitle:0KiB other streams:0KiB global headers:0KiB muxing overhead: 1.761414%
frame=   62 fps=0.0 q=-1.0 Lsize=      89KiB time=00:00:12.00 bitrate=  61.0kbits/s speed=27.2x    
[libx264 @ 0x13b806090] frame I:2     Avg QP:12.05  size: 30289
[libx264 @ 0x13b806090] frame P:16    Avg QP:15.12  size:  1467
[libx264 @ 0x13b806090] frame B:44    Avg QP:22.52  size:   116
[libx264 @ 0x13b806090] consecutive B-frames:  4.8%  0.0%  4.8% 90.3%
[libx264 @ 0x13b806090] mb I  I16..4: 58.3% 18.5% 23.3%
[libx264 @ 0x13b806090] mb P  I16..4:  1.0%  0.5%  0.7%  P16..4:  1.1%  0.2%  0.1%  0.0%  0.0%    skip:96.3%
[libx264 @ 0x13b806090] mb B  I16..4:  0.0%  0.0%  0.0%  B16..8:  1.1%  0.1%  0.0%  direct: 0.0%  skip:98.7%  L0:47.5% L1:52.0% BI: 0.5%
[libx264 @ 0x13b806090] 8x8 transform intra:19.4% inter:47.8%
[libx264 @ 0x13b806090] coded y,uvDC,uvAC intra: 16.3% 16.3% 12.3% inter: 0.1% 0.2% 0.1%
[libx264 @ 0x13b806090] i16 v,h,dc,p: 64% 31%  0%  4%
[libx264 @ 0x13b806090] i8 v,h,dc,ddl,ddr,vr,hd,vl,hu: 58% 12% 25%  0%  2%  1%  1%  0%  1%
[libx264 @ 0x13b806090] i4 v,h,dc,ddl,ddr,vr,hd,vl,hu: 35% 32% 18%  2%  3%  2%  3%  2%  3%
[libx264 @ 0x13b806090] i8c dc,h,v,p: 73% 14%  8%  4%
[libx264 @ 0x13b806090] Weighted P-Frames: Y:0.0% UV:0.0%
[libx264 @ 0x13b806090] ref P L0: 83.7%  2.2% 11.9%  2.2%
[libx264 @ 0x13b806090] ref B L0: 78.7% 18.7%  2.6%
[libx264 @ 0x13b806090] ref B L1: 95.0%  5.0%
[libx264 @ 0x13b806090] kb/s:57.54
[1035s]   videos/raytracing/driver.mp4 placed (frames 885..946)
[1035s]   screenshots/raytracing_executed.png placed
ffmpeg version 7.1 Copyright (c) 2000-2024 the FFmpeg developers
  built with Apple clang version 13.1.6 (clang-1316.0.21.2.5)
  configuration: --prefix=/Volumes/tempdisk/sw --extra-cflags=-fno-stack-check --arch=arm64 --cc=/usr/bin/clang --enable-gpl --enable-libvmaf --enable-libopenjpeg --enable-libopus --enable-libmp3lame --enable-libx264 --enable-libx265 --enable-libvpx --enable-libwebp --enable-libass --enable-libfreetype --enable-fontconfig --enable-libtheora --enable-libvorbis --enable-libsnappy --enable-libaom --enable-libvidstab --enable-libzimg --enable-libsvtav1 --enable-libharfbuzz --enable-libkvazaar --pkg-config-flags=--static --enable-ffplay --enable-postproc --enable-neon --enable-runtime-cpudetect --disable-indev=qtkit --disable-indev=x11grab_xcb
  libavutil      59. 39.100 / 59. 39.100
  libavcodec     61. 19.100 / 61. 19.100
  libavformat    61.  7.100 / 61.  7.100
  libavdevice    61.  3.100 / 61.  3.100
  libavfilter    10.  4.100 / 10.  4.100
  libswscale      8.  3.100 /  8.  3.100
  libswresample   5.  3.100 /  5.  3.100
  libpostproc    58.  3.100 / 58.  3.100
Input #0, image2, from '/Users/runner/work/comfy-gpu-ci/comfy-gpu-ci/comfy-test-logs/CADabra-1139/dev/macos-desktop/debug/electron_inspect/frames/frame_%06d.png':
  Duration: 00:00:28.20, start: 0.000000, bitrate: N/A
  Stream #0:0: Video: png, rgb24(pc, gbr/bt709/iec61966-2-1), 1024x653, 5 fps, 5 tbr, 5 tbn
Stream mapping:
  Stream #0:0 -> #0:0 (png (native) -> h264 (libx264))
Press [q] to stop, [?] for help
[libx264 @ 0x148805370] using cpu capabilities: ARMv8 NEON
[libx264 @ 0x148805370] profile High, level 3.1, 4:2:0, 8-bit
[libx264 @ 0x148805370] 264 - core 164 r3190 7ed753b - H.264/MPEG-4 AVC codec - Copyleft 2003-2024 - http://www.videolan.org/x264.html - options: cabac=1 ref=3 deblock=1:0:0 analyse=0x3:0x113 me=hex subme=7 psy=1 psy_rd=1.00:0.00 mixed_ref=1 me_range=16 chroma_me=1 trellis=1 8x8dct=1 cqm=0 deadzone=21,11 fast_pskip=1 chroma_qp_offset=-2 threads=4 lookahead_threads=1 sliced_threads=0 nr=0 decimate=1 interlaced=0 bluray_compat=0 constrained_intra=0 bframes=3 b_pyramid=2 b_adapt=1 b_bias=0 direct=1 weightb=1 open_gop=0 weightp=2 keyint=250 keyint_min=5 scenecut=40 intra_refresh=0 rc_lookahead=40 rc=crf mbtree=1 crf=23.0 qcomp=0.60 qpmin=0 qpmax=69 qpstep=4 ip_ratio=1.40 aq=1:1.00
Output #0, mp4, to '/Users/runner/work/comfy-gpu-ci/comfy-gpu-ci/comfy-test-logs/CADabra-1139/dev/macos-desktop/videos/raytracing_roi/driver.mp4':
  Metadata:
    encoder         : Lavf61.7.100
  Stream #0:0: Video: h264 (avc1 / 0x31637661), yuv420p(tv, unknown/bt709/iec61966-2-1, progressive), 1024x654, q=2-31, 5 fps, 10240 tbn
      Metadata:
        encoder         : Lavc61.19.100 libx264
      Side data:
        cpb: bitrate max/min/avg: 0/0/0 buffer size: 0 vbv_delay: N/A
[out#0/mp4 @ 0x60000017c000] video:92KiB audio:0KiB subtitle:0KiB other streams:0KiB global headers:0KiB muxing overhead: 1.480512%
frame=   46 fps=0.0 q=-1.0 Lsize=      93KiB time=00:00:08.80 bitrate=  86.7kbits/s speed=  19x    
[libx264 @ 0x148805370] frame I:2     Avg QP:12.50  size: 33122
[libx264 @ 0x148805370] frame P:12    Avg QP:15.17  size:  1759
[libx264 @ 0x148805370] frame B:32    Avg QP:14.96  size:   185
[libx264 @ 0x148805370] consecutive B-frames:  6.5%  0.0%  6.5% 87.0%
[libx264 @ 0x148805370] mb I  I16..4: 52.9% 21.3% 25.8%
[libx264 @ 0x148805370] mb P  I16..4:  1.2%  0.6%  0.9%  P16..4:  1.3%  0.3%  0.1%  0.0%  0.0%    skip:95.6%
[libx264 @ 0x148805370] mb B  I16..4:  0.1%  0.0%  0.0%  B16..8:  1.1%  0.1%  0.0%  direct: 0.0%  skip:98.7%  L0:47.6% L1:52.0% BI: 0.4%
[libx264 @ 0x148805370] 8x8 transform intra:21.2% inter:38.8%
[libx264 @ 0x148805370] coded y,uvDC,uvAC intra: 17.6% 18.4% 12.8% inter: 0.2% 0.3% 0.1%
[libx264 @ 0x148805370] i16 v,h,dc,p: 59% 35%  0%  5%
[libx264 @ 0x148805370] i8 v,h,dc,ddl,ddr,vr,hd,vl,hu: 58% 15% 22%  0%  2%  1%  1%  0%  1%
[libx264 @ 0x148805370] i4 v,h,dc,ddl,ddr,vr,hd,vl,hu: 34% 34% 17%  2%  3%  2%  3%  2%  3%
[libx264 @ 0x148805370] i8c dc,h,v,p: 71% 15%  9%  5%
[libx264 @ 0x148805370] Weighted P-Frames: Y:0.0% UV:0.0%
[libx264 @ 0x148805370] ref P L0: 86.4%  1.5% 11.1%  1.0%
[libx264 @ 0x148805370] ref B L0: 86.6% 12.6%  0.7%
[libx264 @ 0x148805370] ref B L1: 97.5%  2.5%
[libx264 @ 0x148805370] kb/s:81.10
[1036s]   videos/raytracing_roi/driver.mp4 placed (frames 983..1028)
[1036s]   screenshots/raytracing_roi_executed.png placed
ffmpeg version 7.1 Copyright (c) 2000-2024 the FFmpeg developers
  built with Apple clang version 13.1.6 (clang-1316.0.21.2.5)
  configuration: --prefix=/Volumes/tempdisk/sw --extra-cflags=-fno-stack-check --arch=arm64 --cc=/usr/bin/clang --enable-gpl --enable-libvmaf --enable-libopenjpeg --enable-libopus --enable-libmp3lame --enable-libx264 --enable-libx265 --enable-libvpx --enable-libwebp --enable-libass --enable-libfreetype --enable-fontconfig --enable-libtheora --enable-libvorbis --enable-libsnappy --enable-libaom --enable-libvidstab --enable-libzimg --enable-libsvtav1 --enable-libharfbuzz --enable-libkvazaar --pkg-config-flags=--static --enable-ffplay --enable-postproc --enable-neon --enable-runtime-cpudetect --disable-indev=qtkit --disable-indev=x11grab_xcb
  libavutil      59. 39.100 / 59. 39.100
  libavcodec     61. 19.100 / 61. 19.100
  libavformat    61.  7.100 / 61.  7.100
  libavdevice    61.  3.100 / 61.  3.100
  libavfilter    10.  4.100 / 10.  4.100
  libswscale      8.  3.100 /  8.  3.100
  libswresample   5.  3.100 /  5.  3.100
  libpostproc    58.  3.100 / 58.  3.100
Input #0, image2, from '/Users/runner/work/comfy-gpu-ci/comfy-gpu-ci/comfy-test-logs/CADabra-1139/dev/macos-desktop/debug/electron_inspect/frames/frame_%06d.png':
  Duration: 00:00:11.20, start: 0.000000, bitrate: N/A
  Stream #0:0: Video: png, rgb24(pc, gbr/bt709/iec61966-2-1), 1024x653, 5 fps, 5 tbr, 5 tbn
Stream mapping:
  Stream #0:0 -> #0:0 (png (native) -> h264 (libx264))
Press [q] to stop, [?] for help
[libx264 @ 0x126e05bb0] using cpu capabilities: ARMv8 NEON
[libx264 @ 0x126e05bb0] profile High, level 3.1, 4:2:0, 8-bit
[libx264 @ 0x126e05bb0] 264 - core 164 r3190 7ed753b - H.264/MPEG-4 AVC codec - Copyleft 2003-2024 - http://www.videolan.org/x264.html - options: cabac=1 ref=3 deblock=1:0:0 analyse=0x3:0x113 me=hex subme=7 psy=1 psy_rd=1.00:0.00 mixed_ref=1 me_range=16 chroma_me=1 trellis=1 8x8dct=1 cqm=0 deadzone=21,11 fast_pskip=1 chroma_qp_offset=-2 threads=4 lookahead_threads=1 sliced_threads=0 nr=0 decimate=1 interlaced=0 bluray_compat=0 constrained_intra=0 bframes=3 b_pyramid=2 b_adapt=1 b_bias=0 direct=1 weightb=1 open_gop=0 weightp=2 keyint=250 keyint_min=5 scenecut=40 intra_refresh=0 rc_lookahead=40 rc=crf mbtree=1 crf=23.0 qcomp=0.60 qpmin=0 qpmax=69 qpstep=4 ip_ratio=1.40 aq=1:1.00
Output #0, mp4, to '/Users/runner/work/comfy-gpu-ci/comfy-gpu-ci/comfy-test-logs/CADabra-1139/dev/macos-desktop/videos/view_cads/driver.mp4':
  Metadata:
    encoder         : Lavf61.7.100
  Stream #0:0: Video: h264 (avc1 / 0x31637661), yuv420p(tv, unknown/bt709/iec61966-2-1, progressive), 1024x654, q=2-31, 5 fps, 10240 tbn
      Metadata:
        encoder         : Lavc61.19.100 libx264
      Side data:
        cpb: bitrate max/min/avg: 0/0/0 buffer size: 0 vbv_delay: N/A
[out#0/mp4 @ 0x600002568000] video:82KiB audio:0KiB subtitle:0KiB other streams:0KiB global headers:0KiB muxing overhead: 1.817355%
frame=   56 fps=0.0 q=-1.0 Lsize=      83KiB time=00:00:10.80 bitrate=  63.0kbits/s speed=21.6x    
[libx264 @ 0x126e05bb0] frame I:2     Avg QP:12.08  size: 28194
[libx264 @ 0x126e05bb0] frame P:15    Avg QP:14.10  size:  1443
[libx264 @ 0x126e05bb0] frame B:39    Avg QP:16.36  size:   125
[libx264 @ 0x126e05bb0] consecutive B-frames:  7.1%  0.0%  0.0% 92.9%
[libx264 @ 0x126e05bb0] mb I  I16..4: 56.2% 21.2% 22.6%
[libx264 @ 0x126e05bb0] mb P  I16..4:  0.8%  0.4%  0.6%  P16..4:  1.0%  0.2%  0.1%  0.0%  0.0%    skip:96.9%
[libx264 @ 0x126e05bb0] mb B  I16..4:  0.1%  0.0%  0.0%  B16..8:  0.9%  0.0%  0.0%  direct: 0.0%  skip:98.9%  L0:50.9% L1:48.9% BI: 0.3%
[libx264 @ 0x126e05bb0] 8x8 transform intra:21.2% inter:39.4%
[libx264 @ 0x126e05bb0] coded y,uvDC,uvAC intra: 16.0% 16.3% 11.8% inter: 0.1% 0.2% 0.1%
[libx264 @ 0x126e05bb0] i16 v,h,dc,p: 65% 30%  0%  4%
[libx264 @ 0x126e05bb0] i8 v,h,dc,ddl,ddr,vr,hd,vl,hu: 58% 16% 22%  0%  2%  1%  1%  0%  1%
[libx264 @ 0x126e05bb0] i4 v,h,dc,ddl,ddr,vr,hd,vl,hu: 36% 31% 18%  2%  3%  2%  3%  2%  3%
[libx264 @ 0x126e05bb0] i8c dc,h,v,p: 75% 13%  8%  4%
[libx264 @ 0x126e05bb0] Weighted P-Frames: Y:0.0% UV:0.0%
[libx264 @ 0x126e05bb0] ref P L0: 92.6%  1.0%  5.8%  0.6%
[libx264 @ 0x126e05bb0] ref B L0: 85.3% 14.3%  0.4%
[libx264 @ 0x126e05bb0] ref B L1: 97.7%  2.3%
[libx264 @ 0x126e05bb0] kb/s:59.21
[1037s]   videos/view_cads/driver.mp4 placed (frames 1068..1123)
[1037s]   screenshots/view_cads_executed.png placed
[1037s]   removed /Users/runner/work/comfy-gpu-ci/comfy-gpu-ci/comfy-test-logs/CADabra-1139/dev/macos-desktop/debug/electron_inspect/frames after successful encode
