Capturing execution frames: cad_manipulation.json
  Frame 1 saved (frame_000.jpg, t=0.0s)
  Validating workflow...
  Queuing workflow for execution...
  Node executed (1 total), capturing...
  Frame 2 saved (frame_001.jpg, t=1.0s)
  [capture-node] freeze=28ms shot=126ms unfreeze=3ms saved=True
  Node executed (2 total), capturing...
  [capture-node] freeze=6ms shot=140ms unfreeze=3ms saved=False
  Frame 3 saved (frame_002.jpg, t=6.1s)
  [capture-periodic] freeze=24ms shot=171ms unfreeze=5ms saved=True
  [capture-loop] iter=50 t=9.1s state={'complete': False, 'error': None, 'executedCount': 2, 'wsState': 1} eval_ms=6 ram=6.1/16.0GB (38%) swap=0.3/2.9GB (10%) cpu=61% browser_rss=0.77GB
  Node executed (3 total), capturing...
  Frame 4 saved (frame_003.jpg, t=9.5s)
  [capture-node] freeze=6ms shot=152ms unfreeze=0ms saved=True
  Execution complete (t=9.5s)
  Captured 4 unique frames over 9.69s
  [debug] iframes: 2
  [debug]   iframe[0]: src=http://127.0.0.1:8188/extensions/ComfyUI-CADabra/viewer_cad_analysis.html?v=1778, canvas=372x498, rafFrozen=True
  [debug]   iframe[1]: src=http://127.0.0.1:8188/extensions/ComfyUI-CADabra/viewer_cad_analysis.html?v=1778, canvas=272x498, rafFrozen=True
  [timing] trigger_3d_previews: 0.0s
  Saved high-quality screenshot: cad_manipulation_executed.png
  [timing] final_screenshot: 0.2s
    Captured 5 video frames