Capturing execution frames: mesh_CAD.json
  Frame 1 saved (frame_000.jpg, t=0.0s)
  Validating workflow...
  Queuing workflow for execution...
  Node executed (1 total), capturing...
  Frame 2 saved (frame_001.jpg, t=0.9s)
  [capture-node] freeze=90ms shot=161ms unfreeze=4ms saved=True
  Frame 3 saved (frame_002.jpg, t=5.8s)
  [capture-periodic] freeze=96ms shot=186ms unfreeze=5ms saved=True
  [capture-loop] iter=50 t=14.0s state={'complete': False, 'error': None, 'executedCount': 1, 'wsState': 1} eval_ms=102 ram=6.1/16.0GB (38%) swap=0.3/2.9GB (10%) cpu=66% browser_rss=0.72GB
  Node executed (2 total), capturing...
  Frame 4 saved (frame_003.jpg, t=19.1s)
  [capture-node] freeze=82ms shot=171ms unfreeze=9ms saved=True
  [capture-loop] iter=100 t=27.3s state={'complete': False, 'error': None, 'executedCount': 2, 'wsState': 1} eval_ms=45 ram=6.2/16.0GB (39%) swap=0.3/2.9GB (10%) cpu=99% browser_rss=0.71GB
  [capture-loop] iter=150 t=52.4s state={'complete': False, 'error': None, 'executedCount': 2, 'wsState': 1} eval_ms=594 ram=6.2/16.0GB (39%) swap=0.3/2.9GB (10%) cpu=100% browser_rss=0.69GB
  [capture-loop] iter=200 t=69.3s state={'complete': False, 'error': None, 'executedCount': 2, 'wsState': 1} eval_ms=65 ram=6.2/16.0GB (39%) swap=0.3/2.9GB (10%) cpu=100% browser_rss=0.69GB
  [capture-loop] iter=250 t=83.1s state={'complete': False, 'error': None, 'executedCount': 2, 'wsState': 1} eval_ms=123 ram=6.3/16.0GB (40%) swap=0.3/2.9GB (10%) cpu=99% browser_rss=0.68GB
  Node executed (3 total), capturing...
  Frame 5 saved (frame_004.jpg, t=85.3s)
  [capture-node] freeze=151ms shot=163ms unfreeze=4ms saved=True
  Execution complete (t=87.0s)
  Captured 5 unique frames over 87.04s
  [debug] iframes: 2
  [debug]   iframe[0]: src=http://127.0.0.1:8188/extensions/ComfyUI-CADabra/viewer_cad_analysis.html?v=1778, canvas=242x498, rafFrozen=False
  [debug]   iframe[1]: src=http://127.0.0.1:8188/extensions/ComfyUI-GeometryPack/viewer_dual.html?v=1778226, canvas=0x0, rafFrozen=False
  [timing] trigger_3d_previews: 0.0s
  Saved high-quality screenshot: mesh_CAD_executed.png
  [timing] final_screenshot: 0.3s
    Captured 6 video frames