Capturing execution frames: raytracing_roi.json
  Frame 1 saved (frame_000.jpg, t=0.0s)
  Validating workflow...
  Queuing workflow for execution...
  Frame 2 saved (frame_001.jpg, t=2.3s)
  [capture-periodic] freeze=4ms shot=164ms unfreeze=5ms saved=True
  Frame 3 saved (frame_002.jpg, t=4.7s)
  [capture-periodic] freeze=4ms shot=128ms unfreeze=4ms saved=True
  [capture-loop] iter=50 t=6.1s state={'complete': False, 'error': None, 'executedCount': 0, 'wsState': 1} eval_ms=5 ram=6.0/16.0GB (38%) swap=0.3/2.9GB (10%) cpu=50% browser_rss=0.71GB
  Node executed (1 total), capturing...
  Frame 4 saved (frame_003.jpg, t=9.0s)
  [capture-node] freeze=51ms shot=163ms unfreeze=4ms saved=True
  Node executed (2 total), capturing...
  Frame 5 saved (frame_004.jpg, t=9.8s)
  [capture-node] freeze=47ms shot=211ms unfreeze=3ms saved=True
  [capture-loop] iter=100 t=13.9s state={'complete': False, 'error': None, 'executedCount': 2, 'wsState': 1} eval_ms=24 ram=6.3/16.0GB (39%) swap=0.3/2.9GB (10%) cpu=85% browser_rss=0.75GB
  Node executed (3 total), capturing...
  Frame 6 saved (frame_005.jpg, t=15.0s)
  [capture-node] freeze=46ms shot=190ms unfreeze=0ms saved=True
  Execution complete (t=15.0s)
  Captured 6 unique frames over 15.3s
  [debug] iframes: 2
  [debug]   iframe[0]: src=http://127.0.0.1:8188/extensions/ComfyUI-CADabra/viewer_cad_analysis.html?v=1778, canvas=242x498, rafFrozen=True
  [debug]   iframe[1]: src=http://127.0.0.1:8188/extensions/ComfyUI-CADabra/viewer_cad_roi.html?v=177822667, canvas=292x498, rafFrozen=True
  [timing] trigger_3d_previews: 0.0s
  Saved high-quality screenshot: raytracing_roi_executed.png
  [timing] final_screenshot: 0.2s
    Captured 7 video frames