Capturing execution frames: raytracing.json
  Frame 1 saved (frame_000.jpg, t=0.0s)
  Validating workflow...
  Queuing workflow for execution...
  Frame 2 saved (frame_001.jpg, t=2.3s)
  [capture-periodic] freeze=5ms shot=133ms unfreeze=5ms saved=True
  Frame 3 saved (frame_002.jpg, t=4.5s)
  [capture-periodic] freeze=4ms shot=105ms unfreeze=3ms saved=True
  [capture-loop] iter=50 t=6.2s state={'complete': False, 'error': None, 'executedCount': 0, 'wsState': 1} eval_ms=5 ram=6.2/16.0GB (38%) swap=0.3/2.9GB (10%) cpu=71% browser_rss=0.73GB
  Frame 4 saved (frame_003.jpg, t=11.2s)
  [capture-periodic] freeze=4ms shot=126ms unfreeze=5ms saved=True
  Node executed (1 total), capturing...
  Frame 5 saved (frame_004.jpg, t=11.7s)
  [capture-node] freeze=385ms shot=218ms unfreeze=4ms saved=True
  [capture-loop] iter=100 t=14.1s state={'complete': False, 'error': None, 'executedCount': 1, 'wsState': 1} eval_ms=43 ram=6.4/16.0GB (40%) swap=0.3/2.9GB (10%) cpu=74% browser_rss=0.72GB
  [capture-loop] iter=150 t=25.4s state={'complete': False, 'error': None, 'executedCount': 1, 'wsState': 1} eval_ms=58 ram=6.3/16.0GB (39%) swap=0.3/2.9GB (10%) cpu=98% browser_rss=0.67GB
  [capture-loop] iter=200 t=35.7s state={'complete': False, 'error': None, 'executedCount': 1, 'wsState': 1} eval_ms=121 ram=6.3/16.0GB (40%) swap=0.3/2.9GB (10%) cpu=97% browser_rss=0.65GB
  [capture-loop] iter=250 t=46.3s state={'complete': False, 'error': None, 'executedCount': 1, 'wsState': 1} eval_ms=39 ram=6.3/16.0GB (39%) swap=0.3/2.9GB (10%) cpu=95% browser_rss=0.65GB
  [capture-loop] iter=300 t=57.2s state={'complete': False, 'error': None, 'executedCount': 1, 'wsState': 1} eval_ms=43 ram=6.4/16.0GB (40%) swap=0.3/2.9GB (10%) cpu=97% browser_rss=0.65GB
  Frame 6 saved (frame_005.jpg, t=59.7s)
  [capture-periodic] freeze=82ms shot=193ms unfreeze=4ms saved=True
  Node executed (2 total), capturing...
  Frame 7 saved (frame_006.jpg, t=60.5s)
  [capture-node] freeze=79ms shot=200ms unfreeze=0ms saved=True
  Execution complete (t=60.5s)
  Captured 7 unique frames over 60.8s
  [debug] iframes: 1
  [debug]   iframe[0]: src=http://127.0.0.1:8188/extensions/ComfyUI-CADabra/viewer_cad_analysis.html?v=1778, canvas=242x498, rafFrozen=True
  [timing] trigger_3d_previews: 0.0s
  Saved high-quality screenshot: raytracing_executed.png
  [timing] final_screenshot: 0.2s
    Captured 8 video frames