Capturing execution frames: mesh_CAD.json
  Frame 1 saved (frame_000.jpg, t=0.0s)
  Validating workflow...
  Queuing workflow for execution...
  Frame 2 saved (frame_001.jpg, t=2.4s)
  [capture-periodic] freeze=11ms shot=259ms unfreeze=5ms saved=True
  Frame 3 saved (frame_002.jpg, t=4.9s)
  [capture-periodic] freeze=5ms shot=136ms unfreeze=8ms saved=True
  [capture-loop] iter=50 t=6.5s state={'complete': False, 'error': None, 'executedCount': 0, 'wsState': 1} eval_ms=3 ram=2.7/15.6GB (17%) swap=0.0/3.0GB (0%) cpu=38% browser_rss=1.07GB
  Frame 4 saved (frame_003.jpg, t=7.2s)
  [capture-periodic] freeze=3ms shot=198ms unfreeze=58ms saved=True
  Node executed (1 total), capturing...
  Frame 5 saved (frame_004.jpg, t=7.8s)
  [capture-node] freeze=7ms shot=137ms unfreeze=9ms saved=True
  Node executed (2 total), capturing...
  Frame 6 saved (frame_005.jpg, t=9.4s)
  [capture-node] freeze=12ms shot=166ms unfreeze=7ms saved=True
  Frame 7 saved (frame_006.jpg, t=11.7s)
  [capture-periodic] freeze=28ms shot=151ms unfreeze=4ms saved=True
  Node executed (3 total), capturing...
  Frame 8 saved (frame_007.jpg, t=13.4s)
  [capture-node] freeze=5ms shot=172ms unfreeze=0ms saved=True
  Execution complete (t=13.4s)
  Captured 8 unique frames over 13.66s
  [debug] iframes: 2
  [debug]   iframe[0]: src=http://127.0.0.1:8188/extensions/ComfyUI-CADabra/viewer_cad_analysis.html?v=1778, canvas=242x498, rafFrozen=True
  [debug]   iframe[1]: src=http://127.0.0.1:8188/extensions/ComfyUI-GeometryPack/viewer_dual.html?v=1778239, canvas=370x485, rafFrozen=False
  [timing] trigger_3d_previews: 0.0s
  Saved high-quality screenshot: mesh_CAD_executed.png
  [timing] final_screenshot: 0.3s
    Captured 9 video frames