[00:00] Crash dump logging enabled: /Users/runner/work/comfy-gpu-ci/comfy-gpu-ci/comfy-test-logs/CADabra-0705/macos-cpu/crash_dump.log
[00:00] 
[00:00] [1/3] REGISTRATION
[00:00] ----------------------------------------
[00:00] 
[DEBUG] server=None, server_url=http://127.0.0.1:8188, api=None
[00:00] 
Connecting to existing server at http://127.0.0.1:8188...
[00:00] Connecting to existing server at http://127.0.0.1:8188...
[00:00] Connected to server! (attempt 1, 0.0s)
[00:00] Checking for import errors in server logs...
[00:00] No import errors detected
[00:00] Found 699 registered nodes
[00:00] [REGISTRATION] PASSED
[00:00] 
[00:00] [2/3] INSTANTIATION
[00:00] ----------------------------------------
[00:00] 
[DEBUG] server=<comfy_test.comfyui.server.ExternalComfyUIServer object at 0x101423d10>, server_url=http://127.0.0.1:8188, api=<comfy_test.comfyui.api.ComfyUIAPI object at 0x10278db20>
[00:00] Testing node constructors...
[00:01] 
macos: FAILED
[00:01] Error: Instantiation test failed
[00:01] Details: stdout: IMPORT ERROR: No module named 'comfy_env'
Traceback (most recent call last):
  File "<string>", line 45, in <module>
  File "/Library/Frameworks/Python.framework/Versions/3.12/lib/python3.12/importlib/__init__.py", line 90, in import_module
    return _bootstrap._gcd_import(name[level:], package, level)
           ^^^^^^^^^^^^^^^^^^^^^^^^^^^^^^^^^^^^^^^^^^^^^^^^^^^^
  File "<frozen importlib._bootstrap>", line 1387, in _gcd_import
  File "<frozen importlib._bootstrap>", line 1360, in _find_and_load
  File "<frozen importlib._bootstrap>", line 1331, in _find_and_load_unlocked
  File "<frozen importlib._bootstrap>", line 935, in _load_unlocked
  File "<frozen importlib._bootstrap_external>", line 999, in exec_module
  File "<frozen importlib._bootstrap>", line 488, in _call_with_frames_removed
  File "/Users/runner/work/comfy-gpu-ci/comfy-gpu-ci/ComfyUI/custom_nodes/ComfyUI-CADabra/__init__.py", line 1, in <module>
    from comfy_env import register_nodes
ModuleNotFoundError: No module named 'comfy_env'

{"success": false, "error": "Failed to import ComfyUI-CADabra: No module named 'comfy_env'", "traceback": "Traceback (most recent call last):\n  File \"<string>\", line 45, in <module>\n  File \"/Library/Frameworks/Python.framework/Versions/3.12/lib/python3.12/importlib/__init__.py\", line 90, in import_module\n    return _bootstrap._gcd_import(name[level:], package, level)\n           ^^^^^^^^^^^^^^^^^^^^^^^^^^^^^^^^^^^^^^^^^^^^^^^^^^^^\n  File \"<frozen importlib._bootstrap>\", line 1387, in _gcd_import\n  File \"<frozen importlib._bootstrap>\", line 1360, in _find_and_load\n  File \"<frozen importlib._bootstrap>\", line 1331, in _find_and_load_unlocked\n  File \"<frozen importlib._bootstrap>\", line 935, in _load_unlocked\n  File \"<frozen importlib._bootstrap_external>\", line 999, in exec_module\n  File \"<frozen importlib._bootstrap>\", line 488, in _call_with_frames_removed\n  File \"/Users/runner/work/comfy-gpu-ci/comfy-gpu-ci/ComfyUI/custom_nodes/ComfyUI-CADabra/__init__.py\", line 1, in <module>\n    from comfy_env import register_nodes\nModuleNotFoundError: No module named 'comfy_env'\n"}

stderr: 
