[00:00] Crash dump logging enabled: /home/runner/work/comfy-gpu-ci/comfy-gpu-ci/comfy-test-logs/CADabra-1119/linux-cpu/crash_dump.log
[00:00] 
[00:00] [1/3] REGISTRATION
[00:00] ----------------------------------------
[00:00] 
[DEBUG] server=None, server_url=http://127.0.0.1:8188, api=None
[00:00] 
Connecting to existing server at http://127.0.0.1:8188...
[00:00] Connecting to existing server at http://127.0.0.1:8188...
[00:00] Connected to server! (attempt 1, 0.0s)
[00:00] Checking for import errors in server logs...
[00:00] No import errors detected
[00:00] Found 880 registered nodes
[00:00] [REGISTRATION] PASSED
[00:00] 
[00:00] [2/3] INSTANTIATION
[00:00] ----------------------------------------
[00:00] 
[DEBUG] server=<comfy_test.comfyui.server.ExternalComfyUIServer object at 0x7f75b6de6a20>, server_url=http://127.0.0.1:8188, api=<comfy_test.comfyui.api.ComfyUIAPI object at 0x7f75b71b18e0>
[00:00] Testing node constructors...
[00:02] All 39 node(s) instantiated successfully!
[00:02] [INSTANTIATION] PASSED
[00:02] 
[00:02] [3/3] EXECUTION
[00:02] ----------------------------------------
[00:02] 
[DEBUG] server=<comfy_test.comfyui.server.ExternalComfyUIServer object at 0x7f75b6de6a20>, server_url=http://127.0.0.1:8188, api=<comfy_test.comfyui.api.ComfyUIAPI object at 0x7f75b71b18e0>
[00:02] CPU runner - will execute 8 workflow(s)
[00:02] Running 8 workflow(s) (all with videos)...
[00:02] Starting headless browser...
[00:02]   Installing Mesa llvmpipe (apt)...
[00:13]   Mesa install failed: E: Unable to locate package libegl1-mesa

[00:13]   No GPU, no Mesa — using SwiftShader software rendering
[00:14] Capturing execution frames: analyse_CAD.json
[00:21]   Frame 1 saved (frame_000.jpg, t=0.0s)
[00:21]   Validating workflow...
[00:21]   Queuing workflow for execution...
[00:23]   Frame 2 saved (frame_001.jpg, t=2.5s)
[00:23]   [capture-periodic] freeze=4ms shot=128ms unfreeze=5ms saved=True
[00:26]   Frame 3 saved (frame_002.jpg, t=4.7s)
[00:26]   [capture-periodic] freeze=5ms shot=128ms unfreeze=4ms saved=True
[00:27]   [capture-loop] iter=50 t=6.1s state={'complete': False, 'error': None, 'executedCount': 0, 'wsState': 1} eval_ms=5 ram=2.3/15.6GB (14%) swap=0.0/3.0GB (0%) cpu=39% browser_rss=0.90GB
[00:32]   Frame 4 saved (frame_003.jpg, t=11.3s)
[00:32]   [capture-periodic] freeze=4ms shot=130ms unfreeze=4ms saved=True
[00:33]   [capture-loop] iter=100 t=12.0s state={'complete': False, 'error': None, 'executedCount': 0, 'wsState': 1} eval_ms=4 ram=2.5/15.6GB (16%) swap=0.0/3.0GB (0%) cpu=62% browser_rss=0.90GB
[00:36]   Node executed (2 total), capturing...
[00:38]   Frame 5 saved (frame_004.jpg, t=15.0s)
[00:38]   [capture-node] freeze=1386ms shot=533ms unfreeze=3ms saved=True
[00:38]   Node executed (5 total), capturing...
[00:39]   Frame 6 saved (frame_005.jpg, t=17.5s)
[00:39]   [capture-node] freeze=176ms shot=461ms unfreeze=0ms saved=True
[00:39]   Execution complete (t=17.5s)
[00:39]   Captured 6 unique frames over 18.17s
[00:39]   [debug] iframes: 3
[00:39]   [debug]   iframe[0]: src=http://127.0.0.1:8188/extensions/ComfyUI-CADabra/viewer_cad_edge_detail.html?v=1, canvas=244x386, rafFrozen=True
[00:39]   [debug]   iframe[1]: src=http://127.0.0.1:8188/extensions/ComfyUI-CADabra/viewer_cad_edge.html?v=17782391, canvas=244x260, rafFrozen=True
[00:39]   [debug]   iframe[2]: src=http://127.0.0.1:8188/extensions/ComfyUI-CADabra/viewer_cad_analysis.html?v=1778, canvas=480x279, rafFrozen=True
[00:39]   [timing] trigger_3d_previews: 0.0s
[00:41]   Saved high-quality screenshot: analyse_CAD_executed.png
[00:41]   [timing] final_screenshot: 0.3s
[00:42] Capturing execution frames: cad_manipulation.json
[00:48]   Frame 1 saved (frame_000.jpg, t=0.0s)
[00:48]   Validating workflow...
[00:48]   Queuing workflow for execution...
[00:48]   Node executed (2 total), capturing...
[00:48]   Frame 2 saved (frame_001.jpg, t=0.8s)
[00:48]   [capture-node] freeze=12ms shot=144ms unfreeze=5ms saved=True
[00:50]   Node executed (3 total), capturing...
[00:50]   Frame 3 saved (frame_002.jpg, t=2.6s)
[00:50]   [capture-node] freeze=32ms shot=139ms unfreeze=0ms saved=True
[00:50]   Execution complete (t=2.6s)
[00:50]   Captured 3 unique frames over 2.77s
[00:50]   [debug] iframes: 2
[00:50]   [debug]   iframe[0]: src=http://127.0.0.1:8188/extensions/ComfyUI-CADabra/viewer_cad_analysis.html?v=1778, canvas=372x498, rafFrozen=True
[00:50]   [debug]   iframe[1]: src=http://127.0.0.1:8188/extensions/ComfyUI-CADabra/viewer_cad_analysis.html?v=1778, canvas=272x498, rafFrozen=True
[00:50]   [timing] trigger_3d_previews: 0.0s
[00:52]   Saved high-quality screenshot: cad_manipulation_executed.png
[00:53]   [timing] final_screenshot: 0.3s
[00:53] Capturing execution frames: cad_quality_metrics.json
[00:58]   Frame 1 saved (frame_000.jpg, t=0.0s)
[00:58]   Validating workflow...
[00:58]   Queuing workflow for execution...
[01:01]   Frame 2 saved (frame_001.jpg, t=2.3s)
[01:01]   [capture-periodic] freeze=3ms shot=109ms unfreeze=4ms saved=True
[01:03]   Frame 3 saved (frame_002.jpg, t=4.5s)
[01:03]   [capture-periodic] freeze=4ms shot=116ms unfreeze=8ms saved=True
[01:04]   [capture-loop] iter=50 t=5.8s state={'complete': False, 'error': None, 'executedCount': 0, 'wsState': 1} eval_ms=4 ram=2.7/15.6GB (18%) swap=0.0/3.0GB (0%) cpu=40% browser_rss=1.01GB
[01:05]   Node executed (1 total), capturing...
[01:07]   Frame 4 saved (frame_003.jpg, t=6.6s)
[01:07]   [capture-node] freeze=1837ms shot=470ms unfreeze=3ms saved=True
[01:07]   Node executed (2 total), capturing...
[01:08]   Frame 5 saved (frame_004.jpg, t=9.4s)
[01:08]   [capture-node] freeze=126ms shot=395ms unfreeze=0ms saved=True
[01:08]   Execution complete (t=9.4s)
[01:08]   Captured 5 unique frames over 9.91s
[01:08]   [debug] iframes: 1
[01:08]   [debug]   iframe[0]: src=http://127.0.0.1:8188/extensions/ComfyUI-CADabra/viewer_cad_analysis.html?v=1778, canvas=372x498, rafFrozen=True
[01:08]   [timing] trigger_3d_previews: 0.0s
[01:10]   Saved high-quality screenshot: cad_quality_metrics_executed.png
[01:10]   [timing] final_screenshot: 0.2s
[01:11] Capturing execution frames: edge_analysis.json
[01:16]   Frame 1 saved (frame_000.jpg, t=0.0s)
[01:16]   Validating workflow...
[01:16]   Queuing workflow for execution...
[01:17]   Node executed (3 total), capturing...
[01:17]   Frame 2 saved (frame_001.jpg, t=0.5s)
[01:17]   [capture-node] freeze=7ms shot=119ms unfreeze=0ms saved=True
[01:17]   Execution complete (t=0.5s)
[01:17]   Captured 2 unique frames over 0.68s
[01:17]   [debug] iframes: 2
[01:17]   [debug]   iframe[0]: src=http://127.0.0.1:8188/extensions/ComfyUI-CADabra/viewer_cad_edge_detail.html?v=1, canvas=244x386, rafFrozen=True
[01:17]   [debug]   iframe[1]: src=http://127.0.0.1:8188/extensions/ComfyUI-CADabra/viewer_cad_edge.html?v=17782392, canvas=347x272, rafFrozen=True
[01:17]   [timing] trigger_3d_previews: 0.0s
[01:19]   Saved high-quality screenshot: edge_analysis_executed.png
[01:19]   [timing] final_screenshot: 0.2s
[01:20] Capturing execution frames: mesh_CAD.json
[01:26]   Frame 1 saved (frame_000.jpg, t=0.0s)
[01:26]   Validating workflow...
[01:26]   Queuing workflow for execution...
[01:28]   Frame 2 saved (frame_001.jpg, t=2.4s)
[01:29]   [capture-periodic] freeze=11ms shot=259ms unfreeze=5ms saved=True
[01:31]   Frame 3 saved (frame_002.jpg, t=4.9s)
[01:31]   [capture-periodic] freeze=5ms shot=136ms unfreeze=8ms saved=True
[01:32]   [capture-loop] iter=50 t=6.5s state={'complete': False, 'error': None, 'executedCount': 0, 'wsState': 1} eval_ms=3 ram=2.7/15.6GB (17%) swap=0.0/3.0GB (0%) cpu=38% browser_rss=1.07GB
[01:33]   Frame 4 saved (frame_003.jpg, t=7.2s)
[01:33]   [capture-periodic] freeze=3ms shot=198ms unfreeze=58ms saved=True
[01:33]   Node executed (1 total), capturing...
[01:34]   Frame 5 saved (frame_004.jpg, t=7.8s)
[01:34]   [capture-node] freeze=7ms shot=137ms unfreeze=9ms saved=True
[01:35]   Node executed (2 total), capturing...
[01:35]   Frame 6 saved (frame_005.jpg, t=9.4s)
[01:35]   [capture-node] freeze=12ms shot=166ms unfreeze=7ms saved=True
[01:38]   Frame 7 saved (frame_006.jpg, t=11.7s)
[01:38]   [capture-periodic] freeze=28ms shot=151ms unfreeze=4ms saved=True
[01:39]   Node executed (3 total), capturing...
[01:39]   Frame 8 saved (frame_007.jpg, t=13.4s)
[01:39]   [capture-node] freeze=5ms shot=172ms unfreeze=0ms saved=True
[01:39]   Execution complete (t=13.4s)
[01:39]   Captured 8 unique frames over 13.66s
[01:39]   [debug] iframes: 2
[01:39]   [debug]   iframe[0]: src=http://127.0.0.1:8188/extensions/ComfyUI-CADabra/viewer_cad_analysis.html?v=1778, canvas=242x498, rafFrozen=True
[01:39]   [debug]   iframe[1]: src=http://127.0.0.1:8188/extensions/ComfyUI-GeometryPack/viewer_dual.html?v=1778239, canvas=370x485, rafFrozen=False
[01:39]   [timing] trigger_3d_previews: 0.0s
[01:42]   Saved high-quality screenshot: mesh_CAD_executed.png
[01:42]   [timing] final_screenshot: 0.3s
[01:42] Capturing execution frames: raytracing.json
[01:48]   Frame 1 saved (frame_000.jpg, t=0.0s)
[01:48]   Validating workflow...
[01:48]   Queuing workflow for execution...
[01:50]   Node executed (1 total), capturing...
[01:51]   Frame 2 saved (frame_001.jpg, t=2.4s)
[01:51]   [capture-node] freeze=44ms shot=193ms unfreeze=5ms saved=True
[01:53]   Frame 3 saved (frame_002.jpg, t=4.8s)
[01:53]   [capture-periodic] freeze=89ms shot=210ms unfreeze=5ms saved=True
[01:56]   Node executed (2 total), capturing...
[01:56]   Frame 4 saved (frame_003.jpg, t=8.2s)
[01:56]   [capture-node] freeze=27ms shot=210ms unfreeze=4ms saved=True
[01:57]   Execution complete (t=8.7s)
[01:57]   Captured 4 unique frames over 8.74s
[01:57]   [debug] iframes: 1
[01:57]   [debug]   iframe[0]: src=http://127.0.0.1:8188/extensions/ComfyUI-CADabra/viewer_cad_analysis.html?v=1778, canvas=242x498, rafFrozen=False
[01:57]   [timing] trigger_3d_previews: 0.1s
[01:59]   Saved high-quality screenshot: raytracing_executed.png
[01:59]   [timing] final_screenshot: 0.2s
[01:59] Capturing execution frames: raytracing_roi.json
[02:05]   Frame 1 saved (frame_000.jpg, t=0.0s)
[02:05]   Validating workflow...
[02:05]   Queuing workflow for execution...
[02:05]   Node executed (1 total), capturing...
[02:06]   Frame 2 saved (frame_001.jpg, t=0.7s)
[02:06]   [capture-node] freeze=29ms shot=157ms unfreeze=3ms saved=True
[02:06]   Node executed (2 total), capturing...
[02:06]   Frame 3 saved (frame_002.jpg, t=1.2s)
[02:06]   [capture-node] freeze=12ms shot=185ms unfreeze=4ms saved=True
[02:07]   Node executed (3 total), capturing...
[02:07]   Frame 4 saved (frame_003.jpg, t=1.9s)
[02:07]   [capture-node] freeze=17ms shot=140ms unfreeze=0ms saved=True
[02:07]   Execution complete (t=1.9s)
[02:07]   Captured 4 unique frames over 2.12s
[02:07]   [debug] iframes: 2
[02:07]   [debug]   iframe[0]: src=http://127.0.0.1:8188/extensions/ComfyUI-CADabra/viewer_cad_analysis.html?v=1778, canvas=242x498, rafFrozen=True
[02:07]   [debug]   iframe[1]: src=http://127.0.0.1:8188/extensions/ComfyUI-CADabra/viewer_cad_roi.html?v=177823927, canvas=292x498, rafFrozen=True
[02:07]   [timing] trigger_3d_previews: 0.0s
[02:09]   Saved high-quality screenshot: raytracing_roi_executed.png
[02:09]   [timing] final_screenshot: 0.3s
[02:10] Capturing execution frames: view_cads.json
[02:16]   Frame 1 saved (frame_000.jpg, t=0.0s)
[02:16]   Validating workflow...
[02:16]   Queuing workflow for execution...
[02:18]   Frame 2 saved (frame_001.jpg, t=2.3s)
[02:18]   [capture-periodic] freeze=2ms shot=139ms unfreeze=7ms saved=True
[02:20]   Frame 3 saved (frame_002.jpg, t=4.5s)
[02:20]   [capture-periodic] freeze=4ms shot=112ms unfreeze=5ms saved=True
[02:21]   Node executed (2 total), capturing...
[02:22]   Frame 4 saved (frame_003.jpg, t=5.4s)
[02:22]   [capture-node] freeze=28ms shot=893ms unfreeze=6ms saved=True
[02:22]   Node executed (5 total), capturing...
[02:23]   Frame 5 saved (frame_004.jpg, t=6.9s)
[02:23]   [capture-node] freeze=104ms shot=348ms unfreeze=0ms saved=True
[02:23]   Execution complete (t=6.9s)
[02:23]   Captured 5 unique frames over 7.36s
[02:23]   [debug] iframes: 3
[02:23]   [debug]   iframe[0]: src=http://127.0.0.1:8188/extensions/ComfyUI-CADabra/viewer_cad_edge_detail.html?v=1, canvas=244x386, rafFrozen=True
[02:23]   [debug]   iframe[1]: src=http://127.0.0.1:8188/extensions/ComfyUI-CADabra/viewer_cad_edge.html?v=17782392, canvas=244x260, rafFrozen=True
[02:23]   [debug]   iframe[2]: src=http://127.0.0.1:8188/extensions/ComfyUI-CADabra/viewer_cad_analysis.html?v=1778, canvas=244x257, rafFrozen=True
[02:23]   [timing] trigger_3d_previews: 0.0s
[02:25]   Saved high-quality screenshot: view_cads_executed.png
[02:25]   [timing] final_screenshot: 0.3s
[02:25] Results saved to /home/runner/work/comfy-gpu-ci/comfy-gpu-ci/comfy-test-logs/CADabra-1119/linux-cpu/results.json
[02:25] Saved: /home/runner/work/comfy-gpu-ci/comfy-gpu-ci/comfy-test-logs/CADabra-1119/linux-cpu/index.html
[02:25] [EXECUTION] PASSED
[02:25] 
linux: PASSED
