Capturing execution frames: mesh_CAD.json
  Frame 1 saved (frame_000.jpg, t=0.0s)
  Validating workflow...
  Queuing workflow for execution...
  Node executed (1 total), capturing...
  Frame 2 saved (frame_001.jpg, t=1.7s)
  [capture-node] freeze=9ms shot=152ms unfreeze=8ms saved=True
  Frame 3 saved (frame_002.jpg, t=6.7s)
  [capture-periodic] freeze=91ms shot=239ms unfreeze=12ms saved=True
  [capture-loop] iter=50 t=11.0s state={'complete': False, 'error': None, 'executedCount': 1, 'wsState': 1} eval_ms=149 ram=6.1/16.0GB (38%) swap=0.3/2.9GB (10%) cpu=67% browser_rss=0.78GB
  Node executed (2 total), capturing...
  Frame 4 saved (frame_003.jpg, t=19.1s)
  [capture-node] freeze=46ms shot=192ms unfreeze=8ms saved=True
  [capture-loop] iter=100 t=24.8s state={'complete': False, 'error': None, 'executedCount': 2, 'wsState': 1} eval_ms=205 ram=6.2/16.0GB (39%) swap=0.3/2.9GB (10%) cpu=98% browser_rss=0.71GB
  [capture-loop] iter=150 t=36.4s state={'complete': False, 'error': None, 'executedCount': 2, 'wsState': 1} eval_ms=23 ram=6.2/16.0GB (39%) swap=0.3/2.9GB (10%) cpu=99% browser_rss=0.71GB
  [capture-loop] iter=200 t=46.8s state={'complete': False, 'error': None, 'executedCount': 2, 'wsState': 1} eval_ms=65 ram=6.3/16.0GB (39%) swap=0.3/2.9GB (10%) cpu=98% browser_rss=0.71GB
  [capture-loop] iter=250 t=57.3s state={'complete': False, 'error': None, 'executedCount': 2, 'wsState': 1} eval_ms=46 ram=6.3/16.0GB (39%) swap=0.3/2.9GB (10%) cpu=98% browser_rss=0.70GB
  Frame 5 saved (frame_004.jpg, t=65.9s)
  [capture-periodic] freeze=47ms shot=190ms unfreeze=10ms saved=True
  Node executed (3 total), capturing...
  Frame 6 saved (frame_005.jpg, t=66.9s)
  [capture-node] freeze=212ms shot=292ms unfreeze=0ms saved=True
  Execution complete (t=66.9s)
  Captured 6 unique frames over 67.44s
  [debug] iframes: 2
  [debug]   iframe[0]: src=http://127.0.0.1:8188/extensions/ComfyUI-CADabra/viewer_cad_analysis.html?v=1778, canvas=242x498, rafFrozen=True
  [debug]   iframe[1]: src=http://127.0.0.1:8188/extensions/ComfyUI-GeometryPack/viewer_dual.html?v=1778224, canvas=370x485, rafFrozen=False
  [timing] trigger_3d_previews: 0.0s
  Saved high-quality screenshot: mesh_CAD_executed.png
  [timing] final_screenshot: 0.3s
    Captured 7 video frames