[Console-error] Failed to load resource: the server responded with a status of 404 (Not Found)
[Console-error] Failed to load resource: the server responded with a status of 404 (Not Found)
[Console-warning] [ComfyUI] The legacy queue/history menu is deprecated. Core functionality in this menu may break at any time. Issues and feature requests related to the legacy menu will not be addressed. To switch to the new menu: Settings → search "Use new menu" → change from "Disabled" to "Top".
[Console-warning] [ComfyUI] The legacy queue/history menu is deprecated. Core functionality in this menu may break at any time. Issues and feature requests related to the legacy menu will not be addressed. To switch to the new menu: Settings → search "Use new menu" → change from "Disabled" to "Top".
[Console-error] Failed to load resource: the server responded with a status of 404 (Not Found)
[Console-error] ComfyApp graph accessed before initialization
[Console-error] Failed to load resource: the server responded with a status of 404 (Not Found)
[Console-error] Failed to load resource: the server responded with a status of 404 (Not Found)
[Console-error] Failed to load resource: the server responded with a status of 404 (Not Found)
[Console-error] [vite:preloadError] {url: null, fileType: unknown, chunkName: null, message: THREE is not defined}
[Console-log] [VTK Bundle] GLTFImporter included in bundle
[Console-warning] WARNING: Multiple instances of Three.js being imported.
[Console-warning] WARNING: Multiple instances of Three.js being imported.
[Console-warning] WARNING: Multiple instances of Three.js being imported.
[Console-log] [FBXAnimationViewer] Loading FBX Animation Viewer extension
[Console-log] [FBXAnimationViewer] Loading FBX Animation Viewer extension...
[Console-log] [FBXAnimationViewer] Extension registered: comfy3d.fbxanimationviewer
[Console-log] [GeomPack] Loading VTK.js textured mesh preview extension...
[Console-log] [GeomPack] VTK.js textured mesh preview extension registered
[Console-log] [GeomPack Gaussian] Loading extension...
[Console-log] [FBX Preview] Auto-registering for all known FBX preview node types...
[Console-log] [UniRig] Loading FBX mesh preview extension...
[Console-log] [UniRig] Detected extension folder: ComfyUI-GeometryPack
[Console-log] [UniRig] FBX mesh preview extension registered
[Console-log] [SAM3DBody] Loading FBX mesh preview extension...
[Console-log] [SAM3DBody] Detected extension folder: ComfyUI-GeometryPack
[Console-log] [SAM3DBody] FBX mesh preview extension registered
[Console-log] [MotionCapture] Loading FBX mesh preview extension...
[Console-log] [MotionCapture] Detected extension folder: ComfyUI-GeometryPack
[Console-log] [MotionCapture] FBX mesh preview extension registered
[Console-log] [MotionCapture] Loading FBX mesh preview extension...
[Console-log] [MotionCapture] Detected extension folder: ComfyUI-GeometryPack
[Console-log] [MotionCapture] FBX mesh preview extension registered
[Console-log] [UniRig Compare] Loading compare skeleton widget...
[Console-log] [UniRig Compare] Detected extension folder: ComfyUI-GeometryPack
[Console-log] [UniRig Compare] Compare skeleton widget registered
[Console-log] [GeomPack Multi JS] Loading mesh_preview_multi.js extension
[Console-log] [GeomPack] Loading mesh preview extension...
[Console-log] [GeomPack] Mesh preview extension registered
[Console-log] [BVHViewer] Loading BVH Viewer extension
[Console-log] [BVHViewer] Loading BVH viewer extension...
[Console-log] [BVHViewer] Extension registered: comfy3d.bvhviewer
[Console-log] [CompareSMPLBVH] Loading Compare SMPL BVH extension
[Console-log] [CompareSMPLBVH] Loading Compare SMPL BVH extension...
[Console-log] [CompareSMPLBVH] Extension registered: comfy3d.comparesmplbvh
[Console-log] [UniRig Debug] Loading FBX mesh preview extension...
[Console-log] [UniRig Debug] Detected extension folder: ComfyUI-GeometryPack
[Console-log] [UniRig Debug] FBX mesh preview extension registered
[Console-log] [GeomPack] Loading UV mesh preview extension...
[Console-log] [GeomPack] UV mesh preview extension registered
[Console-log] [VTK Bundle] GLTFImporter included in bundle
[Console-warning] [MaskEditor] ComfyApp.open_maskeditor is deprecated. Plugins should migrate to using the command system or direct node context menu integration.
[Console-log] [CADabra ROI] Registering extension for CADROISelector
[Console-log] [GeomPack] Registering Preview Mesh node
[Console-log] [GeomPack] Registering Preview Mesh UV node
[Console-log] [GeomPack Gaussian] Registering Preview Gaussian node
[Console-log] [VTK Bundle] GLTFImporter included in bundle
[Console-log] [CADabra Analysis] VTK.js loaded for VTP parsing
[Console-log] [CADabra Analysis] Viewer initialized and ready
[Console-log] [CADabra ROI] Node created, id: -1
[Console-log] [VTK Bundle] GLTFImporter included in bundle
[Console-log] [CADabra Analysis] VTK.js loaded for VTP parsing
[Console-log] [CADabra Analysis] Viewer initialized and ready
[Console-log] [comfy-test] graphToPrompt: 10 nodes, missing class_type: [], sample: {"inputs":{"filename":"spiral_wind_turbine.stp"},"class_type":"CAD_Load","_meta":{"title":"Load CAD"}}
[Console-log] [CADabra ROI] onExecuted called: {glb_file: Array(1), bounds_min: Array(1), bounds_max: Array(1), current_roi: Array(1), mesh_vertex_count: Array(1)}
[Console-log] [CADabra ROI] Extracted - glb: roi_selector_2659130346368.glb roi: -223.3452,-35.7267,-154.3834,71.2399 faces: 29 triangles: 5508
[Console-log] [CADabra ROI] Sending LOAD_MODEL to iframe, currentRoi: -223.3452,-35.7267,-154.3834,71.2399
[Console-log] [ROI] Received LOAD_MODEL: {type: LOAD_MODEL, nodeId: 18, glbUrl: /view?filename=roi_selector_2659130346368.glb&type=temp, boundsMin: Array(3), boundsMax: Array(3)}
[Console-log] [ROI] currentRoi from message: -223.3452,-35.7267,-154.3834,71.2399
[Console-log] [ROI] Received 29 face bboxes, 5508 triangle mappings
[Console-log] [ROI] pendingRoi set to: -223.3452,-35.7267,-154.3834,71.2399
[Console-log] [ROI] GLB loaded
[Console-log] [ROI] Has vertex colors: true
[Console-log] [ROI] Found 1212 boundary edges
[Console-log] [ROI] Camera fitted to bounds: -227.95387737044967 -76.84183166980104 -125.85874275116323 131.85974614925806
[Console-log] [ROI] Mesh loaded, vertices: 3386
[Console-log] [ROI] Loaded successfully
[Console-log] [ROI] Drawing pending ROI after load: -223.3452,-35.7267,-154.3834,71.2399
[Console-log] [ROI] Drew existing ROI: -223.3452,-35.7267,-154.3834,71.2399
[Console-log] [CADabra Preview] onExecuted: {mesh_file: Array(1), format: Array(1), original_format: Array(1), num_volumes: Array(1), num_faces: Array(1)}
[Console-log] [CADabra Preview] Loading VTP: /view?filename=preview_4427a9c2.vtp&type=output&subfolder=
[Console-log] [CADabra Analysis] Received message: {type: LOAD_CAD_ANALYSIS, meshUrl: /view?filename=preview_4427a9c2.vtp&type=output&subfolder=, analysisUrl: null, meshFile: preview_4427a9c2.vtp, analysisFile: null}
[Console-log] [CADabra Analysis] Visualization mode: normal
[Console-log] [CADabra Analysis] Loading mesh without analysis (preview mode)
[Console-log] [CADabra Analysis] Fetching mesh file: /view?filename=preview_4427a9c2.vtp&type=output&subfolder=
[Console-log] [CADabra Analysis] Mesh filename: preview_4427a9c2.vtp
[Console-log] [CADabra Analysis] VTP parsed: 3386 vertices, 5508 triangles, 5508 face IDs, 0 edge counts
[Console-log] [CADabra Analysis] Mesh loaded: 3386 vertices, 5508 triangles
[Console-log] [CADabra Analysis] Face selection cleared
[Console-log] [CADabra Analysis] Mesh Loaded successfully (preview mode)