Capturing execution frames: raytracing.json
  Frame 1 saved (frame_000.jpg, t=0.0s)
  Validating workflow...
  Queuing workflow for execution...
  Frame 2 saved (frame_001.jpg, t=2.3s)
  [capture-periodic] freeze=5ms shot=130ms unfreeze=5ms saved=True
  Frame 3 saved (frame_002.jpg, t=4.5s)
  [capture-periodic] freeze=4ms shot=136ms unfreeze=6ms saved=True
  [capture-loop] iter=50 t=6.2s state={'complete': False, 'error': None, 'executedCount': 0, 'wsState': 1} eval_ms=8 ram=6.1/16.0GB (38%) swap=0.3/2.9GB (10%) cpu=79% browser_rss=0.75GB
  Frame 4 saved (frame_003.jpg, t=11.2s)
  [capture-periodic] freeze=4ms shot=124ms unfreeze=5ms saved=True
  [capture-loop] iter=100 t=12.3s state={'complete': False, 'error': None, 'executedCount': 0, 'wsState': 1} eval_ms=7 ram=6.3/16.0GB (39%) swap=0.3/2.9GB (10%) cpu=82% browser_rss=0.66GB
  Node executed (1 total), capturing...
  Frame 5 saved (frame_004.jpg, t=13.4s)
  [capture-node] freeze=153ms shot=197ms unfreeze=7ms saved=True
  [capture-loop] iter=150 t=32.3s state={'complete': False, 'error': None, 'executedCount': 1, 'wsState': 1} eval_ms=149 ram=6.2/16.0GB (39%) swap=0.3/2.9GB (10%) cpu=98% browser_rss=0.67GB
  [capture-loop] iter=200 t=52.9s state={'complete': False, 'error': None, 'executedCount': 1, 'wsState': 1} eval_ms=265 ram=6.3/16.0GB (39%) swap=0.3/2.9GB (10%) cpu=99% browser_rss=0.66GB
  [capture-loop] iter=250 t=68.7s state={'complete': False, 'error': None, 'executedCount': 1, 'wsState': 1} eval_ms=30 ram=6.2/16.0GB (39%) swap=0.3/2.9GB (10%) cpu=99% browser_rss=0.66GB
  [capture-loop] iter=300 t=88.2s state={'complete': False, 'error': None, 'executedCount': 1, 'wsState': 1} eval_ms=41 ram=6.2/16.0GB (39%) swap=0.3/2.9GB (10%) cpu=99% browser_rss=0.66GB
  Node executed (2 total), capturing...
  Frame 6 saved (frame_005.jpg, t=92.2s)
  [capture-node] freeze=4ms shot=207ms unfreeze=0ms saved=True
  Execution complete (t=92.3s)
  Captured 6 unique frames over 92.5s
  [debug] iframes: 1
  [debug]   iframe[0]: src=http://127.0.0.1:8188/extensions/ComfyUI-CADabra/viewer_cad_analysis.html?v=1778, canvas=242x498, rafFrozen=True
  [timing] trigger_3d_previews: 0.0s
  Saved high-quality screenshot: raytracing_executed.png
  [timing] final_screenshot: 0.2s
    Captured 7 video frames