Capturing execution frames: view_cads.json
  Frame 1 saved (frame_000.jpg, t=0.0s)
  Validating workflow...
  Queuing workflow for execution...
  Frame 2 saved (frame_001.jpg, t=2.3s)
  [capture-periodic] freeze=30ms shot=247ms unfreeze=54ms saved=True
  Frame 3 saved (frame_002.jpg, t=4.8s)
  [capture-periodic] freeze=4ms shot=129ms unfreeze=4ms saved=True
  [capture-loop] iter=50 t=6.7s state={'complete': False, 'error': None, 'executedCount': 0, 'wsState': 1} eval_ms=6 ram=6.1/16.0GB (38%) swap=0.4/2.9GB (15%) cpu=72% browser_rss=0.80GB
  Node executed (1 total), capturing...
  Frame 4 saved (frame_003.jpg, t=10.5s)
  [capture-node] freeze=1603ms shot=516ms unfreeze=9ms saved=True
  Node executed (5 total), capturing...
  [capture-node] freeze=60ms shot=483ms unfreeze=0ms saved=False
  Execution complete (t=13.9s)
  Captured 4 unique frames over 14.43s
  [debug] iframes: 3
  [debug]   iframe[0]: src=http://127.0.0.1:8188/extensions/ComfyUI-CADabra/viewer_cad_edge_detail.html?v=1, canvas=244x381, rafFrozen=True
  [debug]   iframe[1]: src=http://127.0.0.1:8188/extensions/ComfyUI-CADabra/viewer_cad_edge.html?v=17782246, canvas=244x260, rafFrozen=True
  [debug]   iframe[2]: src=http://127.0.0.1:8188/extensions/ComfyUI-CADabra/viewer_cad_analysis.html?v=1778, canvas=244x257, rafFrozen=True
  [timing] trigger_3d_previews: 0.0s
  Saved high-quality screenshot: view_cads_executed.png
  [timing] final_screenshot: 0.2s
    Captured 5 video frames