Capturing execution frames: cad_manipulation.json
  Frame 1 saved (frame_000.jpg, t=0.0s)
  Validating workflow...
  Queuing workflow for execution...
  Frame 2 saved (frame_001.jpg, t=2.2s)
  [capture-periodic] freeze=6ms shot=117ms unfreeze=4ms saved=True
  Frame 3 saved (frame_002.jpg, t=4.4s)
  [capture-periodic] freeze=6ms shot=139ms unfreeze=6ms saved=True
  [capture-loop] iter=50 t=6.2s state={'complete': False, 'error': None, 'executedCount': 0, 'wsState': 1} eval_ms=7 ram=6.2/16.0GB (39%) swap=0.3/2.9GB (10%) cpu=49% browser_rss=0.85GB
  Node executed (1 total), capturing...
  Frame 4 saved (frame_003.jpg, t=10.6s)
  [capture-node] freeze=216ms shot=174ms unfreeze=6ms saved=True
  Node executed (2 total), capturing...
  Frame 5 saved (frame_004.jpg, t=11.4s)
  [capture-node] freeze=26ms shot=155ms unfreeze=4ms saved=True
  [capture-loop] iter=100 t=14.3s state={'complete': False, 'error': None, 'executedCount': 2, 'wsState': 1} eval_ms=26 ram=6.4/16.0GB (40%) swap=0.3/2.9GB (10%) cpu=82% browser_rss=0.79GB
  Frame 6 saved (frame_005.jpg, t=23.4s)
  [capture-periodic] freeze=46ms shot=174ms unfreeze=6ms saved=True
  Node executed (3 total), capturing...
  Frame 7 saved (frame_006.jpg, t=24.1s)
  [capture-node] freeze=25ms shot=155ms unfreeze=0ms saved=True
  Execution complete (t=24.1s)
  Captured 7 unique frames over 24.37s
  [debug] iframes: 2
  [debug]   iframe[0]: src=http://127.0.0.1:8188/extensions/ComfyUI-CADabra/viewer_cad_analysis.html?v=1778, canvas=372x498, rafFrozen=True
  [debug]   iframe[1]: src=http://127.0.0.1:8188/extensions/ComfyUI-CADabra/viewer_cad_analysis.html?v=1778, canvas=272x498, rafFrozen=True
  [timing] trigger_3d_previews: 0.0s
  Saved high-quality screenshot: cad_manipulation_executed.png
  [timing] final_screenshot: 0.2s
    Captured 8 video frames