Capturing execution frames: cad_quality_metrics.json
  Frame 1 saved (frame_000.jpg, t=0.0s)
  Validating workflow...
  Queuing workflow for execution...
  Frame 2 saved (frame_001.jpg, t=2.3s)
  [capture-periodic] freeze=7ms shot=143ms unfreeze=6ms saved=True
  Frame 3 saved (frame_002.jpg, t=4.5s)
  [capture-periodic] freeze=5ms shot=128ms unfreeze=5ms saved=True
  [capture-loop] iter=50 t=6.1s state={'complete': False, 'error': None, 'executedCount': 0, 'wsState': 1} eval_ms=6 ram=6.5/16.0GB (41%) swap=0.3/2.9GB (10%) cpu=70% browser_rss=0.73GB
  Node executed (1 total), capturing...
  Frame 4 saved (frame_003.jpg, t=10.4s)
  [capture-node] freeze=2410ms shot=491ms unfreeze=5ms saved=True
  Node executed (2 total), capturing...
  [capture-node] freeze=419ms shot=414ms unfreeze=0ms saved=False
  Execution complete (t=14.8s)
  Captured 4 unique frames over 15.65s
  [debug] iframes: 1
  [debug]   iframe[0]: src=http://127.0.0.1:8188/extensions/ComfyUI-CADabra/viewer_cad_analysis.html?v=1778, canvas=372x498, rafFrozen=True
  [timing] trigger_3d_previews: 0.0s
  Saved high-quality screenshot: cad_quality_metrics_executed.png
  [timing] final_screenshot: 0.2s
    Captured 5 video frames