Capturing execution frames: mesh_CAD.json
  Frame 1 saved (frame_000.jpg, t=0.0s)
  Validating workflow...
  Queuing workflow for execution...
  Frame 2 saved (frame_001.jpg, t=2.4s)
  [capture-periodic] freeze=5ms shot=143ms unfreeze=4ms saved=True
  Frame 3 saved (frame_002.jpg, t=4.7s)
  [capture-periodic] freeze=5ms shot=122ms unfreeze=4ms saved=True
  [capture-loop] iter=50 t=6.2s state={'complete': False, 'error': None, 'executedCount': 0, 'wsState': 1} eval_ms=7 ram=5.9/16.0GB (37%) swap=0.4/2.9GB (16%) cpu=47% browser_rss=0.68GB
  Node executed (1 total), capturing...
  Frame 4 saved (frame_003.jpg, t=9.9s)
  [capture-node] freeze=45ms shot=159ms unfreeze=5ms saved=True
  Node executed (2 total), capturing...
  Frame 5 saved (frame_004.jpg, t=14.0s)
  [capture-node] freeze=41ms shot=158ms unfreeze=16ms saved=True
  [capture-loop] iter=100 t=16.0s state={'complete': False, 'error': None, 'executedCount': 2, 'wsState': 1} eval_ms=216 ram=6.2/16.0GB (38%) swap=0.4/2.9GB (16%) cpu=87% browser_rss=0.68GB
  [capture-loop] iter=150 t=25.1s state={'complete': False, 'error': None, 'executedCount': 2, 'wsState': 1} eval_ms=20 ram=6.4/16.0GB (40%) swap=0.6/2.9GB (22%) cpu=96% browser_rss=0.68GB
  [capture-loop] iter=200 t=34.3s state={'complete': False, 'error': None, 'executedCount': 2, 'wsState': 1} eval_ms=22 ram=6.4/16.0GB (40%) swap=0.6/2.9GB (22%) cpu=96% browser_rss=0.67GB
  [capture-loop] iter=250 t=43.3s state={'complete': False, 'error': None, 'executedCount': 2, 'wsState': 1} eval_ms=41 ram=6.5/16.0GB (41%) swap=0.6/2.9GB (22%) cpu=95% browser_rss=0.67GB
  Node executed (3 total), capturing...
  Frame 6 saved (frame_005.jpg, t=48.5s)
  [capture-node] freeze=42ms shot=161ms unfreeze=6ms saved=True
  Execution complete (t=50.6s)
  Captured 6 unique frames over 50.59s
  [debug] iframes: 2
  [debug]   iframe[0]: src=http://127.0.0.1:8188/extensions/ComfyUI-CADabra/viewer_cad_analysis.html?v=1778, canvas=242x498, rafFrozen=False
  [debug]   iframe[1]: src=http://127.0.0.1:8188/extensions/ComfyUI-GeometryPack/viewer_dual.html?v=1778224, canvas=0x0, rafFrozen=False
  [timing] trigger_3d_previews: 0.1s
  Saved high-quality screenshot: mesh_CAD_executed.png
  [timing] final_screenshot: 0.3s
    Captured 7 video frames