Capturing execution frames: raytracing_roi.json
  Frame 1 saved (frame_000.jpg, t=0.0s)
  Validating workflow...
  Queuing workflow for execution...
  Node executed (1 total), capturing...
  Frame 2 saved (frame_001.jpg, t=0.9s)
  [capture-node] freeze=11ms shot=154ms unfreeze=9ms saved=True
  Node executed (2 total), capturing...
  Frame 3 saved (frame_002.jpg, t=1.5s)
  [capture-node] freeze=49ms shot=152ms unfreeze=9ms saved=True
  Frame 4 saved (frame_003.jpg, t=3.9s)
  [capture-periodic] freeze=39ms shot=180ms unfreeze=4ms saved=True
  Frame 5 saved (frame_004.jpg, t=6.3s)
  [capture-periodic] freeze=47ms shot=209ms unfreeze=6ms saved=True
  Node executed (3 total), capturing...
  Frame 6 saved (frame_005.jpg, t=7.0s)
  [capture-node] freeze=4ms shot=161ms unfreeze=0ms saved=True
  Execution complete (t=7.0s)
  Captured 6 unique frames over 7.22s
  [debug] iframes: 2
  [debug]   iframe[0]: src=http://127.0.0.1:8188/extensions/ComfyUI-CADabra/viewer_cad_analysis.html?v=1778, canvas=242x498, rafFrozen=True
  [debug]   iframe[1]: src=http://127.0.0.1:8188/extensions/ComfyUI-CADabra/viewer_cad_roi.html?v=177822484, canvas=292x498, rafFrozen=True
  [timing] trigger_3d_previews: 0.0s
  Saved high-quality screenshot: raytracing_roi_executed.png
  [timing] final_screenshot: 0.2s
    Captured 7 video frames