Capturing execution frames: view_cads.json
  Frame 1 saved (frame_000.jpg, t=0.0s)
  Validating workflow...
  Queuing workflow for execution...
  Node executed (1 total), capturing...
  Frame 2 saved (frame_001.jpg, t=1.1s)
  [capture-node] freeze=35ms shot=136ms unfreeze=5ms saved=True
  Node executed (3 total), capturing...
  Frame 3 saved (frame_002.jpg, t=1.6s)
  [capture-node] freeze=29ms shot=150ms unfreeze=4ms saved=True
  Frame 4 saved (frame_003.jpg, t=6.7s)
  [capture-periodic] freeze=106ms shot=260ms unfreeze=113ms saved=True
  [capture-loop] iter=50 t=11.7s state={'complete': False, 'error': None, 'executedCount': 3, 'wsState': 1} eval_ms=164 ram=6.2/16.0GB (39%) swap=0.9/2.9GB (31%) cpu=63% browser_rss=0.72GB
  [capture-loop] iter=100 t=19.5s state={'complete': False, 'error': None, 'executedCount': 3, 'wsState': 1} eval_ms=26 ram=6.2/16.0GB (39%) swap=0.9/2.9GB (31%) cpu=94% browser_rss=0.64GB
  [capture-loop] iter=150 t=27.2s state={'complete': False, 'error': None, 'executedCount': 3, 'wsState': 1} eval_ms=43 ram=6.2/16.0GB (39%) swap=0.9/2.9GB (31%) cpu=95% browser_rss=0.63GB
  Node executed (4 total), capturing...
  Frame 5 saved (frame_004.jpg, t=32.7s)
  [capture-node] freeze=22ms shot=147ms unfreeze=4ms saved=True
  Node executed (5 total), capturing...
  [capture-node] freeze=28ms shot=169ms unfreeze=0ms saved=False
  Execution complete (t=33.2s)
  Captured 5 unique frames over 33.44s
  [debug] iframes: 3
  [debug]   iframe[0]: src=http://127.0.0.1:8188/extensions/ComfyUI-CADabra/viewer_cad_edge_detail.html?v=1, canvas=244x381, rafFrozen=True
  [debug]   iframe[1]: src=http://127.0.0.1:8188/extensions/ComfyUI-CADabra/viewer_cad_edge.html?v=17782248, canvas=244x260, rafFrozen=True
  [debug]   iframe[2]: src=http://127.0.0.1:8188/extensions/ComfyUI-CADabra/viewer_cad_analysis.html?v=1778, canvas=244x257, rafFrozen=True
  [timing] trigger_3d_previews: 0.0s
  Saved high-quality screenshot: view_cads_executed.png
  [timing] final_screenshot: 0.2s
    Captured 6 video frames