[00:00] Crash dump logging enabled: D:\a\comfy-gpu-ci\comfy-gpu-ci\comfy-test-logs\CADabra-0715\windows-portable-cpu\crash_dump.log
[00:00] 
[00:00] [1/3] REGISTRATION
[00:00] ----------------------------------------
[00:00] 
[DEBUG] server=None, server_url=http://127.0.0.1:8188, api=None
[00:00] 
Connecting to existing server at http://127.0.0.1:8188...
[00:00] Connecting to existing server at http://127.0.0.1:8188...
[00:00] Connected to server! (attempt 1, 0.0s)
[00:00] Checking for import errors in server logs...
[00:00] No import errors detected
[00:00] Found 868 registered nodes
[00:00] [REGISTRATION] PASSED
[00:00] 
[00:00] [2/3] INSTANTIATION
[00:00] ----------------------------------------
[00:00] 
[DEBUG] server=<comfy_test.comfyui.server.ExternalComfyUIServer object at 0x00000172D7A65400>, server_url=http://127.0.0.1:8188, api=<comfy_test.comfyui.api.ComfyUIAPI object at 0x00000172D7A65550>
[00:00] Testing node constructors...
[00:03] All 39 node(s) instantiated successfully!
[00:03] [INSTANTIATION] PASSED
[00:03] 
[00:03] [3/3] EXECUTION
[00:03] ----------------------------------------
[00:03] 
[DEBUG] server=<comfy_test.comfyui.server.ExternalComfyUIServer object at 0x00000172D7A65400>, server_url=http://127.0.0.1:8188, api=<comfy_test.comfyui.api.ComfyUIAPI object at 0x00000172D7A65550>
[00:03] CPU runner - will execute 8 workflow(s)
[00:03] Running 8 workflow(s) (all with videos)...
[00:04] Starting headless browser...
[00:04]   Downloading Mesa llvmpipe for Windows...
[00:14]   Copied opengl32.dll to Chromium dir
[00:14]   Copied libgallium_wgl.dll to Chromium dir
[00:14]   Using Mesa llvmpipe (desktop GL) — multithreaded CPU rendering
[00:14] Capturing execution frames: analyse_CAD.json
[00:25]   Frame 1 saved (frame_000.jpg, t=0.0s)
[00:25]   Validating workflow...
[00:25]   Queuing workflow for execution...
[00:27]   Frame 2 saved (frame_001.jpg, t=2.3s)
[00:27]   [capture-periodic] freeze=5ms shot=154ms unfreeze=8ms saved=True
[00:29]   Frame 3 saved (frame_002.jpg, t=4.5s)
[00:29]   [capture-periodic] freeze=4ms shot=153ms unfreeze=7ms saved=True
[00:31]   [capture-loop] iter=50 t=6.3s state={'complete': False, 'error': None, 'executedCount': 0, 'wsState': 1} eval_ms=6 ram=6.1/16.0GB (38%) swap=0.3/2.9GB (10%) cpu=55% browser_rss=0.74GB
[00:37]   [capture-loop] iter=100 t=12.8s state={'complete': False, 'error': None, 'executedCount': 0, 'wsState': 1} eval_ms=6 ram=6.2/16.0GB (39%) swap=0.3/2.9GB (10%) cpu=64% browser_rss=0.74GB
[00:42]   Node executed (1 total), capturing...
[00:43]   Frame 4 saved (frame_003.jpg, t=17.9s)
[00:43]   [capture-node] freeze=49ms shot=151ms unfreeze=8ms saved=True
[00:43]   Node executed (3 total), capturing...
[00:43]   Frame 5 saved (frame_004.jpg, t=18.4s)
[00:43]   [capture-node] freeze=72ms shot=172ms unfreeze=4ms saved=True
[00:45]   [capture-loop] iter=150 t=20.2s state={'complete': False, 'error': None, 'executedCount': 3, 'wsState': 1} eval_ms=56 ram=6.4/16.0GB (40%) swap=0.3/2.9GB (10%) cpu=75% browser_rss=0.78GB
[00:59]   [capture-loop] iter=200 t=34.2s state={'complete': False, 'error': None, 'executedCount': 3, 'wsState': 1} eval_ms=26 ram=6.4/16.0GB (40%) swap=0.3/2.9GB (10%) cpu=99% browser_rss=0.71GB
[01:07]   [capture-loop] iter=250 t=42.4s state={'complete': False, 'error': None, 'executedCount': 3, 'wsState': 1} eval_ms=33 ram=6.5/16.0GB (40%) swap=0.3/2.9GB (10%) cpu=96% browser_rss=0.72GB
[01:15]   [capture-loop] iter=300 t=50.7s state={'complete': False, 'error': None, 'executedCount': 3, 'wsState': 1} eval_ms=51 ram=6.5/16.0GB (40%) swap=0.3/2.9GB (10%) cpu=94% browser_rss=0.71GB
[01:24]   [capture-loop] iter=350 t=59.3s state={'complete': False, 'error': None, 'executedCount': 4, 'wsState': 1} eval_ms=104 ram=6.4/16.0GB (40%) swap=0.3/2.9GB (10%) cpu=96% browser_rss=0.69GB
[01:24]   Node executed (4 total), capturing...
[01:24]   Frame 6 saved (frame_005.jpg, t=59.4s)
[01:24]   [capture-node] freeze=59ms shot=139ms unfreeze=9ms saved=True
[01:24]   Node executed (5 total), capturing...
[01:25]   Frame 7 saved (frame_006.jpg, t=60.0s)
[01:25]   [capture-node] freeze=55ms shot=140ms unfreeze=0ms saved=True
[01:25]   Execution complete (t=60.0s)
[01:25]   Captured 7 unique frames over 60.25s
[01:25]   [debug] iframes: 3
[01:25]   [debug]   iframe[0]: src=http://127.0.0.1:8188/extensions/ComfyUI-CADabra/viewer_cad_edge_detail.html?v=1, canvas=244x381, rafFrozen=True
[01:25]   [debug]   iframe[1]: src=http://127.0.0.1:8188/extensions/ComfyUI-CADabra/viewer_cad_edge.html?v=17782245, canvas=244x260, rafFrozen=True
[01:25]   [debug]   iframe[2]: src=http://127.0.0.1:8188/extensions/ComfyUI-CADabra/viewer_cad_analysis.html?v=1778, canvas=480x279, rafFrozen=True
[01:25]   [timing] trigger_3d_previews: 0.0s
[01:27]   Saved high-quality screenshot: analyse_CAD_executed.png
[01:27]   [timing] final_screenshot: 0.2s
[01:28] Capturing execution frames: cad_manipulation.json
[01:35]   Frame 1 saved (frame_000.jpg, t=0.0s)
[01:35]   Validating workflow...
[01:35]   Queuing workflow for execution...
[01:37]   Frame 2 saved (frame_001.jpg, t=2.2s)
[01:37]   [capture-periodic] freeze=6ms shot=117ms unfreeze=4ms saved=True
[01:39]   Frame 3 saved (frame_002.jpg, t=4.4s)
[01:39]   [capture-periodic] freeze=6ms shot=139ms unfreeze=6ms saved=True
[01:41]   [capture-loop] iter=50 t=6.2s state={'complete': False, 'error': None, 'executedCount': 0, 'wsState': 1} eval_ms=7 ram=6.2/16.0GB (39%) swap=0.3/2.9GB (10%) cpu=49% browser_rss=0.85GB
[01:45]   Node executed (1 total), capturing...
[01:46]   Frame 4 saved (frame_003.jpg, t=10.6s)
[01:46]   [capture-node] freeze=216ms shot=174ms unfreeze=6ms saved=True
[01:46]   Node executed (2 total), capturing...
[01:46]   Frame 5 saved (frame_004.jpg, t=11.4s)
[01:46]   [capture-node] freeze=26ms shot=155ms unfreeze=4ms saved=True
[01:49]   [capture-loop] iter=100 t=14.3s state={'complete': False, 'error': None, 'executedCount': 2, 'wsState': 1} eval_ms=26 ram=6.4/16.0GB (40%) swap=0.3/2.9GB (10%) cpu=82% browser_rss=0.79GB
[01:58]   Frame 6 saved (frame_005.jpg, t=23.4s)
[01:58]   [capture-periodic] freeze=46ms shot=174ms unfreeze=6ms saved=True
[01:59]   Node executed (3 total), capturing...
[01:59]   Frame 7 saved (frame_006.jpg, t=24.1s)
[01:59]   [capture-node] freeze=25ms shot=155ms unfreeze=0ms saved=True
[01:59]   Execution complete (t=24.1s)
[01:59]   Captured 7 unique frames over 24.37s
[01:59]   [debug] iframes: 2
[01:59]   [debug]   iframe[0]: src=http://127.0.0.1:8188/extensions/ComfyUI-CADabra/viewer_cad_analysis.html?v=1778, canvas=372x498, rafFrozen=True
[01:59]   [debug]   iframe[1]: src=http://127.0.0.1:8188/extensions/ComfyUI-CADabra/viewer_cad_analysis.html?v=1778, canvas=272x498, rafFrozen=True
[01:59]   [timing] trigger_3d_previews: 0.0s
[02:01]   Saved high-quality screenshot: cad_manipulation_executed.png
[02:01]   [timing] final_screenshot: 0.2s
[02:02] Capturing execution frames: cad_quality_metrics.json
[02:08]   Frame 1 saved (frame_000.jpg, t=0.0s)
[02:08]   Validating workflow...
[02:08]   Queuing workflow for execution...
[02:11]   Frame 2 saved (frame_001.jpg, t=2.3s)
[02:11]   [capture-periodic] freeze=7ms shot=143ms unfreeze=6ms saved=True
[02:13]   Frame 3 saved (frame_002.jpg, t=4.5s)
[02:13]   [capture-periodic] freeze=5ms shot=128ms unfreeze=5ms saved=True
[02:14]   [capture-loop] iter=50 t=6.1s state={'complete': False, 'error': None, 'executedCount': 0, 'wsState': 1} eval_ms=6 ram=6.5/16.0GB (41%) swap=0.3/2.9GB (10%) cpu=70% browser_rss=0.73GB
[02:18]   Node executed (1 total), capturing...
[02:22]   Frame 4 saved (frame_003.jpg, t=10.4s)
[02:22]   [capture-node] freeze=2410ms shot=491ms unfreeze=5ms saved=True
[02:23]   Node executed (2 total), capturing...
[02:24]   [capture-node] freeze=419ms shot=414ms unfreeze=0ms saved=False
[02:24]   Execution complete (t=14.8s)
[02:24]   Captured 4 unique frames over 15.65s
[02:24]   [debug] iframes: 1
[02:24]   [debug]   iframe[0]: src=http://127.0.0.1:8188/extensions/ComfyUI-CADabra/viewer_cad_analysis.html?v=1778, canvas=372x498, rafFrozen=True
[02:24]   [timing] trigger_3d_previews: 0.0s
[02:26]   Saved high-quality screenshot: cad_quality_metrics_executed.png
[02:26]   [timing] final_screenshot: 0.2s
[02:26] Capturing execution frames: edge_analysis.json
[02:33]   Frame 1 saved (frame_000.jpg, t=0.0s)
[02:33]   Validating workflow...
[02:33]   Queuing workflow for execution...
[02:33]   Node executed (1 total), capturing...
[02:34]   Frame 2 saved (frame_001.jpg, t=0.7s)
[02:34]   [capture-node] freeze=14ms shot=113ms unfreeze=4ms saved=True
[02:34]   Node executed (3 total), capturing...
[02:34]   [capture-node] freeze=4ms shot=87ms unfreeze=0ms saved=False
[02:34]   Execution complete (t=1.1s)
[02:34]   Captured 2 unique frames over 1.22s
[02:34]   [debug] iframes: 2
[02:34]   [debug]   iframe[0]: src=http://127.0.0.1:8188/extensions/ComfyUI-CADabra/viewer_cad_edge_detail.html?v=1, canvas=244x381, rafFrozen=True
[02:34]   [debug]   iframe[1]: src=http://127.0.0.1:8188/extensions/ComfyUI-CADabra/viewer_cad_edge.html?v=17782246, canvas=347x269, rafFrozen=True
[02:34]   [timing] trigger_3d_previews: 0.0s
[02:36]   Saved high-quality screenshot: edge_analysis_executed.png
[02:36]   [timing] final_screenshot: 0.2s
[02:36] Capturing execution frames: mesh_CAD.json
[02:43]   Frame 1 saved (frame_000.jpg, t=0.0s)
[02:43]   Validating workflow...
[02:43]   Queuing workflow for execution...
[02:45]   Frame 2 saved (frame_001.jpg, t=2.4s)
[02:45]   [capture-periodic] freeze=5ms shot=143ms unfreeze=4ms saved=True
[02:48]   Frame 3 saved (frame_002.jpg, t=4.7s)
[02:48]   [capture-periodic] freeze=5ms shot=122ms unfreeze=4ms saved=True
[02:49]   [capture-loop] iter=50 t=6.2s state={'complete': False, 'error': None, 'executedCount': 0, 'wsState': 1} eval_ms=7 ram=5.9/16.0GB (37%) swap=0.4/2.9GB (16%) cpu=47% browser_rss=0.68GB
[02:53]   Node executed (1 total), capturing...
[02:53]   Frame 4 saved (frame_003.jpg, t=9.9s)
[02:53]   [capture-node] freeze=45ms shot=159ms unfreeze=5ms saved=True
[02:57]   Node executed (2 total), capturing...
[02:57]   Frame 5 saved (frame_004.jpg, t=14.0s)
[02:57]   [capture-node] freeze=41ms shot=158ms unfreeze=16ms saved=True
[02:59]   [capture-loop] iter=100 t=16.0s state={'complete': False, 'error': None, 'executedCount': 2, 'wsState': 1} eval_ms=216 ram=6.2/16.0GB (38%) swap=0.4/2.9GB (16%) cpu=87% browser_rss=0.68GB
[03:08]   [capture-loop] iter=150 t=25.1s state={'complete': False, 'error': None, 'executedCount': 2, 'wsState': 1} eval_ms=20 ram=6.4/16.0GB (40%) swap=0.6/2.9GB (22%) cpu=96% browser_rss=0.68GB
[03:17]   [capture-loop] iter=200 t=34.3s state={'complete': False, 'error': None, 'executedCount': 2, 'wsState': 1} eval_ms=22 ram=6.4/16.0GB (40%) swap=0.6/2.9GB (22%) cpu=96% browser_rss=0.67GB
[03:26]   [capture-loop] iter=250 t=43.3s state={'complete': False, 'error': None, 'executedCount': 2, 'wsState': 1} eval_ms=41 ram=6.5/16.0GB (41%) swap=0.6/2.9GB (22%) cpu=95% browser_rss=0.67GB
[03:31]   Node executed (3 total), capturing...
[03:32]   Frame 6 saved (frame_005.jpg, t=48.5s)
[03:32]   [capture-node] freeze=42ms shot=161ms unfreeze=6ms saved=True
[03:33]   Execution complete (t=50.6s)
[03:33]   Captured 6 unique frames over 50.59s
[03:33]   [debug] iframes: 2
[03:33]   [debug]   iframe[0]: src=http://127.0.0.1:8188/extensions/ComfyUI-CADabra/viewer_cad_analysis.html?v=1778, canvas=242x498, rafFrozen=False
[03:33]   [debug]   iframe[1]: src=http://127.0.0.1:8188/extensions/ComfyUI-GeometryPack/viewer_dual.html?v=1778224, canvas=0x0, rafFrozen=False
[03:34]   [timing] trigger_3d_previews: 0.1s
[03:36]   Saved high-quality screenshot: mesh_CAD_executed.png
[03:36]   [timing] final_screenshot: 0.3s
[03:36] Capturing execution frames: raytracing.json
[03:43]   Frame 1 saved (frame_000.jpg, t=0.0s)
[03:43]   Validating workflow...
[03:43]   Queuing workflow for execution...
[03:45]   Frame 2 saved (frame_001.jpg, t=2.3s)
[03:45]   [capture-periodic] freeze=5ms shot=129ms unfreeze=5ms saved=True
[03:46]   Node executed (1 total), capturing...
[03:47]   Frame 3 saved (frame_002.jpg, t=3.7s)
[03:47]   [capture-node] freeze=301ms shot=175ms unfreeze=5ms saved=True
[03:50]   Frame 4 saved (frame_003.jpg, t=6.7s)
[03:50]   [capture-periodic] freeze=4ms shot=193ms unfreeze=4ms saved=True
[03:52]   Frame 5 saved (frame_004.jpg, t=9.2s)
[03:52]   [capture-periodic] freeze=4ms shot=206ms unfreeze=6ms saved=True
[03:52]   [capture-loop] iter=50 t=9.8s state={'complete': False, 'error': None, 'executedCount': 1, 'wsState': 1} eval_ms=5 ram=6.7/16.0GB (42%) swap=0.6/2.9GB (22%) cpu=70% browser_rss=0.85GB
[03:55]   Frame 6 saved (frame_005.jpg, t=11.7s)
[03:55]   [capture-periodic] freeze=6ms shot=199ms unfreeze=6ms saved=True
[04:09]   [capture-loop] iter=100 t=26.9s state={'complete': False, 'error': None, 'executedCount': 1, 'wsState': 1} eval_ms=105 ram=6.4/16.0GB (40%) swap=0.8/2.9GB (27%) cpu=98% browser_rss=0.66GB
[04:23]   [capture-loop] iter=150 t=40.6s state={'complete': False, 'error': None, 'executedCount': 1, 'wsState': 1} eval_ms=103 ram=6.4/16.0GB (40%) swap=0.8/2.9GB (27%) cpu=97% browser_rss=0.66GB
[04:37]   [capture-loop] iter=200 t=54.9s state={'complete': False, 'error': None, 'executedCount': 1, 'wsState': 1} eval_ms=102 ram=6.3/16.0GB (39%) swap=0.8/2.9GB (27%) cpu=97% browser_rss=0.65GB
[04:51]   [capture-loop] iter=250 t=68.7s state={'complete': False, 'error': None, 'executedCount': 1, 'wsState': 1} eval_ms=99 ram=6.4/16.0GB (40%) swap=0.8/2.9GB (27%) cpu=96% browser_rss=0.65GB
[04:53]   Frame 7 saved (frame_006.jpg, t=69.8s)
[04:53]   [capture-periodic] freeze=147ms shot=195ms unfreeze=7ms saved=True
[04:53]   Node executed (2 total), capturing...
[04:53]   Frame 8 saved (frame_007.jpg, t=70.7s)
[04:53]   [capture-node] freeze=75ms shot=185ms unfreeze=0ms saved=True
[04:53]   Execution complete (t=70.7s)
[04:53]   Captured 8 unique frames over 71.01s
[04:53]   [debug] iframes: 1
[04:53]   [debug]   iframe[0]: src=http://127.0.0.1:8188/extensions/ComfyUI-CADabra/viewer_cad_analysis.html?v=1778, canvas=242x498, rafFrozen=True
[04:54]   [timing] trigger_3d_previews: 0.0s
[04:56]   Saved high-quality screenshot: raytracing_executed.png
[04:56]   [timing] final_screenshot: 0.2s
[04:56] Capturing execution frames: raytracing_roi.json
[05:02]   Frame 1 saved (frame_000.jpg, t=0.0s)
[05:02]   Validating workflow...
[05:02]   Queuing workflow for execution...
[05:03]   Node executed (1 total), capturing...
[05:03]   Frame 2 saved (frame_001.jpg, t=0.9s)
[05:03]   [capture-node] freeze=11ms shot=154ms unfreeze=9ms saved=True
[05:03]   Node executed (2 total), capturing...
[05:04]   Frame 3 saved (frame_002.jpg, t=1.5s)
[05:04]   [capture-node] freeze=49ms shot=152ms unfreeze=9ms saved=True
[05:06]   Frame 4 saved (frame_003.jpg, t=3.9s)
[05:06]   [capture-periodic] freeze=39ms shot=180ms unfreeze=4ms saved=True
[05:09]   Frame 5 saved (frame_004.jpg, t=6.3s)
[05:09]   [capture-periodic] freeze=47ms shot=209ms unfreeze=6ms saved=True
[05:09]   Node executed (3 total), capturing...
[05:09]   Frame 6 saved (frame_005.jpg, t=7.0s)
[05:09]   [capture-node] freeze=4ms shot=161ms unfreeze=0ms saved=True
[05:09]   Execution complete (t=7.0s)
[05:09]   Captured 6 unique frames over 7.22s
[05:09]   [debug] iframes: 2
[05:09]   [debug]   iframe[0]: src=http://127.0.0.1:8188/extensions/ComfyUI-CADabra/viewer_cad_analysis.html?v=1778, canvas=242x498, rafFrozen=True
[05:09]   [debug]   iframe[1]: src=http://127.0.0.1:8188/extensions/ComfyUI-CADabra/viewer_cad_roi.html?v=177822484, canvas=292x498, rafFrozen=True
[05:09]   [timing] trigger_3d_previews: 0.0s
[05:12]   Saved high-quality screenshot: raytracing_roi_executed.png
[05:12]   [timing] final_screenshot: 0.2s
[05:12] Capturing execution frames: view_cads.json
[05:18]   Frame 1 saved (frame_000.jpg, t=0.0s)
[05:18]   Validating workflow...
[05:18]   Queuing workflow for execution...
[05:19]   Node executed (1 total), capturing...
[05:19]   Frame 2 saved (frame_001.jpg, t=1.1s)
[05:19]   [capture-node] freeze=35ms shot=136ms unfreeze=5ms saved=True
[05:19]   Node executed (3 total), capturing...
[05:20]   Frame 3 saved (frame_002.jpg, t=1.6s)
[05:20]   [capture-node] freeze=29ms shot=150ms unfreeze=4ms saved=True
[05:25]   Frame 4 saved (frame_003.jpg, t=6.7s)
[05:25]   [capture-periodic] freeze=106ms shot=260ms unfreeze=113ms saved=True
[05:29]   [capture-loop] iter=50 t=11.7s state={'complete': False, 'error': None, 'executedCount': 3, 'wsState': 1} eval_ms=164 ram=6.2/16.0GB (39%) swap=0.9/2.9GB (31%) cpu=63% browser_rss=0.72GB
[05:37]   [capture-loop] iter=100 t=19.5s state={'complete': False, 'error': None, 'executedCount': 3, 'wsState': 1} eval_ms=26 ram=6.2/16.0GB (39%) swap=0.9/2.9GB (31%) cpu=94% browser_rss=0.64GB
[05:45]   [capture-loop] iter=150 t=27.2s state={'complete': False, 'error': None, 'executedCount': 3, 'wsState': 1} eval_ms=43 ram=6.2/16.0GB (39%) swap=0.9/2.9GB (31%) cpu=95% browser_rss=0.63GB
[05:50]   Node executed (4 total), capturing...
[05:51]   Frame 5 saved (frame_004.jpg, t=32.7s)
[05:51]   [capture-node] freeze=22ms shot=147ms unfreeze=4ms saved=True
[05:51]   Node executed (5 total), capturing...
[05:51]   [capture-node] freeze=28ms shot=169ms unfreeze=0ms saved=False
[05:51]   Execution complete (t=33.2s)
[05:51]   Captured 5 unique frames over 33.44s
[05:52]   [debug] iframes: 3
[05:52]   [debug]   iframe[0]: src=http://127.0.0.1:8188/extensions/ComfyUI-CADabra/viewer_cad_edge_detail.html?v=1, canvas=244x381, rafFrozen=True
[05:52]   [debug]   iframe[1]: src=http://127.0.0.1:8188/extensions/ComfyUI-CADabra/viewer_cad_edge.html?v=17782248, canvas=244x260, rafFrozen=True
[05:52]   [debug]   iframe[2]: src=http://127.0.0.1:8188/extensions/ComfyUI-CADabra/viewer_cad_analysis.html?v=1778, canvas=244x257, rafFrozen=True
[05:52]   [timing] trigger_3d_previews: 0.0s
[05:54]   Saved high-quality screenshot: view_cads_executed.png
[05:54]   [timing] final_screenshot: 0.2s
[05:54] Results saved to D:\a\comfy-gpu-ci\comfy-gpu-ci\comfy-test-logs\CADabra-0715\windows-portable-cpu\results.json
[05:54] Model report: 8 files, 18.7 MB -> D:\a\comfy-gpu-ci\comfy-gpu-ci\comfy-test-logs\CADabra-0715\windows-portable-cpu\models.json
[05:54] Saved: D:\a\comfy-gpu-ci\comfy-gpu-ci\comfy-test-logs\CADabra-0715\windows-portable-cpu\index.html
[05:54] [EXECUTION] PASSED
[05:54] 
windows_portable: PASSED
