Capturing execution frames: analyse_CAD.json
  Frame 1 saved (frame_000.jpg, t=0.0s)
  Validating workflow...
  Queuing workflow for execution...
  Frame 2 saved (frame_001.jpg, t=2.5s)
  [capture-periodic] freeze=5ms shot=147ms unfreeze=5ms saved=True
  Frame 3 saved (frame_002.jpg, t=4.7s)
  [capture-periodic] freeze=6ms shot=149ms unfreeze=6ms saved=True
  [capture-loop] iter=50 t=6.4s state={'complete': False, 'error': None, 'executedCount': 0, 'wsState': 1} eval_ms=6 ram=5.9/16.0GB (37%) swap=0.3/2.9GB (10%) cpu=43% browser_rss=0.73GB
  [capture-loop] iter=100 t=13.0s state={'complete': False, 'error': None, 'executedCount': 0, 'wsState': 1} eval_ms=6 ram=6.1/16.0GB (38%) swap=0.3/2.9GB (10%) cpu=78% browser_rss=0.73GB
  [capture-loop] iter=150 t=19.4s state={'complete': False, 'error': None, 'executedCount': 0, 'wsState': 1} eval_ms=10 ram=6.3/16.0GB (40%) swap=0.3/2.9GB (10%) cpu=88% browser_rss=0.74GB
  Frame 4 saved (frame_003.jpg, t=22.5s)
  [capture-periodic] freeze=5ms shot=140ms unfreeze=5ms saved=True
  Node executed (1 total), capturing...
  Frame 5 saved (frame_004.jpg, t=24.1s)
  [capture-node] freeze=4ms shot=152ms unfreeze=6ms saved=True
  Node executed (2 total), capturing...
  Frame 6 saved (frame_005.jpg, t=24.6s)
  [capture-node] freeze=25ms shot=209ms unfreeze=4ms saved=True
  Node executed (3 total), capturing...
  Frame 7 saved (frame_006.jpg, t=25.7s)
  [capture-node] freeze=5ms shot=179ms unfreeze=12ms saved=True
  [capture-loop] iter=200 t=28.6s state={'complete': False, 'error': None, 'executedCount': 3, 'wsState': 1} eval_ms=118 ram=6.3/16.0GB (40%) swap=0.3/2.9GB (10%) cpu=90% browser_rss=0.71GB
  [capture-loop] iter=250 t=49.1s state={'complete': False, 'error': None, 'executedCount': 3, 'wsState': 1} eval_ms=8 ram=6.3/16.0GB (39%) swap=0.3/2.9GB (10%) cpu=100% browser_rss=0.71GB
  [capture-loop] iter=300 t=58.4s state={'complete': False, 'error': None, 'executedCount': 3, 'wsState': 1} eval_ms=30 ram=6.3/16.0GB (39%) swap=0.3/2.9GB (10%) cpu=99% browser_rss=0.68GB
  [capture-loop] iter=350 t=67.7s state={'complete': False, 'error': None, 'executedCount': 3, 'wsState': 1} eval_ms=49 ram=6.3/16.0GB (40%) swap=0.3/2.9GB (10%) cpu=99% browser_rss=0.69GB
  [capture-loop] iter=400 t=76.6s state={'complete': False, 'error': None, 'executedCount': 3, 'wsState': 1} eval_ms=40 ram=6.3/16.0GB (39%) swap=0.3/2.9GB (10%) cpu=99% browser_rss=0.68GB
  [capture-loop] iter=450 t=86.1s state={'complete': False, 'error': None, 'executedCount': 3, 'wsState': 1} eval_ms=30 ram=6.3/16.0GB (39%) swap=0.3/2.9GB (10%) cpu=99% browser_rss=0.68GB
  Node executed (4 total), capturing...
  Frame 8 saved (frame_007.jpg, t=100.7s)
  [capture-node] freeze=51ms shot=145ms unfreeze=4ms saved=True
  Node executed (5 total), capturing...
  Frame 9 saved (frame_008.jpg, t=101.9s)
  [capture-node] freeze=84ms shot=159ms unfreeze=0ms saved=True
  Execution complete (t=101.9s)
  Captured 9 unique frames over 102.16s
  [debug] iframes: 3
  [debug]   iframe[0]: src=http://127.0.0.1:8188/extensions/ComfyUI-CADabra/viewer_cad_edge_detail.html?v=1, canvas=244x381, rafFrozen=True
  [debug]   iframe[1]: src=http://127.0.0.1:8188/extensions/ComfyUI-CADabra/viewer_cad_edge.html?v=17782394, canvas=244x260, rafFrozen=True
  [debug]   iframe[2]: src=http://127.0.0.1:8188/extensions/ComfyUI-CADabra/viewer_cad_analysis.html?v=1778, canvas=480x279, rafFrozen=True
  [timing] trigger_3d_previews: 0.0s
  Saved high-quality screenshot: analyse_CAD_executed.png
  [timing] final_screenshot: 0.3s
    Captured 10 video frames