Capturing execution frames: cad_quality_metrics.json
  Frame 1 saved (frame_000.jpg, t=0.0s)
  Validating workflow...
  Queuing workflow for execution...
  Frame 2 saved (frame_001.jpg, t=2.2s)
  [capture-periodic] freeze=5ms shot=123ms unfreeze=5ms saved=True
  Frame 3 saved (frame_002.jpg, t=4.4s)
  [capture-periodic] freeze=5ms shot=118ms unfreeze=9ms saved=True
  [capture-loop] iter=50 t=6.0s state={'complete': False, 'error': None, 'executedCount': 0, 'wsState': 1} eval_ms=5 ram=6.3/16.0GB (40%) swap=0.3/2.9GB (10%) cpu=43% browser_rss=0.70GB
  Node executed (1 total), capturing...
  Frame 4 saved (frame_003.jpg, t=9.0s)
  [capture-node] freeze=2158ms shot=559ms unfreeze=5ms saved=True
  Node executed (2 total), capturing...
  [capture-node] freeze=133ms shot=471ms unfreeze=0ms saved=False
  Execution complete (t=13.1s)
  Captured 4 unique frames over 13.66s
  [debug] iframes: 1
  [debug]   iframe[0]: src=http://127.0.0.1:8188/extensions/ComfyUI-CADabra/viewer_cad_analysis.html?v=1778, canvas=372x498, rafFrozen=True
  [timing] trigger_3d_previews: 0.0s
  Saved high-quality screenshot: cad_quality_metrics_executed.png
  [timing] final_screenshot: 0.2s
    Captured 5 video frames