Capturing execution frames: cad_manipulation.json
  Frame 1 saved (frame_000.jpg, t=0.0s)
  Validating workflow...
  Queuing workflow for execution...
  Node executed (1 total), capturing...
  Frame 2 saved (frame_001.jpg, t=1.1s)
  [capture-node] freeze=117ms shot=217ms unfreeze=10ms saved=True
  Node executed (2 total), capturing...
  [capture-node] freeze=73ms shot=158ms unfreeze=4ms saved=False
  Frame 3 saved (frame_002.jpg, t=4.3s)
  [capture-periodic] freeze=46ms shot=150ms unfreeze=5ms saved=True
  [capture-loop] iter=50 t=11.9s state={'complete': False, 'error': None, 'executedCount': 2, 'wsState': 1} eval_ms=30 ram=6.2/16.0GB (39%) swap=0.3/2.9GB (10%) cpu=90% browser_rss=0.69GB
  Node executed (3 total), capturing...
  Frame 4 saved (frame_003.jpg, t=13.5s)
  [capture-node] freeze=26ms shot=155ms unfreeze=0ms saved=True
  Execution complete (t=13.5s)
  Captured 4 unique frames over 13.7s
  [debug] iframes: 2
  [debug]   iframe[0]: src=http://127.0.0.1:8188/extensions/ComfyUI-CADabra/viewer_cad_analysis.html?v=1778, canvas=372x498, rafFrozen=True
  [debug]   iframe[1]: src=http://127.0.0.1:8188/extensions/ComfyUI-CADabra/viewer_cad_analysis.html?v=1778, canvas=272x498, rafFrozen=True
  [timing] trigger_3d_previews: 0.0s
  Saved high-quality screenshot: cad_manipulation_executed.png
  [timing] final_screenshot: 0.2s
    Captured 5 video frames