Capturing execution frames: raytracing.json
  Frame 1 saved (frame_000.jpg, t=0.0s)
  Validating workflow...
  Queuing workflow for execution...
  Frame 2 saved (frame_001.jpg, t=2.2s)
  [capture-periodic] freeze=5ms shot=123ms unfreeze=4ms saved=True
  Frame 3 saved (frame_002.jpg, t=4.4s)
  [capture-periodic] freeze=5ms shot=126ms unfreeze=4ms saved=True
  [capture-loop] iter=50 t=6.1s state={'complete': False, 'error': None, 'executedCount': 0, 'wsState': 1} eval_ms=10 ram=6.1/16.0GB (38%) swap=0.4/2.9GB (15%) cpu=57% browser_rss=0.73GB
  Node executed (1 total), capturing...
  Frame 4 saved (frame_003.jpg, t=10.8s)
  [capture-node] freeze=367ms shot=218ms unfreeze=5ms saved=True
  [capture-loop] iter=100 t=14.3s state={'complete': False, 'error': None, 'executedCount': 1, 'wsState': 1} eval_ms=78 ram=6.3/16.0GB (39%) swap=0.4/2.9GB (15%) cpu=75% browser_rss=0.70GB
  [capture-loop] iter=150 t=26.4s state={'complete': False, 'error': None, 'executedCount': 1, 'wsState': 1} eval_ms=93 ram=6.2/16.0GB (39%) swap=0.4/2.9GB (15%) cpu=97% browser_rss=0.66GB
  [capture-loop] iter=200 t=37.9s state={'complete': False, 'error': None, 'executedCount': 1, 'wsState': 1} eval_ms=46 ram=6.2/16.0GB (39%) swap=0.4/2.9GB (15%) cpu=97% browser_rss=0.65GB
  [capture-loop] iter=250 t=48.9s state={'complete': False, 'error': None, 'executedCount': 1, 'wsState': 1} eval_ms=79 ram=6.2/16.0GB (39%) swap=0.4/2.9GB (15%) cpu=98% browser_rss=0.65GB
  Frame 5 saved (frame_004.jpg, t=59.2s)
  [capture-periodic] freeze=81ms shot=193ms unfreeze=5ms saved=True
  Node executed (2 total), capturing...
  Frame 6 saved (frame_005.jpg, t=59.9s)
  [capture-node] freeze=43ms shot=202ms unfreeze=0ms saved=True
  Execution complete (t=59.9s)
  Captured 6 unique frames over 60.15s
  [debug] iframes: 1
  [debug]   iframe[0]: src=http://127.0.0.1:8188/extensions/ComfyUI-CADabra/viewer_cad_analysis.html?v=1778, canvas=242x498, rafFrozen=True
  [timing] trigger_3d_previews: 0.0s
  Saved high-quality screenshot: raytracing_executed.png
  [timing] final_screenshot: 0.2s
    Captured 7 video frames