Capturing execution frames: raytracing_roi.json
  Frame 1 saved (frame_000.jpg, t=0.0s)
  Validating workflow...
  Queuing workflow for execution...
  Frame 2 saved (frame_001.jpg, t=2.4s)
  [capture-periodic] freeze=6ms shot=117ms unfreeze=4ms saved=True
  Frame 3 saved (frame_002.jpg, t=4.5s)
  [capture-periodic] freeze=5ms shot=136ms unfreeze=9ms saved=True
  [capture-loop] iter=50 t=6.5s state={'complete': False, 'error': None, 'executedCount': 0, 'wsState': 1} eval_ms=16 ram=6.1/16.0GB (38%) swap=0.4/2.9GB (15%) cpu=66% browser_rss=0.74GB
  Node executed (1 total), capturing...
  Frame 4 saved (frame_003.jpg, t=11.6s)
  [capture-node] freeze=28ms shot=213ms unfreeze=13ms saved=True
  Node executed (2 total), capturing...
  Frame 5 saved (frame_004.jpg, t=12.3s)
  [capture-node] freeze=30ms shot=188ms unfreeze=4ms saved=True
  [capture-loop] iter=100 t=14.4s state={'complete': False, 'error': None, 'executedCount': 2, 'wsState': 1} eval_ms=46 ram=6.4/16.0GB (40%) swap=0.4/2.9GB (15%) cpu=86% browser_rss=0.76GB
  Node executed (3 total), capturing...
  Frame 6 saved (frame_005.jpg, t=16.7s)
  [capture-node] freeze=25ms shot=183ms unfreeze=0ms saved=True
  Execution complete (t=16.7s)
  Captured 6 unique frames over 16.94s
  [debug] iframes: 2
  [debug]   iframe[0]: src=http://127.0.0.1:8188/extensions/ComfyUI-CADabra/viewer_cad_analysis.html?v=1778, canvas=242x498, rafFrozen=True
  [debug]   iframe[1]: src=http://127.0.0.1:8188/extensions/ComfyUI-CADabra/viewer_cad_roi.html?v=177823969, canvas=292x498, rafFrozen=True
  [timing] trigger_3d_previews: 0.0s
  Saved high-quality screenshot: raytracing_roi_executed.png
  [timing] final_screenshot: 0.2s
    Captured 7 video frames