Capturing execution frames: view_cads.json
  Frame 1 saved (frame_000.jpg, t=0.0s)
  Validating workflow...
  Queuing workflow for execution...
  Node executed (1 total), capturing...
  Frame 2 saved (frame_001.jpg, t=1.3s)
  [capture-node] freeze=7ms shot=135ms unfreeze=3ms saved=True
  Node executed (2 total), capturing...
  Frame 3 saved (frame_002.jpg, t=1.8s)
  [capture-node] freeze=35ms shot=149ms unfreeze=4ms saved=True
  Node executed (3 total), capturing...
  [capture-node] freeze=25ms shot=138ms unfreeze=5ms saved=False
  Frame 4 saved (frame_003.jpg, t=4.6s)
  [capture-periodic] freeze=50ms shot=149ms unfreeze=9ms saved=True
  [capture-loop] iter=50 t=15.1s state={'complete': False, 'error': None, 'executedCount': 3, 'wsState': 1} eval_ms=40 ram=6.4/16.0GB (40%) swap=0.4/2.9GB (15%) cpu=72% browser_rss=0.77GB
  [capture-loop] iter=100 t=24.4s state={'complete': False, 'error': None, 'executedCount': 3, 'wsState': 1} eval_ms=37 ram=6.3/16.0GB (39%) swap=0.4/2.9GB (15%) cpu=98% browser_rss=0.67GB
  [capture-loop] iter=150 t=32.0s state={'complete': False, 'error': None, 'executedCount': 3, 'wsState': 1} eval_ms=46 ram=6.3/16.0GB (40%) swap=0.4/2.9GB (15%) cpu=94% browser_rss=0.66GB
  [capture-loop] iter=200 t=39.6s state={'complete': False, 'error': None, 'executedCount': 3, 'wsState': 1} eval_ms=21 ram=6.3/16.0GB (40%) swap=0.4/2.9GB (15%) cpu=94% browser_rss=0.67GB
  Node executed (4 total), capturing...
  Frame 5 saved (frame_004.jpg, t=42.4s)
  [capture-node] freeze=43ms shot=159ms unfreeze=5ms saved=True
  Node executed (5 total), capturing...
  [capture-node] freeze=24ms shot=208ms unfreeze=0ms saved=False
  Execution complete (t=43.0s)
  Captured 5 unique frames over 43.99s
  [debug] iframes: 3
  [debug]   iframe[0]: src=http://127.0.0.1:8188/extensions/ComfyUI-CADabra/viewer_cad_edge_detail.html?v=1, canvas=244x381, rafFrozen=True
  [debug]   iframe[1]: src=http://127.0.0.1:8188/extensions/ComfyUI-CADabra/viewer_cad_edge.html?v=17782397, canvas=244x260, rafFrozen=True
  [debug]   iframe[2]: src=http://127.0.0.1:8188/extensions/ComfyUI-CADabra/viewer_cad_analysis.html?v=1778, canvas=244x257, rafFrozen=True
  [timing] trigger_3d_previews: 0.0s
  Saved high-quality screenshot: view_cads_executed.png
  [timing] final_screenshot: 0.2s
    Captured 6 video frames