Capturing execution frames: extract_largest_component.json
  [ComfyUI] [32m[INFO][0m Using RAM pressure cache.
  [ComfyUI] [32m[INFO][0m Using RAM pressure cache.
  Frame 1 saved (frame_000.jpg, t=0.0s)
  Validating workflow...
  [ComfyUI] [32m[INFO][0m === /validate endpoint called ===
  [ComfyUI] [32m[INFO][0m Received JSON with keys: ['prompt']
  [ComfyUI] [32m[INFO][0m Prompt has 5 nodes
  [ComfyUI] [32m[INFO][0m   Node 1: CADExtractLargestComponent
  [ComfyUI] [32m[INFO][0m     Inputs: {"criterion": "face_count", "cad_model": ["2", 0]}
  [ComfyUI] [32m[INFO][0m   Node 2: CAD_Load
  [ComfyUI] [32m[INFO][0m     Inputs: {"filename": "cad/S23_phone.STEP", "upload_progress": "", "\u2b06 upload / drop CAD": null}
  [ComfyUI] [32m[INFO][0m   Node 3: CADUltimateInspection
  [ComfyUI] [32m[INFO][0m     Inputs: {"report_panel": "true", "cad_model": ["1", 0]}
  [ComfyUI] [32m[INFO][0m   Node 4: PreviewCADOCC
  Queuing workflow for execution...
  [ComfyUI] [32m[INFO][0m     Inputs: {"linear_deflection": 0.1, "angular_deflection": 0.5, "preview_occ": "", "cad_model": ["3", 0]}
  [ComfyUI] [32m[INFO][0m   Node 5: CADUltimateInspection
  [ComfyUI] [32m[INFO][0m     Inputs: {"report_panel": "true", "cad_model": ["2", 0]}
  [ComfyUI] [32m[INFO][0m Generated prompt_id: a02ac6f3-9366-4811-830e-beca15dc00f2
  [ComfyUI] [32m[INFO][0m Calling execution.validate_prompt()...
  [ComfyUI] [32m[INFO][0m Validation result: valid=True
  [ComfyUI] [32m[INFO][0m === Validation PASSED ===
  [ComfyUI] [32m[INFO][0m got prompt
  [ComfyUI] [comfy-env] Running CAD_Load: filename: 'cad/S23_phone.STEP'
  [ComfyUI] [SubprocessWorker] call_method: nodes.cad_nodes.CAD_Load.EXECUTE_NORMALIZED
  [ComfyUI] [SubprocessWorker] acquired lock, ensuring started...
  [ComfyUI] [ComfyUI-CADabra] Health check: ping (timeout=5.0s)...
  [ComfyUI] [ComfyUI-CADabra] Health check: failed
  [ComfyUI] [ComfyUI-CADabra] Socket unhealthy, restarting worker...
  [ComfyUI] [ComfyUI-CADabra] python: /home/runner/.ce/envs/cadabra-nodes/.pixi/envs/default/bin/python
  [ComfyUI] [ComfyUI-CADabra] sys_path sent to worker: ['/home/runner/work/comfy-ci/comfy-ci/test_workspaces/CADabra-1413/ComfyUI', '/home/runner/work/comfy-ci/comfy-ci/test_workspaces/CADabra-1413/ComfyUI/custom_nodes/ComfyUI-CADabra', '/home/runner/.ce/envs/cadabra-nodes/.pixi/envs/default/lib/python3.1/site-packages', '/home/runner/work/comfy-ci/comfy-ci/test_workspaces/CADabra-1413/ComfyUI/custom_nodes/ComfyUI-CADabra']
  [ComfyUI] [SubprocessWorker] is_pixi=True, python=/home/runner/.ce/envs/cadabra-nodes/.pixi/envs/default/bin/python
  [ComfyUI] [SubprocessWorker] launching cmd=['/home/runner/.pixi/bin/pixi', 'run', '--as-is', '--manifest-path', '/home/runner/.ce/envs/cadabra-nodes/pixi.toml', '-e', 'default', 'python', '/tmp/comfyui_pvenv_yf7h3ztp/persistent_worker.py', 'abstract://comfy_worker_1bbf638c1bc0']...
  [ComfyUI] [SubprocessWorker] socket_addr=abstract://comfy_worker_1bbf638c1bc0 (abstract, no filesystem path)
  [ComfyUI]  WARN Encountered 1 warning while parsing the manifest:
  [ComfyUI]   ⚠ the `[system-requirements]` table is deprecated in favor of virtual packages on `platforms`
  [ComfyUI]     ╭─[/home/runner/.ce/envs/cadabra-nodes/pixi.toml:53:1]
  [ComfyUI]  52 │
  [ComfyUI]  53 │ ╭─▶ [feature.node.system-requirements.libc]
  [ComfyUI]  54 │ │   family = "glibc"
  [ComfyUI]  55 │ ├─▶ version = "2.39"
  [ComfyUI]     · ╰──── declare these on the `platforms` entries instead
  [ComfyUI]  56 │
  [ComfyUI]     ╰────
  [ComfyUI]   help: e.g. platforms = [{ platform = "linux-64", cuda = "12" }]
  [ComfyUI] 
  [ComfyUI] [SubprocessWorker] worker started/confirmed
  [ComfyUI] [SubprocessWorker] serializing kwargs to shm...
  [ComfyUI] [SubprocessWorker] created 0 shm blocks
  [ComfyUI] [SubprocessWorker] sending request via socket...
  [ComfyUI] [SubprocessWorker] call_id=45 sending call_method
  Frame 2 saved (frame_001.jpg, t=2.2s)
  [capture-periodic] freeze=3ms shot=105ms unfreeze=4ms saved=True
  [ComfyUI] [14:17:55] [CADabra]  Using cache: S23_phone.STEP
  [ComfyUI] [worker:ComfyUI-CADabra] INFO:  Using cache: S23_phone.STEP
  [ComfyUI] [14:17:55] [CADabra]  Ready: S23_phone.STEP
  [ComfyUI] [worker:ComfyUI-CADabra] INFO:  Ready: S23_phone.STEP
  [ComfyUI] [SubprocessWorker] got response: ok
  [ComfyUI] [comfy-env] CAD_Load done (3.88s): result: NodeOutput
  [ComfyUI] [comfy-env] Running CADUltimateInspection: cad_model: dict
  [ComfyUI] [SubprocessWorker] call_method: nodes.cad_inspect_nodes.CADUltimateInspection.EXECUTE_NORMALIZED
  [ComfyUI] [SubprocessWorker] acquired lock, ensuring started...
  [ComfyUI] [ComfyUI-CADabra] Health check: ping (timeout=5.0s)...
  [ComfyUI] [ComfyUI-CADabra] Health check: ok
  [ComfyUI] [SubprocessWorker] worker started/confirmed
  [ComfyUI] [SubprocessWorker] serializing kwargs to shm...
  [ComfyUI] [SubprocessWorker] created 0 shm blocks
  [ComfyUI] [SubprocessWorker] sending request via socket...
  [ComfyUI] [SubprocessWorker] call_id=46 sending call_method
  [ComfyUI] [14:17:55] [CADabra] [UltimateInspection]
  [ComfyUI] === Ultimate CAD Inspection ===
  [ComfyUI] Valid B-rep:         OK Yes   (BRepCheck_Analyzer)
  [ComfyUI] Watertight (closed): X No   (24 free edges)
  [ComfyUI] Manifold:            OK Yes   (0 non-manifold edges)
  [ComfyUI] Solid:               X No   (0 solids)
  [ComfyUI] 
  [ComfyUI] Topology:
  [ComfyUI]   Solids:   0
  [ComfyUI]   Shells:   7
  [ComfyUI]   Faces:    176
  [ComfyUI]   Edges:    423   (free: 24, non-manifold: 0, degenerate: 0)
  [ComfyUI]   Vertices: 276
  [ComfyUI] 
  [ComfyUI] Geometry:
  [ComfyUI]   Surface area:  43,486.610
  [ComfyUI]   Face area:     min 0.4066   max 11,151.6   (176 faces)
  [ComfyUI]   Bounding box:  [-0.000, -0.250, -163.300] to [77.900, 10.400, 0.000]
  [ComfyUI]   Extents:       77.900 x 10.650 x 163.300
  [ComfyUI]   Diagonal:      181.242
  [ComfyUI] [worker:ComfyUI-CADabra] INFO: [UltimateInspection]
  [ComfyUI] === Ultimate CAD Inspection ===
  [ComfyUI] Valid B-rep:         OK Yes   (BRepCheck_Analyzer)
  [ComfyUI] Watertight (closed): X No   (24 free edges)
  [ComfyUI] Manifold:            OK Yes   (0 non-manifold edges)
  [ComfyUI] Solid:               X No   (0 solids)
  [ComfyUI] 
  [ComfyUI] Topology:
  [ComfyUI]   Solids:   0
  [ComfyUI]   Shells:   7
  [ComfyUI]   Faces:    176
  [ComfyUI]   Edges:    423   (free: 24, non-manifold: 0, degenerate: 0)
  [ComfyUI]   Vertices: 276
  [ComfyUI] 
  [ComfyUI] Geometry:
  [ComfyUI]   Surface area:  43,486.610
  [ComfyUI]   Face area:     min 0.4066   max 11,151.6   (176 faces)
  [ComfyUI]   Bounding box:  [-0.000, -0.250, -163.300] to [77.900, 10.400, 0.000]
  [ComfyUI]   Extents:       77.900 x 10.650 x 163.300
  [ComfyUI]   Diagonal:      181.242
  [ComfyUI] [SubprocessWorker] got response: ok
  [ComfyUI] [comfy-env] CADUltimateInspection done (0.12s): result: NodeOutput
  [ComfyUI] [comfy-env] Running CADExtractLargestComponent: criterion: 'face_count', cad_model: dict
  [ComfyUI] [SubprocessWorker] call_method: nodes.cad_utility_nodes.CADExtractLargestComponent.EXECUTE_NORMALIZED
  [ComfyUI] [SubprocessWorker] acquired lock, ensuring started...
  [ComfyUI] [ComfyUI-CADabra] Health check: ping (timeout=5.0s)...
  [ComfyUI] [ComfyUI-CADabra] Health check: ok
  [ComfyUI] [SubprocessWorker] worker started/confirmed
  [ComfyUI] [SubprocessWorker] serializing kwargs to shm...
  [ComfyUI] [SubprocessWorker] created 0 shm blocks
  [ComfyUI] [SubprocessWorker] sending request via socket...
  [ComfyUI] [SubprocessWorker] call_id=47 sending call_method
  [ComfyUI] [SubprocessWorker] got response: ok
  [ComfyUI] [comfy-env] CADExtractLargestComponent done (0.06s): result: NodeOutput
  [ComfyUI] [comfy-env] Running CADUltimateInspection: cad_model: dict
  [ComfyUI] [SubprocessWorker] call_method: nodes.cad_inspect_nodes.CADUltimateInspection.EXECUTE_NORMALIZED
  [ComfyUI] [SubprocessWorker] acquired lock, ensuring started...
  [ComfyUI] [ComfyUI-CADabra] Health check: ping (timeout=5.0s)...
  [ComfyUI] [ComfyUI-CADabra] Health check: ok
  [ComfyUI] [SubprocessWorker] worker started/confirmed
  [ComfyUI] [SubprocessWorker] serializing kwargs to shm...
  [ComfyUI] [SubprocessWorker] created 0 shm blocks
  [ComfyUI] [SubprocessWorker] sending request via socket...
  [ComfyUI] [SubprocessWorker] call_id=48 sending call_method
  Node executed (1 total), capturing...
  [ComfyUI] [14:17:55] [CADabra] [UltimateInspection]
  [ComfyUI] === Ultimate CAD Inspection ===
  [ComfyUI] Valid B-rep:         OK Yes   (BRepCheck_Analyzer)
  [ComfyUI] Watertight (closed): X No   (0 free edges)
  [ComfyUI] Manifold:            OK Yes   (0 non-manifold edges)
  [ComfyUI] Solid:               X No   (0 solids)
  [ComfyUI] 
  [ComfyUI] Topology:
  [ComfyUI]   Solids:   0
  [ComfyUI]   Shells:   0
  [ComfyUI]   Faces:    168
  [ComfyUI]   Edges:    397   (free: 0, non-manifold: 0, degenerate: 0)
  [ComfyUI]   Vertices: 252
  [ComfyUI] 
  [ComfyUI] Geometry:
  [ComfyUI]   Surface area:  30,445.076
  [ComfyUI]   Face area:     min 0.4066   max 11,151.6   (168 faces)
  [ComfyUI]   Bounding box:  [-0.000, -0.000, -163.300] to [77.900, 10.400, 0.000]
  [ComfyUI]   Extents:       77.900 x 10.400 x 163.300
  [ComfyUI]   Diagonal:      181.228
  [ComfyUI] [worker:ComfyUI-CADabra] INFO: [UltimateInspection]
  [ComfyUI] === Ultimate CAD Inspection ===
  [ComfyUI] Valid B-rep:         OK Yes   (BRepCheck_Analyzer)
  [ComfyUI] Watertight (closed): X No   (0 free edges)
  [ComfyUI] Manifold:            OK Yes   (0 non-manifold edges)
  [ComfyUI] Solid:               X No   (0 solids)
  [ComfyUI] 
  [ComfyUI] Topology:
  [ComfyUI]   Solids:   0
  [ComfyUI]   Shells:   0
  [ComfyUI]   Faces:    168
  [ComfyUI]   Edges:    397   (free: 0, non-manifold: 0, degenerate: 0)
  [ComfyUI]   Vertices: 252
  [ComfyUI] 
  [ComfyUI] Geometry:
  [ComfyUI]   Surface area:  30,445.076
  [ComfyUI]   Face area:     min 0.4066   max 11,151.6   (168 faces)
  [ComfyUI]   Bounding box:  [-0.000, -0.000, -163.300] to [77.900, 10.400, 0.000]
  [ComfyUI]   Extents:       77.900 x 10.400 x 163.300
  [ComfyUI]   Diagonal:      181.228
  [ComfyUI] [SubprocessWorker] got response: ok
  [ComfyUI] [comfy-env] CADUltimateInspection done (0.14s): result: NodeOutput
  [ComfyUI] [comfy-env] Running PreviewCADOCC: linear_deflection: 0.1, angular_deflection: 0.5, cad_model: dict
  [ComfyUI] [SubprocessWorker] call_method: nodes.cad_nodes.PreviewCADOCC.EXECUTE_NORMALIZED
  [ComfyUI] [SubprocessWorker] acquired lock, ensuring started...
  [ComfyUI] [ComfyUI-CADabra] Health check: ping (timeout=5.0s)...
  [ComfyUI] [ComfyUI-CADabra] Health check: ok
  [ComfyUI] [SubprocessWorker] worker started/confirmed
  [ComfyUI] [SubprocessWorker] serializing kwargs to shm...
  [ComfyUI] [SubprocessWorker] created 0 shm blocks
  [ComfyUI] [SubprocessWorker] sending request via socket...
  [ComfyUI] [SubprocessWorker] call_id=49 sending call_method
  [ComfyUI] [14:17:55] [CADabra]  Tessellating (linear: 0.1, angular: 0.5)
  [ComfyUI] [worker:ComfyUI-CADabra] INFO:  Tessellating (linear: 0.1, angular: 0.5)
  [ComfyUI] [14:17:55] [CADabra] Starting: BRepMesh(linear_deflection=0.1, angular_deflection=0.5)
  [ComfyUI] [worker:ComfyUI-CADabra] INFO: Starting: BRepMesh(linear_deflection=0.1, angular_deflection=0.5)
  [ComfyUI] [14:17:55] [CADabra] Completed: BRepMesh(linear_deflection=0.1, angular_deflection=0.5) in 0.08s
  [ComfyUI] [worker:ComfyUI-CADabra] INFO: Completed: BRepMesh(linear_deflection=0.1, angular_deflection=0.5) in 0.08s
  [ComfyUI] [14:17:55] [CADabra]  Mesh: 6086 vertices, 7604 triangles
  [ComfyUI] [worker:ComfyUI-CADabra] INFO:  Mesh: 6086 vertices, 7604 triangles
  [ComfyUI] [14:17:55] [CADabra]  Exported VTP: preview_4a29df61.vtp (431,463 bytes)
  [ComfyUI] [worker:ComfyUI-CADabra] INFO:  Exported VTP: preview_4a29df61.vtp (431,463 bytes)
  [ComfyUI] [14:17:55] [CADabra]  Entities: 0 volumes, 168 faces, 794 edges
  [ComfyUI] [worker:ComfyUI-CADabra] INFO:  Entities: 0 volumes, 168 faces, 794 edges
  [ComfyUI] [14:17:55] [CADabra]  Face types: {'Cylinder': 82, 'Plane': 62, 'Torus': 24}
  [ComfyUI] [worker:ComfyUI-CADabra] INFO:  Face types: {'Cylinder': 82, 'Plane': 62, 'Torus': 24}
  [ComfyUI] [14:17:55] [CADabra]  Edge types: {'Line': 358, 'Circle': 400, 'BSpline': 36}
  [ComfyUI] [worker:ComfyUI-CADabra] INFO:  Edge types: {'Line': 358, 'Circle': 400, 'BSpline': 36}
  [ComfyUI] [SubprocessWorker] got response: ok
  Frame 3 saved (frame_002.jpg, t=4.4s)
  [ComfyUI] [comfy-env] PreviewCADOCC done (0.19s): result: NodeOutput
  [capture-node] freeze=5ms shot=106ms unfreeze=7ms saved=True
  [ComfyUI] [32m[INFO][0m [32mPrompt executed in 4.40 seconds[0m
  Node executed (3 total), capturing...
  Frame 4 saved (frame_003.jpg, t=4.8s)
  [capture-node] freeze=2ms shot=174ms unfreeze=27ms saved=True
  Execution complete (t=5.2s)
  Captured 4 unique frames over 5.22s
  [debug] iframes: 1
  [debug]   iframe[0]: src=http://127.0.0.1:41885/extensions/ComfyUI-CADabra/viewer_cad_analysis.html?v=178, canvas=379x498, rafFrozen=False
  [timing] trigger_3d_previews: 0.0s
  Saved high-quality screenshot: extract_largest_component_executed.png
  [timing] final_screenshot: 0.2s
    Captured 5 video frames