Capturing execution frames: load_cad_path.json
  [ComfyUI] [32m[INFO][0m Using RAM pressure cache.
  Frame 1 saved (frame_000.jpg, t=0.0s)
  Validating workflow...
  [ComfyUI] [32m[INFO][0m === /validate endpoint called ===
  [ComfyUI] [32m[INFO][0m Received JSON with keys: ['prompt']
  [ComfyUI] [32m[INFO][0m Prompt has 2 nodes
  [ComfyUI] [32m[INFO][0m   Node 1: CAD_Load_Path
  [ComfyUI] [32m[INFO][0m     Inputs: {"file_path": "/input/cad/spiral_wind_turbine.stp"}
  [ComfyUI] [32m[INFO][0m   Node 2: PreviewCADOCC
  Queuing workflow for execution...
  [ComfyUI] [32m[INFO][0m     Inputs: {"linear_deflection": 0.1, "angular_deflection": 0.5, "preview_occ": "", "cad_model": ["1", 0]}
  [ComfyUI] [32m[INFO][0m Generated prompt_id: 2ae579e1-0410-4338-b00a-52e943585ced
  [ComfyUI] [32m[INFO][0m Calling execution.validate_prompt()...
  [ComfyUI] [32m[INFO][0m Validation result: valid=True
  [ComfyUI] [32m[INFO][0m === Validation PASSED ===
  [ComfyUI] [32m[INFO][0m got prompt
  [ComfyUI] [comfy-env] Running CAD_Load_Path: file_path: '/input/cad/spiral_wind_turbine.stp'
  [ComfyUI] [SubprocessWorker] call_method: nodes.cad_nodes.CAD_Load_Path.EXECUTE_NORMALIZED
  [ComfyUI] [SubprocessWorker] acquired lock, ensuring started...
  [ComfyUI] [ComfyUI-CADabra] Health check: ping (timeout=5.0s)...
  [ComfyUI] [ComfyUI-CADabra] Health check: ok
  [ComfyUI] [SubprocessWorker] worker started/confirmed
  [ComfyUI] [SubprocessWorker] serializing kwargs to shm...
  [ComfyUI] [SubprocessWorker] created 0 shm blocks
  [ComfyUI] [SubprocessWorker] sending request via socket...
  [ComfyUI] [SubprocessWorker] call_id=52 sending call_method
  [ComfyUI] [14:18:14] [CADabra]  Using cache: spiral_wind_turbine.stp
  [ComfyUI] [worker:ComfyUI-CADabra] INFO:  Using cache: spiral_wind_turbine.stp
  [ComfyUI] [14:18:14] [CADabra]  Ready: spiral_wind_turbine.stp
  [ComfyUI] [worker:ComfyUI-CADabra] INFO:  Ready: spiral_wind_turbine.stp
  [ComfyUI] [SubprocessWorker] got response: ok
  [ComfyUI] [comfy-env] CAD_Load_Path done (0.01s): result: NodeOutput
  [ComfyUI] [comfy-env] Running PreviewCADOCC: linear_deflection: 0.1, angular_deflection: 0.5, cad_model: dict
  [ComfyUI] [SubprocessWorker] call_method: nodes.cad_nodes.PreviewCADOCC.EXECUTE_NORMALIZED
  [ComfyUI] [SubprocessWorker] acquired lock, ensuring started...
  [ComfyUI] [ComfyUI-CADabra] Health check: ping (timeout=5.0s)...
  [ComfyUI] [ComfyUI-CADabra] Health check: ok
  [ComfyUI] [SubprocessWorker] worker started/confirmed
  [ComfyUI] [SubprocessWorker] serializing kwargs to shm...
  [ComfyUI] [SubprocessWorker] created 0 shm blocks
  [ComfyUI] [SubprocessWorker] sending request via socket...
  [ComfyUI] [SubprocessWorker] call_id=53 sending call_method
  [ComfyUI] [14:18:14] [CADabra]  Tessellating (linear: 0.1, angular: 0.5)
  [ComfyUI] [worker:ComfyUI-CADabra] INFO:  Tessellating (linear: 0.1, angular: 0.5)
  [ComfyUI] [14:18:14] [CADabra] Starting: BRepMesh(linear_deflection=0.1, angular_deflection=0.5)
  [ComfyUI] [worker:ComfyUI-CADabra] INFO: Starting: BRepMesh(linear_deflection=0.1, angular_deflection=0.5)
  [ComfyUI] [14:18:14] [CADabra] Completed: BRepMesh(linear_deflection=0.1, angular_deflection=0.5) in 0.07s
  [ComfyUI] [worker:ComfyUI-CADabra] INFO: Completed: BRepMesh(linear_deflection=0.1, angular_deflection=0.5) in 0.07s
  [ComfyUI] [14:18:14] [CADabra]  Mesh: 3386 vertices, 5508 triangles
  [ComfyUI] [worker:ComfyUI-CADabra] INFO:  Mesh: 3386 vertices, 5508 triangles
  [ComfyUI] [14:18:15] [CADabra]  Exported VTP: preview_12b02cfa.vtp (283,224 bytes)
  [ComfyUI] [worker:ComfyUI-CADabra] INFO:  Exported VTP: preview_12b02cfa.vtp (283,224 bytes)
  [ComfyUI] [14:18:15] [CADabra]  Entities: 1 volumes, 29 faces, 158 edges
  [ComfyUI] [worker:ComfyUI-CADabra] INFO:  Entities: 1 volumes, 29 faces, 158 edges
  [ComfyUI] [14:18:15] [CADabra]  Face types: {'BSpline': 15, 'Cylinder': 8, 'Plane': 3, 'Cone': 3}
  [ComfyUI] [worker:ComfyUI-CADabra] INFO:  Face types: {'BSpline': 15, 'Cylinder': 8, 'Plane': 3, 'Cone': 3}
  [ComfyUI] [14:18:15] [CADabra]  Edge types: {'BSpline': 124, 'Circle': 34}
  [ComfyUI] [worker:ComfyUI-CADabra] INFO:  Edge types: {'BSpline': 124, 'Circle': 34}
  [ComfyUI] [SubprocessWorker] got response: ok
  [ComfyUI] [comfy-env] PreviewCADOCC done (0.14s): result: NodeOutput
  [ComfyUI] [32m[INFO][0m [32mPrompt executed in 0.15 seconds[0m
  Node executed (1 total), capturing...
  Frame 2 saved (frame_001.jpg, t=0.6s)
  [capture-node] freeze=9ms shot=92ms unfreeze=0ms saved=True
  Execution complete (t=0.6s)
  Captured 2 unique frames over 0.75s
  [debug] iframes: 1
  [debug]   iframe[0]: src=http://127.0.0.1:41885/extensions/ComfyUI-CADabra/viewer_cad_analysis.html?v=178, canvas=244x498, rafFrozen=True
  [timing] trigger_3d_previews: 0.0s
  Saved high-quality screenshot: load_cad_path_executed.png
  [timing] final_screenshot: 0.2s
    Captured 3 video frames