Capturing execution frames: mesh_face_seg.json
  [ComfyUI] [32m[INFO][0m Using RAM pressure cache.
  Frame 1 saved (frame_000.jpg, t=0.0s)
  Validating workflow...
  [ComfyUI] [32m[INFO][0m === /validate endpoint called ===
  [ComfyUI] [32m[INFO][0m Received JSON with keys: ['prompt']
  [ComfyUI] [32m[INFO][0m Prompt has 3 nodes
  [ComfyUI] [32m[INFO][0m   Node 3: MeshFaceSegmentation
  [ComfyUI] [32m[INFO][0m     Inputs: {"method": "cluster_normals", "facets_angle_threshold": 0.1, "cluster_num_segments": 10, "region_grow_normal_threshold": 0.95, "region_grow_min_faces": 10, "mesh": ["9", 0]}
  [ComfyUI] [32m[INFO][0m   Node 6: GeomPackPreviewMeshVTK
  Queuing workflow for execution...
  [ComfyUI] [32m[INFO][0m     Inputs: {"mode": "fields", "preview_vtk": "{\"show_edges\":false,\"camera_state\":\"{\\\"position\\\":[2.545314595852611,-1.412026682908065,-1.6503656193710248],\\\"focalPoint\\\":[0,0,0],\\\"viewUp\\\":[0.25
  [ComfyUI] [32m[INFO][0m   Node 9: GeomPackLoadMesh
  [ComfyUI] [32m[INFO][0m     Inputs: {"file_path": "3d/cube.stl"}
  [ComfyUI] [32m[INFO][0m Generated prompt_id: 06c90ae4-6a70-46f7-95db-07a6b189c64d
  [ComfyUI] [32m[INFO][0m Calling execution.validate_prompt()...
  [ComfyUI] [32m[INFO][0m Validation result: valid=True
  [ComfyUI] [32m[INFO][0m === Validation PASSED ===
  [ComfyUI] [32m[INFO][0m got prompt
  [ComfyUI] [comfy-env] Running GeomPackLoadMesh: file_path: '3d/cube.stl'
  [ComfyUI] [SubprocessWorker] call_method: nodes.io.load_mesh.LoadMesh.EXECUTE_NORMALIZED
  [ComfyUI] [SubprocessWorker] acquired lock, ensuring started...
  [ComfyUI] [ComfyUI-GeometryPack] Health check: ping (timeout=5.0s)...
  [ComfyUI] [ComfyUI-GeometryPack] Health check: ok
  [ComfyUI] [SubprocessWorker] worker started/confirmed
  [ComfyUI] [SubprocessWorker] serializing kwargs to shm...
  [ComfyUI] [SubprocessWorker] created 0 shm blocks
  [ComfyUI] [SubprocessWorker] sending request via socket...
  [ComfyUI] [SubprocessWorker] call_id=3 sending call_method
  [ComfyUI] [worker:ComfyUI-GeometryPack] INFO: Found mesh in input folder: 3d/cube.stl
  [ComfyUI] [worker:ComfyUI-GeometryPack] INFO: Loading: /home/runner/work/comfy-ci/comfy-ci/test_workspaces/CADabra-1413/ComfyUI/input/3d/cube.stl
  [ComfyUI] [worker:ComfyUI-GeometryPack] INFO: Initial mesh: 98 vertices, 192 faces
  [ComfyUI] [worker:ComfyUI-GeometryPack] INFO: Successfully loaded: 98 vertices, 192 faces
  [ComfyUI] [worker:ComfyUI-GeometryPack] INFO: Loaded: 98 vertices, 192 faces
  [ComfyUI] [SubprocessWorker] got response: ok
  [ComfyUI] [comfy-env] GeomPackLoadMesh done (0.02s): result: NodeOutput
  [ComfyUI] [comfy-env] Running MeshFaceSegmentation: method: 'cluster_normals', facets_angle_threshold: 0.1, cluster_num_segments: 10, region_grow_normal_threshold: 0.95, region_grow_min_faces: 10, mesh: Trimesh
  [ComfyUI] [SubprocessWorker] call_method: nodes.mesh_recon_nodes.MeshFaceSegmentationNode.EXECUTE_NORMALIZED
  [ComfyUI] [SubprocessWorker] acquired lock, ensuring started...
  [ComfyUI] [ComfyUI-CADabra] Health check: ping (timeout=5.0s)...
  [ComfyUI] [ComfyUI-CADabra] Health check: ok
  [ComfyUI] [SubprocessWorker] worker started/confirmed
  [ComfyUI] [SubprocessWorker] serializing kwargs to shm...
  [ComfyUI] [SubprocessWorker] created 1 shm blocks
  [ComfyUI] [SubprocessWorker] sending request via socket...
  [ComfyUI] [SubprocessWorker] call_id=60 sending call_method
  [ComfyUI] /home/runner/.ce/envs/cadabra-nodes/.pixi/envs/default/lib/python3.1/site-packages/sklearn/base.py:1403: ConvergenceWarning: Number of distinct clusters (6) found smaller than n_clusters (10). Possibly due to duplicate points in X.
  [ComfyUI]   return fit_method(estimator, *args, **kwargs)
  [ComfyUI] [SubprocessWorker] got response: ok
  [ComfyUI] [comfy-env] MeshFaceSegmentation done (0.12s): result: NodeOutput
  [ComfyUI] [comfy-env] Running GeomPackPreviewMeshVTK: mode: 'fields', trimesh: Trimesh
  [ComfyUI] [SubprocessWorker] call_method: nodes.visualization.preview_mesh_vtk.PreviewMeshVTKNode.EXECUTE_NORMALIZED
  [ComfyUI] [SubprocessWorker] acquired lock, ensuring started...
  [ComfyUI] [ComfyUI-GeometryPack] Health check: ping (timeout=5.0s)...
  [ComfyUI] [ComfyUI-GeometryPack] Health check: ok
  [ComfyUI] [SubprocessWorker] worker started/confirmed
  [ComfyUI] [SubprocessWorker] serializing kwargs to shm...
  [ComfyUI] [SubprocessWorker] created 1 shm blocks
  [ComfyUI] [SubprocessWorker] sending request via socket...
  [ComfyUI] [SubprocessWorker] call_id=4 sending call_method
  [ComfyUI] [worker:ComfyUI-GeometryPack] INFO: Preparing preview: Mesh - 98 vertices, 192 faces
  [ComfyUI] [worker:ComfyUI-GeometryPack] INFO: Mode: fields
  [ComfyUI] [worker:ComfyUI-GeometryPack] INFO: Visual data - has_visual: True, kind: None, texture: False, vertex_colors: False
  [ComfyUI] [worker:ComfyUI-GeometryPack] INFO: Using fields mode - VTP export
  [ComfyUI] [worker:ComfyUI-GeometryPack] INFO: Exporting mesh to VTP: /home/runner/work/comfy-ci/comfy-ci/test_workspaces/CADabra-1413/ComfyUI/output/preview_vtk_a16b9947.vtp
  [ComfyUI] [worker:ComfyUI-GeometryPack] INFO: Adding normals field (98 vertices)
  [ComfyUI] [worker:ComfyUI-GeometryPack] INFO: Adding face field: stl
  [ComfyUI] [worker:ComfyUI-GeometryPack] INFO: Adding face field: segment_id
  [ComfyUI] [worker:ComfyUI-GeometryPack] INFO: Export complete: 98 vertices, 192 faces
  [ComfyUI] [worker:ComfyUI-GeometryPack] INFO: Exported VTP to: /home/runner/work/comfy-ci/comfy-ci/test_workspaces/CADabra-1413/ComfyUI/output/preview_vtk_a16b9947.vtp
  [ComfyUI] [worker:ComfyUI-GeometryPack] INFO: Face attributes: ['stl', 'segment_id']
  [ComfyUI] [worker:ComfyUI-GeometryPack] INFO: Fields mode info: watertight=True, volume=1.0, area=6.0, fields=['face.stl', 'face.segment_id']
  [ComfyUI] [SubprocessWorker] got response: ok
  [ComfyUI] [comfy-env] GeomPackPreviewMeshVTK done (0.02s): result: NodeOutput
  [ComfyUI] [32m[INFO][0m [32mPrompt executed in 0.17 seconds[0m
  Node executed (1 total), capturing...
  Frame 2 saved (frame_001.jpg, t=0.5s)
  [capture-node] freeze=33ms shot=84ms unfreeze=0ms saved=True
  Execution complete (t=0.5s)
  Captured 2 unique frames over 0.68s
  [debug] iframes: 1
  [debug]   iframe[0]: src=http://127.0.0.1:41885/extensions/ComfyUI-GeometryPack/viewer_vtk.html?v=1785507, canvas=488x244, rafFrozen=True
  [timing] trigger_3d_previews: 0.0s
  Saved high-quality screenshot: mesh_face_seg_executed.png
  [timing] final_screenshot: 0.2s
    Captured 3 video frames