Capturing execution frames: spline_viewer.json
  [ComfyUI] [32m[INFO][0m Using RAM pressure cache.
  Frame 1 saved (frame_000.jpg, t=0.0s)
  Validating workflow...
  [ComfyUI] [32m[INFO][0m === /validate endpoint called ===
  Queuing workflow for execution...
  [ComfyUI] [32m[INFO][0m Received JSON with keys: ['prompt']
  [ComfyUI] [32m[INFO][0m Prompt has 4 nodes
  [ComfyUI] [32m[INFO][0m   Node 1: CAD_Load
  [ComfyUI] [32m[INFO][0m     Inputs: {"filename": "cad/spiral_wind_turbine.stp", "upload_progress": "", "\u2b06 upload / drop CAD": null}
  [ComfyUI] [32m[INFO][0m   Node 13: CADSplineViewer
  [ComfyUI] [32m[INFO][0m     Inputs: {"face_index": 1, "linear_deflection": 0.1, "compute_influence": true, "influence_resolution": 20, "spline_viewer": "", "cad_model": ["14", 0]}
  [ComfyUI] [32m[INFO][0m   Node 14: CADFaceAnalysis
  [ComfyUI] [32m[INFO][0m     Inputs: {"linear_deflection": 0.1, "angular_deflection": 0.5, "tolerance": 1, "extract_control_points": true, "report_panel": "false", "cad_model": ["1", 0]}
  [ComfyUI] [32m[INFO][0m   Node 15: CADAnalysisViewer
  [ComfyUI] [32m[INFO][0m     Inputs: {"index": 0, "vtp_filepath": ["14", 1], "json_filepath": ["14", 2], "visualization_mode": "normal", "analysis_viewer": "{\"camera_state\":\"{\\\"position\\\":[-155.027740567095,-2.788146972656236,-184
  [ComfyUI] [32m[INFO][0m Generated prompt_id: 2ad48db5-8241-4bae-bc8e-0b7db57498b7
  [ComfyUI] [32m[INFO][0m Calling execution.validate_prompt()...
  [ComfyUI] [32m[INFO][0m Validation result: valid=True
  [ComfyUI] [32m[INFO][0m === Validation PASSED ===
  [ComfyUI] [32m[INFO][0m got prompt
  [ComfyUI] [comfy-env] Running CAD_Load: filename: 'cad/spiral_wind_turbine.stp'
  [ComfyUI] [SubprocessWorker] call_method: nodes.cad_nodes.CAD_Load.EXECUTE_NORMALIZED
  [ComfyUI] [SubprocessWorker] acquired lock, ensuring started...
  [ComfyUI] [ComfyUI-CADabra] Health check: ping (timeout=5.0s)...
  [ComfyUI] [ComfyUI-CADabra] Health check: ok
  [ComfyUI] [SubprocessWorker] worker started/confirmed
  [ComfyUI] [SubprocessWorker] serializing kwargs to shm...
  [ComfyUI] [SubprocessWorker] created 0 shm blocks
  [ComfyUI] [SubprocessWorker] sending request via socket...
  [ComfyUI] [SubprocessWorker] call_id=83 sending call_method
  [ComfyUI] [14:20:23] [CADabra]  Using cache: spiral_wind_turbine.stp
  [ComfyUI] [worker:ComfyUI-CADabra] INFO:  Using cache: spiral_wind_turbine.stp
  [ComfyUI] [14:20:23] [CADabra]  Ready: spiral_wind_turbine.stp
  [ComfyUI] [worker:ComfyUI-CADabra] INFO:  Ready: spiral_wind_turbine.stp
  [ComfyUI] [SubprocessWorker] got response: ok
  [ComfyUI] [comfy-env] CAD_Load done (0.01s): result: NodeOutput
  [ComfyUI] [comfy-env] Running CADFaceAnalysis: linear_deflection: list[1], angular_deflection: list[1], tolerance: list[1], extract_control_points: list[1], cad_model: list[1]
  [ComfyUI] [SubprocessWorker] call_method: nodes.cad_analysis_nodes.CADFaceAnalysis.EXECUTE_NORMALIZED
  [ComfyUI] [SubprocessWorker] acquired lock, ensuring started...
  [ComfyUI] [ComfyUI-CADabra] Health check: ping (timeout=5.0s)...
  [ComfyUI] [ComfyUI-CADabra] Health check: ok
  [ComfyUI] [SubprocessWorker] worker started/confirmed
  [ComfyUI] [SubprocessWorker] serializing kwargs to shm...
  [ComfyUI] [SubprocessWorker] created 0 shm blocks
  [ComfyUI] [SubprocessWorker] sending request via socket...
  [ComfyUI] [SubprocessWorker] call_id=84 sending call_method
  [ComfyUI] [14:20:23] [CADabra] Starting: CAD Face Analysis(faces=29)
  [ComfyUI] [worker:ComfyUI-CADabra] INFO: Starting: CAD Face Analysis(faces=29)
  [ComfyUI] [14:20:23] [CADabra] Completed: CAD Face Analysis(faces=29) in 0.06s
  [ComfyUI] [worker:ComfyUI-CADabra] INFO: Completed: CAD Face Analysis(faces=29) in 0.06s
  [ComfyUI] [14:20:23] [CADabra] Starting: CAD Adjacency Graph(faces=29)
  [ComfyUI] [worker:ComfyUI-CADabra] INFO: Starting: CAD Adjacency Graph(faces=29)
  [ComfyUI] [14:20:23] [CADabra] Completed: CAD Adjacency Graph(faces=29) in 0.00s
  [ComfyUI] [worker:ComfyUI-CADabra] INFO: Completed: CAD Adjacency Graph(faces=29) in 0.00s
  [ComfyUI] [SubprocessWorker] got response: ok
  [ComfyUI] [comfy-env] CADFaceAnalysis done (0.18s): result: NodeOutput
  [ComfyUI] [comfy-env] Running CADAnalysisViewer: index: list[1], vtp_filepath: list[1], json_filepath: list[1], visualization_mode: list[1]
  [ComfyUI] [SubprocessWorker] call_method: nodes.cad_analysis_nodes.CADAnalysisViewer.EXECUTE_NORMALIZED
  [ComfyUI] [SubprocessWorker] acquired lock, ensuring started...
  [ComfyUI] [ComfyUI-CADabra] Health check: ping (timeout=5.0s)...
  [ComfyUI] [ComfyUI-CADabra] Health check: ok
  [ComfyUI] [SubprocessWorker] worker started/confirmed
  [ComfyUI] [SubprocessWorker] serializing kwargs to shm...
  [ComfyUI] [SubprocessWorker] created 0 shm blocks
  [ComfyUI] [SubprocessWorker] sending request via socket...
  [ComfyUI] [SubprocessWorker] call_id=85 sending call_method
  [ComfyUI] [SubprocessWorker] got response: ok
  [ComfyUI] [comfy-env] CADAnalysisViewer done (0.01s): result: NodeOutput
  [ComfyUI] [comfy-env] Running CADSplineViewer: face_index: 1, linear_deflection: 0.1, compute_influence: True, influence_resolution: 20, cad_model: dict
  [ComfyUI] [SubprocessWorker] call_method: nodes.cad_spline_viewer_node.CADSplineViewer.EXECUTE_NORMALIZED
  [ComfyUI] [SubprocessWorker] acquired lock, ensuring started...
  [ComfyUI] [ComfyUI-CADabra] Health check: ping (timeout=5.0s)...
  [ComfyUI] [ComfyUI-CADabra] Health check: ok
  [ComfyUI] [SubprocessWorker] worker started/confirmed
  [ComfyUI] [SubprocessWorker] serializing kwargs to shm...
  [ComfyUI] [SubprocessWorker] created 0 shm blocks
  [ComfyUI] [SubprocessWorker] sending request via socket...
  [ComfyUI] [SubprocessWorker] call_id=86 sending call_method
  Node executed (2 total), capturing...
  [ComfyUI] [14:20:23] [CADabra] [CADSplineViewer] Analyzed face 1: BSpline
  [ComfyUI] [worker:ComfyUI-CADabra] INFO: [CADSplineViewer] Analyzed face 1: BSpline
  [ComfyUI] [SubprocessWorker] got response: ok
  [ComfyUI] [comfy-env] CADSplineViewer done (0.16s): result: NodeOutput
  [ComfyUI] [32m[INFO][0m [32mPrompt executed in 0.36 seconds[0m
  Frame 2 saved (frame_001.jpg, t=0.7s)
  [capture-node] freeze=122ms shot=312ms unfreeze=2ms saved=True
  Node executed (3 total), capturing...
  Frame 3 saved (frame_002.jpg, t=1.5s)
  [capture-node] freeze=62ms shot=261ms unfreeze=0ms saved=True
  Execution complete (t=1.5s)
  Captured 3 unique frames over 1.87s
  [debug] iframes: 2
  [debug]   iframe[0]: src=http://127.0.0.1:41885/extensions/ComfyUI-CADabra/viewer_cad_analysis.html?v=178, canvas=248x278, rafFrozen=True
  [debug]   iframe[1]: src=http://127.0.0.1:41885/extensions/ComfyUI-CADabra/viewer_cad_spline.html?v=17855, canvas=526x602, rafFrozen=True
  [timing] trigger_3d_previews: 0.0s
  Saved high-quality screenshot: spline_viewer_executed.png
  [timing] final_screenshot: 0.3s
    Captured 4 video frames